TMS320C2000 Assembler Unix v25.11.0 Sun May 31 21:09:06 2026

Copyright (c) 1996-2018 Texas Instruments Incorporated
adc_iface.asm                                                        PAGE    1

       1              ;***************************************************************
       2              ;* TMS320C2000 G3 C/C++ Codegen                         Unix v25.11.0.LTS *
       3              ;* Date/Time created: Sun May 31 21:09:06 2026                 *
       4              ;***************************************************************
       5                      .compiler_opts --abi=eabi --cla_support=cla1 --diag_wrap=off --float_support=fpu32 --hll_source=on --
       6                      .asg    XAR2, FP
       7              
       8              $C$DW$CU        .dwtag  DW_TAG_compile_unit
       9                      .dwattr $C$DW$CU, DW_AT_name("../src/adc_iface.c")
      10                      .dwattr $C$DW$CU, DW_AT_producer("TI TMS320C2000 G3 C/C++ Codegen Unix v25.11.0.LTS Copyright (c) 199
      11                      .dwattr $C$DW$CU, DW_AT_TI_version(0x01)
      12                      .dwattr $C$DW$CU, DW_AT_comp_dir("/home/jose/workspace_ccstheia/foc_f28379d/Debug_BOOSTXL_Teknic_QEP"
      13 00000000               .data
      14                      .align  1
      15                      .elfsym ||s_iu_offset||,SYM_SIZE(1),SYM_BLOCKED(1)
      16 00000000       ||s_iu_offset||:
      17 00000000 0800          .bits           0x800,16
      18                                      ; s_iu_offset @ 0
      19              
      20              $C$DW$1 .dwtag  DW_TAG_variable
      21                      .dwattr $C$DW$1, DW_AT_name("s_iu_offset")
      22                      .dwattr $C$DW$1, DW_AT_linkage_name("s_iu_offset")
      23                      .dwattr $C$DW$1, DW_AT_type(*$C$DW$T$41)
      24                      .dwattr $C$DW$1, DW_AT_location[DW_OP_addr ||s_iu_offset||]
      25                      .dwattr $C$DW$1, DW_AT_decl_file("../src/adc_iface.c")
      26                      .dwattr $C$DW$1, DW_AT_decl_line(0x0d)
      27                      .dwattr $C$DW$1, DW_AT_decl_column(0x1a)
      28              
      29 00000001               .data
      30                      .align  1
      31                      .elfsym ||s_iv_offset||,SYM_SIZE(1),SYM_BLOCKED(1)
      32 00000001       ||s_iv_offset||:
      33 00000001 0800          .bits           0x800,16
      34                                      ; s_iv_offset @ 0
      35              
      36              $C$DW$2 .dwtag  DW_TAG_variable
      37                      .dwattr $C$DW$2, DW_AT_name("s_iv_offset")
      38                      .dwattr $C$DW$2, DW_AT_linkage_name("s_iv_offset")
      39                      .dwattr $C$DW$2, DW_AT_type(*$C$DW$T$41)
      40                      .dwattr $C$DW$2, DW_AT_location[DW_OP_addr ||s_iv_offset||]
      41                      .dwattr $C$DW$2, DW_AT_decl_file("../src/adc_iface.c")
      42                      .dwattr $C$DW$2, DW_AT_decl_line(0x0e)
      43                      .dwattr $C$DW$2, DW_AT_decl_column(0x1a)
      44              
      45 00000002               .data
      46                      .align  1
      47                      .elfsym ||s_iw_offset||,SYM_SIZE(1),SYM_BLOCKED(1)
      48 00000002       ||s_iw_offset||:
      49 00000002 0800          .bits           0x800,16
      50                                      ; s_iw_offset @ 0
      51              
      52              $C$DW$3 .dwtag  DW_TAG_variable
      53                      .dwattr $C$DW$3, DW_AT_name("s_iw_offset")
      54                      .dwattr $C$DW$3, DW_AT_linkage_name("s_iw_offset")
      55                      .dwattr $C$DW$3, DW_AT_type(*$C$DW$T$41)
TMS320C2000 Assembler Unix v25.11.0 Sun May 31 21:09:06 2026

Copyright (c) 1996-2018 Texas Instruments Incorporated
adc_iface.asm                                                        PAGE    2

      56                      .dwattr $C$DW$3, DW_AT_location[DW_OP_addr ||s_iw_offset||]
      57                      .dwattr $C$DW$3, DW_AT_decl_file("../src/adc_iface.c")
      58                      .dwattr $C$DW$3, DW_AT_decl_line(0x0f)
      59                      .dwattr $C$DW$3, DW_AT_decl_column(0x1a)
      60              
      61                      .global ||g_dbg_iu_raw||
      62 00000000               .bss    ||g_dbg_iu_raw||,1,1,0
      63              $C$DW$4 .dwtag  DW_TAG_variable
      64                      .dwattr $C$DW$4, DW_AT_name("g_dbg_iu_raw")
      65                      .dwattr $C$DW$4, DW_AT_linkage_name("g_dbg_iu_raw")
      66                      .dwattr $C$DW$4, DW_AT_location[DW_OP_addr ||g_dbg_iu_raw||]
      67                      .dwattr $C$DW$4, DW_AT_type(*$C$DW$T$41)
      68                      .dwattr $C$DW$4, DW_AT_external
      69                      .dwattr $C$DW$4, DW_AT_decl_file("../src/adc_iface.c")
      70                      .dwattr $C$DW$4, DW_AT_decl_line(0x12)
      71                      .dwattr $C$DW$4, DW_AT_decl_column(0x13)
      72              
      73                      .global ||g_dbg_iv_raw||
      74 00000001               .bss    ||g_dbg_iv_raw||,1,1,0
      75              $C$DW$5 .dwtag  DW_TAG_variable
      76                      .dwattr $C$DW$5, DW_AT_name("g_dbg_iv_raw")
      77                      .dwattr $C$DW$5, DW_AT_linkage_name("g_dbg_iv_raw")
      78                      .dwattr $C$DW$5, DW_AT_location[DW_OP_addr ||g_dbg_iv_raw||]
      79                      .dwattr $C$DW$5, DW_AT_type(*$C$DW$T$41)
      80                      .dwattr $C$DW$5, DW_AT_external
      81                      .dwattr $C$DW$5, DW_AT_decl_file("../src/adc_iface.c")
      82                      .dwattr $C$DW$5, DW_AT_decl_line(0x13)
      83                      .dwattr $C$DW$5, DW_AT_decl_column(0x13)
      84              
      85                      .global ||g_dbg_iw_raw||
      86 00000002               .bss    ||g_dbg_iw_raw||,1,1,0
      87              $C$DW$6 .dwtag  DW_TAG_variable
      88                      .dwattr $C$DW$6, DW_AT_name("g_dbg_iw_raw")
      89                      .dwattr $C$DW$6, DW_AT_linkage_name("g_dbg_iw_raw")
      90                      .dwattr $C$DW$6, DW_AT_location[DW_OP_addr ||g_dbg_iw_raw||]
      91                      .dwattr $C$DW$6, DW_AT_type(*$C$DW$T$41)
      92                      .dwattr $C$DW$6, DW_AT_external
      93                      .dwattr $C$DW$6, DW_AT_decl_file("../src/adc_iface.c")
      94                      .dwattr $C$DW$6, DW_AT_decl_line(0x14)
      95                      .dwattr $C$DW$6, DW_AT_decl_column(0x13)
      96              
      97                      .global ||g_dbg_vbus_raw||
      98 00000003               .bss    ||g_dbg_vbus_raw||,1,1,0
      99              $C$DW$7 .dwtag  DW_TAG_variable
     100                      .dwattr $C$DW$7, DW_AT_name("g_dbg_vbus_raw")
     101                      .dwattr $C$DW$7, DW_AT_linkage_name("g_dbg_vbus_raw")
     102                      .dwattr $C$DW$7, DW_AT_location[DW_OP_addr ||g_dbg_vbus_raw||]
     103                      .dwattr $C$DW$7, DW_AT_type(*$C$DW$T$41)
     104                      .dwattr $C$DW$7, DW_AT_external
     105                      .dwattr $C$DW$7, DW_AT_decl_file("../src/adc_iface.c")
     106                      .dwattr $C$DW$7, DW_AT_decl_line(0x15)
     107                      .dwattr $C$DW$7, DW_AT_decl_column(0x13)
     108              
     109                      .sblock ".bss"
     110                      .sblock ".data"
TMS320C2000 Assembler Unix v25.11.0 Sun May 31 21:09:06 2026

Copyright (c) 1996-2018 Texas Instruments Incorporated
adc_iface.asm                                                        PAGE    3

     111              ;       /home/jose/ti/ccs2051/ccs/tools/compiler/ti-cgt-c2000_25.11.0.LTS/bin/opt2000 /tmp/TIagqBpcTr7 /tmp/T
     112              ;       /home/jose/ti/ccs2051/ccs/tools/compiler/ti-cgt-c2000_25.11.0.LTS/bin/acia2000 -@/tmp/TIagqHylELb 
     113 00000000               .sect   ".text:adc_read_vbus"
     114                      .clink
     115                      .global ||adc_read_vbus||
     116              
     117              $C$DW$8 .dwtag  DW_TAG_subprogram
     118                      .dwattr $C$DW$8, DW_AT_name("adc_read_vbus")
     119                      .dwattr $C$DW$8, DW_AT_low_pc(||adc_read_vbus||)
     120                      .dwattr $C$DW$8, DW_AT_high_pc(0x00)
     121                      .dwattr $C$DW$8, DW_AT_linkage_name("adc_read_vbus")
     122                      .dwattr $C$DW$8, DW_AT_external
     123                      .dwattr $C$DW$8, DW_AT_type(*$C$DW$T$16)
     124                      .dwattr $C$DW$8, DW_AT_decl_file("../src/adc_iface.c")
     125                      .dwattr $C$DW$8, DW_AT_decl_line(0x4b)
     126                      .dwattr $C$DW$8, DW_AT_decl_column(0x07)
     127                      .dwattr $C$DW$8, DW_AT_TI_max_frame_size(-2)
     128                      .dwpsn  file "../src/adc_iface.c",line 76,column 1,is_stmt,address ||adc_read_vbus||,isa 0
     129              
     130                      .dwfde $C$DW$CIE, ||adc_read_vbus||
     131              
     132              ;***************************************************************
     133              ;* FNAME: adc_read_vbus                 FR SIZE:   0           *
     134              ;*                                                             *
     135              ;* FUNCTION ENVIRONMENT                                        *
     136              ;*                                                             *
     137              ;* FUNCTION PROPERTIES                                         *
     138              ;*                            0 Parameter,  0 Auto,  0 SOE     *
     139              ;***************************************************************
     140              
     141              ||adc_read_vbus||:
     142              ;* AL    assigned to c
     143              $C$DW$9 .dwtag  DW_TAG_variable
     144                      .dwattr $C$DW$9, DW_AT_name("c")
     145                      .dwattr $C$DW$9, DW_AT_type(*$C$DW$T$38)
     146                      .dwattr $C$DW$9, DW_AT_location[DW_OP_reg0]
     147              
     148                      .dwcfi  cfa_offset, -2
     149                      .dwcfi  save_reg_to_mem, 26, 0
     150                      .dwpsn  file "/home/jose/ti/c2000/C2000Ware_26_01_00_00/driverlib/f2837xd/driverlib/adc.h",line 923,c
     151 00000000 F5A9          MOV       AL,*(0:0x0b03)        ; [CPU_ALU] |923| 
         00000001 0B03 
     152                      .dwpsn  file "../src/adc_iface.c",line 79,column 5,is_stmt,isa 0
     153 00000002 88A9          MOVZ      AR6,AL                ; [CPU_ALU] |79| 
     154 00000003 BDA6          MOV32     R1H,XAR6              ; [CPU_FPU] |79| 
         00000004 0F16 
     155 00000005 7700          NOP       ; [CPU_ALU] 
     156 00000006 7700          NOP       ; [CPU_ALU] 
     157 00000007 E801          MOVIZ     R0H,#15389            ; [CPU_FPU] |79| 
         00000008 E0E8 
     158 00000009 761F!         MOVW      DP,#||g_dbg_vbus_raw|| ; [CPU_ARAU] 
         0000000a 0000 
     159 0000000b E68B          UI32TOF32 R1H,R1H               ; [CPU_FPU] |79| 
         0000000c 0009 
     160 0000000d E80C          MOVXI     R0H,#36700            ; [CPU_FPU] |79| 
TMS320C2000 Assembler Unix v25.11.0 Sun May 31 21:09:06 2026

Copyright (c) 1996-2018 Texas Instruments Incorporated
adc_iface.asm                                                        PAGE    4

         0000000e 7AE0 
     161 0000000f E700          MPYF32    R0H,R0H,R1H           ; [CPU_FPU] |79| 
         00000010 0040 
     162                      .dwpsn  file "../src/adc_iface.c",line 78,column 5,is_stmt,isa 0
     163 00000011 9600!         MOV       @||g_dbg_vbus_raw||,AL ; [CPU_ALU] |78| 
     164              $C$DW$10        .dwtag  DW_TAG_TI_branch
     165                      .dwattr $C$DW$10, DW_AT_low_pc(0x00)
     166                      .dwattr $C$DW$10, DW_AT_TI_return
     167              
     168 00000012 0006          LRETR     ; [CPU_ALU] 
     169                      ; return occurs ; [] 
     170                      .dwattr $C$DW$8, DW_AT_TI_end_file("../src/adc_iface.c")
     171                      .dwattr $C$DW$8, DW_AT_TI_end_line(0x50)
     172                      .dwattr $C$DW$8, DW_AT_TI_end_column(0x01)
     173                      .dwendentry
     174                      .dwendtag $C$DW$8
     175              
     176 00000000               .sect   ".text:adc_read_phase_currents"
     177                      .clink
     178                      .global ||adc_read_phase_currents||
     179              
     180              $C$DW$11        .dwtag  DW_TAG_subprogram
     181                      .dwattr $C$DW$11, DW_AT_name("adc_read_phase_currents")
     182                      .dwattr $C$DW$11, DW_AT_low_pc(||adc_read_phase_currents||)
     183                      .dwattr $C$DW$11, DW_AT_high_pc(0x00)
     184                      .dwattr $C$DW$11, DW_AT_linkage_name("adc_read_phase_currents")
     185                      .dwattr $C$DW$11, DW_AT_external
     186                      .dwattr $C$DW$11, DW_AT_decl_file("../src/adc_iface.c")
     187                      .dwattr $C$DW$11, DW_AT_decl_line(0x2c)
     188                      .dwattr $C$DW$11, DW_AT_decl_column(0x06)
     189                      .dwattr $C$DW$11, DW_AT_TI_max_frame_size(-2)
     190                      .dwpsn  file "../src/adc_iface.c",line 45,column 1,is_stmt,address ||adc_read_phase_currents||,isa 0
     191              
     192                      .dwfde $C$DW$CIE, ||adc_read_phase_currents||
     193              $C$DW$12        .dwtag  DW_TAG_formal_parameter
     194                      .dwattr $C$DW$12, DW_AT_name("out")
     195                      .dwattr $C$DW$12, DW_AT_type(*$C$DW$T$28)
     196                      .dwattr $C$DW$12, DW_AT_location[DW_OP_reg12]
     197              
     198              
     199              ;***************************************************************
     200              ;* FNAME: adc_read_phase_currents       FR SIZE:   0           *
     201              ;*                                                             *
     202              ;* FUNCTION ENVIRONMENT                                        *
     203              ;*                                                             *
     204              ;* FUNCTION PROPERTIES                                         *
     205              ;*                            0 Parameter,  0 Auto,  0 SOE     *
     206              ;***************************************************************
     207              
     208              ||adc_read_phase_currents||:
     209              ;* R2    assigned to $O$C4
     210              ;* R0    assigned to $O$C5
     211              ;* AR4   assigned to out
     212              $C$DW$13        .dwtag  DW_TAG_variable
     213                      .dwattr $C$DW$13, DW_AT_name("out")
TMS320C2000 Assembler Unix v25.11.0 Sun May 31 21:09:06 2026

Copyright (c) 1996-2018 Texas Instruments Incorporated
adc_iface.asm                                                        PAGE    5

     214                      .dwattr $C$DW$13, DW_AT_type(*$C$DW$T$29)
     215                      .dwattr $C$DW$13, DW_AT_location[DW_OP_reg12]
     216              
     217              ;* AL    assigned to cu
     218              $C$DW$14        .dwtag  DW_TAG_variable
     219                      .dwattr $C$DW$14, DW_AT_name("cu")
     220                      .dwattr $C$DW$14, DW_AT_type(*$C$DW$T$38)
     221                      .dwattr $C$DW$14, DW_AT_location[DW_OP_reg0]
     222              
     223              ;* AH    assigned to cv
     224              $C$DW$15        .dwtag  DW_TAG_variable
     225                      .dwattr $C$DW$15, DW_AT_name("cv")
     226                      .dwattr $C$DW$15, DW_AT_type(*$C$DW$T$38)
     227                      .dwattr $C$DW$15, DW_AT_location[DW_OP_reg1]
     228              
     229              ;* AR6   assigned to cw
     230              $C$DW$16        .dwtag  DW_TAG_variable
     231                      .dwattr $C$DW$16, DW_AT_name("cw")
     232                      .dwattr $C$DW$16, DW_AT_type(*$C$DW$T$38)
     233                      .dwattr $C$DW$16, DW_AT_location[DW_OP_reg16]
     234              
     235              ;* AR7   assigned to offset
     236              $C$DW$17        .dwtag  DW_TAG_variable
     237                      .dwattr $C$DW$17, DW_AT_name("offset")
     238                      .dwattr $C$DW$17, DW_AT_type(*$C$DW$T$38)
     239                      .dwattr $C$DW$17, DW_AT_location[DW_OP_reg18]
     240              
     241              ;* AR7   assigned to offset
     242              $C$DW$18        .dwtag  DW_TAG_variable
     243                      .dwattr $C$DW$18, DW_AT_name("offset")
     244                      .dwattr $C$DW$18, DW_AT_type(*$C$DW$T$38)
     245                      .dwattr $C$DW$18, DW_AT_location[DW_OP_reg18]
     246              
     247                      .dwcfi  cfa_offset, -2
     248                      .dwcfi  save_reg_to_mem, 26, 0
     249                      .dwpsn  file "/home/jose/ti/c2000/C2000Ware_26_01_00_00/driverlib/f2837xd/driverlib/adc.h",line 923,c
     250 00000000 F5A9          MOV       AL,*(0:0x0b40)        ; [CPU_ALU] |923| 
         00000001 0B40 
     251 00000002 F5A8          MOV       AH,*(0:0x0b21)        ; [CPU_ALU] |923| 
         00000003 0B21 
     252 00000004 F5A6          MOV       AR6,*(0:0x0b02)       ; [CPU_ALU] |923| 
         00000005 0B02 
     253 00000006 761F!         MOVW      DP,#||g_dbg_iu_raw||  ; [CPU_ARAU] 
         00000007 0000 
     254                      .dwpsn  file "../src/adc_iface.c",line 50,column 5,is_stmt,isa 0
     255 00000008 9600!         MOV       @||g_dbg_iu_raw||,AL  ; [CPU_ALU] |50| 
     256                      .dwpsn  file "../src/adc_iface.c",line 51,column 5,is_stmt,isa 0
     257 00000009 9700!         MOV       @||g_dbg_iv_raw||,AH  ; [CPU_ALU] |51| 
     258                      .dwpsn  file "../src/adc_iface.c",line 52,column 5,is_stmt,isa 0
     259 0000000a 7E00!         MOV       @||g_dbg_iw_raw||,AR6 ; [CPU_ALU] |52| 
     260 0000000b 761F!         MOVW      DP,#||s_iu_offset||   ; [CPU_ARAU] 
         0000000c 0000 
     261                      .dwpsn  file "../src/adc_iface.c",line 40,column 1,is_stmt,isa 0
     262 0000000d 8000!         MOVZ      AR7,@||s_iu_offset||  ; [CPU_ALU] |40| 
     263                      .dwpsn  file "../src/adc_iface.c",line 54,column 5,is_stmt,isa 0
TMS320C2000 Assembler Unix v25.11.0 Sun May 31 21:09:06 2026

Copyright (c) 1996-2018 Texas Instruments Incorporated
adc_iface.asm                                                        PAGE    6

     264 0000000e 0EA9          MOVU      ACC,AL                ; [CPU_ALU] |54| 
     265 0000000f 03A7          SUBL      ACC,XAR7              ; [CPU_ALU] |54| 
     266 00000010 BDA9          MOV32     R1H,ACC               ; [CPU_FPU] |54| 
         00000011 0F16 
     267 00000012 7700          NOP       ; [CPU_ALU] 
     268                      .dwpsn  file "../src/adc_iface.c",line 40,column 1,is_stmt,isa 0
     269 00000013 9200!         MOV       AL,@||s_iv_offset||   ; [CPU_ALU] |40| 
     270 00000014 8000!         MOVZ      AR7,@||s_iw_offset||  ; [CPU_ALU] |40| 
     271                      .dwpsn  file "../src/adc_iface.c",line 56,column 5,is_stmt,isa 0
     272 00000015 0EA6          MOVU      ACC,AR6               ; [CPU_ALU] |56| 
     273                      .dwpsn  file "../src/adc_iface.c",line 54,column 5,is_stmt,isa 0
     274 00000016 E689          I32TOF32  R1H,R1H               ; [CPU_FPU] |54| 
         00000017 0009 
     275                      .dwpsn  file "../src/adc_iface.c",line 56,column 5,is_stmt,isa 0
     276 00000018 88A7          MOVZ      AR6,AR7               ; [CPU_ALU] |56| 
     277                      .dwpsn  file "../src/adc_iface.c",line 54,column 5,is_stmt,isa 0
     278 00000019 E801          MOVIZ     R0H,#15403            ; [CPU_FPU] |54| 
         0000001a E158 
     279 0000001b E80B          MOVXI     R0H,#28087            ; [CPU_FPU] |54| 
         0000001c 6DB8 
     280 0000001d E700          MPYF32    R2H,R0H,R1H           ; [CPU_FPU] |54| 
         0000001e 0042 
     281                      .dwpsn  file "../src/adc_iface.c",line 56,column 5,is_stmt,isa 0
     282 0000001f 03A6          SUBL      ACC,XAR6              ; [CPU_ALU] |56| 
     283 00000020 BDA9          MOV32     R1H,ACC               ; [CPU_FPU] |56| 
         00000021 0F16 
     284 00000022 7700          NOP       ; [CPU_ALU] 
     285 00000023 7700          NOP       ; [CPU_ALU] 
     286 00000024 7700          NOP       ; [CPU_ALU] 
     287 00000025 E801          MOVIZ     R0H,#15403            ; [CPU_FPU] |56| 
         00000026 E158 
     288 00000027 E689          I32TOF32  R3H,R1H               ; [CPU_FPU] |56| 
         00000028 000B 
     289 00000029 E80B          MOVXI     R0H,#28087            ; [CPU_FPU] |56| 
         0000002a 6DB8 
     290 0000002b E700          MPYF32    R0H,R0H,R3H           ; [CPU_FPU] |56| 
         0000002c 00C0 
     291                      .dwpsn  file "../src/adc_iface.c",line 66,column 5,is_stmt,isa 0
     292 0000002d E6CF          MOV32     R1H,R2H               ; [CPU_FPU] |66| 
         0000002e 0011 
     293 0000002f E6AF          NEGF32    R1H,R1H               ; [CPU_FPU] |66| 
         00000030 0009 
     294                      .dwpsn  file "../src/adc_iface.c",line 54,column 5,is_stmt,isa 0
     295              
     296 00000031 E020          SUBF32    R1H,R1H,R0H           ; [CPU_FPU] |66| 
         00000032 4AC4 
     297              ||      MOV32     *+XAR4[0],R2H         ; [CPU_FPU] |54| 
     298              
     299                      .dwpsn  file "../src/adc_iface.c",line 56,column 5,is_stmt,isa 0
     300 00000033 E203          MOV32     *+XAR4[4],R0H         ; [CPU_FPU] |56| 
         00000034 00E4 
     301                      .dwpsn  file "../src/adc_iface.c",line 66,column 5,is_stmt,isa 0
     302 00000035 E203          MOV32     *+XAR4[2],R1H         ; [CPU_FPU] |66| 
         00000036 01D4 
     303              $C$DW$19        .dwtag  DW_TAG_TI_branch
TMS320C2000 Assembler Unix v25.11.0 Sun May 31 21:09:06 2026

Copyright (c) 1996-2018 Texas Instruments Incorporated
adc_iface.asm                                                        PAGE    7

     304                      .dwattr $C$DW$19, DW_AT_low_pc(0x00)
     305                      .dwattr $C$DW$19, DW_AT_TI_return
     306              
     307 00000037 0006          LRETR     ; [CPU_ALU] 
     308                      ; return occurs ; [] 
     309                      .dwattr $C$DW$11, DW_AT_TI_end_file("../src/adc_iface.c")
     310                      .dwattr $C$DW$11, DW_AT_TI_end_line(0x49)
     311                      .dwattr $C$DW$11, DW_AT_TI_end_column(0x01)
     312                      .dwendentry
     313                      .dwendtag $C$DW$11
     314              
     315 00000000               .sect   ".text:adc_init"
     316                      .clink
     317                      .global ||adc_init||
     318              
     319              $C$DW$20        .dwtag  DW_TAG_subprogram
     320                      .dwattr $C$DW$20, DW_AT_name("adc_init")
     321                      .dwattr $C$DW$20, DW_AT_low_pc(||adc_init||)
     322                      .dwattr $C$DW$20, DW_AT_high_pc(0x00)
     323                      .dwattr $C$DW$20, DW_AT_linkage_name("adc_init")
     324                      .dwattr $C$DW$20, DW_AT_external
     325                      .dwattr $C$DW$20, DW_AT_decl_file("../src/adc_iface.c")
     326                      .dwattr $C$DW$20, DW_AT_decl_line(0x21)
     327                      .dwattr $C$DW$20, DW_AT_decl_column(0x06)
     328                      .dwattr $C$DW$20, DW_AT_TI_max_frame_size(-2)
     329                      .dwpsn  file "../src/adc_iface.c",line 34,column 1,is_stmt,address ||adc_init||,isa 0
     330              
     331                      .dwfde $C$DW$CIE, ||adc_init||
     332              
     333              ;***************************************************************
     334              ;* FNAME: adc_init                      FR SIZE:   0           *
     335              ;*                                                             *
     336              ;* FUNCTION ENVIRONMENT                                        *
     337              ;*                                                             *
     338              ;* FUNCTION PROPERTIES                                         *
     339              ;*                            0 Parameter,  0 Auto,  0 SOE     *
     340              ;***************************************************************
     341              
     342 00000000       ||adc_init||:
     343                      .dwcfi  cfa_offset, -2
     344                      .dwcfi  save_reg_to_mem, 26, 0
     345              $C$DW$21        .dwtag  DW_TAG_TI_branch
     346                      .dwattr $C$DW$21, DW_AT_low_pc(0x00)
     347                      .dwattr $C$DW$21, DW_AT_TI_return
     348              
     349 00000000 0006          LRETR     ; [CPU_ALU] 
     350                      ; return occurs ; [] 
     351                      .dwattr $C$DW$20, DW_AT_TI_end_file("../src/adc_iface.c")
     352                      .dwattr $C$DW$20, DW_AT_TI_end_line(0x25)
     353                      .dwattr $C$DW$20, DW_AT_TI_end_column(0x01)
     354                      .dwendentry
     355                      .dwendtag $C$DW$20
     356              
     357 00000000               .sect   ".text:adc_calibrate_offsets"
     358                      .clink
TMS320C2000 Assembler Unix v25.11.0 Sun May 31 21:09:06 2026

Copyright (c) 1996-2018 Texas Instruments Incorporated
adc_iface.asm                                                        PAGE    8

     359                      .global ||adc_calibrate_offsets||
     360              
     361              $C$DW$22        .dwtag  DW_TAG_subprogram
     362                      .dwattr $C$DW$22, DW_AT_name("adc_calibrate_offsets")
     363                      .dwattr $C$DW$22, DW_AT_low_pc(||adc_calibrate_offsets||)
     364                      .dwattr $C$DW$22, DW_AT_high_pc(0x00)
     365                      .dwattr $C$DW$22, DW_AT_linkage_name("adc_calibrate_offsets")
     366                      .dwattr $C$DW$22, DW_AT_external
     367                      .dwattr $C$DW$22, DW_AT_decl_file("../src/adc_iface.c")
     368                      .dwattr $C$DW$22, DW_AT_decl_line(0x5f)
     369                      .dwattr $C$DW$22, DW_AT_decl_column(0x06)
     370                      .dwattr $C$DW$22, DW_AT_TI_max_frame_size(-4)
     371                      .dwpsn  file "../src/adc_iface.c",line 96,column 1,is_stmt,address ||adc_calibrate_offsets||,isa 0
     372              
     373                      .dwfde $C$DW$CIE, ||adc_calibrate_offsets||
     374              $C$DW$23        .dwtag  DW_TAG_formal_parameter
     375                      .dwattr $C$DW$23, DW_AT_name("n")
     376                      .dwattr $C$DW$23, DW_AT_type(*$C$DW$T$38)
     377                      .dwattr $C$DW$23, DW_AT_location[DW_OP_reg0]
     378              
     379              
     380              ;***************************************************************
     381              ;* FNAME: adc_calibrate_offsets         FR SIZE:   2           *
     382              ;*                                                             *
     383              ;* FUNCTION ENVIRONMENT                                        *
     384              ;*                                                             *
     385              ;* FUNCTION PROPERTIES                                         *
     386              ;*                            0 Parameter,  0 Auto,  2 SOE     *
     387              ;***************************************************************
     388              
     389              ||adc_calibrate_offsets||:
     390              ;* AR2   assigned to $O$R2
     391              ;* T     assigned to $O$R3
     392              ;* AR5   assigned to $O$R4
     393              ;* AR0   assigned to n
     394              $C$DW$24        .dwtag  DW_TAG_variable
     395                      .dwattr $C$DW$24, DW_AT_name("n")
     396                      .dwattr $C$DW$24, DW_AT_type(*$C$DW$T$42)
     397                      .dwattr $C$DW$24, DW_AT_location[DW_OP_reg4]
     398              
     399              ;* PL    assigned to su
     400              $C$DW$25        .dwtag  DW_TAG_variable
     401                      .dwattr $C$DW$25, DW_AT_name("su")
     402                      .dwattr $C$DW$25, DW_AT_type(*$C$DW$T$33)
     403                      .dwattr $C$DW$25, DW_AT_location[DW_OP_reg2]
     404              
     405              ;* AR7   assigned to sv
     406              $C$DW$26        .dwtag  DW_TAG_variable
     407                      .dwattr $C$DW$26, DW_AT_name("sv")
     408                      .dwattr $C$DW$26, DW_AT_type(*$C$DW$T$33)
     409                      .dwattr $C$DW$26, DW_AT_location[DW_OP_reg18]
     410              
     411              ;* AR4   assigned to sw
     412              $C$DW$27        .dwtag  DW_TAG_variable
     413                      .dwattr $C$DW$27, DW_AT_name("sw")
TMS320C2000 Assembler Unix v25.11.0 Sun May 31 21:09:06 2026

Copyright (c) 1996-2018 Texas Instruments Incorporated
adc_iface.asm                                                        PAGE    9

     414                      .dwattr $C$DW$27, DW_AT_type(*$C$DW$T$33)
     415                      .dwattr $C$DW$27, DW_AT_location[DW_OP_reg12]
     416              
     417                      .dwcfi  cfa_offset, -2
     418                      .dwcfi  save_reg_to_mem, 26, 0
     419                      .dwpsn  file "../src/adc_iface.c",line 97,column 17,is_stmt,isa 0
     420 00000000 3100          MOV       P,#0                  ; [CPU_ALU] |97| 
     421                      .dwpsn  file "../src/adc_iface.c",line 99,column 16,is_stmt,isa 0
     422 00000001 5200          CMPB      AL,#0                 ; [CPU_ALU] |99| 
     423 00000002 AABD          MOVL      *SP++,XAR2            ; [CPU_ALU] 
     424                      .dwcfi  save_reg_to_mem, 9, 2
     425                      .dwcfi  cfa_offset, -4
     426                      .dwpsn  file "../src/adc_iface.c",line 96,column 1,is_stmt,isa 0
     427 00000003 58A9          MOVZ      AR0,AL                ; [CPU_ALU] |96| 
     428                      .dwpsn  file "../src/adc_iface.c",line 97,column 17,is_stmt,isa 0
     429 00000004 A9A7          MOVL      XAR7,P                ; [CPU_FPU] |97| 
     430 00000005 A9A4          MOVL      XAR4,P                ; [CPU_FPU] |97| 
     431                      .dwpsn  file "../src/adc_iface.c",line 99,column 16,is_stmt,isa 0
     432 00000006 611B          B         ||$C$L2||,EQ          ; [CPU_ALU] |99| 
     433                      ; branchcc occurs ; [] |99| 
     434 00000007 88A0          MOVZ      AR6,AR0               ; [CPU_ALU] 
     435 00000008 DE81          SUBB      XAR6,#1               ; [CPU_ARAU] 
     436 00000009       ||$C$L1||:    
     437                      .dwpsn  file "/home/jose/ti/c2000/C2000Ware_26_01_00_00/driverlib/f2837xd/driverlib/adc.h",line 787,c
     438 00000009 F5A9          MOV       AL,*(0:0x7403)        ; [CPU_ALU] |787| 
         0000000a 7403 
     439 0000000b 40A9          TBIT      AL,#0                 ; [CPU_ALU] |787| 
     440 0000000c 6CFD          B         ||$C$L1||,NTC         ; [CPU_ALU] |787| 
     441                      ; branchcc occurs ; [] |787| 
     442                      .dwpsn  file "/home/jose/ti/c2000/C2000Ware_26_01_00_00/driverlib/f2837xd/driverlib/adc.h",line 819,c
     443 0000000d 9A01          MOVB      AL,#1                 ; [CPU_ALU] |819| 
     444 0000000e F4A9          MOV       *(0:0x7404),AL        ; [CPU_ALU] |819| 
         0000000f 7404 
     445                      .dwpsn  file "/home/jose/ti/c2000/C2000Ware_26_01_00_00/driverlib/f2837xd/driverlib/adc.h",line 923,c
     446 00000010 F5A2          MOV       AR2,*(0:0x0b40)       ; [CPU_ALU] |923| 
         00000011 0B40 
     447 00000012 A9A9          MOVL      ACC,P                 ; [CPU_ALU] |923| 
     448 00000013 F5AC          MOV       T,*(0:0x0b21)         ; [CPU_ALU] |923| 
         00000014 0B21 
     449                      .dwpsn  file "../src/adc_iface.c",line 106,column 9,is_stmt,isa 0
     450 00000015 0DA2          ADDU      ACC,AR2               ; [CPU_ALU] |106| 
     451                      .dwpsn  file "/home/jose/ti/c2000/C2000Ware_26_01_00_00/driverlib/f2837xd/driverlib/adc.h",line 923,c
     452 00000016 F5A5          MOV       AR5,*(0:0x0b02)       ; [CPU_FPU] |923| 
         00000017 0B02 
     453                      .dwpsn  file "../src/adc_iface.c",line 106,column 9,is_stmt,isa 0
     454 00000018 FF5A          MOVL      P,ACC                 ; [CPU_ALU] |106| 
     455                      .dwpsn  file "../src/adc_iface.c",line 99,column 16,is_stmt,isa 0
     456 00000019 06A7          MOVL      ACC,XAR7              ; [CPU_ALU] |99| 
     457                      .dwpsn  file "../src/adc_iface.c",line 107,column 9,is_stmt,isa 0
     458 0000001a 0DAC          ADDU      ACC,T                 ; [CPU_ALU] |107| 
     459 0000001b 1EA7          MOVL      XAR7,ACC              ; [CPU_ALU] |107| 
     460 0000001c A8A9          MOVL      ACC,XAR4              ; [CPU_ALU] |107| 
     461                      .dwpsn  file "../src/adc_iface.c",line 108,column 9,is_stmt,isa 0
     462 0000001d 0DA5          ADDU      ACC,AR5               ; [CPU_ALU] |108| 
     463 0000001e 8AA9          MOVL      XAR4,ACC              ; [CPU_ALU] |108| 
TMS320C2000 Assembler Unix v25.11.0 Sun May 31 21:09:06 2026

Copyright (c) 1996-2018 Texas Instruments Incorporated
adc_iface.asm                                                        PAGE   10

     464                      .dwpsn  file "../src/adc_iface.c",line 99,column 16,is_stmt,isa 0
     465 0000001f 000E          BANZ      ||$C$L1||,AR6--       ; [CPU_ALU] |99| 
         00000020 FFEA 
     466                      ; branchcc occurs ; [] |99| 
     467 00000021       ||$C$L2||:    
     468                      .dwpsn  file "../src/adc_iface.c",line 110,column 5,is_stmt,isa 0
     469 00000021 88A0          MOVZ      AR6,AR0               ; [CPU_ALU] |110| 
     470 00000022 0200          MOVB      ACC,#0                ; [CPU_ALU] |110| 
     471 00000023 761F!         MOVW      DP,#||s_iu_offset||   ; [CPU_ARAU] 
         00000024 0000 
     472 00000025 F61F          RPT       #31
     473 00000026 5617  ||     SUBCUL    ACC,XAR6              ; [CPU_ALU] |110| 
         00000027 00A6 
     474                      .dwpsn  file "../src/adc_iface.c",line 111,column 5,is_stmt,isa 0
     475 00000028 88A0          MOVZ      AR6,AR0               ; [CPU_ALU] |111| 
     476                      .dwpsn  file "../src/adc_iface.c",line 110,column 5,is_stmt,isa 0
     477 00000029 3F00!         MOV       @||s_iu_offset||,P    ; [CPU_ALU] |110| 
     478                      .dwpsn  file "../src/adc_iface.c",line 111,column 5,is_stmt,isa 0
     479 0000002a 0200          MOVB      ACC,#0                ; [CPU_ALU] |111| 
     480                      .dwpsn  file "../src/adc_iface.c",line 110,column 5,is_stmt,isa 0
     481 0000002b A3A7          MOVL      P,XAR7                ; [CPU_ALU] |110| 
     482                      .dwpsn  file "../src/adc_iface.c",line 111,column 5,is_stmt,isa 0
     483 0000002c F61F          RPT       #31
     484 0000002d 5617  ||     SUBCUL    ACC,XAR6              ; [CPU_ALU] |111| 
         0000002e 00A6 
     485 0000002f 3F00!         MOV       @||s_iv_offset||,P    ; [CPU_ALU] |111| 
     486                      .dwpsn  file "../src/adc_iface.c",line 112,column 5,is_stmt,isa 0
     487 00000030 88A0          MOVZ      AR6,AR0               ; [CPU_ALU] |112| 
     488 00000031 86BE          MOVL      XAR2,*--SP            ; [CPU_ALU] 
     489                      .dwcfi  cfa_offset, -2
     490                      .dwcfi  restore_reg, 9
     491 00000032 0200          MOVB      ACC,#0                ; [CPU_ALU] |112| 
     492                      .dwpsn  file "../src/adc_iface.c",line 111,column 5,is_stmt,isa 0
     493 00000033 A8AB          MOVL      P,XAR4                ; [CPU_ALU] |111| 
     494                      .dwpsn  file "../src/adc_iface.c",line 112,column 5,is_stmt,isa 0
     495 00000034 F61F          RPT       #31
     496 00000035 5617  ||     SUBCUL    ACC,XAR6              ; [CPU_ALU] |112| 
         00000036 00A6 
     497 00000037 3F00!         MOV       @||s_iw_offset||,P    ; [CPU_ALU] |112| 
     498              $C$DW$28        .dwtag  DW_TAG_TI_branch
     499                      .dwattr $C$DW$28, DW_AT_low_pc(0x00)
     500                      .dwattr $C$DW$28, DW_AT_TI_return
     501              
     502 00000038 0006          LRETR     ; [CPU_ALU] 
     503                      ; return occurs ; [] 
     504                      .dwattr $C$DW$22, DW_AT_TI_end_file("../src/adc_iface.c")
     505                      .dwattr $C$DW$22, DW_AT_TI_end_line(0x71)
     506                      .dwattr $C$DW$22, DW_AT_TI_end_column(0x01)
     507                      .dwendentry
     508                      .dwendtag $C$DW$22
     509              
     510              
     511              ;***************************************************************
     512              ;* BUILD ATTRIBUTES                                            *
     513              ;***************************************************************
TMS320C2000 Assembler Unix v25.11.0 Sun May 31 21:09:06 2026

Copyright (c) 1996-2018 Texas Instruments Incorporated
adc_iface.asm                                                        PAGE   11

     514                      .battr "c28xabi", Tag_File, 1, Tag_float_args(1)
     515                      .battr "c28xabi", Tag_File, 1, Tag_double_args(0)
     516                      .dwattr $C$DW$CU, DW_AT_language(DW_LANG_C)
     517              
     518              ;***************************************************************
     519              ;* DWARF CIE ENTRIES                                           *
     520              ;***************************************************************
     521              
     522              $C$DW$CIE       .dwcie 26
     523                      .dwcfi  cfa_register, 20
     524                      .dwcfi  cfa_offset, 0
     525                      .dwcfi  same_value, 28
     526                      .dwcfi  same_value, 6
     527                      .dwcfi  same_value, 7
     528                      .dwcfi  same_value, 8
     529                      .dwcfi  same_value, 9
     530                      .dwcfi  same_value, 10
     531                      .dwcfi  same_value, 11
     532                      .dwcfi  same_value, 59
     533                      .dwcfi  same_value, 63
     534                      .dwcfi  same_value, 67
     535                      .dwcfi  same_value, 71
     536                      .dwendentry
     537                      .dwendtag $C$DW$CU
     538              
     539              
     540              ;***************************************************************
     541              ;* TYPE INFORMATION                                            *
     542              ;***************************************************************
     543              
     544              $C$DW$TU$22     .dwtag  DW_TAG_type_unit
     545                      .dwmtype  $C$DW$T$22
     546              
     547              $C$DW$T$22      .dwtag  DW_TAG_enumeration_type
     548                      .dwattr $C$DW$T$22, DW_AT_byte_size(0x01)
     549              $C$DW$29        .dwtag  DW_TAG_enumerator
     550                      .dwattr $C$DW$29, DW_AT_name("ADC_INT_NUMBER1")
     551                      .dwattr $C$DW$29, DW_AT_const_value(0x00)
     552                      .dwattr $C$DW$29, DW_AT_decl_file("/home/jose/ti/c2000/C2000Ware_26_01_00_00/driverlib/f2837xd/driver
     553                      .dwattr $C$DW$29, DW_AT_decl_line(0x126)
     554                      .dwattr $C$DW$29, DW_AT_decl_column(0x05)
     555              
     556              $C$DW$30        .dwtag  DW_TAG_enumerator
     557                      .dwattr $C$DW$30, DW_AT_name("ADC_INT_NUMBER2")
     558                      .dwattr $C$DW$30, DW_AT_const_value(0x01)
     559                      .dwattr $C$DW$30, DW_AT_decl_file("/home/jose/ti/c2000/C2000Ware_26_01_00_00/driverlib/f2837xd/driver
     560                      .dwattr $C$DW$30, DW_AT_decl_line(0x127)
     561                      .dwattr $C$DW$30, DW_AT_decl_column(0x05)
     562              
     563              $C$DW$31        .dwtag  DW_TAG_enumerator
     564                      .dwattr $C$DW$31, DW_AT_name("ADC_INT_NUMBER3")
     565                      .dwattr $C$DW$31, DW_AT_const_value(0x02)
     566                      .dwattr $C$DW$31, DW_AT_decl_file("/home/jose/ti/c2000/C2000Ware_26_01_00_00/driverlib/f2837xd/driver
     567                      .dwattr $C$DW$31, DW_AT_decl_line(0x128)
     568                      .dwattr $C$DW$31, DW_AT_decl_column(0x05)
TMS320C2000 Assembler Unix v25.11.0 Sun May 31 21:09:06 2026

Copyright (c) 1996-2018 Texas Instruments Incorporated
adc_iface.asm                                                        PAGE   12

     569              
     570              $C$DW$32        .dwtag  DW_TAG_enumerator
     571                      .dwattr $C$DW$32, DW_AT_name("ADC_INT_NUMBER4")
     572                      .dwattr $C$DW$32, DW_AT_const_value(0x03)
     573                      .dwattr $C$DW$32, DW_AT_decl_file("/home/jose/ti/c2000/C2000Ware_26_01_00_00/driverlib/f2837xd/driver
     574                      .dwattr $C$DW$32, DW_AT_decl_line(0x129)
     575                      .dwattr $C$DW$32, DW_AT_decl_column(0x05)
     576              
     577                      .dwattr $C$DW$T$22, DW_AT_decl_file("/home/jose/ti/c2000/C2000Ware_26_01_00_00/driverlib/f2837xd/driv
     578                      .dwattr $C$DW$T$22, DW_AT_decl_line(0x125)
     579                      .dwattr $C$DW$T$22, DW_AT_decl_column(0x01)
     580                      .dwendtag $C$DW$T$22
     581              
     582                      .dwendtag $C$DW$TU$22
     583              
     584              
     585              $C$DW$TU$23     .dwtag  DW_TAG_type_unit
     586                      .dwmtype  $C$DW$T$23
     587              $C$DW$T$23      .dwtag  DW_TAG_typedef
     588                      .dwattr $C$DW$T$23, DW_AT_name("ADC_IntNumber")
     589                      .dwattr $C$DW$T$23, DW_AT_type(*$C$DW$T$22)
     590                      .dwattr $C$DW$T$23, DW_AT_decl_file("/home/jose/ti/c2000/C2000Ware_26_01_00_00/driverlib/f2837xd/driv
     591                      .dwattr $C$DW$T$23, DW_AT_decl_line(0x12a)
     592                      .dwattr $C$DW$T$23, DW_AT_decl_column(0x03)
     593              
     594                      .dwendtag $C$DW$TU$23
     595              
     596              
     597              $C$DW$TU$24     .dwtag  DW_TAG_type_unit
     598                      .dwmtype  $C$DW$T$24
     599              
     600              $C$DW$T$24      .dwtag  DW_TAG_enumeration_type
     601                      .dwattr $C$DW$T$24, DW_AT_byte_size(0x01)
     602              $C$DW$33        .dwtag  DW_TAG_enumerator
     603                      .dwattr $C$DW$33, DW_AT_name("ADC_SOC_NUMBER0")
     604                      .dwattr $C$DW$33, DW_AT_const_value(0x00)
     605                      .dwattr $C$DW$33, DW_AT_decl_file("/home/jose/ti/c2000/C2000Ware_26_01_00_00/driverlib/f2837xd/driver
     606                      .dwattr $C$DW$33, DW_AT_decl_line(0x145)
     607                      .dwattr $C$DW$33, DW_AT_decl_column(0x05)
     608              
     609              $C$DW$34        .dwtag  DW_TAG_enumerator
     610                      .dwattr $C$DW$34, DW_AT_name("ADC_SOC_NUMBER1")
     611                      .dwattr $C$DW$34, DW_AT_const_value(0x01)
     612                      .dwattr $C$DW$34, DW_AT_decl_file("/home/jose/ti/c2000/C2000Ware_26_01_00_00/driverlib/f2837xd/driver
     613                      .dwattr $C$DW$34, DW_AT_decl_line(0x146)
     614                      .dwattr $C$DW$34, DW_AT_decl_column(0x05)
     615              
     616              $C$DW$35        .dwtag  DW_TAG_enumerator
     617                      .dwattr $C$DW$35, DW_AT_name("ADC_SOC_NUMBER2")
     618                      .dwattr $C$DW$35, DW_AT_const_value(0x02)
     619                      .dwattr $C$DW$35, DW_AT_decl_file("/home/jose/ti/c2000/C2000Ware_26_01_00_00/driverlib/f2837xd/driver
     620                      .dwattr $C$DW$35, DW_AT_decl_line(0x147)
     621                      .dwattr $C$DW$35, DW_AT_decl_column(0x05)
     622              
     623              $C$DW$36        .dwtag  DW_TAG_enumerator
TMS320C2000 Assembler Unix v25.11.0 Sun May 31 21:09:06 2026

Copyright (c) 1996-2018 Texas Instruments Incorporated
adc_iface.asm                                                        PAGE   13

     624                      .dwattr $C$DW$36, DW_AT_name("ADC_SOC_NUMBER3")
     625                      .dwattr $C$DW$36, DW_AT_const_value(0x03)
     626                      .dwattr $C$DW$36, DW_AT_decl_file("/home/jose/ti/c2000/C2000Ware_26_01_00_00/driverlib/f2837xd/driver
     627                      .dwattr $C$DW$36, DW_AT_decl_line(0x148)
     628                      .dwattr $C$DW$36, DW_AT_decl_column(0x05)
     629              
     630              $C$DW$37        .dwtag  DW_TAG_enumerator
     631                      .dwattr $C$DW$37, DW_AT_name("ADC_SOC_NUMBER4")
     632                      .dwattr $C$DW$37, DW_AT_const_value(0x04)
     633                      .dwattr $C$DW$37, DW_AT_decl_file("/home/jose/ti/c2000/C2000Ware_26_01_00_00/driverlib/f2837xd/driver
     634                      .dwattr $C$DW$37, DW_AT_decl_line(0x149)
     635                      .dwattr $C$DW$37, DW_AT_decl_column(0x05)
     636              
     637              $C$DW$38        .dwtag  DW_TAG_enumerator
     638                      .dwattr $C$DW$38, DW_AT_name("ADC_SOC_NUMBER5")
     639                      .dwattr $C$DW$38, DW_AT_const_value(0x05)
     640                      .dwattr $C$DW$38, DW_AT_decl_file("/home/jose/ti/c2000/C2000Ware_26_01_00_00/driverlib/f2837xd/driver
     641                      .dwattr $C$DW$38, DW_AT_decl_line(0x14a)
     642                      .dwattr $C$DW$38, DW_AT_decl_column(0x05)
     643              
     644              $C$DW$39        .dwtag  DW_TAG_enumerator
     645                      .dwattr $C$DW$39, DW_AT_name("ADC_SOC_NUMBER6")
     646                      .dwattr $C$DW$39, DW_AT_const_value(0x06)
     647                      .dwattr $C$DW$39, DW_AT_decl_file("/home/jose/ti/c2000/C2000Ware_26_01_00_00/driverlib/f2837xd/driver
     648                      .dwattr $C$DW$39, DW_AT_decl_line(0x14b)
     649                      .dwattr $C$DW$39, DW_AT_decl_column(0x05)
     650              
     651              $C$DW$40        .dwtag  DW_TAG_enumerator
     652                      .dwattr $C$DW$40, DW_AT_name("ADC_SOC_NUMBER7")
     653                      .dwattr $C$DW$40, DW_AT_const_value(0x07)
     654                      .dwattr $C$DW$40, DW_AT_decl_file("/home/jose/ti/c2000/C2000Ware_26_01_00_00/driverlib/f2837xd/driver
     655                      .dwattr $C$DW$40, DW_AT_decl_line(0x14c)
     656                      .dwattr $C$DW$40, DW_AT_decl_column(0x05)
     657              
     658              $C$DW$41        .dwtag  DW_TAG_enumerator
     659                      .dwattr $C$DW$41, DW_AT_name("ADC_SOC_NUMBER8")
     660                      .dwattr $C$DW$41, DW_AT_const_value(0x08)
     661                      .dwattr $C$DW$41, DW_AT_decl_file("/home/jose/ti/c2000/C2000Ware_26_01_00_00/driverlib/f2837xd/driver
     662                      .dwattr $C$DW$41, DW_AT_decl_line(0x14d)
     663                      .dwattr $C$DW$41, DW_AT_decl_column(0x05)
     664              
     665              $C$DW$42        .dwtag  DW_TAG_enumerator
     666                      .dwattr $C$DW$42, DW_AT_name("ADC_SOC_NUMBER9")
     667                      .dwattr $C$DW$42, DW_AT_const_value(0x09)
     668                      .dwattr $C$DW$42, DW_AT_decl_file("/home/jose/ti/c2000/C2000Ware_26_01_00_00/driverlib/f2837xd/driver
     669                      .dwattr $C$DW$42, DW_AT_decl_line(0x14e)
     670                      .dwattr $C$DW$42, DW_AT_decl_column(0x05)
     671              
     672              $C$DW$43        .dwtag  DW_TAG_enumerator
     673                      .dwattr $C$DW$43, DW_AT_name("ADC_SOC_NUMBER10")
     674                      .dwattr $C$DW$43, DW_AT_const_value(0x0a)
     675                      .dwattr $C$DW$43, DW_AT_decl_file("/home/jose/ti/c2000/C2000Ware_26_01_00_00/driverlib/f2837xd/driver
     676                      .dwattr $C$DW$43, DW_AT_decl_line(0x14f)
     677                      .dwattr $C$DW$43, DW_AT_decl_column(0x05)
     678              
TMS320C2000 Assembler Unix v25.11.0 Sun May 31 21:09:06 2026

Copyright (c) 1996-2018 Texas Instruments Incorporated
adc_iface.asm                                                        PAGE   14

     679              $C$DW$44        .dwtag  DW_TAG_enumerator
     680                      .dwattr $C$DW$44, DW_AT_name("ADC_SOC_NUMBER11")
     681                      .dwattr $C$DW$44, DW_AT_const_value(0x0b)
     682                      .dwattr $C$DW$44, DW_AT_decl_file("/home/jose/ti/c2000/C2000Ware_26_01_00_00/driverlib/f2837xd/driver
     683                      .dwattr $C$DW$44, DW_AT_decl_line(0x150)
     684                      .dwattr $C$DW$44, DW_AT_decl_column(0x05)
     685              
     686              $C$DW$45        .dwtag  DW_TAG_enumerator
     687                      .dwattr $C$DW$45, DW_AT_name("ADC_SOC_NUMBER12")
     688                      .dwattr $C$DW$45, DW_AT_const_value(0x0c)
     689                      .dwattr $C$DW$45, DW_AT_decl_file("/home/jose/ti/c2000/C2000Ware_26_01_00_00/driverlib/f2837xd/driver
     690                      .dwattr $C$DW$45, DW_AT_decl_line(0x151)
     691                      .dwattr $C$DW$45, DW_AT_decl_column(0x05)
     692              
     693              $C$DW$46        .dwtag  DW_TAG_enumerator
     694                      .dwattr $C$DW$46, DW_AT_name("ADC_SOC_NUMBER13")
     695                      .dwattr $C$DW$46, DW_AT_const_value(0x0d)
     696                      .dwattr $C$DW$46, DW_AT_decl_file("/home/jose/ti/c2000/C2000Ware_26_01_00_00/driverlib/f2837xd/driver
     697                      .dwattr $C$DW$46, DW_AT_decl_line(0x152)
     698                      .dwattr $C$DW$46, DW_AT_decl_column(0x05)
     699              
     700              $C$DW$47        .dwtag  DW_TAG_enumerator
     701                      .dwattr $C$DW$47, DW_AT_name("ADC_SOC_NUMBER14")
     702                      .dwattr $C$DW$47, DW_AT_const_value(0x0e)
     703                      .dwattr $C$DW$47, DW_AT_decl_file("/home/jose/ti/c2000/C2000Ware_26_01_00_00/driverlib/f2837xd/driver
     704                      .dwattr $C$DW$47, DW_AT_decl_line(0x153)
     705                      .dwattr $C$DW$47, DW_AT_decl_column(0x05)
     706              
     707              $C$DW$48        .dwtag  DW_TAG_enumerator
     708                      .dwattr $C$DW$48, DW_AT_name("ADC_SOC_NUMBER15")
     709                      .dwattr $C$DW$48, DW_AT_const_value(0x0f)
     710                      .dwattr $C$DW$48, DW_AT_decl_file("/home/jose/ti/c2000/C2000Ware_26_01_00_00/driverlib/f2837xd/driver
     711                      .dwattr $C$DW$48, DW_AT_decl_line(0x154)
     712                      .dwattr $C$DW$48, DW_AT_decl_column(0x05)
     713              
     714                      .dwattr $C$DW$T$24, DW_AT_decl_file("/home/jose/ti/c2000/C2000Ware_26_01_00_00/driverlib/f2837xd/driv
     715                      .dwattr $C$DW$T$24, DW_AT_decl_line(0x144)
     716                      .dwattr $C$DW$T$24, DW_AT_decl_column(0x01)
     717                      .dwendtag $C$DW$T$24
     718              
     719                      .dwendtag $C$DW$TU$24
     720              
     721              
     722              $C$DW$TU$25     .dwtag  DW_TAG_type_unit
     723                      .dwmtype  $C$DW$T$25
     724              $C$DW$T$25      .dwtag  DW_TAG_typedef
     725                      .dwattr $C$DW$T$25, DW_AT_name("ADC_SOCNumber")
     726                      .dwattr $C$DW$T$25, DW_AT_type(*$C$DW$T$24)
     727                      .dwattr $C$DW$T$25, DW_AT_decl_file("/home/jose/ti/c2000/C2000Ware_26_01_00_00/driverlib/f2837xd/driv
     728                      .dwattr $C$DW$T$25, DW_AT_decl_line(0x155)
     729                      .dwattr $C$DW$T$25, DW_AT_decl_column(0x03)
     730              
     731                      .dwendtag $C$DW$TU$25
     732              
     733              
TMS320C2000 Assembler Unix v25.11.0 Sun May 31 21:09:06 2026

Copyright (c) 1996-2018 Texas Instruments Incorporated
adc_iface.asm                                                        PAGE   15

     734              $C$DW$TU$21     .dwtag  DW_TAG_type_unit
     735                      .dwmtype  $C$DW$T$21
     736              
     737              $C$DW$T$21      .dwtag  DW_TAG_structure_type
     738                      .dwattr $C$DW$T$21, DW_AT_name("_MATH_Vec3_")
     739                      .dwattr $C$DW$T$21, DW_AT_byte_size(0x06)
     740              $C$DW$49        .dwtag  DW_TAG_member
     741                      .dwattr $C$DW$49, DW_AT_type(*$C$DW$T$20)
     742                      .dwattr $C$DW$49, DW_AT_name("value")
     743                      .dwattr $C$DW$49, DW_AT_accessibility(DW_ACCESS_public)
     744                      .dwattr $C$DW$49, DW_AT_decl_file("/home/jose/ti/c2000/C2000Ware_MotorControl_SDK_5_04_00_00/librarie
     745                      .dwattr $C$DW$49, DW_AT_decl_line(0xe5)
     746                      .dwattr $C$DW$49, DW_AT_decl_column(0x0f)
     747              
     748                      .dwattr $C$DW$T$21, DW_AT_decl_file("/home/jose/ti/c2000/C2000Ware_MotorControl_SDK_5_04_00_00/librar
     749                      .dwattr $C$DW$T$21, DW_AT_decl_line(0xe3)
     750                      .dwattr $C$DW$T$21, DW_AT_decl_column(0x10)
     751                      .dwendtag $C$DW$T$21
     752              
     753                      .dwendtag $C$DW$TU$21
     754              
     755              
     756              $C$DW$TU$26     .dwtag  DW_TAG_type_unit
     757                      .dwmtype  $C$DW$T$26
     758              $C$DW$T$26      .dwtag  DW_TAG_typedef
     759                      .dwattr $C$DW$T$26, DW_AT_name("MATH_Vec3")
     760                      .dwattr $C$DW$T$26, DW_AT_type(*$C$DW$T$21)
     761                      .dwattr $C$DW$T$26, DW_AT_decl_file("/home/jose/ti/c2000/C2000Ware_MotorControl_SDK_5_04_00_00/librar
     762                      .dwattr $C$DW$T$26, DW_AT_decl_line(0xe6)
     763                      .dwattr $C$DW$T$26, DW_AT_decl_column(0x03)
     764              
     765                      .dwendtag $C$DW$TU$26
     766              
     767              
     768              $C$DW$TU$27     .dwtag  DW_TAG_type_unit
     769                      .dwmtype  $C$DW$T$27
     770              $C$DW$T$27      .dwtag  DW_TAG_typedef
     771                      .dwattr $C$DW$T$27, DW_AT_name("FOC_Iabc_t")
     772                      .dwattr $C$DW$T$27, DW_AT_type(*$C$DW$T$26)
     773                      .dwattr $C$DW$T$27, DW_AT_decl_file("/home/jose/workspace_ccstheia/foc_f28379d/include/foc_types.h")
     774                      .dwattr $C$DW$T$27, DW_AT_decl_line(0x0c)
     775                      .dwattr $C$DW$T$27, DW_AT_decl_column(0x13)
     776              
     777                      .dwendtag $C$DW$TU$27
     778              
     779              
     780              $C$DW$TU$28     .dwtag  DW_TAG_type_unit
     781                      .dwmtype  $C$DW$T$28
     782              $C$DW$T$28      .dwtag  DW_TAG_pointer_type
     783                      .dwattr $C$DW$T$28, DW_AT_type(*$C$DW$T$27)
     784                      .dwattr $C$DW$T$28, DW_AT_address_class(0x20)
     785              
     786                      .dwendtag $C$DW$TU$28
     787              
     788              
TMS320C2000 Assembler Unix v25.11.0 Sun May 31 21:09:06 2026

Copyright (c) 1996-2018 Texas Instruments Incorporated
adc_iface.asm                                                        PAGE   16

     789              $C$DW$TU$29     .dwtag  DW_TAG_type_unit
     790                      .dwmtype  $C$DW$T$29
     791              $C$DW$50        .dwtag  DW_TAG_TI_far_type
     792                      .dwattr $C$DW$50, DW_AT_type(*$C$DW$T$28)
     793              
     794              $C$DW$T$29      .dwtag  DW_TAG_const_type
     795                      .dwattr $C$DW$T$29, DW_AT_type(*$C$DW$50)
     796              
     797                      .dwendtag $C$DW$TU$29
     798              
     799              
     800              $C$DW$TU$2      .dwtag  DW_TAG_type_unit
     801                      .dwmtype  $C$DW$T$2
     802              $C$DW$T$2       .dwtag  DW_TAG_unspecified_type
     803                      .dwattr $C$DW$T$2, DW_AT_name("void")
     804              
     805                      .dwendtag $C$DW$TU$2
     806              
     807              
     808              $C$DW$TU$4      .dwtag  DW_TAG_type_unit
     809                      .dwmtype  $C$DW$T$4
     810              $C$DW$T$4       .dwtag  DW_TAG_base_type
     811                      .dwattr $C$DW$T$4, DW_AT_encoding(DW_ATE_boolean)
     812                      .dwattr $C$DW$T$4, DW_AT_name("bool")
     813                      .dwattr $C$DW$T$4, DW_AT_byte_size(0x01)
     814              
     815                      .dwendtag $C$DW$TU$4
     816              
     817              
     818              $C$DW$TU$5      .dwtag  DW_TAG_type_unit
     819                      .dwmtype  $C$DW$T$5
     820              $C$DW$T$5       .dwtag  DW_TAG_base_type
     821                      .dwattr $C$DW$T$5, DW_AT_encoding(DW_ATE_signed_char)
     822                      .dwattr $C$DW$T$5, DW_AT_name("signed char")
     823                      .dwattr $C$DW$T$5, DW_AT_byte_size(0x01)
     824              
     825                      .dwendtag $C$DW$TU$5
     826              
     827              
     828              $C$DW$TU$6      .dwtag  DW_TAG_type_unit
     829                      .dwmtype  $C$DW$T$6
     830              $C$DW$T$6       .dwtag  DW_TAG_base_type
     831                      .dwattr $C$DW$T$6, DW_AT_encoding(DW_ATE_unsigned_char)
     832                      .dwattr $C$DW$T$6, DW_AT_name("unsigned char")
     833                      .dwattr $C$DW$T$6, DW_AT_byte_size(0x01)
     834              
     835                      .dwendtag $C$DW$TU$6
     836              
     837              
     838              $C$DW$TU$7      .dwtag  DW_TAG_type_unit
     839                      .dwmtype  $C$DW$T$7
     840              $C$DW$T$7       .dwtag  DW_TAG_base_type
     841                      .dwattr $C$DW$T$7, DW_AT_encoding(DW_ATE_signed_char)
     842                      .dwattr $C$DW$T$7, DW_AT_name("wchar_t")
     843                      .dwattr $C$DW$T$7, DW_AT_byte_size(0x02)
TMS320C2000 Assembler Unix v25.11.0 Sun May 31 21:09:06 2026

Copyright (c) 1996-2018 Texas Instruments Incorporated
adc_iface.asm                                                        PAGE   17

     844              
     845                      .dwendtag $C$DW$TU$7
     846              
     847              
     848              $C$DW$TU$8      .dwtag  DW_TAG_type_unit
     849                      .dwmtype  $C$DW$T$8
     850              $C$DW$T$8       .dwtag  DW_TAG_base_type
     851                      .dwattr $C$DW$T$8, DW_AT_encoding(DW_ATE_signed)
     852                      .dwattr $C$DW$T$8, DW_AT_name("short")
     853                      .dwattr $C$DW$T$8, DW_AT_byte_size(0x01)
     854              
     855                      .dwendtag $C$DW$TU$8
     856              
     857              
     858              $C$DW$TU$9      .dwtag  DW_TAG_type_unit
     859                      .dwmtype  $C$DW$T$9
     860              $C$DW$T$9       .dwtag  DW_TAG_base_type
     861                      .dwattr $C$DW$T$9, DW_AT_encoding(DW_ATE_unsigned)
     862                      .dwattr $C$DW$T$9, DW_AT_name("unsigned short")
     863                      .dwattr $C$DW$T$9, DW_AT_byte_size(0x01)
     864              
     865                      .dwendtag $C$DW$TU$9
     866              
     867              
     868              $C$DW$TU$37     .dwtag  DW_TAG_type_unit
     869                      .dwmtype  $C$DW$T$37
     870              $C$DW$T$37      .dwtag  DW_TAG_typedef
     871                      .dwattr $C$DW$T$37, DW_AT_name("__uint16_t")
     872                      .dwattr $C$DW$T$37, DW_AT_type(*$C$DW$T$9)
     873                      .dwattr $C$DW$T$37, DW_AT_decl_file("/home/jose/ti/ccs2051/ccs/tools/compiler/ti-cgt-c2000_25.11.0.LT
     874                      .dwattr $C$DW$T$37, DW_AT_decl_line(0x41)
     875                      .dwattr $C$DW$T$37, DW_AT_decl_column(0x1c)
     876              
     877                      .dwendtag $C$DW$TU$37
     878              
     879              
     880              $C$DW$TU$38     .dwtag  DW_TAG_type_unit
     881                      .dwmtype  $C$DW$T$38
     882              $C$DW$T$38      .dwtag  DW_TAG_typedef
     883                      .dwattr $C$DW$T$38, DW_AT_name("uint16_t")
     884                      .dwattr $C$DW$T$38, DW_AT_type(*$C$DW$T$37)
     885                      .dwattr $C$DW$T$38, DW_AT_decl_file("/home/jose/ti/ccs2051/ccs/tools/compiler/ti-cgt-c2000_25.11.0.LT
     886                      .dwattr $C$DW$T$38, DW_AT_decl_line(0x41)
     887                      .dwattr $C$DW$T$38, DW_AT_decl_column(0x15)
     888              
     889                      .dwendtag $C$DW$TU$38
     890              
     891              
     892              $C$DW$TU$41     .dwtag  DW_TAG_type_unit
     893                      .dwmtype  $C$DW$T$41
     894              $C$DW$51        .dwtag  DW_TAG_TI_far_type
     895                      .dwattr $C$DW$51, DW_AT_type(*$C$DW$T$38)
     896              
     897              $C$DW$T$41      .dwtag  DW_TAG_volatile_type
     898                      .dwattr $C$DW$T$41, DW_AT_type(*$C$DW$51)
TMS320C2000 Assembler Unix v25.11.0 Sun May 31 21:09:06 2026

Copyright (c) 1996-2018 Texas Instruments Incorporated
adc_iface.asm                                                        PAGE   18

     899              
     900                      .dwendtag $C$DW$TU$41
     901              
     902              
     903              $C$DW$TU$42     .dwtag  DW_TAG_type_unit
     904                      .dwmtype  $C$DW$T$42
     905              $C$DW$52        .dwtag  DW_TAG_TI_far_type
     906                      .dwattr $C$DW$52, DW_AT_type(*$C$DW$T$38)
     907              
     908              $C$DW$T$42      .dwtag  DW_TAG_const_type
     909                      .dwattr $C$DW$T$42, DW_AT_type(*$C$DW$52)
     910              
     911                      .dwendtag $C$DW$TU$42
     912              
     913              
     914              $C$DW$TU$10     .dwtag  DW_TAG_type_unit
     915                      .dwmtype  $C$DW$T$10
     916              $C$DW$T$10      .dwtag  DW_TAG_base_type
     917                      .dwattr $C$DW$T$10, DW_AT_encoding(DW_ATE_signed)
     918                      .dwattr $C$DW$T$10, DW_AT_name("int")
     919                      .dwattr $C$DW$T$10, DW_AT_byte_size(0x01)
     920              
     921                      .dwendtag $C$DW$TU$10
     922              
     923              
     924              $C$DW$TU$11     .dwtag  DW_TAG_type_unit
     925                      .dwmtype  $C$DW$T$11
     926              $C$DW$T$11      .dwtag  DW_TAG_base_type
     927                      .dwattr $C$DW$T$11, DW_AT_encoding(DW_ATE_unsigned)
     928                      .dwattr $C$DW$T$11, DW_AT_name("unsigned int")
     929                      .dwattr $C$DW$T$11, DW_AT_byte_size(0x01)
     930              
     931                      .dwendtag $C$DW$TU$11
     932              
     933              
     934              $C$DW$TU$12     .dwtag  DW_TAG_type_unit
     935                      .dwmtype  $C$DW$T$12
     936              $C$DW$T$12      .dwtag  DW_TAG_base_type
     937                      .dwattr $C$DW$T$12, DW_AT_encoding(DW_ATE_signed)
     938                      .dwattr $C$DW$T$12, DW_AT_name("long")
     939                      .dwattr $C$DW$T$12, DW_AT_byte_size(0x02)
     940              
     941                      .dwendtag $C$DW$TU$12
     942              
     943              
     944              $C$DW$TU$46     .dwtag  DW_TAG_type_unit
     945                      .dwmtype  $C$DW$T$46
     946              $C$DW$T$46      .dwtag  DW_TAG_typedef
     947                      .dwattr $C$DW$T$46, DW_AT_name("__int32_t")
     948                      .dwattr $C$DW$T$46, DW_AT_type(*$C$DW$T$12)
     949                      .dwattr $C$DW$T$46, DW_AT_decl_file("/home/jose/ti/ccs2051/ccs/tools/compiler/ti-cgt-c2000_25.11.0.LT
     950                      .dwattr $C$DW$T$46, DW_AT_decl_line(0x42)
     951                      .dwattr $C$DW$T$46, DW_AT_decl_column(0x1d)
     952              
     953                      .dwendtag $C$DW$TU$46
TMS320C2000 Assembler Unix v25.11.0 Sun May 31 21:09:06 2026

Copyright (c) 1996-2018 Texas Instruments Incorporated
adc_iface.asm                                                        PAGE   19

     954              
     955              
     956              $C$DW$TU$47     .dwtag  DW_TAG_type_unit
     957                      .dwmtype  $C$DW$T$47
     958              $C$DW$T$47      .dwtag  DW_TAG_typedef
     959                      .dwattr $C$DW$T$47, DW_AT_name("int32_t")
     960                      .dwattr $C$DW$T$47, DW_AT_type(*$C$DW$T$46)
     961                      .dwattr $C$DW$T$47, DW_AT_decl_file("/home/jose/ti/ccs2051/ccs/tools/compiler/ti-cgt-c2000_25.11.0.LT
     962                      .dwattr $C$DW$T$47, DW_AT_decl_line(0x30)
     963                      .dwattr $C$DW$T$47, DW_AT_decl_column(0x14)
     964              
     965                      .dwendtag $C$DW$TU$47
     966              
     967              
     968              $C$DW$TU$13     .dwtag  DW_TAG_type_unit
     969                      .dwmtype  $C$DW$T$13
     970              $C$DW$T$13      .dwtag  DW_TAG_base_type
     971                      .dwattr $C$DW$T$13, DW_AT_encoding(DW_ATE_unsigned)
     972                      .dwattr $C$DW$T$13, DW_AT_name("unsigned long")
     973                      .dwattr $C$DW$T$13, DW_AT_byte_size(0x02)
     974              
     975                      .dwendtag $C$DW$TU$13
     976              
     977              
     978              $C$DW$TU$32     .dwtag  DW_TAG_type_unit
     979                      .dwmtype  $C$DW$T$32
     980              $C$DW$T$32      .dwtag  DW_TAG_typedef
     981                      .dwattr $C$DW$T$32, DW_AT_name("__uint32_t")
     982                      .dwattr $C$DW$T$32, DW_AT_type(*$C$DW$T$13)
     983                      .dwattr $C$DW$T$32, DW_AT_decl_file("/home/jose/ti/ccs2051/ccs/tools/compiler/ti-cgt-c2000_25.11.0.LT
     984                      .dwattr $C$DW$T$32, DW_AT_decl_line(0x43)
     985                      .dwattr $C$DW$T$32, DW_AT_decl_column(0x1c)
     986              
     987                      .dwendtag $C$DW$TU$32
     988              
     989              
     990              $C$DW$TU$33     .dwtag  DW_TAG_type_unit
     991                      .dwmtype  $C$DW$T$33
     992              $C$DW$T$33      .dwtag  DW_TAG_typedef
     993                      .dwattr $C$DW$T$33, DW_AT_name("uint32_t")
     994                      .dwattr $C$DW$T$33, DW_AT_type(*$C$DW$T$32)
     995                      .dwattr $C$DW$T$33, DW_AT_decl_file("/home/jose/ti/ccs2051/ccs/tools/compiler/ti-cgt-c2000_25.11.0.LT
     996                      .dwattr $C$DW$T$33, DW_AT_decl_line(0x46)
     997                      .dwattr $C$DW$T$33, DW_AT_decl_column(0x15)
     998              
     999                      .dwendtag $C$DW$TU$33
    1000              
    1001              
    1002              $C$DW$TU$14     .dwtag  DW_TAG_type_unit
    1003                      .dwmtype  $C$DW$T$14
    1004              $C$DW$T$14      .dwtag  DW_TAG_base_type
    1005                      .dwattr $C$DW$T$14, DW_AT_encoding(DW_ATE_signed)
    1006                      .dwattr $C$DW$T$14, DW_AT_name("long long")
    1007                      .dwattr $C$DW$T$14, DW_AT_byte_size(0x04)
    1008              
TMS320C2000 Assembler Unix v25.11.0 Sun May 31 21:09:06 2026

Copyright (c) 1996-2018 Texas Instruments Incorporated
adc_iface.asm                                                        PAGE   20

    1009                      .dwendtag $C$DW$TU$14
    1010              
    1011              
    1012              $C$DW$TU$15     .dwtag  DW_TAG_type_unit
    1013                      .dwmtype  $C$DW$T$15
    1014              $C$DW$T$15      .dwtag  DW_TAG_base_type
    1015                      .dwattr $C$DW$T$15, DW_AT_encoding(DW_ATE_unsigned)
    1016                      .dwattr $C$DW$T$15, DW_AT_name("unsigned long long")
    1017                      .dwattr $C$DW$T$15, DW_AT_byte_size(0x04)
    1018              
    1019                      .dwendtag $C$DW$TU$15
    1020              
    1021              
    1022              $C$DW$TU$16     .dwtag  DW_TAG_type_unit
    1023                      .dwmtype  $C$DW$T$16
    1024              $C$DW$T$16      .dwtag  DW_TAG_base_type
    1025                      .dwattr $C$DW$T$16, DW_AT_encoding(DW_ATE_float)
    1026                      .dwattr $C$DW$T$16, DW_AT_name("float")
    1027                      .dwattr $C$DW$T$16, DW_AT_byte_size(0x02)
    1028              
    1029                      .dwendtag $C$DW$TU$16
    1030              
    1031              
    1032              $C$DW$TU$19     .dwtag  DW_TAG_type_unit
    1033                      .dwmtype  $C$DW$T$19
    1034              $C$DW$T$19      .dwtag  DW_TAG_typedef
    1035                      .dwattr $C$DW$T$19, DW_AT_name("float32_t")
    1036                      .dwattr $C$DW$T$19, DW_AT_type(*$C$DW$T$16)
    1037                      .dwattr $C$DW$T$19, DW_AT_decl_file("/home/jose/ti/c2000/C2000Ware_26_01_00_00/driverlib/f2837xd/driv
    1038                      .dwattr $C$DW$T$19, DW_AT_decl_line(0x66)
    1039                      .dwattr $C$DW$T$19, DW_AT_decl_column(0x17)
    1040              
    1041                      .dwendtag $C$DW$TU$19
    1042              
    1043              
    1044              $C$DW$TU$20     .dwtag  DW_TAG_type_unit
    1045                      .dwmtype  $C$DW$T$20
    1046              
    1047              $C$DW$T$20      .dwtag  DW_TAG_array_type
    1048                      .dwattr $C$DW$T$20, DW_AT_type(*$C$DW$T$19)
    1049                      .dwattr $C$DW$T$20, DW_AT_byte_size(0x06)
    1050              $C$DW$53        .dwtag  DW_TAG_subrange_type
    1051                      .dwattr $C$DW$53, DW_AT_upper_bound(0x02)
    1052              
    1053                      .dwendtag $C$DW$T$20
    1054              
    1055                      .dwendtag $C$DW$TU$20
    1056              
    1057              
    1058              $C$DW$TU$17     .dwtag  DW_TAG_type_unit
    1059                      .dwmtype  $C$DW$T$17
    1060              $C$DW$T$17      .dwtag  DW_TAG_base_type
    1061                      .dwattr $C$DW$T$17, DW_AT_encoding(DW_ATE_float)
    1062                      .dwattr $C$DW$T$17, DW_AT_name("double")
    1063                      .dwattr $C$DW$T$17, DW_AT_byte_size(0x04)
TMS320C2000 Assembler Unix v25.11.0 Sun May 31 21:09:06 2026

Copyright (c) 1996-2018 Texas Instruments Incorporated
adc_iface.asm                                                        PAGE   21

    1064              
    1065                      .dwendtag $C$DW$TU$17
    1066              
    1067              
    1068              $C$DW$TU$18     .dwtag  DW_TAG_type_unit
    1069                      .dwmtype  $C$DW$T$18
    1070              $C$DW$T$18      .dwtag  DW_TAG_base_type
    1071                      .dwattr $C$DW$T$18, DW_AT_encoding(DW_ATE_float)
    1072                      .dwattr $C$DW$T$18, DW_AT_name("long double")
    1073                      .dwattr $C$DW$T$18, DW_AT_byte_size(0x04)
    1074              
    1075                      .dwendtag $C$DW$TU$18
    1076              
    1077              
    1078              $C$DW$TU$52     .dwtag  DW_TAG_type_unit
    1079                      .dwmtype  $C$DW$T$52
    1080              $C$DW$T$52      .dwtag  DW_TAG_base_type
    1081                      .dwattr $C$DW$T$52, DW_AT_encoding(DW_ATE_unsigned_char)
    1082                      .dwattr $C$DW$T$52, DW_AT_name("unsigned char")
    1083                      .dwattr $C$DW$T$52, DW_AT_byte_size(0x01)
    1084              
    1085                      .dwendtag $C$DW$TU$52
    1086              

No Assembly Errors, No Assembly Warnings
