TMS320C2000 Assembler Unix v25.11.0 Sat May 30 20:22:51 2026

Copyright (c) 1996-2018 Texas Instruments Incorporated
debug_iface.asm                                                      PAGE    1

       1              ;***************************************************************
       2              ;* TMS320C2000 G3 C/C++ Codegen                         Unix v25.11.0.LTS *
       3              ;* Date/Time created: Sat May 30 20:22:51 2026                 *
       4              ;***************************************************************
       5                      .compiler_opts --abi=eabi --cla_support=cla1 --diag_wrap=off --float_support=fpu32 --hll_source=on --
       6                      .asg    XAR2, FP
       7              
       8              $C$DW$CU        .dwtag  DW_TAG_compile_unit
       9                      .dwattr $C$DW$CU, DW_AT_name("../src/debug_iface.c")
      10                      .dwattr $C$DW$CU, DW_AT_producer("TI TMS320C2000 G3 C/C++ Codegen Unix v25.11.0.LTS Copyright (c) 199
      11                      .dwattr $C$DW$CU, DW_AT_TI_version(0x01)
      12                      .dwattr $C$DW$CU, DW_AT_comp_dir("/home/jose/workspace_ccstheia/foc_f28379d/Debug_BOOSTXL_Teknic_QEP"
      13              
      14              $C$DW$1 .dwtag  DW_TAG_subprogram
      15                      .dwattr $C$DW$1, DW_AT_name("SCI_clearInterruptStatus")
      16                      .dwattr $C$DW$1, DW_AT_linkage_name("SCI_clearInterruptStatus")
      17                      .dwattr $C$DW$1, DW_AT_declaration
      18                      .dwattr $C$DW$1, DW_AT_external
      19                      .dwattr $C$DW$1, DW_AT_decl_file("/home/jose/ti/c2000/C2000Ware_26_01_00_00/driverlib/f2837xd/driverl
      20                      .dwattr $C$DW$1, DW_AT_decl_line(0x636)
      21                      .dwattr $C$DW$1, DW_AT_decl_column(0x01)
      22              $C$DW$2 .dwtag  DW_TAG_formal_parameter
      23                      .dwattr $C$DW$2, DW_AT_type(*$C$DW$T$22)
      24              
      25              $C$DW$3 .dwtag  DW_TAG_formal_parameter
      26                      .dwattr $C$DW$3, DW_AT_type(*$C$DW$T$22)
      27              
      28                      .dwendtag $C$DW$1
      29              
      30 00000000               .bss    ||s_rx_head||,1,1,0
      31              $C$DW$4 .dwtag  DW_TAG_variable
      32                      .dwattr $C$DW$4, DW_AT_name("s_rx_head")
      33                      .dwattr $C$DW$4, DW_AT_linkage_name("s_rx_head")
      34                      .dwattr $C$DW$4, DW_AT_type(*$C$DW$T$36)
      35                      .dwattr $C$DW$4, DW_AT_location[DW_OP_addr ||s_rx_head||]
      36                      .dwattr $C$DW$4, DW_AT_decl_file("../src/debug_iface.c")
      37                      .dwattr $C$DW$4, DW_AT_decl_line(0x12)
      38                      .dwattr $C$DW$4, DW_AT_decl_column(0x1a)
      39              
      40 00000001               .bss    ||s_rx_tail||,1,1,0
      41              $C$DW$5 .dwtag  DW_TAG_variable
      42                      .dwattr $C$DW$5, DW_AT_name("s_rx_tail")
      43                      .dwattr $C$DW$5, DW_AT_linkage_name("s_rx_tail")
      44                      .dwattr $C$DW$5, DW_AT_type(*$C$DW$T$36)
      45                      .dwattr $C$DW$5, DW_AT_location[DW_OP_addr ||s_rx_tail||]
      46                      .dwattr $C$DW$5, DW_AT_decl_file("../src/debug_iface.c")
      47                      .dwattr $C$DW$5, DW_AT_decl_line(0x13)
      48                      .dwattr $C$DW$5, DW_AT_decl_column(0x1a)
      49              
      50 00000000       ||s_rx_ring||:  .usect  ".ebss",256,0,0
      51              $C$DW$6 .dwtag  DW_TAG_variable
      52                      .dwattr $C$DW$6, DW_AT_name("s_rx_ring")
      53                      .dwattr $C$DW$6, DW_AT_linkage_name("s_rx_ring")
      54                      .dwattr $C$DW$6, DW_AT_type(*$C$DW$T$37)
      55                      .dwattr $C$DW$6, DW_AT_location[DW_OP_addr ||s_rx_ring||]
TMS320C2000 Assembler Unix v25.11.0 Sat May 30 20:22:51 2026

Copyright (c) 1996-2018 Texas Instruments Incorporated
debug_iface.asm                                                      PAGE    2

      56                      .dwattr $C$DW$6, DW_AT_decl_file("../src/debug_iface.c")
      57                      .dwattr $C$DW$6, DW_AT_decl_line(0x11)
      58                      .dwattr $C$DW$6, DW_AT_decl_column(0x1a)
      59              
      60                      .sblock ".bss"
      61              ;       /home/jose/ti/ccs2051/ccs/tools/compiler/ti-cgt-c2000_25.11.0.LTS/bin/opt2000 /tmp/TI6XmcMSuTE /tmp/T
      62              ;       /home/jose/ti/ccs2051/ccs/tools/compiler/ti-cgt-c2000_25.11.0.LTS/bin/acia2000 -@/tmp/TI6XmMlXai8 
      63 00000000               .sect   ".text:sciA_rx_isr"
      64                      .retain
      65                      .retainrefs
      66                      .global ||sciA_rx_isr||
      67              
      68              $C$DW$7 .dwtag  DW_TAG_subprogram
      69                      .dwattr $C$DW$7, DW_AT_name("sciA_rx_isr")
      70                      .dwattr $C$DW$7, DW_AT_low_pc(||sciA_rx_isr||)
      71                      .dwattr $C$DW$7, DW_AT_high_pc(0x00)
      72                      .dwattr $C$DW$7, DW_AT_linkage_name("sciA_rx_isr")
      73                      .dwattr $C$DW$7, DW_AT_external
      74                      .dwattr $C$DW$7, DW_AT_decl_file("../src/debug_iface.c")
      75                      .dwattr $C$DW$7, DW_AT_decl_line(0x2e)
      76                      .dwattr $C$DW$7, DW_AT_decl_column(0x12)
      77                      .dwattr $C$DW$7, DW_AT_TI_interrupt
      78                      .dwattr $C$DW$7, DW_AT_TI_max_frame_size(-28)
      79                      .dwpsn  file "../src/debug_iface.c",line 47,column 1,is_stmt,address ||sciA_rx_isr||,isa 0
      80              
      81                      .dwfde $C$DW$CIE, ||sciA_rx_isr||
      82              
      83              ;***************************************************************
      84              ;* FNAME: sciA_rx_isr                   FR SIZE:  26           *
      85              ;*                                                             *
      86              ;* FUNCTION ENVIRONMENT                                        *
      87              ;*                                                             *
      88              ;* FUNCTION PROPERTIES                                         *
      89              ;*                            2 Parameter,  0 Auto, 24 SOE     *
      90              ;***************************************************************
      91              
      92              ||sciA_rx_isr||:
      93              ;* AR7   assigned to b
      94              $C$DW$8 .dwtag  DW_TAG_variable
      95                      .dwattr $C$DW$8, DW_AT_name("b")
      96                      .dwattr $C$DW$8, DW_AT_type(*$C$DW$T$28)
      97                      .dwattr $C$DW$8, DW_AT_location[DW_OP_reg18]
      98              
      99              ;* AR6   assigned to next
     100              $C$DW$9 .dwtag  DW_TAG_variable
     101                      .dwattr $C$DW$9, DW_AT_name("next")
     102                      .dwattr $C$DW$9, DW_AT_type(*$C$DW$T$28)
     103                      .dwattr $C$DW$9, DW_AT_location[DW_OP_reg16]
     104              
     105                      .dwcfi  cfa_offset, -2
     106                      .dwcfi  save_reg_to_mem, 26, 0
     107 00000000 761B          ASP       ; [CPU_ALU] 
     108 00000001 FFF0          PUSH      RB                    ; [CPU_FPU] 
     109                      .dwcfi  save_reg_to_mem, 74, 4
     110                      .dwcfi  cfa_offset, -4
TMS320C2000 Assembler Unix v25.11.0 Sat May 30 20:22:51 2026

Copyright (c) 1996-2018 Texas Instruments Incorporated
debug_iface.asm                                                      PAGE    3

     111 00000002 0005          PUSH      AR1H:AR0H             ; [CPU_ALU] 
     112                      .dwcfi  save_reg_to_mem, 5, 4
     113                      .dwcfi  save_reg_to_mem, 7, 5
     114                      .dwcfi  cfa_offset, -6
     115 00000003 ABBD          MOVL      *SP++,XT              ; [CPU_ALU] 
     116                      .dwcfi  save_reg_to_mem, 21, 6
     117                      .dwcfi  save_reg_to_mem, 22, 7
     118                      .dwcfi  cfa_offset, -8
     119 00000004 A8BD          MOVL      *SP++,XAR4            ; [CPU_ALU] 
     120                      .dwcfi  save_reg_to_mem, 12, 8
     121                      .dwcfi  save_reg_to_mem, 13, 9
     122                      .dwcfi  cfa_offset, -10
     123 00000005 A0BD          MOVL      *SP++,XAR5            ; [CPU_ALU] 
     124                      .dwcfi  save_reg_to_mem, 14, 10
     125                      .dwcfi  save_reg_to_mem, 15, 11
     126                      .dwcfi  cfa_offset, -12
     127 00000006 C2BD          MOVL      *SP++,XAR6            ; [CPU_ALU] 
     128                      .dwcfi  save_reg_to_mem, 16, 12
     129                      .dwcfi  save_reg_to_mem, 17, 13
     130                      .dwcfi  cfa_offset, -14
     131 00000007 C3BD          MOVL      *SP++,XAR7            ; [CPU_ALU] 
     132                      .dwcfi  save_reg_to_mem, 18, 14
     133                      .dwcfi  save_reg_to_mem, 19, 15
     134                      .dwcfi  cfa_offset, -16
     135 00000008 E200          MOV32     *SP++,STF             ; [CPU_FPU] 
         00000009 00BD 
     136                      .dwcfi  save_reg_to_mem, 40, 18
     137                      .dwcfi  cfa_offset, -18
     138 0000000a E203          MOV32     *SP++,R0H             ; [CPU_FPU] 
         0000000b 00BD 
     139                      .dwcfi  save_reg_to_mem, 43, 20
     140                      .dwcfi  cfa_offset, -20
     141 0000000c E203          MOV32     *SP++,R1H             ; [CPU_FPU] 
         0000000d 01BD 
     142                      .dwcfi  save_reg_to_mem, 47, 22
     143                      .dwcfi  cfa_offset, -22
     144 0000000e E203          MOV32     *SP++,R2H             ; [CPU_FPU] 
         0000000f 02BD 
     145                      .dwcfi  save_reg_to_mem, 51, 24
     146                      .dwcfi  cfa_offset, -24
     147 00000010 E203          MOV32     *SP++,R3H             ; [CPU_FPU] 
         00000011 03BD 
     148                      .dwcfi  save_reg_to_mem, 55, 26
     149                      .dwcfi  cfa_offset, -26
     150 00000012 E630          SETFLG    RNDF32=1, RNDF64=1    ; [CPU_FPU] 
         00000013 0600 
     151 00000014 FE02          ADDB      SP,#2                 ; [CPU_ARAU] 
     152                      .dwcfi  cfa_offset, -28
     153 00000015 FF69          SPM       0                     ; [CPU_ALU] 
     154 00000016 2942          CLRC      PAGE0,OVM             ; [CPU_ALU] 
     155 00000017 5616          CLRC      AMODE                 ; [CPU_ALU] 
     156                      .dwpsn  file "../src/debug_iface.c",line 56,column 13,is_stmt,isa 0
     157 00000018 8F00!         MOVL      XAR4,#||s_rx_ring||   ; [CPU_ARAU] |56| 
         00000019 0000 
     158                      .dwpsn  file "../src/debug_iface.c",line 54,column 9,is_stmt,isa 0
TMS320C2000 Assembler Unix v25.11.0 Sat May 30 20:22:51 2026

Copyright (c) 1996-2018 Texas Instruments Incorporated
debug_iface.asm                                                      PAGE    4

     159 0000001a 2BAA          MOV       PH,#0                 ; [CPU_ALU] |54| 
     160                      .dwpsn  file "../src/debug_iface.c",line 50,column 5,is_stmt,isa 0
     161 0000001b 6F13          B         ||$C$L2||,UNC         ; [CPU_ALU] |50| 
     162                      ; branch occurs ; [] |50| 
     163 0000001c       ||$C$L1||:    
     164                      .dwpsn  file "/home/jose/ti/c2000/C2000Ware_26_01_00_00/driverlib/f2837xd/driverlib/sci.h",line 1285,
     165 0000001c F5A9          MOV       AL,*(0:0x7207)        ; [CPU_ALU] |1285| 
         0000001d 7207 
     166 0000001e 761F!         MOVW      DP,#||s_rx_head||     ; [CPU_ARAU] 
         0000001f 0000 
     167 00000020 90FF          ANDB      AL,#0xff              ; [CPU_ALU] |1285| 
     168                      .dwpsn  file "../src/debug_iface.c",line 52,column 20,is_stmt,isa 0
     169 00000021 90FF          ANDB      AL,#255               ; [CPU_ALU] |52| 
     170 00000022 80A9          MOVZ      AR7,AL                ; [CPU_ALU] |52| 
     171                      .dwpsn  file "../src/debug_iface.c",line 53,column 23,is_stmt,isa 0
     172 00000023 9200!         MOV       AL,@||s_rx_head||     ; [CPU_ALU] |53| 
     173 00000024 9C01          ADDB      AL,#1                 ; [CPU_ALU] |53| 
     174 00000025 90FF          ANDB      AL,#0xff              ; [CPU_ALU] |53| 
     175 00000026 88A9          MOVZ      AR6,AL                ; [CPU_ALU] |53| 
     176                      .dwpsn  file "../src/debug_iface.c",line 54,column 9,is_stmt,isa 0
     177 00000027 27A6          MOV       PL,AR6                ; [CPU_ALU] |54| 
     178 00000028 0E00!         MOVU      ACC,@||s_rx_tail||    ; [CPU_ALU] |54| 
     179 00000029 0FAB          CMPL      ACC,P                 ; [CPU_ALU] |54| 
     180 0000002a 6104          B         ||$C$L2||,EQ          ; [CPU_ALU] |54| 
     181                      ; branchcc occurs ; [] |54| 
     182                      .dwpsn  file "../src/debug_iface.c",line 56,column 13,is_stmt,isa 0
     183 0000002b 5800!         MOVZ      AR0,@||s_rx_head||    ; [CPU_ALU] |56| 
     184 0000002c 7F94          MOV       *+XAR4[AR0],AR7       ; [CPU_ALU] |56| 
     185                      .dwpsn  file "../src/debug_iface.c",line 57,column 13,is_stmt,isa 0
     186 0000002d 7E00!         MOV       @||s_rx_head||,AR6    ; [CPU_ALU] |57| 
     187 0000002e       ||$C$L2||:    
     188                      .dwpsn  file "/home/jose/ti/c2000/C2000Ware_26_01_00_00/driverlib/f2837xd/driverlib/sci.h",line 986,c
     189 0000002e F5A9          MOV       AL,*(0:0x720b)        ; [CPU_ALU] |986| 
         0000002f 720B 
     190 00000030 FFC7          LSR       AL,8                  ; [CPU_ALU] |986| 
     191 00000031 901F          ANDB      AL,#0x1f              ; [CPU_ALU] |986| 
     192 00000032 60EA          B         ||$C$L1||,NEQ         ; [CPU_ALU] |986| 
     193                      ; branchcc occurs ; [] |986| 
     194                      .dwpsn  file "/home/jose/ti/c2000/C2000Ware_26_01_00_00/driverlib/f2837xd/driverlib/sci.h",line 1417,
     195 00000033 F5A6          MOV       AR6,*(0:0x720b)       ; [CPU_ALU] |1417| 
         00000034 720B 
     196 00000035 1AA6          OR        AR6,#0x4000           ; [CPU_ALU] |1417| 
         00000036 4000 
     197                      .dwpsn  file "../src/debug_iface.c",line 63,column 5,is_stmt,isa 0
     198 00000037 0210          MOVB      ACC,#16               ; [CPU_ALU] |63| 
     199 00000038 8F00          MOVL      XAR4,#29184           ; [CPU_ARAU] |63| 
         00000039 7200 
     200 0000003a 1E42          MOVL      *-SP[2],ACC           ; [CPU_ALU] |63| 
     201                      .dwpsn  file "/home/jose/ti/c2000/C2000Ware_26_01_00_00/driverlib/f2837xd/driverlib/sci.h",line 1417,
     202 0000003b F4A6          MOV       *(0:0x720b),AR6       ; [CPU_ALU] |1417| 
         0000003c 720B 
     203                      .dwpsn  file "../src/debug_iface.c",line 63,column 5,is_stmt,isa 0
     204 0000003d A8A9          MOVL      ACC,XAR4              ; [CPU_ALU] |63| 
     205              $C$DW$10        .dwtag  DW_TAG_TI_branch
     206                      .dwattr $C$DW$10, DW_AT_low_pc(0x00)
TMS320C2000 Assembler Unix v25.11.0 Sat May 30 20:22:51 2026

Copyright (c) 1996-2018 Texas Instruments Incorporated
debug_iface.asm                                                      PAGE    5

     207                      .dwattr $C$DW$10, DW_AT_name("SCI_clearInterruptStatus")
     208                      .dwattr $C$DW$10, DW_AT_TI_call
     209              
     210 0000003e 7640!         LCR       #||SCI_clearInterruptStatus|| ; [CPU_ALU] |63| 
         0000003f 0000 
     211                      ; call occurs [#||SCI_clearInterruptStatus||] ; [] |63| 
     212                      .dwpsn  file "/home/jose/ti/c2000/C2000Ware_26_01_00_00/driverlib/f2837xd/driverlib/interrupt.h",line
     213 00000040 28A9          MOV       AL,#256               ; [CPU_ALU] |379| 
         00000041 0100 
     214 00000042 F4A9          MOV       *(0:0x0ce1),AL        ; [CPU_ALU] |379| 
         00000043 0CE1 
     215 00000044 FE82          SUBB      SP,#2                 ; [CPU_ARAU] 
     216                      .dwcfi  cfa_offset, -26
     217 00000045 E2AF          MOV32     R3H,*--SP             ; [CPU_FPU] 
         00000046 03BE 
     218                      .dwcfi  cfa_offset, -24
     219                      .dwcfi  restore_reg, 55
     220 00000047 E2AF          MOV32     R2H,*--SP             ; [CPU_FPU] 
         00000048 02BE 
     221                      .dwcfi  cfa_offset, -22
     222                      .dwcfi  restore_reg, 51
     223 00000049 E2AF          MOV32     R1H,*--SP             ; [CPU_FPU] 
         0000004a 01BE 
     224                      .dwcfi  cfa_offset, -20
     225                      .dwcfi  restore_reg, 47
     226 0000004b E2AF          MOV32     R0H,*--SP             ; [CPU_FPU] 
         0000004c 00BE 
     227                      .dwcfi  cfa_offset, -18
     228                      .dwcfi  restore_reg, 43
     229 0000004d E280          MOV32     STF,*--SP             ; [CPU_FPU] 
         0000004e 00BE 
     230                      .dwcfi  cfa_offset, -16
     231                      .dwcfi  restore_reg, 40
     232 0000004f C5BE          MOVL      XAR7,*--SP            ; [CPU_ALU] 
     233                      .dwcfi  cfa_offset, -14
     234                      .dwcfi  restore_reg, 18
     235 00000050 C4BE          MOVL      XAR6,*--SP            ; [CPU_ALU] 
     236                      .dwcfi  cfa_offset, -12
     237                      .dwcfi  restore_reg, 16
     238 00000051 83BE          MOVL      XAR5,*--SP            ; [CPU_ALU] 
     239                      .dwcfi  cfa_offset, -10
     240                      .dwcfi  restore_reg, 14
     241 00000052 8ABE          MOVL      XAR4,*--SP            ; [CPU_ALU] 
     242                      .dwcfi  cfa_offset, -8
     243                      .dwcfi  restore_reg, 12
     244 00000053 87BE          MOVL      XT,*--SP              ; [CPU_ALU] 
     245                      .dwcfi  cfa_offset, -6
     246                      .dwcfi  restore_reg, 22
     247                      .dwcfi  restore_reg, 21
     248 00000054 0003          POP       AR1H:AR0H             ; [CPU_ALU] 
     249                      .dwcfi  cfa_offset, -4
     250                      .dwcfi  restore_reg, 5
     251                      .dwcfi  restore_reg, 7
     252 00000055 3B30          SETC      INTM, DBGM            ; [CPU_ALU] 
     253 00000056 FFF1          POP       RB                    ; [CPU_FPU] 
TMS320C2000 Assembler Unix v25.11.0 Sat May 30 20:22:51 2026

Copyright (c) 1996-2018 Texas Instruments Incorporated
debug_iface.asm                                                      PAGE    6

     254                      .dwcfi  cfa_offset, -2
     255                      .dwcfi  restore_reg, 74
     256 00000057 7617          NASP      ; [CPU_ALU] 
     257              $C$DW$11        .dwtag  DW_TAG_TI_branch
     258                      .dwattr $C$DW$11, DW_AT_low_pc(0x00)
     259                      .dwattr $C$DW$11, DW_AT_TI_return
     260              
     261 00000058 7602          IRET      ; [CPU_ALU] 
     262                      ; return occurs ; [] 
     263                      .dwattr $C$DW$7, DW_AT_TI_end_file("../src/debug_iface.c")
     264                      .dwattr $C$DW$7, DW_AT_TI_end_line(0x41)
     265                      .dwattr $C$DW$7, DW_AT_TI_end_column(0x01)
     266                      .dwendentry
     267                      .dwendtag $C$DW$7
     268              
     269 00000000               .sect   ".text:debug_iface_poll"
     270                      .clink
     271                      .global ||debug_iface_poll||
     272              
     273              $C$DW$12        .dwtag  DW_TAG_subprogram
     274                      .dwattr $C$DW$12, DW_AT_name("debug_iface_poll")
     275                      .dwattr $C$DW$12, DW_AT_low_pc(||debug_iface_poll||)
     276                      .dwattr $C$DW$12, DW_AT_high_pc(0x00)
     277                      .dwattr $C$DW$12, DW_AT_linkage_name("debug_iface_poll")
     278                      .dwattr $C$DW$12, DW_AT_external
     279                      .dwattr $C$DW$12, DW_AT_decl_file("../src/debug_iface.c")
     280                      .dwattr $C$DW$12, DW_AT_decl_line(0x1f)
     281                      .dwattr $C$DW$12, DW_AT_decl_column(0x06)
     282                      .dwattr $C$DW$12, DW_AT_TI_max_frame_size(-2)
     283                      .dwpsn  file "../src/debug_iface.c",line 32,column 1,is_stmt,address ||debug_iface_poll||,isa 0
     284              
     285                      .dwfde $C$DW$CIE, ||debug_iface_poll||
     286              
     287              ;***************************************************************
     288              ;* FNAME: debug_iface_poll              FR SIZE:   0           *
     289              ;*                                                             *
     290              ;* FUNCTION ENVIRONMENT                                        *
     291              ;*                                                             *
     292              ;* FUNCTION PROPERTIES                                         *
     293              ;*                            0 Parameter,  0 Auto,  0 SOE     *
     294              ;***************************************************************
     295              
     296              ||debug_iface_poll||:
     297              ;* AR4   assigned to $O$K11
     298              ;* AH    assigned to b
     299              $C$DW$13        .dwtag  DW_TAG_variable
     300                      .dwattr $C$DW$13, DW_AT_name("b")
     301                      .dwattr $C$DW$13, DW_AT_type(*$C$DW$T$28)
     302                      .dwattr $C$DW$13, DW_AT_location[DW_OP_reg1]
     303              
     304                      .dwcfi  cfa_offset, -2
     305                      .dwcfi  save_reg_to_mem, 26, 0
     306 00000000 761F!         MOVW      DP,#||s_rx_head||     ; [CPU_ARAU] 
         00000001 0000 
     307                      .dwpsn  file "../src/debug_iface.c",line 33,column 12,is_stmt,isa 0
TMS320C2000 Assembler Unix v25.11.0 Sat May 30 20:22:51 2026

Copyright (c) 1996-2018 Texas Instruments Incorporated
debug_iface.asm                                                      PAGE    7

     308 00000002 0E00!         MOVU      ACC,@||s_rx_head||    ; [CPU_ALU] |33| 
     309 00000003 8800!         MOVZ      AR6,@||s_rx_tail||    ; [CPU_ALU] |33| 
     310 00000004 0FA6          CMPL      ACC,XAR6              ; [CPU_ALU] |33| 
     311 00000005 6115          B         ||$C$L4||,EQ          ; [CPU_ALU] |33| 
     312                      ; branchcc occurs ; [] |33| 
     313 00000006 8F00!         MOVL      XAR4,#||s_rx_ring||   ; [CPU_ARAU] 
         00000007 0000 
     314 00000008       ||$C$L3||:    
     315                      .dwpsn  file "/home/jose/ti/c2000/C2000Ware_26_01_00_00/driverlib/f2837xd/driverlib/sci.h",line 957,c
     316 00000008 F5A9          MOV       AL,*(0:0x720a)        ; [CPU_ALU] |957| 
         00000009 720A 
     317 0000000a FFC7          LSR       AL,8                  ; [CPU_ALU] |957| 
     318 0000000b 901F          ANDB      AL,#0x1f              ; [CPU_ALU] |957| 
     319 0000000c 520F          CMPB      AL,#15                ; [CPU_ALU] |957| 
     320 0000000d 670D          B         ||$C$L4||,HIS         ; [CPU_ALU] |957| 
     321                      ; branchcc occurs ; [] |957| 
     322                      .dwpsn  file "../src/debug_iface.c",line 40,column 20,is_stmt,isa 0
     323 0000000e 5800!         MOVZ      AR0,@||s_rx_tail||    ; [CPU_ALU] |40| 
     324 0000000f 9394          MOV       AH,*+XAR4[AR0]        ; [CPU_ALU] |40| 
     325                      .dwpsn  file "../src/debug_iface.c",line 41,column 9,is_stmt,isa 0
     326 00000010 9200!         MOV       AL,@||s_rx_tail||     ; [CPU_ALU] |41| 
     327 00000011 9C01          ADDB      AL,#1                 ; [CPU_ALU] |41| 
     328 00000012 90FF          ANDB      AL,#0xff              ; [CPU_ALU] |41| 
     329 00000013 9600!         MOV       @||s_rx_tail||,AL     ; [CPU_ALU] |41| 
     330                      .dwpsn  file "/home/jose/ti/c2000/C2000Ware_26_01_00_00/driverlib/f2837xd/driverlib/sci.h",line 1136,
     331 00000014 F4A8          MOV       *(0:0x7209),AH        ; [CPU_ALU] |1136| 
         00000015 7209 
     332                      .dwpsn  file "../src/debug_iface.c",line 33,column 12,is_stmt,isa 0
     333 00000016 0E00!         MOVU      ACC,@||s_rx_head||    ; [CPU_ALU] |33| 
     334 00000017 8800!         MOVZ      AR6,@||s_rx_tail||    ; [CPU_ALU] |33| 
     335 00000018 0FA6          CMPL      ACC,XAR6              ; [CPU_ALU] |33| 
     336 00000019 60EF          B         ||$C$L3||,NEQ         ; [CPU_ALU] |33| 
     337                      ; branchcc occurs ; [] |33| 
     338              ||$C$L4||:    
     339              $C$DW$14        .dwtag  DW_TAG_TI_branch
     340                      .dwattr $C$DW$14, DW_AT_low_pc(0x00)
     341                      .dwattr $C$DW$14, DW_AT_TI_return
     342              
     343 0000001a 0006          LRETR     ; [CPU_ALU] 
     344                      ; return occurs ; [] 
     345                      .dwattr $C$DW$12, DW_AT_TI_end_file("../src/debug_iface.c")
     346                      .dwattr $C$DW$12, DW_AT_TI_end_line(0x2c)
     347                      .dwattr $C$DW$12, DW_AT_TI_end_column(0x01)
     348                      .dwendentry
     349                      .dwendtag $C$DW$12
     350              
     351 00000000               .sect   ".text:debug_iface_init"
     352                      .clink
     353                      .global ||debug_iface_init||
     354              
     355              $C$DW$15        .dwtag  DW_TAG_subprogram
     356                      .dwattr $C$DW$15, DW_AT_name("debug_iface_init")
     357                      .dwattr $C$DW$15, DW_AT_low_pc(||debug_iface_init||)
     358                      .dwattr $C$DW$15, DW_AT_high_pc(0x00)
     359                      .dwattr $C$DW$15, DW_AT_linkage_name("debug_iface_init")
TMS320C2000 Assembler Unix v25.11.0 Sat May 30 20:22:51 2026

Copyright (c) 1996-2018 Texas Instruments Incorporated
debug_iface.asm                                                      PAGE    8

     360                      .dwattr $C$DW$15, DW_AT_external
     361                      .dwattr $C$DW$15, DW_AT_decl_file("../src/debug_iface.c")
     362                      .dwattr $C$DW$15, DW_AT_decl_line(0x15)
     363                      .dwattr $C$DW$15, DW_AT_decl_column(0x06)
     364                      .dwattr $C$DW$15, DW_AT_TI_max_frame_size(-2)
     365                      .dwpsn  file "../src/debug_iface.c",line 22,column 1,is_stmt,address ||debug_iface_init||,isa 0
     366              
     367                      .dwfde $C$DW$CIE, ||debug_iface_init||
     368              
     369              ;***************************************************************
     370              ;* FNAME: debug_iface_init              FR SIZE:   0           *
     371              ;*                                                             *
     372              ;* FUNCTION ENVIRONMENT                                        *
     373              ;*                                                             *
     374              ;* FUNCTION PROPERTIES                                         *
     375              ;*                            0 Parameter,  0 Auto,  0 SOE     *
     376              ;***************************************************************
     377              
     378 00000000       ||debug_iface_init||:
     379                      .dwcfi  cfa_offset, -2
     380                      .dwcfi  save_reg_to_mem, 26, 0
     381 00000000 761F!         MOVW      DP,#||s_rx_head||     ; [CPU_ARAU] 
         00000001 0000 
     382                      .dwpsn  file "../src/debug_iface.c",line 23,column 5,is_stmt,isa 0
     383 00000002 2B00!         MOV       @||s_rx_head||,#0     ; [CPU_ALU] |23| 
     384                      .dwpsn  file "../src/debug_iface.c",line 24,column 5,is_stmt,isa 0
     385 00000003 2B00!         MOV       @||s_rx_tail||,#0     ; [CPU_ALU] |24| 
     386              $C$DW$16        .dwtag  DW_TAG_TI_branch
     387                      .dwattr $C$DW$16, DW_AT_low_pc(0x00)
     388                      .dwattr $C$DW$16, DW_AT_TI_return
     389              
     390 00000004 0006          LRETR     ; [CPU_ALU] 
     391                      ; return occurs ; [] 
     392                      .dwattr $C$DW$15, DW_AT_TI_end_file("../src/debug_iface.c")
     393                      .dwattr $C$DW$15, DW_AT_TI_end_line(0x1d)
     394                      .dwattr $C$DW$15, DW_AT_TI_end_column(0x01)
     395                      .dwendentry
     396                      .dwendtag $C$DW$15
     397              
     398              ;**************************************************************
     399              ;* UNDEFINED EXTERNAL REFERENCES                              *
     400              ;**************************************************************
     401                      .global ||SCI_clearInterruptStatus||
     402              
     403              ;***************************************************************
     404              ;* BUILD ATTRIBUTES                                            *
     405              ;***************************************************************
     406                      .battr "c28xabi", Tag_File, 1, Tag_float_args(0)
     407                      .battr "c28xabi", Tag_File, 1, Tag_double_args(0)
     408                      .dwattr $C$DW$CU, DW_AT_language(DW_LANG_C)
     409              
     410              ;***************************************************************
     411              ;* DWARF CIE ENTRIES                                           *
     412              ;***************************************************************
     413              
TMS320C2000 Assembler Unix v25.11.0 Sat May 30 20:22:51 2026

Copyright (c) 1996-2018 Texas Instruments Incorporated
debug_iface.asm                                                      PAGE    9

     414              $C$DW$CIE       .dwcie 26
     415                      .dwcfi  cfa_register, 20
     416                      .dwcfi  cfa_offset, 0
     417                      .dwcfi  same_value, 28
     418                      .dwcfi  same_value, 6
     419                      .dwcfi  same_value, 7
     420                      .dwcfi  same_value, 8
     421                      .dwcfi  same_value, 9
     422                      .dwcfi  same_value, 10
     423                      .dwcfi  same_value, 11
     424                      .dwcfi  same_value, 59
     425                      .dwcfi  same_value, 63
     426                      .dwcfi  same_value, 67
     427                      .dwcfi  same_value, 71
     428                      .dwendentry
     429                      .dwendtag $C$DW$CU
     430              
     431              
     432              ;***************************************************************
     433              ;* TYPE INFORMATION                                            *
     434              ;***************************************************************
     435              
     436              $C$DW$TU$19     .dwtag  DW_TAG_type_unit
     437                      .dwmtype  $C$DW$T$19
     438              
     439              $C$DW$T$19      .dwtag  DW_TAG_enumeration_type
     440                      .dwattr $C$DW$T$19, DW_AT_byte_size(0x01)
     441              $C$DW$17        .dwtag  DW_TAG_enumerator
     442                      .dwattr $C$DW$17, DW_AT_name("SCI_FIFO_TX0")
     443                      .dwattr $C$DW$17, DW_AT_const_value(0x00)
     444                      .dwattr $C$DW$17, DW_AT_decl_file("/home/jose/ti/c2000/C2000Ware_26_01_00_00/driverlib/f2837xd/driver
     445                      .dwattr $C$DW$17, DW_AT_decl_line(0x84)
     446                      .dwattr $C$DW$17, DW_AT_decl_column(0x05)
     447              
     448              $C$DW$18        .dwtag  DW_TAG_enumerator
     449                      .dwattr $C$DW$18, DW_AT_name("SCI_FIFO_TX1")
     450                      .dwattr $C$DW$18, DW_AT_const_value(0x01)
     451                      .dwattr $C$DW$18, DW_AT_decl_file("/home/jose/ti/c2000/C2000Ware_26_01_00_00/driverlib/f2837xd/driver
     452                      .dwattr $C$DW$18, DW_AT_decl_line(0x85)
     453                      .dwattr $C$DW$18, DW_AT_decl_column(0x05)
     454              
     455              $C$DW$19        .dwtag  DW_TAG_enumerator
     456                      .dwattr $C$DW$19, DW_AT_name("SCI_FIFO_TX2")
     457                      .dwattr $C$DW$19, DW_AT_const_value(0x02)
     458                      .dwattr $C$DW$19, DW_AT_decl_file("/home/jose/ti/c2000/C2000Ware_26_01_00_00/driverlib/f2837xd/driver
     459                      .dwattr $C$DW$19, DW_AT_decl_line(0x86)
     460                      .dwattr $C$DW$19, DW_AT_decl_column(0x05)
     461              
     462              $C$DW$20        .dwtag  DW_TAG_enumerator
     463                      .dwattr $C$DW$20, DW_AT_name("SCI_FIFO_TX3")
     464                      .dwattr $C$DW$20, DW_AT_const_value(0x03)
     465                      .dwattr $C$DW$20, DW_AT_decl_file("/home/jose/ti/c2000/C2000Ware_26_01_00_00/driverlib/f2837xd/driver
     466                      .dwattr $C$DW$20, DW_AT_decl_line(0x87)
     467                      .dwattr $C$DW$20, DW_AT_decl_column(0x05)
     468              
TMS320C2000 Assembler Unix v25.11.0 Sat May 30 20:22:51 2026

Copyright (c) 1996-2018 Texas Instruments Incorporated
debug_iface.asm                                                      PAGE   10

     469              $C$DW$21        .dwtag  DW_TAG_enumerator
     470                      .dwattr $C$DW$21, DW_AT_name("SCI_FIFO_TX4")
     471                      .dwattr $C$DW$21, DW_AT_const_value(0x04)
     472                      .dwattr $C$DW$21, DW_AT_decl_file("/home/jose/ti/c2000/C2000Ware_26_01_00_00/driverlib/f2837xd/driver
     473                      .dwattr $C$DW$21, DW_AT_decl_line(0x88)
     474                      .dwattr $C$DW$21, DW_AT_decl_column(0x05)
     475              
     476              $C$DW$22        .dwtag  DW_TAG_enumerator
     477                      .dwattr $C$DW$22, DW_AT_name("SCI_FIFO_TX5")
     478                      .dwattr $C$DW$22, DW_AT_const_value(0x05)
     479                      .dwattr $C$DW$22, DW_AT_decl_file("/home/jose/ti/c2000/C2000Ware_26_01_00_00/driverlib/f2837xd/driver
     480                      .dwattr $C$DW$22, DW_AT_decl_line(0x89)
     481                      .dwattr $C$DW$22, DW_AT_decl_column(0x05)
     482              
     483              $C$DW$23        .dwtag  DW_TAG_enumerator
     484                      .dwattr $C$DW$23, DW_AT_name("SCI_FIFO_TX6")
     485                      .dwattr $C$DW$23, DW_AT_const_value(0x06)
     486                      .dwattr $C$DW$23, DW_AT_decl_file("/home/jose/ti/c2000/C2000Ware_26_01_00_00/driverlib/f2837xd/driver
     487                      .dwattr $C$DW$23, DW_AT_decl_line(0x8a)
     488                      .dwattr $C$DW$23, DW_AT_decl_column(0x05)
     489              
     490              $C$DW$24        .dwtag  DW_TAG_enumerator
     491                      .dwattr $C$DW$24, DW_AT_name("SCI_FIFO_TX7")
     492                      .dwattr $C$DW$24, DW_AT_const_value(0x07)
     493                      .dwattr $C$DW$24, DW_AT_decl_file("/home/jose/ti/c2000/C2000Ware_26_01_00_00/driverlib/f2837xd/driver
     494                      .dwattr $C$DW$24, DW_AT_decl_line(0x8b)
     495                      .dwattr $C$DW$24, DW_AT_decl_column(0x05)
     496              
     497              $C$DW$25        .dwtag  DW_TAG_enumerator
     498                      .dwattr $C$DW$25, DW_AT_name("SCI_FIFO_TX8")
     499                      .dwattr $C$DW$25, DW_AT_const_value(0x08)
     500                      .dwattr $C$DW$25, DW_AT_decl_file("/home/jose/ti/c2000/C2000Ware_26_01_00_00/driverlib/f2837xd/driver
     501                      .dwattr $C$DW$25, DW_AT_decl_line(0x8c)
     502                      .dwattr $C$DW$25, DW_AT_decl_column(0x05)
     503              
     504              $C$DW$26        .dwtag  DW_TAG_enumerator
     505                      .dwattr $C$DW$26, DW_AT_name("SCI_FIFO_TX9")
     506                      .dwattr $C$DW$26, DW_AT_const_value(0x09)
     507                      .dwattr $C$DW$26, DW_AT_decl_file("/home/jose/ti/c2000/C2000Ware_26_01_00_00/driverlib/f2837xd/driver
     508                      .dwattr $C$DW$26, DW_AT_decl_line(0x8d)
     509                      .dwattr $C$DW$26, DW_AT_decl_column(0x05)
     510              
     511              $C$DW$27        .dwtag  DW_TAG_enumerator
     512                      .dwattr $C$DW$27, DW_AT_name("SCI_FIFO_TX10")
     513                      .dwattr $C$DW$27, DW_AT_const_value(0x0a)
     514                      .dwattr $C$DW$27, DW_AT_decl_file("/home/jose/ti/c2000/C2000Ware_26_01_00_00/driverlib/f2837xd/driver
     515                      .dwattr $C$DW$27, DW_AT_decl_line(0x8e)
     516                      .dwattr $C$DW$27, DW_AT_decl_column(0x05)
     517              
     518              $C$DW$28        .dwtag  DW_TAG_enumerator
     519                      .dwattr $C$DW$28, DW_AT_name("SCI_FIFO_TX11")
     520                      .dwattr $C$DW$28, DW_AT_const_value(0x0b)
     521                      .dwattr $C$DW$28, DW_AT_decl_file("/home/jose/ti/c2000/C2000Ware_26_01_00_00/driverlib/f2837xd/driver
     522                      .dwattr $C$DW$28, DW_AT_decl_line(0x8f)
     523                      .dwattr $C$DW$28, DW_AT_decl_column(0x05)
TMS320C2000 Assembler Unix v25.11.0 Sat May 30 20:22:51 2026

Copyright (c) 1996-2018 Texas Instruments Incorporated
debug_iface.asm                                                      PAGE   11

     524              
     525              $C$DW$29        .dwtag  DW_TAG_enumerator
     526                      .dwattr $C$DW$29, DW_AT_name("SCI_FIFO_TX12")
     527                      .dwattr $C$DW$29, DW_AT_const_value(0x0c)
     528                      .dwattr $C$DW$29, DW_AT_decl_file("/home/jose/ti/c2000/C2000Ware_26_01_00_00/driverlib/f2837xd/driver
     529                      .dwattr $C$DW$29, DW_AT_decl_line(0x90)
     530                      .dwattr $C$DW$29, DW_AT_decl_column(0x05)
     531              
     532              $C$DW$30        .dwtag  DW_TAG_enumerator
     533                      .dwattr $C$DW$30, DW_AT_name("SCI_FIFO_TX13")
     534                      .dwattr $C$DW$30, DW_AT_const_value(0x0d)
     535                      .dwattr $C$DW$30, DW_AT_decl_file("/home/jose/ti/c2000/C2000Ware_26_01_00_00/driverlib/f2837xd/driver
     536                      .dwattr $C$DW$30, DW_AT_decl_line(0x91)
     537                      .dwattr $C$DW$30, DW_AT_decl_column(0x05)
     538              
     539              $C$DW$31        .dwtag  DW_TAG_enumerator
     540                      .dwattr $C$DW$31, DW_AT_name("SCI_FIFO_TX14")
     541                      .dwattr $C$DW$31, DW_AT_const_value(0x0e)
     542                      .dwattr $C$DW$31, DW_AT_decl_file("/home/jose/ti/c2000/C2000Ware_26_01_00_00/driverlib/f2837xd/driver
     543                      .dwattr $C$DW$31, DW_AT_decl_line(0x92)
     544                      .dwattr $C$DW$31, DW_AT_decl_column(0x05)
     545              
     546              $C$DW$32        .dwtag  DW_TAG_enumerator
     547                      .dwattr $C$DW$32, DW_AT_name("SCI_FIFO_TX15")
     548                      .dwattr $C$DW$32, DW_AT_const_value(0x0f)
     549                      .dwattr $C$DW$32, DW_AT_decl_file("/home/jose/ti/c2000/C2000Ware_26_01_00_00/driverlib/f2837xd/driver
     550                      .dwattr $C$DW$32, DW_AT_decl_line(0x93)
     551                      .dwattr $C$DW$32, DW_AT_decl_column(0x05)
     552              
     553              $C$DW$33        .dwtag  DW_TAG_enumerator
     554                      .dwattr $C$DW$33, DW_AT_name("SCI_FIFO_TX16")
     555                      .dwattr $C$DW$33, DW_AT_const_value(0x10)
     556                      .dwattr $C$DW$33, DW_AT_decl_file("/home/jose/ti/c2000/C2000Ware_26_01_00_00/driverlib/f2837xd/driver
     557                      .dwattr $C$DW$33, DW_AT_decl_line(0x94)
     558                      .dwattr $C$DW$33, DW_AT_decl_column(0x05)
     559              
     560                      .dwattr $C$DW$T$19, DW_AT_decl_file("/home/jose/ti/c2000/C2000Ware_26_01_00_00/driverlib/f2837xd/driv
     561                      .dwattr $C$DW$T$19, DW_AT_decl_line(0x83)
     562                      .dwattr $C$DW$T$19, DW_AT_decl_column(0x01)
     563                      .dwendtag $C$DW$T$19
     564              
     565                      .dwendtag $C$DW$TU$19
     566              
     567              
     568              $C$DW$TU$20     .dwtag  DW_TAG_type_unit
     569                      .dwmtype  $C$DW$T$20
     570              $C$DW$T$20      .dwtag  DW_TAG_typedef
     571                      .dwattr $C$DW$T$20, DW_AT_name("SCI_TxFIFOLevel")
     572                      .dwattr $C$DW$T$20, DW_AT_type(*$C$DW$T$19)
     573                      .dwattr $C$DW$T$20, DW_AT_decl_file("/home/jose/ti/c2000/C2000Ware_26_01_00_00/driverlib/f2837xd/driv
     574                      .dwattr $C$DW$T$20, DW_AT_decl_line(0x95)
     575                      .dwattr $C$DW$T$20, DW_AT_decl_column(0x03)
     576              
     577                      .dwendtag $C$DW$TU$20
     578              
TMS320C2000 Assembler Unix v25.11.0 Sat May 30 20:22:51 2026

Copyright (c) 1996-2018 Texas Instruments Incorporated
debug_iface.asm                                                      PAGE   12

     579              
     580              $C$DW$TU$24     .dwtag  DW_TAG_type_unit
     581                      .dwmtype  $C$DW$T$24
     582              
     583              $C$DW$T$24      .dwtag  DW_TAG_enumeration_type
     584                      .dwattr $C$DW$T$24, DW_AT_byte_size(0x01)
     585              $C$DW$34        .dwtag  DW_TAG_enumerator
     586                      .dwattr $C$DW$34, DW_AT_name("SCI_FIFO_RX0")
     587                      .dwattr $C$DW$34, DW_AT_const_value(0x00)
     588                      .dwattr $C$DW$34, DW_AT_decl_file("/home/jose/ti/c2000/C2000Ware_26_01_00_00/driverlib/f2837xd/driver
     589                      .dwattr $C$DW$34, DW_AT_decl_line(0xa0)
     590                      .dwattr $C$DW$34, DW_AT_decl_column(0x05)
     591              
     592              $C$DW$35        .dwtag  DW_TAG_enumerator
     593                      .dwattr $C$DW$35, DW_AT_name("SCI_FIFO_RX1")
     594                      .dwattr $C$DW$35, DW_AT_const_value(0x01)
     595                      .dwattr $C$DW$35, DW_AT_decl_file("/home/jose/ti/c2000/C2000Ware_26_01_00_00/driverlib/f2837xd/driver
     596                      .dwattr $C$DW$35, DW_AT_decl_line(0xa1)
     597                      .dwattr $C$DW$35, DW_AT_decl_column(0x05)
     598              
     599              $C$DW$36        .dwtag  DW_TAG_enumerator
     600                      .dwattr $C$DW$36, DW_AT_name("SCI_FIFO_RX2")
     601                      .dwattr $C$DW$36, DW_AT_const_value(0x02)
     602                      .dwattr $C$DW$36, DW_AT_decl_file("/home/jose/ti/c2000/C2000Ware_26_01_00_00/driverlib/f2837xd/driver
     603                      .dwattr $C$DW$36, DW_AT_decl_line(0xa2)
     604                      .dwattr $C$DW$36, DW_AT_decl_column(0x05)
     605              
     606              $C$DW$37        .dwtag  DW_TAG_enumerator
     607                      .dwattr $C$DW$37, DW_AT_name("SCI_FIFO_RX3")
     608                      .dwattr $C$DW$37, DW_AT_const_value(0x03)
     609                      .dwattr $C$DW$37, DW_AT_decl_file("/home/jose/ti/c2000/C2000Ware_26_01_00_00/driverlib/f2837xd/driver
     610                      .dwattr $C$DW$37, DW_AT_decl_line(0xa3)
     611                      .dwattr $C$DW$37, DW_AT_decl_column(0x05)
     612              
     613              $C$DW$38        .dwtag  DW_TAG_enumerator
     614                      .dwattr $C$DW$38, DW_AT_name("SCI_FIFO_RX4")
     615                      .dwattr $C$DW$38, DW_AT_const_value(0x04)
     616                      .dwattr $C$DW$38, DW_AT_decl_file("/home/jose/ti/c2000/C2000Ware_26_01_00_00/driverlib/f2837xd/driver
     617                      .dwattr $C$DW$38, DW_AT_decl_line(0xa4)
     618                      .dwattr $C$DW$38, DW_AT_decl_column(0x05)
     619              
     620              $C$DW$39        .dwtag  DW_TAG_enumerator
     621                      .dwattr $C$DW$39, DW_AT_name("SCI_FIFO_RX5")
     622                      .dwattr $C$DW$39, DW_AT_const_value(0x05)
     623                      .dwattr $C$DW$39, DW_AT_decl_file("/home/jose/ti/c2000/C2000Ware_26_01_00_00/driverlib/f2837xd/driver
     624                      .dwattr $C$DW$39, DW_AT_decl_line(0xa5)
     625                      .dwattr $C$DW$39, DW_AT_decl_column(0x05)
     626              
     627              $C$DW$40        .dwtag  DW_TAG_enumerator
     628                      .dwattr $C$DW$40, DW_AT_name("SCI_FIFO_RX6")
     629                      .dwattr $C$DW$40, DW_AT_const_value(0x06)
     630                      .dwattr $C$DW$40, DW_AT_decl_file("/home/jose/ti/c2000/C2000Ware_26_01_00_00/driverlib/f2837xd/driver
     631                      .dwattr $C$DW$40, DW_AT_decl_line(0xa6)
     632                      .dwattr $C$DW$40, DW_AT_decl_column(0x05)
     633              
TMS320C2000 Assembler Unix v25.11.0 Sat May 30 20:22:51 2026

Copyright (c) 1996-2018 Texas Instruments Incorporated
debug_iface.asm                                                      PAGE   13

     634              $C$DW$41        .dwtag  DW_TAG_enumerator
     635                      .dwattr $C$DW$41, DW_AT_name("SCI_FIFO_RX7")
     636                      .dwattr $C$DW$41, DW_AT_const_value(0x07)
     637                      .dwattr $C$DW$41, DW_AT_decl_file("/home/jose/ti/c2000/C2000Ware_26_01_00_00/driverlib/f2837xd/driver
     638                      .dwattr $C$DW$41, DW_AT_decl_line(0xa7)
     639                      .dwattr $C$DW$41, DW_AT_decl_column(0x05)
     640              
     641              $C$DW$42        .dwtag  DW_TAG_enumerator
     642                      .dwattr $C$DW$42, DW_AT_name("SCI_FIFO_RX8")
     643                      .dwattr $C$DW$42, DW_AT_const_value(0x08)
     644                      .dwattr $C$DW$42, DW_AT_decl_file("/home/jose/ti/c2000/C2000Ware_26_01_00_00/driverlib/f2837xd/driver
     645                      .dwattr $C$DW$42, DW_AT_decl_line(0xa8)
     646                      .dwattr $C$DW$42, DW_AT_decl_column(0x05)
     647              
     648              $C$DW$43        .dwtag  DW_TAG_enumerator
     649                      .dwattr $C$DW$43, DW_AT_name("SCI_FIFO_RX9")
     650                      .dwattr $C$DW$43, DW_AT_const_value(0x09)
     651                      .dwattr $C$DW$43, DW_AT_decl_file("/home/jose/ti/c2000/C2000Ware_26_01_00_00/driverlib/f2837xd/driver
     652                      .dwattr $C$DW$43, DW_AT_decl_line(0xa9)
     653                      .dwattr $C$DW$43, DW_AT_decl_column(0x05)
     654              
     655              $C$DW$44        .dwtag  DW_TAG_enumerator
     656                      .dwattr $C$DW$44, DW_AT_name("SCI_FIFO_RX10")
     657                      .dwattr $C$DW$44, DW_AT_const_value(0x0a)
     658                      .dwattr $C$DW$44, DW_AT_decl_file("/home/jose/ti/c2000/C2000Ware_26_01_00_00/driverlib/f2837xd/driver
     659                      .dwattr $C$DW$44, DW_AT_decl_line(0xaa)
     660                      .dwattr $C$DW$44, DW_AT_decl_column(0x05)
     661              
     662              $C$DW$45        .dwtag  DW_TAG_enumerator
     663                      .dwattr $C$DW$45, DW_AT_name("SCI_FIFO_RX11")
     664                      .dwattr $C$DW$45, DW_AT_const_value(0x0b)
     665                      .dwattr $C$DW$45, DW_AT_decl_file("/home/jose/ti/c2000/C2000Ware_26_01_00_00/driverlib/f2837xd/driver
     666                      .dwattr $C$DW$45, DW_AT_decl_line(0xab)
     667                      .dwattr $C$DW$45, DW_AT_decl_column(0x05)
     668              
     669              $C$DW$46        .dwtag  DW_TAG_enumerator
     670                      .dwattr $C$DW$46, DW_AT_name("SCI_FIFO_RX12")
     671                      .dwattr $C$DW$46, DW_AT_const_value(0x0c)
     672                      .dwattr $C$DW$46, DW_AT_decl_file("/home/jose/ti/c2000/C2000Ware_26_01_00_00/driverlib/f2837xd/driver
     673                      .dwattr $C$DW$46, DW_AT_decl_line(0xac)
     674                      .dwattr $C$DW$46, DW_AT_decl_column(0x05)
     675              
     676              $C$DW$47        .dwtag  DW_TAG_enumerator
     677                      .dwattr $C$DW$47, DW_AT_name("SCI_FIFO_RX13")
     678                      .dwattr $C$DW$47, DW_AT_const_value(0x0d)
     679                      .dwattr $C$DW$47, DW_AT_decl_file("/home/jose/ti/c2000/C2000Ware_26_01_00_00/driverlib/f2837xd/driver
     680                      .dwattr $C$DW$47, DW_AT_decl_line(0xad)
     681                      .dwattr $C$DW$47, DW_AT_decl_column(0x05)
     682              
     683              $C$DW$48        .dwtag  DW_TAG_enumerator
     684                      .dwattr $C$DW$48, DW_AT_name("SCI_FIFO_RX14")
     685                      .dwattr $C$DW$48, DW_AT_const_value(0x0e)
     686                      .dwattr $C$DW$48, DW_AT_decl_file("/home/jose/ti/c2000/C2000Ware_26_01_00_00/driverlib/f2837xd/driver
     687                      .dwattr $C$DW$48, DW_AT_decl_line(0xae)
     688                      .dwattr $C$DW$48, DW_AT_decl_column(0x05)
TMS320C2000 Assembler Unix v25.11.0 Sat May 30 20:22:51 2026

Copyright (c) 1996-2018 Texas Instruments Incorporated
debug_iface.asm                                                      PAGE   14

     689              
     690              $C$DW$49        .dwtag  DW_TAG_enumerator
     691                      .dwattr $C$DW$49, DW_AT_name("SCI_FIFO_RX15")
     692                      .dwattr $C$DW$49, DW_AT_const_value(0x0f)
     693                      .dwattr $C$DW$49, DW_AT_decl_file("/home/jose/ti/c2000/C2000Ware_26_01_00_00/driverlib/f2837xd/driver
     694                      .dwattr $C$DW$49, DW_AT_decl_line(0xaf)
     695                      .dwattr $C$DW$49, DW_AT_decl_column(0x05)
     696              
     697              $C$DW$50        .dwtag  DW_TAG_enumerator
     698                      .dwattr $C$DW$50, DW_AT_name("SCI_FIFO_RX16")
     699                      .dwattr $C$DW$50, DW_AT_const_value(0x10)
     700                      .dwattr $C$DW$50, DW_AT_decl_file("/home/jose/ti/c2000/C2000Ware_26_01_00_00/driverlib/f2837xd/driver
     701                      .dwattr $C$DW$50, DW_AT_decl_line(0xb0)
     702                      .dwattr $C$DW$50, DW_AT_decl_column(0x05)
     703              
     704                      .dwattr $C$DW$T$24, DW_AT_decl_file("/home/jose/ti/c2000/C2000Ware_26_01_00_00/driverlib/f2837xd/driv
     705                      .dwattr $C$DW$T$24, DW_AT_decl_line(0x9f)
     706                      .dwattr $C$DW$T$24, DW_AT_decl_column(0x01)
     707                      .dwendtag $C$DW$T$24
     708              
     709                      .dwendtag $C$DW$TU$24
     710              
     711              
     712              $C$DW$TU$25     .dwtag  DW_TAG_type_unit
     713                      .dwmtype  $C$DW$T$25
     714              $C$DW$T$25      .dwtag  DW_TAG_typedef
     715                      .dwattr $C$DW$T$25, DW_AT_name("SCI_RxFIFOLevel")
     716                      .dwattr $C$DW$T$25, DW_AT_type(*$C$DW$T$24)
     717                      .dwattr $C$DW$T$25, DW_AT_decl_file("/home/jose/ti/c2000/C2000Ware_26_01_00_00/driverlib/f2837xd/driv
     718                      .dwattr $C$DW$T$25, DW_AT_decl_line(0xb1)
     719                      .dwattr $C$DW$T$25, DW_AT_decl_column(0x03)
     720              
     721                      .dwendtag $C$DW$TU$25
     722              
     723              
     724              $C$DW$TU$2      .dwtag  DW_TAG_type_unit
     725                      .dwmtype  $C$DW$T$2
     726              $C$DW$T$2       .dwtag  DW_TAG_unspecified_type
     727                      .dwattr $C$DW$T$2, DW_AT_name("void")
     728              
     729                      .dwendtag $C$DW$TU$2
     730              
     731              
     732              $C$DW$TU$4      .dwtag  DW_TAG_type_unit
     733                      .dwmtype  $C$DW$T$4
     734              $C$DW$T$4       .dwtag  DW_TAG_base_type
     735                      .dwattr $C$DW$T$4, DW_AT_encoding(DW_ATE_boolean)
     736                      .dwattr $C$DW$T$4, DW_AT_name("bool")
     737                      .dwattr $C$DW$T$4, DW_AT_byte_size(0x01)
     738              
     739                      .dwendtag $C$DW$TU$4
     740              
     741              
     742              $C$DW$TU$5      .dwtag  DW_TAG_type_unit
     743                      .dwmtype  $C$DW$T$5
TMS320C2000 Assembler Unix v25.11.0 Sat May 30 20:22:51 2026

Copyright (c) 1996-2018 Texas Instruments Incorporated
debug_iface.asm                                                      PAGE   15

     744              $C$DW$T$5       .dwtag  DW_TAG_base_type
     745                      .dwattr $C$DW$T$5, DW_AT_encoding(DW_ATE_signed_char)
     746                      .dwattr $C$DW$T$5, DW_AT_name("signed char")
     747                      .dwattr $C$DW$T$5, DW_AT_byte_size(0x01)
     748              
     749                      .dwendtag $C$DW$TU$5
     750              
     751              
     752              $C$DW$TU$6      .dwtag  DW_TAG_type_unit
     753                      .dwmtype  $C$DW$T$6
     754              $C$DW$T$6       .dwtag  DW_TAG_base_type
     755                      .dwattr $C$DW$T$6, DW_AT_encoding(DW_ATE_unsigned_char)
     756                      .dwattr $C$DW$T$6, DW_AT_name("unsigned char")
     757                      .dwattr $C$DW$T$6, DW_AT_byte_size(0x01)
     758              
     759                      .dwendtag $C$DW$TU$6
     760              
     761              
     762              $C$DW$TU$7      .dwtag  DW_TAG_type_unit
     763                      .dwmtype  $C$DW$T$7
     764              $C$DW$T$7       .dwtag  DW_TAG_base_type
     765                      .dwattr $C$DW$T$7, DW_AT_encoding(DW_ATE_signed_char)
     766                      .dwattr $C$DW$T$7, DW_AT_name("wchar_t")
     767                      .dwattr $C$DW$T$7, DW_AT_byte_size(0x02)
     768              
     769                      .dwendtag $C$DW$TU$7
     770              
     771              
     772              $C$DW$TU$8      .dwtag  DW_TAG_type_unit
     773                      .dwmtype  $C$DW$T$8
     774              $C$DW$T$8       .dwtag  DW_TAG_base_type
     775                      .dwattr $C$DW$T$8, DW_AT_encoding(DW_ATE_signed)
     776                      .dwattr $C$DW$T$8, DW_AT_name("short")
     777                      .dwattr $C$DW$T$8, DW_AT_byte_size(0x01)
     778              
     779                      .dwendtag $C$DW$TU$8
     780              
     781              
     782              $C$DW$TU$9      .dwtag  DW_TAG_type_unit
     783                      .dwmtype  $C$DW$T$9
     784              $C$DW$T$9       .dwtag  DW_TAG_base_type
     785                      .dwattr $C$DW$T$9, DW_AT_encoding(DW_ATE_unsigned)
     786                      .dwattr $C$DW$T$9, DW_AT_name("unsigned short")
     787                      .dwattr $C$DW$T$9, DW_AT_byte_size(0x01)
     788              
     789                      .dwendtag $C$DW$TU$9
     790              
     791              
     792              $C$DW$TU$27     .dwtag  DW_TAG_type_unit
     793                      .dwmtype  $C$DW$T$27
     794              $C$DW$T$27      .dwtag  DW_TAG_typedef
     795                      .dwattr $C$DW$T$27, DW_AT_name("__uint16_t")
     796                      .dwattr $C$DW$T$27, DW_AT_type(*$C$DW$T$9)
     797                      .dwattr $C$DW$T$27, DW_AT_decl_file("/home/jose/ti/ccs2051/ccs/tools/compiler/ti-cgt-c2000_25.11.0.LT
     798                      .dwattr $C$DW$T$27, DW_AT_decl_line(0x41)
TMS320C2000 Assembler Unix v25.11.0 Sat May 30 20:22:51 2026

Copyright (c) 1996-2018 Texas Instruments Incorporated
debug_iface.asm                                                      PAGE   16

     799                      .dwattr $C$DW$T$27, DW_AT_decl_column(0x1c)
     800              
     801                      .dwendtag $C$DW$TU$27
     802              
     803              
     804              $C$DW$TU$28     .dwtag  DW_TAG_type_unit
     805                      .dwmtype  $C$DW$T$28
     806              $C$DW$T$28      .dwtag  DW_TAG_typedef
     807                      .dwattr $C$DW$T$28, DW_AT_name("uint16_t")
     808                      .dwattr $C$DW$T$28, DW_AT_type(*$C$DW$T$27)
     809                      .dwattr $C$DW$T$28, DW_AT_decl_file("/home/jose/ti/ccs2051/ccs/tools/compiler/ti-cgt-c2000_25.11.0.LT
     810                      .dwattr $C$DW$T$28, DW_AT_decl_line(0x41)
     811                      .dwattr $C$DW$T$28, DW_AT_decl_column(0x15)
     812              
     813                      .dwendtag $C$DW$TU$28
     814              
     815              
     816              $C$DW$TU$36     .dwtag  DW_TAG_type_unit
     817                      .dwmtype  $C$DW$T$36
     818              $C$DW$51        .dwtag  DW_TAG_TI_far_type
     819                      .dwattr $C$DW$51, DW_AT_type(*$C$DW$T$28)
     820              
     821              $C$DW$T$36      .dwtag  DW_TAG_volatile_type
     822                      .dwattr $C$DW$T$36, DW_AT_type(*$C$DW$51)
     823              
     824                      .dwendtag $C$DW$TU$36
     825              
     826              
     827              $C$DW$TU$37     .dwtag  DW_TAG_type_unit
     828                      .dwmtype  $C$DW$T$37
     829              
     830              $C$DW$T$37      .dwtag  DW_TAG_array_type
     831                      .dwattr $C$DW$T$37, DW_AT_type(*$C$DW$T$36)
     832                      .dwattr $C$DW$T$37, DW_AT_byte_size(0x100)
     833              $C$DW$52        .dwtag  DW_TAG_subrange_type
     834                      .dwattr $C$DW$52, DW_AT_upper_bound(0xff)
     835              
     836                      .dwendtag $C$DW$T$37
     837              
     838                      .dwendtag $C$DW$TU$37
     839              
     840              
     841              $C$DW$TU$10     .dwtag  DW_TAG_type_unit
     842                      .dwmtype  $C$DW$T$10
     843              $C$DW$T$10      .dwtag  DW_TAG_base_type
     844                      .dwattr $C$DW$T$10, DW_AT_encoding(DW_ATE_signed)
     845                      .dwattr $C$DW$T$10, DW_AT_name("int")
     846                      .dwattr $C$DW$T$10, DW_AT_byte_size(0x01)
     847              
     848                      .dwendtag $C$DW$TU$10
     849              
     850              
     851              $C$DW$TU$11     .dwtag  DW_TAG_type_unit
     852                      .dwmtype  $C$DW$T$11
     853              $C$DW$T$11      .dwtag  DW_TAG_base_type
TMS320C2000 Assembler Unix v25.11.0 Sat May 30 20:22:51 2026

Copyright (c) 1996-2018 Texas Instruments Incorporated
debug_iface.asm                                                      PAGE   17

     854                      .dwattr $C$DW$T$11, DW_AT_encoding(DW_ATE_unsigned)
     855                      .dwattr $C$DW$T$11, DW_AT_name("unsigned int")
     856                      .dwattr $C$DW$T$11, DW_AT_byte_size(0x01)
     857              
     858                      .dwendtag $C$DW$TU$11
     859              
     860              
     861              $C$DW$TU$12     .dwtag  DW_TAG_type_unit
     862                      .dwmtype  $C$DW$T$12
     863              $C$DW$T$12      .dwtag  DW_TAG_base_type
     864                      .dwattr $C$DW$T$12, DW_AT_encoding(DW_ATE_signed)
     865                      .dwattr $C$DW$T$12, DW_AT_name("long")
     866                      .dwattr $C$DW$T$12, DW_AT_byte_size(0x02)
     867              
     868                      .dwendtag $C$DW$TU$12
     869              
     870              
     871              $C$DW$TU$13     .dwtag  DW_TAG_type_unit
     872                      .dwmtype  $C$DW$T$13
     873              $C$DW$T$13      .dwtag  DW_TAG_base_type
     874                      .dwattr $C$DW$T$13, DW_AT_encoding(DW_ATE_unsigned)
     875                      .dwattr $C$DW$T$13, DW_AT_name("unsigned long")
     876                      .dwattr $C$DW$T$13, DW_AT_byte_size(0x02)
     877              
     878                      .dwendtag $C$DW$TU$13
     879              
     880              
     881              $C$DW$TU$21     .dwtag  DW_TAG_type_unit
     882                      .dwmtype  $C$DW$T$21
     883              $C$DW$T$21      .dwtag  DW_TAG_typedef
     884                      .dwattr $C$DW$T$21, DW_AT_name("__uint32_t")
     885                      .dwattr $C$DW$T$21, DW_AT_type(*$C$DW$T$13)
     886                      .dwattr $C$DW$T$21, DW_AT_decl_file("/home/jose/ti/ccs2051/ccs/tools/compiler/ti-cgt-c2000_25.11.0.LT
     887                      .dwattr $C$DW$T$21, DW_AT_decl_line(0x43)
     888                      .dwattr $C$DW$T$21, DW_AT_decl_column(0x1c)
     889              
     890                      .dwendtag $C$DW$TU$21
     891              
     892              
     893              $C$DW$TU$22     .dwtag  DW_TAG_type_unit
     894                      .dwmtype  $C$DW$T$22
     895              $C$DW$T$22      .dwtag  DW_TAG_typedef
     896                      .dwattr $C$DW$T$22, DW_AT_name("uint32_t")
     897                      .dwattr $C$DW$T$22, DW_AT_type(*$C$DW$T$21)
     898                      .dwattr $C$DW$T$22, DW_AT_decl_file("/home/jose/ti/ccs2051/ccs/tools/compiler/ti-cgt-c2000_25.11.0.LT
     899                      .dwattr $C$DW$T$22, DW_AT_decl_line(0x46)
     900                      .dwattr $C$DW$T$22, DW_AT_decl_column(0x15)
     901              
     902                      .dwendtag $C$DW$TU$22
     903              
     904              
     905              $C$DW$TU$14     .dwtag  DW_TAG_type_unit
     906                      .dwmtype  $C$DW$T$14
     907              $C$DW$T$14      .dwtag  DW_TAG_base_type
     908                      .dwattr $C$DW$T$14, DW_AT_encoding(DW_ATE_signed)
TMS320C2000 Assembler Unix v25.11.0 Sat May 30 20:22:51 2026

Copyright (c) 1996-2018 Texas Instruments Incorporated
debug_iface.asm                                                      PAGE   18

     909                      .dwattr $C$DW$T$14, DW_AT_name("long long")
     910                      .dwattr $C$DW$T$14, DW_AT_byte_size(0x04)
     911              
     912                      .dwendtag $C$DW$TU$14
     913              
     914              
     915              $C$DW$TU$15     .dwtag  DW_TAG_type_unit
     916                      .dwmtype  $C$DW$T$15
     917              $C$DW$T$15      .dwtag  DW_TAG_base_type
     918                      .dwattr $C$DW$T$15, DW_AT_encoding(DW_ATE_unsigned)
     919                      .dwattr $C$DW$T$15, DW_AT_name("unsigned long long")
     920                      .dwattr $C$DW$T$15, DW_AT_byte_size(0x04)
     921              
     922                      .dwendtag $C$DW$TU$15
     923              
     924              
     925              $C$DW$TU$16     .dwtag  DW_TAG_type_unit
     926                      .dwmtype  $C$DW$T$16
     927              $C$DW$T$16      .dwtag  DW_TAG_base_type
     928                      .dwattr $C$DW$T$16, DW_AT_encoding(DW_ATE_float)
     929                      .dwattr $C$DW$T$16, DW_AT_name("float")
     930                      .dwattr $C$DW$T$16, DW_AT_byte_size(0x02)
     931              
     932                      .dwendtag $C$DW$TU$16
     933              
     934              
     935              $C$DW$TU$17     .dwtag  DW_TAG_type_unit
     936                      .dwmtype  $C$DW$T$17
     937              $C$DW$T$17      .dwtag  DW_TAG_base_type
     938                      .dwattr $C$DW$T$17, DW_AT_encoding(DW_ATE_float)
     939                      .dwattr $C$DW$T$17, DW_AT_name("double")
     940                      .dwattr $C$DW$T$17, DW_AT_byte_size(0x04)
     941              
     942                      .dwendtag $C$DW$TU$17
     943              
     944              
     945              $C$DW$TU$18     .dwtag  DW_TAG_type_unit
     946                      .dwmtype  $C$DW$T$18
     947              $C$DW$T$18      .dwtag  DW_TAG_base_type
     948                      .dwattr $C$DW$T$18, DW_AT_encoding(DW_ATE_float)
     949                      .dwattr $C$DW$T$18, DW_AT_name("long double")
     950                      .dwattr $C$DW$T$18, DW_AT_byte_size(0x04)
     951              
     952                      .dwendtag $C$DW$TU$18
     953              

No Assembly Errors, No Assembly Warnings
