TMS320C2000 Assembler Unix v25.11.0 Sat May 30 20:22:51 2026

Copyright (c) 1996-2018 Texas Instruments Incorporated
debug_hooks.asm                                                      PAGE    1

       1              ;***************************************************************
       2              ;* TMS320C2000 G3 C/C++ Codegen                         Unix v25.11.0.LTS *
       3              ;* Date/Time created: Sat May 30 20:22:51 2026                 *
       4              ;***************************************************************
       5                      .compiler_opts --abi=eabi --cla_support=cla1 --diag_wrap=off --float_support=fpu32 --hll_source=on --
       6                      .asg    XAR2, FP
       7              
       8              $C$DW$CU        .dwtag  DW_TAG_compile_unit
       9                      .dwattr $C$DW$CU, DW_AT_name("../src/debug_hooks.c")
      10                      .dwattr $C$DW$CU, DW_AT_producer("TI TMS320C2000 G3 C/C++ Codegen Unix v25.11.0.LTS Copyright (c) 199
      11                      .dwattr $C$DW$CU, DW_AT_TI_version(0x01)
      12                      .dwattr $C$DW$CU, DW_AT_comp_dir("/home/jose/workspace_ccstheia/foc_f28379d/Debug_BOOSTXL_Teknic_QEP"
      13                      .global ||g_datalog_idx||
      14 00000000               .bss    ||g_datalog_idx||,1,1,0
      15              $C$DW$1 .dwtag  DW_TAG_variable
      16                      .dwattr $C$DW$1, DW_AT_name("g_datalog_idx")
      17                      .dwattr $C$DW$1, DW_AT_linkage_name("g_datalog_idx")
      18                      .dwattr $C$DW$1, DW_AT_location[DW_OP_addr ||g_datalog_idx||]
      19                      .dwattr $C$DW$1, DW_AT_type(*$C$DW$T$50)
      20                      .dwattr $C$DW$1, DW_AT_external
      21                      .dwattr $C$DW$1, DW_AT_decl_file("../src/debug_hooks.c")
      22                      .dwattr $C$DW$1, DW_AT_decl_line(0x0d)
      23                      .dwattr $C$DW$1, DW_AT_decl_column(0x13)
      24              
      25                      .global ||g_datalog||
      26 00000000       ||g_datalog||:  .usect  ".ebss",3584,0,1
      27              $C$DW$2 .dwtag  DW_TAG_variable
      28                      .dwattr $C$DW$2, DW_AT_name("g_datalog")
      29                      .dwattr $C$DW$2, DW_AT_linkage_name("g_datalog")
      30                      .dwattr $C$DW$2, DW_AT_location[DW_OP_addr ||g_datalog||]
      31                      .dwattr $C$DW$2, DW_AT_type(*$C$DW$T$62)
      32                      .dwattr $C$DW$2, DW_AT_external
      33                      .dwattr $C$DW$2, DW_AT_decl_file("../src/debug_hooks.c")
      34                      .dwattr $C$DW$2, DW_AT_decl_line(0x0c)
      35                      .dwattr $C$DW$2, DW_AT_decl_column(0x10)
      36              
      37                      .sblock ".bss"
      38              ;       /home/jose/ti/ccs2051/ccs/tools/compiler/ti-cgt-c2000_25.11.0.LTS/bin/opt2000 /tmp/TI6XiD8EEhb /tmp/T
      39              ;       /home/jose/ti/ccs2051/ccs/tools/compiler/ti-cgt-c2000_25.11.0.LTS/bin/acia2000 -@/tmp/TI6XiUYCIFB 
      40 00000000               .sect   ".text:debug_isr_scope_low"
      41                      .clink
      42                      .global ||debug_isr_scope_low||
      43              
      44              $C$DW$3 .dwtag  DW_TAG_subprogram
      45                      .dwattr $C$DW$3, DW_AT_name("debug_isr_scope_low")
      46                      .dwattr $C$DW$3, DW_AT_low_pc(||debug_isr_scope_low||)
      47                      .dwattr $C$DW$3, DW_AT_high_pc(0x00)
      48                      .dwattr $C$DW$3, DW_AT_linkage_name("debug_isr_scope_low")
      49                      .dwattr $C$DW$3, DW_AT_external
      50                      .dwattr $C$DW$3, DW_AT_decl_file("../src/debug_hooks.c")
      51                      .dwattr $C$DW$3, DW_AT_decl_line(0x2e)
      52                      .dwattr $C$DW$3, DW_AT_decl_column(0x06)
      53                      .dwattr $C$DW$3, DW_AT_TI_max_frame_size(-2)
      54                      .dwpsn  file "../src/debug_hooks.c",line 46,column 33,is_stmt,address ||debug_isr_scope_low||,isa 0
      55              
TMS320C2000 Assembler Unix v25.11.0 Sat May 30 20:22:51 2026

Copyright (c) 1996-2018 Texas Instruments Incorporated
debug_hooks.asm                                                      PAGE    2

      56                      .dwfde $C$DW$CIE, ||debug_isr_scope_low||
      57              
      58              ;***************************************************************
      59              ;* FNAME: debug_isr_scope_low           FR SIZE:   0           *
      60              ;*                                                             *
      61              ;* FUNCTION ENVIRONMENT                                        *
      62              ;*                                                             *
      63              ;* FUNCTION PROPERTIES                                         *
      64              ;*                            0 Parameter,  0 Auto,  0 SOE     *
      65              ;***************************************************************
      66              
      67 00000000       ||debug_isr_scope_low||:
      68                      .dwcfi  cfa_offset, -2
      69                      .dwcfi  save_reg_to_mem, 26, 0
      70                      .dwpsn  file "/home/jose/ti/c2000/C2000Ware_26_01_00_00/driverlib/f2837xd/driverlib/gpio.h",line 469,
      71 00000000 0208          MOVB      ACC,#8                ; [CPU_ALU] |469| 
      72 00000001 BDA9          MOV32     *(0:0x7f14),ACC       ; [CPU_FPU] |469| 
         00000002 7F14 
      73              $C$DW$4 .dwtag  DW_TAG_TI_branch
      74                      .dwattr $C$DW$4, DW_AT_low_pc(0x00)
      75                      .dwattr $C$DW$4, DW_AT_TI_return
      76              
      77 00000003 0006          LRETR     ; [CPU_ALU] 
      78                      ; return occurs ; [] 
      79                      .dwattr $C$DW$3, DW_AT_TI_end_file("../src/debug_hooks.c")
      80                      .dwattr $C$DW$3, DW_AT_TI_end_line(0x2e)
      81                      .dwattr $C$DW$3, DW_AT_TI_end_column(0x49)
      82                      .dwendentry
      83                      .dwendtag $C$DW$3
      84              
      85 00000000               .sect   ".text:debug_isr_scope_high"
      86                      .clink
      87                      .global ||debug_isr_scope_high||
      88              
      89              $C$DW$5 .dwtag  DW_TAG_subprogram
      90                      .dwattr $C$DW$5, DW_AT_name("debug_isr_scope_high")
      91                      .dwattr $C$DW$5, DW_AT_low_pc(||debug_isr_scope_high||)
      92                      .dwattr $C$DW$5, DW_AT_high_pc(0x00)
      93                      .dwattr $C$DW$5, DW_AT_linkage_name("debug_isr_scope_high")
      94                      .dwattr $C$DW$5, DW_AT_external
      95                      .dwattr $C$DW$5, DW_AT_decl_file("../src/debug_hooks.c")
      96                      .dwattr $C$DW$5, DW_AT_decl_line(0x2d)
      97                      .dwattr $C$DW$5, DW_AT_decl_column(0x06)
      98                      .dwattr $C$DW$5, DW_AT_TI_max_frame_size(-2)
      99                      .dwpsn  file "../src/debug_hooks.c",line 45,column 33,is_stmt,address ||debug_isr_scope_high||,isa 0
     100              
     101                      .dwfde $C$DW$CIE, ||debug_isr_scope_high||
     102              
     103              ;***************************************************************
     104              ;* FNAME: debug_isr_scope_high          FR SIZE:   0           *
     105              ;*                                                             *
     106              ;* FUNCTION ENVIRONMENT                                        *
     107              ;*                                                             *
     108              ;* FUNCTION PROPERTIES                                         *
     109              ;*                            0 Parameter,  0 Auto,  0 SOE     *
TMS320C2000 Assembler Unix v25.11.0 Sat May 30 20:22:51 2026

Copyright (c) 1996-2018 Texas Instruments Incorporated
debug_hooks.asm                                                      PAGE    3

     110              ;***************************************************************
     111              
     112 00000000       ||debug_isr_scope_high||:
     113                      .dwcfi  cfa_offset, -2
     114                      .dwcfi  save_reg_to_mem, 26, 0
     115                      .dwpsn  file "/home/jose/ti/c2000/C2000Ware_26_01_00_00/driverlib/f2837xd/driverlib/gpio.h",line 473,
     116 00000000 0208          MOVB      ACC,#8                ; [CPU_ALU] |473| 
     117 00000001 BDA9          MOV32     *(0:0x7f12),ACC       ; [CPU_FPU] |473| 
         00000002 7F12 
     118              $C$DW$6 .dwtag  DW_TAG_TI_branch
     119                      .dwattr $C$DW$6, DW_AT_low_pc(0x00)
     120                      .dwattr $C$DW$6, DW_AT_TI_return
     121              
     122 00000003 0006          LRETR     ; [CPU_ALU] 
     123                      ; return occurs ; [] 
     124                      .dwattr $C$DW$5, DW_AT_TI_end_file("../src/debug_hooks.c")
     125                      .dwattr $C$DW$5, DW_AT_TI_end_line(0x2d)
     126                      .dwattr $C$DW$5, DW_AT_TI_end_column(0x49)
     127                      .dwendentry
     128                      .dwendtag $C$DW$5
     129              
     130 00000000               .sect   ".text:debug_init"
     131                      .clink
     132                      .global ||debug_init||
     133              
     134              $C$DW$7 .dwtag  DW_TAG_subprogram
     135                      .dwattr $C$DW$7, DW_AT_name("debug_init")
     136                      .dwattr $C$DW$7, DW_AT_low_pc(||debug_init||)
     137                      .dwattr $C$DW$7, DW_AT_high_pc(0x00)
     138                      .dwattr $C$DW$7, DW_AT_linkage_name("debug_init")
     139                      .dwattr $C$DW$7, DW_AT_external
     140                      .dwattr $C$DW$7, DW_AT_decl_file("../src/debug_hooks.c")
     141                      .dwattr $C$DW$7, DW_AT_decl_line(0x0f)
     142                      .dwattr $C$DW$7, DW_AT_decl_column(0x06)
     143                      .dwattr $C$DW$7, DW_AT_TI_max_frame_size(-2)
     144                      .dwpsn  file "../src/debug_hooks.c",line 16,column 1,is_stmt,address ||debug_init||,isa 0
     145              
     146                      .dwfde $C$DW$CIE, ||debug_init||
     147              
     148              ;***************************************************************
     149              ;* FNAME: debug_init                    FR SIZE:   0           *
     150              ;*                                                             *
     151              ;* FUNCTION ENVIRONMENT                                        *
     152              ;*                                                             *
     153              ;* FUNCTION PROPERTIES                                         *
     154              ;*                            0 Parameter,  0 Auto,  0 SOE     *
     155              ;***************************************************************
     156              
     157 00000000       ||debug_init||:
     158                      .dwcfi  cfa_offset, -2
     159                      .dwcfi  save_reg_to_mem, 26, 0
     160 00000000 761F!         MOVW      DP,#||g_datalog_idx|| ; [CPU_ARAU] 
         00000001 0000 
     161                      .dwpsn  file "/home/jose/ti/c2000/C2000Ware_26_01_00_00/driverlib/f2837xd/driverlib/gpio.h",line 469,
     162 00000002 9A00          MOVB      AL,#0                 ; [CPU_ALU] |469| 
TMS320C2000 Assembler Unix v25.11.0 Sat May 30 20:22:51 2026

Copyright (c) 1996-2018 Texas Instruments Incorporated
debug_hooks.asm                                                      PAGE    4

     163 00000003 28A8          MOV       AH,#32768             ; [CPU_ALU] |469| 
         00000004 8000 
     164                      .dwpsn  file "../src/debug_hooks.c",line 17,column 5,is_stmt,isa 0
     165 00000005 2B00!         MOV       @||g_datalog_idx||,#0 ; [CPU_ALU] |17| 
     166                      .dwpsn  file "/home/jose/ti/c2000/C2000Ware_26_01_00_00/driverlib/f2837xd/driverlib/gpio.h",line 469,
     167 00000006 BDA9          MOV32     *(0:0x7f04),ACC       ; [CPU_FPU] |469| 
         00000007 7F04 
     168              $C$DW$8 .dwtag  DW_TAG_TI_branch
     169                      .dwattr $C$DW$8, DW_AT_low_pc(0x00)
     170                      .dwattr $C$DW$8, DW_AT_TI_return
     171              
     172 00000008 0006          LRETR     ; [CPU_ALU] 
     173                      ; return occurs ; [] 
     174                      .dwattr $C$DW$7, DW_AT_TI_end_file("../src/debug_hooks.c")
     175                      .dwattr $C$DW$7, DW_AT_TI_end_line(0x14)
     176                      .dwattr $C$DW$7, DW_AT_TI_end_column(0x01)
     177                      .dwendentry
     178                      .dwendtag $C$DW$7
     179              
     180 00000000               .sect   ".text:debug_datalog_push"
     181                      .clink
     182                      .global ||debug_datalog_push||
     183              
     184              $C$DW$9 .dwtag  DW_TAG_subprogram
     185                      .dwattr $C$DW$9, DW_AT_name("debug_datalog_push")
     186                      .dwattr $C$DW$9, DW_AT_low_pc(||debug_datalog_push||)
     187                      .dwattr $C$DW$9, DW_AT_high_pc(0x00)
     188                      .dwattr $C$DW$9, DW_AT_linkage_name("debug_datalog_push")
     189                      .dwattr $C$DW$9, DW_AT_external
     190                      .dwattr $C$DW$9, DW_AT_decl_file("../src/debug_hooks.c")
     191                      .dwattr $C$DW$9, DW_AT_decl_line(0x16)
     192                      .dwattr $C$DW$9, DW_AT_decl_column(0x06)
     193                      .dwattr $C$DW$9, DW_AT_TI_max_frame_size(-6)
     194                      .dwpsn  file "../src/debug_hooks.c",line 23,column 1,is_stmt,address ||debug_datalog_push||,isa 0
     195              
     196                      .dwfde $C$DW$CIE, ||debug_datalog_push||
     197              $C$DW$10        .dwtag  DW_TAG_formal_parameter
     198                      .dwattr $C$DW$10, DW_AT_name("s")
     199                      .dwattr $C$DW$10, DW_AT_type(*$C$DW$T$38)
     200                      .dwattr $C$DW$10, DW_AT_location[DW_OP_reg12]
     201              
     202              $C$DW$11        .dwtag  DW_TAG_formal_parameter
     203                      .dwattr $C$DW$11, DW_AT_name("state")
     204                      .dwattr $C$DW$11, DW_AT_type(*$C$DW$T$44)
     205                      .dwattr $C$DW$11, DW_AT_location[DW_OP_reg0]
     206              
     207              
     208              ;***************************************************************
     209              ;* FNAME: debug_datalog_push            FR SIZE:   4           *
     210              ;*                                                             *
     211              ;* FUNCTION ENVIRONMENT                                        *
     212              ;*                                                             *
     213              ;* FUNCTION PROPERTIES                                         *
     214              ;*                            0 Parameter,  0 Auto,  4 SOE     *
     215              ;***************************************************************
TMS320C2000 Assembler Unix v25.11.0 Sat May 30 20:22:51 2026

Copyright (c) 1996-2018 Texas Instruments Incorporated
debug_hooks.asm                                                      PAGE    5

     216              
     217              ||debug_datalog_push||:
     218              ;* AR5   assigned to $O$C1
     219              ;* AR4   assigned to s
     220              $C$DW$12        .dwtag  DW_TAG_variable
     221                      .dwattr $C$DW$12, DW_AT_name("s")
     222                      .dwattr $C$DW$12, DW_AT_type(*$C$DW$T$39)
     223                      .dwattr $C$DW$12, DW_AT_location[DW_OP_reg12]
     224              
     225              ;* T     assigned to i
     226              $C$DW$13        .dwtag  DW_TAG_variable
     227                      .dwattr $C$DW$13, DW_AT_name("i")
     228                      .dwattr $C$DW$13, DW_AT_type(*$C$DW$T$44)
     229                      .dwattr $C$DW$13, DW_AT_location[DW_OP_reg22]
     230              
     231                      .dwcfi  cfa_offset, -2
     232                      .dwcfi  save_reg_to_mem, 26, 0
     233 00000000 88A9          MOVZ      AR6,AL                ; [CPU_ALU] |23| 
     234 00000001 761F!         MOVW      DP,#||g_datalog_idx|| ; [CPU_ARAU] 
         00000002 0000 
     235 00000003 B2BD          MOVL      *SP++,XAR1            ; [CPU_ALU] 
     236                      .dwcfi  save_reg_to_mem, 7, 2
     237                      .dwcfi  cfa_offset, -4
     238                      .dwpsn  file "../src/debug_hooks.c",line 26,column 5,is_stmt,isa 0
     239 00000004 D00A          MOVB      XAR0,#10              ; [CPU_ALU] |26| 
     240                      .dwpsn  file "../src/debug_hooks.c",line 25,column 5,is_stmt,isa 0
     241 00000005 9A0E          MOVB      AL,#14                ; [CPU_ALU] |25| 
     242                      .dwpsn  file "../src/debug_hooks.c",line 24,column 16,is_stmt,isa 0
     243 00000006 2D00!         MOV       T,@||g_datalog_idx||  ; [CPU_ALU] |24| 
     244                      .dwpsn  file "../src/debug_hooks.c",line 25,column 5,is_stmt,isa 0
     245 00000007 8F40!         MOVL      XAR5,#||g_datalog||   ; [CPU_ARAU] |25| 
         00000008 0000 
     246 00000009 AABD          MOVL      *SP++,XAR2            ; [CPU_ALU] 
     247                      .dwcfi  save_reg_to_mem, 9, 4
     248                      .dwcfi  cfa_offset, -6
     249 0000000a 36A9          MPYU      ACC,T,AL              ; [CPU_ALU] |25| 
     250                      .dwpsn  file "../src/debug_hooks.c",line 26,column 5,is_stmt,isa 0
     251 0000000b A394          MOVL      P,*+XAR4[AR0]         ; [CPU_ALU] |26| 
     252                      .dwpsn  file "../src/debug_hooks.c",line 29,column 5,is_stmt,isa 0
     253 0000000c D010          MOVB      XAR0,#16              ; [CPU_ALU] |29| 
     254 0000000d C594          MOVL      XAR7,*+XAR4[AR0]      ; [CPU_ALU] |29| 
     255                      .dwpsn  file "../src/debug_hooks.c",line 25,column 5,is_stmt,isa 0
     256 0000000e 5601          ADDL      XAR5,ACC              ; [CPU_ALU] |25| 
         0000000f 00A5 
     257                      .dwpsn  file "../src/debug_hooks.c",line 31,column 5,is_stmt,isa 0
     258 00000010 BDA6          MOV32     R0H,XAR6              ; [CPU_FPU] |31| 
         00000011 0F12 
     259                      .dwpsn  file "../src/debug_hooks.c",line 25,column 5,is_stmt,isa 0
     260 00000012 D01C          MOVB      XAR0,#28              ; [CPU_ALU] |25| 
     261 00000013 8694          MOVL      XAR2,*+XAR4[AR0]      ; [CPU_ALU] |25| 
     262                      .dwpsn  file "../src/debug_hooks.c",line 27,column 5,is_stmt,isa 0
     263 00000014 D00C          MOVB      XAR0,#12              ; [CPU_ALU] |27| 
     264 00000015 0694          MOVL      ACC,*+XAR4[AR0]       ; [CPU_ALU] |27| 
     265                      .dwpsn  file "../src/debug_hooks.c",line 28,column 5,is_stmt,isa 0
     266 00000016 D00E          MOVB      XAR0,#14              ; [CPU_ALU] |28| 
TMS320C2000 Assembler Unix v25.11.0 Sat May 30 20:22:51 2026

Copyright (c) 1996-2018 Texas Instruments Incorporated
debug_hooks.asm                                                      PAGE    6

     267                      .dwpsn  file "../src/debug_hooks.c",line 25,column 5,is_stmt,isa 0
     268 00000017 AAC5          MOVL      *+XAR5[0],XAR2        ; [CPU_ALU] |25| 
     269                      .dwpsn  file "../src/debug_hooks.c",line 28,column 5,is_stmt,isa 0
     270 00000018 8E94          MOVL      XAR0,*+XAR4[AR0]      ; [CPU_ALU] |28| 
     271                      .dwpsn  file "../src/debug_hooks.c",line 26,column 5,is_stmt,isa 0
     272 00000019 A9D5          MOVL      *+XAR5[2],P           ; [CPU_ALU] |26| 
     273                      .dwpsn  file "../src/debug_hooks.c",line 27,column 5,is_stmt,isa 0
     274 0000001a 1EE5          MOVL      *+XAR5[4],ACC         ; [CPU_ALU] |27| 
     275                      .dwpsn  file "../src/debug_hooks.c",line 32,column 5,is_stmt,isa 0
     276 0000001b 9B01          MOVB      AH,#1                 ; [CPU_ALU] |32| 
     277 0000001c 95AC          ADD       AH,T                  ; [CPU_ALU] |32| 
     278 0000001d 91FF          ANDB      AH,#0xff              ; [CPU_ALU] |32| 
     279                      .dwpsn  file "../src/debug_hooks.c",line 28,column 5,is_stmt,isa 0
     280 0000001e 3AF5          MOVL      *+XAR5[6],XAR0        ; [CPU_ALU] |28| 
     281                      .dwpsn  file "../src/debug_hooks.c",line 29,column 5,is_stmt,isa 0
     282 0000001f D008          MOVB      XAR0,#8               ; [CPU_FPU] |29| 
     283 00000020 C395          MOVL      *+XAR5[AR0],XAR7      ; [CPU_FPU] |29| 
     284                      .dwpsn  file "../src/debug_hooks.c",line 30,column 5,is_stmt,isa 0
     285 00000021 D01E          MOVB      XAR0,#30              ; [CPU_FPU] |30| 
     286 00000022 C594          MOVL      XAR7,*+XAR4[AR0]      ; [CPU_FPU] |30| 
     287                      .dwpsn  file "../src/debug_hooks.c",line 31,column 5,is_stmt,isa 0
     288 00000023 E68B          UI32TOF32 R0H,R0H               ; [CPU_FPU] |31| 
         00000024 0000 
     289                      .dwpsn  file "../src/debug_hooks.c",line 30,column 5,is_stmt,isa 0
     290 00000025 D10A          MOVB      XAR1,#10              ; [CPU_ALU] |30| 
     291                      .dwpsn  file "../src/debug_hooks.c",line 31,column 5,is_stmt,isa 0
     292 00000026 D00C          MOVB      XAR0,#12              ; [CPU_ALU] |31| 
     293                      .dwpsn  file "../src/debug_hooks.c",line 30,column 5,is_stmt,isa 0
     294 00000027 C39D          MOVL      *+XAR5[AR1],XAR7      ; [CPU_FPU] |30| 
     295                      .dwpsn  file "../src/debug_hooks.c",line 31,column 5,is_stmt,isa 0
     296 00000028 E203          MOV32     *+XAR5[AR0],R0H       ; [CPU_FPU] |31| 
         00000029 0095 
     297                      .dwpsn  file "../src/debug_hooks.c",line 32,column 5,is_stmt,isa 0
     298 0000002a 9700!         MOV       @||g_datalog_idx||,AH ; [CPU_ALU] |32| 
     299 0000002b 86BE          MOVL      XAR2,*--SP            ; [CPU_ALU] 
     300                      .dwcfi  cfa_offset, -4
     301                      .dwcfi  restore_reg, 9
     302 0000002c 8BBE          MOVL      XAR1,*--SP            ; [CPU_ALU] 
     303                      .dwcfi  cfa_offset, -2
     304                      .dwcfi  restore_reg, 7
     305              $C$DW$14        .dwtag  DW_TAG_TI_branch
     306                      .dwattr $C$DW$14, DW_AT_low_pc(0x00)
     307                      .dwattr $C$DW$14, DW_AT_TI_return
     308              
     309 0000002d 0006          LRETR     ; [CPU_ALU] 
     310                      ; return occurs ; [] 
     311                      .dwattr $C$DW$9, DW_AT_TI_end_file("../src/debug_hooks.c")
     312                      .dwattr $C$DW$9, DW_AT_TI_end_line(0x21)
     313                      .dwattr $C$DW$9, DW_AT_TI_end_column(0x01)
     314                      .dwendentry
     315                      .dwendtag $C$DW$9
     316              
     317 00000000               .sect   ".text:debug_dac_set"
     318                      .clink
     319                      .global ||debug_dac_set||
TMS320C2000 Assembler Unix v25.11.0 Sat May 30 20:22:51 2026

Copyright (c) 1996-2018 Texas Instruments Incorporated
debug_hooks.asm                                                      PAGE    7

     320              
     321              $C$DW$15        .dwtag  DW_TAG_subprogram
     322                      .dwattr $C$DW$15, DW_AT_name("debug_dac_set")
     323                      .dwattr $C$DW$15, DW_AT_low_pc(||debug_dac_set||)
     324                      .dwattr $C$DW$15, DW_AT_high_pc(0x00)
     325                      .dwattr $C$DW$15, DW_AT_linkage_name("debug_dac_set")
     326                      .dwattr $C$DW$15, DW_AT_external
     327                      .dwattr $C$DW$15, DW_AT_decl_file("../src/debug_hooks.c")
     328                      .dwattr $C$DW$15, DW_AT_decl_line(0x23)
     329                      .dwattr $C$DW$15, DW_AT_decl_column(0x06)
     330                      .dwattr $C$DW$15, DW_AT_TI_max_frame_size(-2)
     331                      .dwpsn  file "../src/debug_hooks.c",line 36,column 1,is_stmt,address ||debug_dac_set||,isa 0
     332              
     333                      .dwfde $C$DW$CIE, ||debug_dac_set||
     334              $C$DW$16        .dwtag  DW_TAG_formal_parameter
     335                      .dwattr $C$DW$16, DW_AT_name("sig_a")
     336                      .dwattr $C$DW$16, DW_AT_type(*$C$DW$T$16)
     337                      .dwattr $C$DW$16, DW_AT_location[DW_OP_regx 0x2b]
     338              
     339              $C$DW$17        .dwtag  DW_TAG_formal_parameter
     340                      .dwattr $C$DW$17, DW_AT_name("sig_b")
     341                      .dwattr $C$DW$17, DW_AT_type(*$C$DW$T$16)
     342                      .dwattr $C$DW$17, DW_AT_location[DW_OP_regx 0x2f]
     343              
     344              $C$DW$18        .dwtag  DW_TAG_formal_parameter
     345                      .dwattr $C$DW$18, DW_AT_name("scale01")
     346                      .dwattr $C$DW$18, DW_AT_type(*$C$DW$T$16)
     347                      .dwattr $C$DW$18, DW_AT_location[DW_OP_regx 0x33]
     348              
     349              
     350              ;***************************************************************
     351              ;* FNAME: debug_dac_set                 FR SIZE:   0           *
     352              ;*                                                             *
     353              ;* FUNCTION ENVIRONMENT                                        *
     354              ;*                                                             *
     355              ;* FUNCTION PROPERTIES                                         *
     356              ;*                            0 Parameter,  0 Auto,  0 SOE     *
     357              ;***************************************************************
     358              
     359              ||debug_dac_set||:
     360              ;* AR6   assigned to $O$K8
     361              ;* R0    assigned to sig_a
     362              $C$DW$19        .dwtag  DW_TAG_variable
     363                      .dwattr $C$DW$19, DW_AT_name("sig_a")
     364                      .dwattr $C$DW$19, DW_AT_type(*$C$DW$T$65)
     365                      .dwattr $C$DW$19, DW_AT_location[DW_OP_regx 0x2b]
     366              
     367              ;* R1    assigned to sig_b
     368              $C$DW$20        .dwtag  DW_TAG_variable
     369                      .dwattr $C$DW$20, DW_AT_name("sig_b")
     370                      .dwattr $C$DW$20, DW_AT_type(*$C$DW$T$65)
     371                      .dwattr $C$DW$20, DW_AT_location[DW_OP_regx 0x2f]
     372              
     373              ;* R2    assigned to scale01
     374              $C$DW$21        .dwtag  DW_TAG_variable
TMS320C2000 Assembler Unix v25.11.0 Sat May 30 20:22:51 2026

Copyright (c) 1996-2018 Texas Instruments Incorporated
debug_hooks.asm                                                      PAGE    8

     375                      .dwattr $C$DW$21, DW_AT_name("scale01")
     376                      .dwattr $C$DW$21, DW_AT_type(*$C$DW$T$65)
     377                      .dwattr $C$DW$21, DW_AT_location[DW_OP_regx 0x33]
     378              
     379              ;* AR6   assigned to a
     380              $C$DW$22        .dwtag  DW_TAG_variable
     381                      .dwattr $C$DW$22, DW_AT_name("a")
     382                      .dwattr $C$DW$22, DW_AT_type(*$C$DW$T$56)
     383                      .dwattr $C$DW$22, DW_AT_location[DW_OP_reg16]
     384              
     385              ;* AR4   assigned to b
     386              $C$DW$23        .dwtag  DW_TAG_variable
     387                      .dwattr $C$DW$23, DW_AT_name("b")
     388                      .dwattr $C$DW$23, DW_AT_type(*$C$DW$T$56)
     389                      .dwattr $C$DW$23, DW_AT_location[DW_OP_reg12]
     390              
     391                      .dwcfi  cfa_offset, -2
     392                      .dwcfi  save_reg_to_mem, 26, 0
     393                      .dwpsn  file "../src/debug_hooks.c",line 37,column 15,is_stmt,isa 0
     394 00000000 E802          MOVIZ     R3H,#17791            ; [CPU_FPU] |37| 
         00000001 2BFB 
     395 00000002 E700          MPYF32    R0H,R2H,R0H           ; [CPU_FPU] |37| 
         00000003 0010 
     396                      .dwpsn  file "../src/debug_hooks.c",line 38,column 15,is_stmt,isa 0
     397 00000004 E700          MPYF32    R1H,R2H,R1H           ; [CPU_FPU] |38| 
         00000005 0051 
     398                      .dwpsn  file "../src/debug_hooks.c",line 37,column 15,is_stmt,isa 0
     399 00000006 E80F          MOVXI     R3H,#61440            ; [CPU_FPU] |37| 
         00000007 8003 
     400 00000008 E88F          ADDF32    R0H,R0H,#16128        ; [CPU_FPU] |37| 
         00000009 C000 
     401                      .dwpsn  file "../src/debug_hooks.c",line 38,column 15,is_stmt,isa 0
     402 0000000a E88F          ADDF32    R1H,R1H,#16128        ; [CPU_FPU] |38| 
         0000000b C009 
     403                      .dwpsn  file "../src/debug_hooks.c",line 37,column 15,is_stmt,isa 0
     404 0000000c E700          MPYF32    R2H,R3H,R0H           ; [CPU_FPU] |37| 
         0000000d 001A 
     405                      .dwpsn  file "../src/debug_hooks.c",line 38,column 15,is_stmt,isa 0
     406 0000000e E802          MOVIZ     R0H,#17791            ; [CPU_FPU] |38| 
         0000000f 2BF8 
     407 00000010 E80F          MOVXI     R0H,#61440            ; [CPU_FPU] |38| 
         00000011 8000 
     408 00000012 E700          MPYF32    R0H,R0H,R1H           ; [CPU_FPU] |38| 
         00000013 0040 
     409                      .dwpsn  file "../src/debug_hooks.c",line 37,column 15,is_stmt,isa 0
     410 00000014 E688          F32TOI32  R1H,R2H               ; [CPU_FPU] |37| 
         00000015 0011 
     411 00000016 7700          NOP       ; [CPU_ALU] 
     412 00000017 7700          NOP       ; [CPU_ALU] 
     413 00000018 BFA6          MOV32     XAR6,R1H              ; [CPU_FPU] |37| 
         00000019 0F16 
     414                      .dwpsn  file "../src/debug_hooks.c",line 38,column 15,is_stmt,isa 0
     415 0000001a E688          F32TOI32  R0H,R0H               ; [CPU_FPU] |38| 
         0000001b 0000 
     416                      .dwpsn  file "../src/debug_hooks.c",line 39,column 15,is_stmt,isa 0
TMS320C2000 Assembler Unix v25.11.0 Sat May 30 20:22:51 2026

Copyright (c) 1996-2018 Texas Instruments Incorporated
debug_hooks.asm                                                      PAGE    9

     417 0000001c B600          MOVB      XAR7,#0               ; [CPU_ALU] |39| 
     418 0000001d 06A6          MOVL      ACC,XAR6              ; [CPU_ALU] |39| 
     419 0000001e 5661          MAXL      ACC,XAR7              ; [CPU_ALU] |39| 
         0000001f 00A7 
     420 00000020 1EA6          MOVL      XAR6,ACC              ; [CPU_ALU] |39| 
     421                      .dwpsn  file "../src/debug_hooks.c",line 38,column 15,is_stmt,isa 0
     422 00000021 BFA4          MOV32     XAR4,R0H              ; [CPU_FPU] |38| 
         00000022 0F12 
     423                      .dwpsn  file "../src/debug_hooks.c",line 39,column 22,is_stmt,isa 0
     424 00000023 FF20          MOV       ACC,#4096             ; [CPU_ALU] |39| 
         00000024 1000 
     425 00000025 0FA6          CMPL      ACC,XAR6              ; [CPU_ALU] |39| 
     426 00000026 6204          B         ||$C$L1||,GT          ; [CPU_ALU] |39| 
     427                      ; branchcc occurs ; [] |39| 
     428                      .dwpsn  file "../src/debug_hooks.c",line 39,column 35,is_stmt,isa 0
     429 00000027 8F40          MOVL      XAR5,#4095            ; [CPU_ARAU] |39| 
         00000028 0FFF 
     430 00000029 C4A5          MOVL      XAR6,XAR5             ; [CPU_ALU] |39| 
     431 0000002a       ||$C$L1||:    
     432                      .dwpsn  file "../src/debug_hooks.c",line 40,column 15,is_stmt,isa 0
     433 0000002a A8A9          MOVL      ACC,XAR4              ; [CPU_ALU] |40| 
     434 0000002b 5661          MAXL      ACC,XAR7              ; [CPU_ALU] |40| 
         0000002c 00A7 
     435 0000002d 8AA9          MOVL      XAR4,ACC              ; [CPU_ALU] |40| 
     436 0000002e FF20          MOV       ACC,#4096             ; [CPU_ALU] |40| 
         0000002f 1000 
     437 00000030 0FA4          CMPL      ACC,XAR4              ; [CPU_ALU] |40| 
     438 00000031 6203          B         ||$C$L2||,GT          ; [CPU_ALU] |40| 
     439                      ; branchcc occurs ; [] |40| 
     440                      .dwpsn  file "../src/debug_hooks.c",line 40,column 35,is_stmt,isa 0
     441 00000032 8F00          MOVL      XAR4,#4095            ; [CPU_ARAU] |40| 
         00000033 0FFF 
     442 00000034       ||$C$L2||:    
     443 00000034 93A6          MOV       AH,AR6                ; [CPU_ALU] 
     444                      .dwpsn  file "/home/jose/ti/c2000/C2000Ware_26_01_00_00/driverlib/f2837xd/driverlib/dac.h",line 330,c
     445 00000035 F5A9          MOV       AL,*(0:0x5c03)        ; [CPU_ALU] |330| 
         00000036 5C03 
     446 00000037 18A8          AND       AH,#0x0fff            ; [CPU_ALU] |330| 
         00000038 0FFF 
     447 00000039 18A9          AND       AL,#0xf000            ; [CPU_ALU] |330| 
         0000003a F000 
     448 0000003b CBA9          OR        AH,AL                 ; [CPU_ALU] |330| 
     449 0000003c 92A4          MOV       AL,AR4                ; [CPU_FPU] |330| 
     450 0000003d F4A8          MOV       *(0:0x5c03),AH        ; [CPU_ALU] |330| 
         0000003e 5C03 
     451 0000003f 18A9          AND       AL,#0x0fff            ; [CPU_ALU] |330| 
         00000040 0FFF 
     452 00000041 F5A8          MOV       AH,*(0:0x5c13)        ; [CPU_FPU] |330| 
         00000042 5C13 
     453 00000043 18A8          AND       AH,#0xf000            ; [CPU_ALU] |330| 
         00000044 F000 
     454 00000045 CAA8          OR        AL,AH                 ; [CPU_ALU] |330| 
     455 00000046 F4A9          MOV       *(0:0x5c13),AL        ; [CPU_ALU] |330| 
         00000047 5C13 
     456              $C$DW$24        .dwtag  DW_TAG_TI_branch
TMS320C2000 Assembler Unix v25.11.0 Sat May 30 20:22:51 2026

Copyright (c) 1996-2018 Texas Instruments Incorporated
debug_hooks.asm                                                      PAGE   10

     457                      .dwattr $C$DW$24, DW_AT_low_pc(0x00)
     458                      .dwattr $C$DW$24, DW_AT_TI_return
     459              
     460 00000048 0006          LRETR     ; [CPU_ALU] 
     461                      ; return occurs ; [] 
     462                      .dwattr $C$DW$15, DW_AT_TI_end_file("../src/debug_hooks.c")
     463                      .dwattr $C$DW$15, DW_AT_TI_end_line(0x2b)
     464                      .dwattr $C$DW$15, DW_AT_TI_end_column(0x01)
     465                      .dwendentry
     466                      .dwendtag $C$DW$15
     467              
     468              
     469              ;***************************************************************
     470              ;* BUILD ATTRIBUTES                                            *
     471              ;***************************************************************
     472                      .battr "c28xabi", Tag_File, 1, Tag_float_args(1)
     473                      .battr "c28xabi", Tag_File, 1, Tag_double_args(0)
     474                      .dwattr $C$DW$CU, DW_AT_language(DW_LANG_C)
     475              
     476              ;***************************************************************
     477              ;* DWARF CIE ENTRIES                                           *
     478              ;***************************************************************
     479              
     480              $C$DW$CIE       .dwcie 26
     481                      .dwcfi  cfa_register, 20
     482                      .dwcfi  cfa_offset, 0
     483                      .dwcfi  same_value, 28
     484                      .dwcfi  same_value, 6
     485                      .dwcfi  same_value, 7
     486                      .dwcfi  same_value, 8
     487                      .dwcfi  same_value, 9
     488                      .dwcfi  same_value, 10
     489                      .dwcfi  same_value, 11
     490                      .dwcfi  same_value, 59
     491                      .dwcfi  same_value, 63
     492                      .dwcfi  same_value, 67
     493                      .dwcfi  same_value, 71
     494                      .dwendentry
     495                      .dwendtag $C$DW$CU
     496              
     497              
     498              ;***************************************************************
     499              ;* TYPE INFORMATION                                            *
     500              ;***************************************************************
     501              
     502              $C$DW$TU$28     .dwtag  DW_TAG_type_unit
     503                      .dwmtype  $C$DW$T$28
     504              
     505              $C$DW$T$28      .dwtag  DW_TAG_structure_type
     506                      .dwattr $C$DW$T$28, DW_AT_byte_size(0x20)
     507              $C$DW$25        .dwtag  DW_TAG_member
     508                      .dwattr $C$DW$25, DW_AT_type(*$C$DW$T$20)
     509                      .dwattr $C$DW$25, DW_AT_name("Iabc")
     510                      .dwattr $C$DW$25, DW_AT_accessibility(DW_ACCESS_public)
     511                      .dwattr $C$DW$25, DW_AT_decl_file("/home/jose/workspace_ccstheia/foc_f28379d/include/foc_types.h")
TMS320C2000 Assembler Unix v25.11.0 Sat May 30 20:22:51 2026

Copyright (c) 1996-2018 Texas Instruments Incorporated
debug_hooks.asm                                                      PAGE   11

     512                      .dwattr $C$DW$25, DW_AT_decl_line(0x1b)
     513                      .dwattr $C$DW$25, DW_AT_decl_column(0x11)
     514              
     515              $C$DW$26        .dwtag  DW_TAG_member
     516                      .dwattr $C$DW$26, DW_AT_type(*$C$DW$T$22)
     517                      .dwattr $C$DW$26, DW_AT_name("Iab")
     518                      .dwattr $C$DW$26, DW_AT_data_member_location[DW_OP_plus_uconst 0x6]
     519                      .dwattr $C$DW$26, DW_AT_accessibility(DW_ACCESS_public)
     520                      .dwattr $C$DW$26, DW_AT_decl_file("/home/jose/workspace_ccstheia/foc_f28379d/include/foc_types.h")
     521                      .dwattr $C$DW$26, DW_AT_decl_line(0x1c)
     522                      .dwattr $C$DW$26, DW_AT_decl_column(0x11)
     523              
     524              $C$DW$27        .dwtag  DW_TAG_member
     525                      .dwattr $C$DW$27, DW_AT_type(*$C$DW$T$23)
     526                      .dwattr $C$DW$27, DW_AT_name("Idq")
     527                      .dwattr $C$DW$27, DW_AT_data_member_location[DW_OP_plus_uconst 0xa]
     528                      .dwattr $C$DW$27, DW_AT_accessibility(DW_ACCESS_public)
     529                      .dwattr $C$DW$27, DW_AT_decl_file("/home/jose/workspace_ccstheia/foc_f28379d/include/foc_types.h")
     530                      .dwattr $C$DW$27, DW_AT_decl_line(0x1d)
     531                      .dwattr $C$DW$27, DW_AT_decl_column(0x11)
     532              
     533              $C$DW$28        .dwtag  DW_TAG_member
     534                      .dwattr $C$DW$28, DW_AT_type(*$C$DW$T$24)
     535                      .dwattr $C$DW$28, DW_AT_name("Vdq")
     536                      .dwattr $C$DW$28, DW_AT_data_member_location[DW_OP_plus_uconst 0xe]
     537                      .dwattr $C$DW$28, DW_AT_accessibility(DW_ACCESS_public)
     538                      .dwattr $C$DW$28, DW_AT_decl_file("/home/jose/workspace_ccstheia/foc_f28379d/include/foc_types.h")
     539                      .dwattr $C$DW$28, DW_AT_decl_line(0x1e)
     540                      .dwattr $C$DW$28, DW_AT_decl_column(0x11)
     541              
     542              $C$DW$29        .dwtag  DW_TAG_member
     543                      .dwattr $C$DW$29, DW_AT_type(*$C$DW$T$25)
     544                      .dwattr $C$DW$29, DW_AT_name("Vab")
     545                      .dwattr $C$DW$29, DW_AT_data_member_location[DW_OP_plus_uconst 0x12]
     546                      .dwattr $C$DW$29, DW_AT_accessibility(DW_ACCESS_public)
     547                      .dwattr $C$DW$29, DW_AT_decl_file("/home/jose/workspace_ccstheia/foc_f28379d/include/foc_types.h")
     548                      .dwattr $C$DW$29, DW_AT_decl_line(0x1f)
     549                      .dwattr $C$DW$29, DW_AT_decl_column(0x11)
     550              
     551              $C$DW$30        .dwtag  DW_TAG_member
     552                      .dwattr $C$DW$30, DW_AT_type(*$C$DW$T$26)
     553                      .dwattr $C$DW$30, DW_AT_name("duty")
     554                      .dwattr $C$DW$30, DW_AT_data_member_location[DW_OP_plus_uconst 0x16]
     555                      .dwattr $C$DW$30, DW_AT_accessibility(DW_ACCESS_public)
     556                      .dwattr $C$DW$30, DW_AT_decl_file("/home/jose/workspace_ccstheia/foc_f28379d/include/foc_types.h")
     557                      .dwattr $C$DW$30, DW_AT_decl_line(0x20)
     558                      .dwattr $C$DW$30, DW_AT_decl_column(0x11)
     559              
     560              $C$DW$31        .dwtag  DW_TAG_member
     561                      .dwattr $C$DW$31, DW_AT_type(*$C$DW$T$27)
     562                      .dwattr $C$DW$31, DW_AT_name("theta_elec")
     563                      .dwattr $C$DW$31, DW_AT_data_member_location[DW_OP_plus_uconst 0x1c]
     564                      .dwattr $C$DW$31, DW_AT_accessibility(DW_ACCESS_public)
     565                      .dwattr $C$DW$31, DW_AT_decl_file("/home/jose/workspace_ccstheia/foc_f28379d/include/foc_types.h")
     566                      .dwattr $C$DW$31, DW_AT_decl_line(0x21)
TMS320C2000 Assembler Unix v25.11.0 Sat May 30 20:22:51 2026

Copyright (c) 1996-2018 Texas Instruments Incorporated
debug_hooks.asm                                                      PAGE   12

     567                      .dwattr $C$DW$31, DW_AT_decl_column(0x11)
     568              
     569              $C$DW$32        .dwtag  DW_TAG_member
     570                      .dwattr $C$DW$32, DW_AT_type(*$C$DW$T$27)
     571                      .dwattr $C$DW$32, DW_AT_name("omega_elec")
     572                      .dwattr $C$DW$32, DW_AT_data_member_location[DW_OP_plus_uconst 0x1e]
     573                      .dwattr $C$DW$32, DW_AT_accessibility(DW_ACCESS_public)
     574                      .dwattr $C$DW$32, DW_AT_decl_file("/home/jose/workspace_ccstheia/foc_f28379d/include/foc_types.h")
     575                      .dwattr $C$DW$32, DW_AT_decl_line(0x22)
     576                      .dwattr $C$DW$32, DW_AT_decl_column(0x11)
     577              
     578                      .dwattr $C$DW$T$28, DW_AT_decl_file("/home/jose/workspace_ccstheia/foc_f28379d/include/foc_types.h")
     579                      .dwattr $C$DW$T$28, DW_AT_decl_line(0x1a)
     580                      .dwattr $C$DW$T$28, DW_AT_decl_column(0x10)
     581                      .dwendtag $C$DW$T$28
     582              
     583                      .dwendtag $C$DW$TU$28
     584              
     585              
     586              $C$DW$TU$36     .dwtag  DW_TAG_type_unit
     587                      .dwmtype  $C$DW$T$36
     588              $C$DW$T$36      .dwtag  DW_TAG_typedef
     589                      .dwattr $C$DW$T$36, DW_AT_name("FOC_Signals_t")
     590                      .dwattr $C$DW$T$36, DW_AT_type(*$C$DW$T$28)
     591                      .dwattr $C$DW$T$36, DW_AT_decl_file("/home/jose/workspace_ccstheia/foc_f28379d/include/foc_types.h")
     592                      .dwattr $C$DW$T$36, DW_AT_decl_line(0x23)
     593                      .dwattr $C$DW$T$36, DW_AT_decl_column(0x03)
     594              
     595                      .dwendtag $C$DW$TU$36
     596              
     597              
     598              $C$DW$TU$37     .dwtag  DW_TAG_type_unit
     599                      .dwmtype  $C$DW$T$37
     600              $C$DW$33        .dwtag  DW_TAG_TI_far_type
     601                      .dwattr $C$DW$33, DW_AT_type(*$C$DW$T$36)
     602              
     603              $C$DW$T$37      .dwtag  DW_TAG_const_type
     604                      .dwattr $C$DW$T$37, DW_AT_type(*$C$DW$33)
     605              
     606                      .dwendtag $C$DW$TU$37
     607              
     608              
     609              $C$DW$TU$38     .dwtag  DW_TAG_type_unit
     610                      .dwmtype  $C$DW$T$38
     611              $C$DW$T$38      .dwtag  DW_TAG_pointer_type
     612                      .dwattr $C$DW$T$38, DW_AT_type(*$C$DW$T$37)
     613                      .dwattr $C$DW$T$38, DW_AT_address_class(0x20)
     614              
     615                      .dwendtag $C$DW$TU$38
     616              
     617              
     618              $C$DW$TU$39     .dwtag  DW_TAG_type_unit
     619                      .dwmtype  $C$DW$T$39
     620              $C$DW$34        .dwtag  DW_TAG_TI_far_type
     621                      .dwattr $C$DW$34, DW_AT_type(*$C$DW$T$38)
TMS320C2000 Assembler Unix v25.11.0 Sat May 30 20:22:51 2026

Copyright (c) 1996-2018 Texas Instruments Incorporated
debug_hooks.asm                                                      PAGE   13

     622              
     623              $C$DW$T$39      .dwtag  DW_TAG_const_type
     624                      .dwattr $C$DW$T$39, DW_AT_type(*$C$DW$34)
     625              
     626                      .dwendtag $C$DW$TU$39
     627              
     628              
     629              $C$DW$TU$30     .dwtag  DW_TAG_type_unit
     630                      .dwmtype  $C$DW$T$30
     631              
     632              $C$DW$T$30      .dwtag  DW_TAG_structure_type
     633                      .dwattr $C$DW$T$30, DW_AT_name("_MATH_Vec2_")
     634                      .dwattr $C$DW$T$30, DW_AT_byte_size(0x04)
     635              $C$DW$35        .dwtag  DW_TAG_member
     636                      .dwattr $C$DW$35, DW_AT_type(*$C$DW$T$29)
     637                      .dwattr $C$DW$35, DW_AT_name("value")
     638                      .dwattr $C$DW$35, DW_AT_accessibility(DW_ACCESS_public)
     639                      .dwattr $C$DW$35, DW_AT_decl_file("/home/jose/ti/c2000/C2000Ware_MotorControl_SDK_5_04_00_00/librarie
     640                      .dwattr $C$DW$35, DW_AT_decl_line(0xd9)
     641                      .dwattr $C$DW$35, DW_AT_decl_column(0x0f)
     642              
     643                      .dwattr $C$DW$T$30, DW_AT_decl_file("/home/jose/ti/c2000/C2000Ware_MotorControl_SDK_5_04_00_00/librar
     644                      .dwattr $C$DW$T$30, DW_AT_decl_line(0xd7)
     645                      .dwattr $C$DW$T$30, DW_AT_decl_column(0x10)
     646                      .dwendtag $C$DW$T$30
     647              
     648                      .dwendtag $C$DW$TU$30
     649              
     650              
     651              $C$DW$TU$21     .dwtag  DW_TAG_type_unit
     652                      .dwmtype  $C$DW$T$21
     653              $C$DW$T$21      .dwtag  DW_TAG_typedef
     654                      .dwattr $C$DW$T$21, DW_AT_name("MATH_Vec2")
     655                      .dwattr $C$DW$T$21, DW_AT_type(*$C$DW$T$30)
     656                      .dwattr $C$DW$T$21, DW_AT_decl_file("/home/jose/ti/c2000/C2000Ware_MotorControl_SDK_5_04_00_00/librar
     657                      .dwattr $C$DW$T$21, DW_AT_decl_line(0xda)
     658                      .dwattr $C$DW$T$21, DW_AT_decl_column(0x03)
     659              
     660                      .dwendtag $C$DW$TU$21
     661              
     662              
     663              $C$DW$TU$22     .dwtag  DW_TAG_type_unit
     664                      .dwmtype  $C$DW$T$22
     665              $C$DW$T$22      .dwtag  DW_TAG_typedef
     666                      .dwattr $C$DW$T$22, DW_AT_name("FOC_Iab_t")
     667                      .dwattr $C$DW$T$22, DW_AT_type(*$C$DW$T$21)
     668                      .dwattr $C$DW$T$22, DW_AT_decl_file("/home/jose/workspace_ccstheia/foc_f28379d/include/foc_types.h")
     669                      .dwattr $C$DW$T$22, DW_AT_decl_line(0x0d)
     670                      .dwattr $C$DW$T$22, DW_AT_decl_column(0x13)
     671              
     672                      .dwendtag $C$DW$TU$22
     673              
     674              
     675              $C$DW$TU$23     .dwtag  DW_TAG_type_unit
     676                      .dwmtype  $C$DW$T$23
TMS320C2000 Assembler Unix v25.11.0 Sat May 30 20:22:51 2026

Copyright (c) 1996-2018 Texas Instruments Incorporated
debug_hooks.asm                                                      PAGE   14

     677              $C$DW$T$23      .dwtag  DW_TAG_typedef
     678                      .dwattr $C$DW$T$23, DW_AT_name("FOC_Idq_t")
     679                      .dwattr $C$DW$T$23, DW_AT_type(*$C$DW$T$21)
     680                      .dwattr $C$DW$T$23, DW_AT_decl_file("/home/jose/workspace_ccstheia/foc_f28379d/include/foc_types.h")
     681                      .dwattr $C$DW$T$23, DW_AT_decl_line(0x0e)
     682                      .dwattr $C$DW$T$23, DW_AT_decl_column(0x13)
     683              
     684                      .dwendtag $C$DW$TU$23
     685              
     686              
     687              $C$DW$TU$25     .dwtag  DW_TAG_type_unit
     688                      .dwmtype  $C$DW$T$25
     689              $C$DW$T$25      .dwtag  DW_TAG_typedef
     690                      .dwattr $C$DW$T$25, DW_AT_name("FOC_Vab_t")
     691                      .dwattr $C$DW$T$25, DW_AT_type(*$C$DW$T$21)
     692                      .dwattr $C$DW$T$25, DW_AT_decl_file("/home/jose/workspace_ccstheia/foc_f28379d/include/foc_types.h")
     693                      .dwattr $C$DW$T$25, DW_AT_decl_line(0x0f)
     694                      .dwattr $C$DW$T$25, DW_AT_decl_column(0x13)
     695              
     696                      .dwendtag $C$DW$TU$25
     697              
     698              
     699              $C$DW$TU$24     .dwtag  DW_TAG_type_unit
     700                      .dwmtype  $C$DW$T$24
     701              $C$DW$T$24      .dwtag  DW_TAG_typedef
     702                      .dwattr $C$DW$T$24, DW_AT_name("FOC_Vdq_t")
     703                      .dwattr $C$DW$T$24, DW_AT_type(*$C$DW$T$21)
     704                      .dwattr $C$DW$T$24, DW_AT_decl_file("/home/jose/workspace_ccstheia/foc_f28379d/include/foc_types.h")
     705                      .dwattr $C$DW$T$24, DW_AT_decl_line(0x10)
     706                      .dwattr $C$DW$T$24, DW_AT_decl_column(0x13)
     707              
     708                      .dwendtag $C$DW$TU$24
     709              
     710              
     711              $C$DW$TU$32     .dwtag  DW_TAG_type_unit
     712                      .dwmtype  $C$DW$T$32
     713              
     714              $C$DW$T$32      .dwtag  DW_TAG_structure_type
     715                      .dwattr $C$DW$T$32, DW_AT_name("_MATH_Vec3_")
     716                      .dwattr $C$DW$T$32, DW_AT_byte_size(0x06)
     717              $C$DW$36        .dwtag  DW_TAG_member
     718                      .dwattr $C$DW$36, DW_AT_type(*$C$DW$T$31)
     719                      .dwattr $C$DW$36, DW_AT_name("value")
     720                      .dwattr $C$DW$36, DW_AT_accessibility(DW_ACCESS_public)
     721                      .dwattr $C$DW$36, DW_AT_decl_file("/home/jose/ti/c2000/C2000Ware_MotorControl_SDK_5_04_00_00/librarie
     722                      .dwattr $C$DW$36, DW_AT_decl_line(0xe5)
     723                      .dwattr $C$DW$36, DW_AT_decl_column(0x0f)
     724              
     725                      .dwattr $C$DW$T$32, DW_AT_decl_file("/home/jose/ti/c2000/C2000Ware_MotorControl_SDK_5_04_00_00/librar
     726                      .dwattr $C$DW$T$32, DW_AT_decl_line(0xe3)
     727                      .dwattr $C$DW$T$32, DW_AT_decl_column(0x10)
     728                      .dwendtag $C$DW$T$32
     729              
     730                      .dwendtag $C$DW$TU$32
     731              
TMS320C2000 Assembler Unix v25.11.0 Sat May 30 20:22:51 2026

Copyright (c) 1996-2018 Texas Instruments Incorporated
debug_hooks.asm                                                      PAGE   15

     732              
     733              $C$DW$TU$19     .dwtag  DW_TAG_type_unit
     734                      .dwmtype  $C$DW$T$19
     735              $C$DW$T$19      .dwtag  DW_TAG_typedef
     736                      .dwattr $C$DW$T$19, DW_AT_name("MATH_Vec3")
     737                      .dwattr $C$DW$T$19, DW_AT_type(*$C$DW$T$32)
     738                      .dwattr $C$DW$T$19, DW_AT_decl_file("/home/jose/ti/c2000/C2000Ware_MotorControl_SDK_5_04_00_00/librar
     739                      .dwattr $C$DW$T$19, DW_AT_decl_line(0xe6)
     740                      .dwattr $C$DW$T$19, DW_AT_decl_column(0x03)
     741              
     742                      .dwendtag $C$DW$TU$19
     743              
     744              
     745              $C$DW$TU$26     .dwtag  DW_TAG_type_unit
     746                      .dwmtype  $C$DW$T$26
     747              $C$DW$T$26      .dwtag  DW_TAG_typedef
     748                      .dwattr $C$DW$T$26, DW_AT_name("FOC_Duty_t")
     749                      .dwattr $C$DW$T$26, DW_AT_type(*$C$DW$T$19)
     750                      .dwattr $C$DW$T$26, DW_AT_decl_file("/home/jose/workspace_ccstheia/foc_f28379d/include/foc_types.h")
     751                      .dwattr $C$DW$T$26, DW_AT_decl_line(0x11)
     752                      .dwattr $C$DW$T$26, DW_AT_decl_column(0x13)
     753              
     754                      .dwendtag $C$DW$TU$26
     755              
     756              
     757              $C$DW$TU$20     .dwtag  DW_TAG_type_unit
     758                      .dwmtype  $C$DW$T$20
     759              $C$DW$T$20      .dwtag  DW_TAG_typedef
     760                      .dwattr $C$DW$T$20, DW_AT_name("FOC_Iabc_t")
     761                      .dwattr $C$DW$T$20, DW_AT_type(*$C$DW$T$19)
     762                      .dwattr $C$DW$T$20, DW_AT_decl_file("/home/jose/workspace_ccstheia/foc_f28379d/include/foc_types.h")
     763                      .dwattr $C$DW$T$20, DW_AT_decl_line(0x0c)
     764                      .dwattr $C$DW$T$20, DW_AT_decl_column(0x13)
     765              
     766                      .dwendtag $C$DW$TU$20
     767              
     768              
     769              $C$DW$TU$2      .dwtag  DW_TAG_type_unit
     770                      .dwmtype  $C$DW$T$2
     771              $C$DW$T$2       .dwtag  DW_TAG_unspecified_type
     772                      .dwattr $C$DW$T$2, DW_AT_name("void")
     773              
     774                      .dwendtag $C$DW$TU$2
     775              
     776              
     777              $C$DW$TU$4      .dwtag  DW_TAG_type_unit
     778                      .dwmtype  $C$DW$T$4
     779              $C$DW$T$4       .dwtag  DW_TAG_base_type
     780                      .dwattr $C$DW$T$4, DW_AT_encoding(DW_ATE_boolean)
     781                      .dwattr $C$DW$T$4, DW_AT_name("bool")
     782                      .dwattr $C$DW$T$4, DW_AT_byte_size(0x01)
     783              
     784                      .dwendtag $C$DW$TU$4
     785              
     786              
TMS320C2000 Assembler Unix v25.11.0 Sat May 30 20:22:51 2026

Copyright (c) 1996-2018 Texas Instruments Incorporated
debug_hooks.asm                                                      PAGE   16

     787              $C$DW$TU$5      .dwtag  DW_TAG_type_unit
     788                      .dwmtype  $C$DW$T$5
     789              $C$DW$T$5       .dwtag  DW_TAG_base_type
     790                      .dwattr $C$DW$T$5, DW_AT_encoding(DW_ATE_signed_char)
     791                      .dwattr $C$DW$T$5, DW_AT_name("signed char")
     792                      .dwattr $C$DW$T$5, DW_AT_byte_size(0x01)
     793              
     794                      .dwendtag $C$DW$TU$5
     795              
     796              
     797              $C$DW$TU$6      .dwtag  DW_TAG_type_unit
     798                      .dwmtype  $C$DW$T$6
     799              $C$DW$T$6       .dwtag  DW_TAG_base_type
     800                      .dwattr $C$DW$T$6, DW_AT_encoding(DW_ATE_unsigned_char)
     801                      .dwattr $C$DW$T$6, DW_AT_name("unsigned char")
     802                      .dwattr $C$DW$T$6, DW_AT_byte_size(0x01)
     803              
     804                      .dwendtag $C$DW$TU$6
     805              
     806              
     807              $C$DW$TU$7      .dwtag  DW_TAG_type_unit
     808                      .dwmtype  $C$DW$T$7
     809              $C$DW$T$7       .dwtag  DW_TAG_base_type
     810                      .dwattr $C$DW$T$7, DW_AT_encoding(DW_ATE_signed_char)
     811                      .dwattr $C$DW$T$7, DW_AT_name("wchar_t")
     812                      .dwattr $C$DW$T$7, DW_AT_byte_size(0x02)
     813              
     814                      .dwendtag $C$DW$TU$7
     815              
     816              
     817              $C$DW$TU$8      .dwtag  DW_TAG_type_unit
     818                      .dwmtype  $C$DW$T$8
     819              $C$DW$T$8       .dwtag  DW_TAG_base_type
     820                      .dwattr $C$DW$T$8, DW_AT_encoding(DW_ATE_signed)
     821                      .dwattr $C$DW$T$8, DW_AT_name("short")
     822                      .dwattr $C$DW$T$8, DW_AT_byte_size(0x01)
     823              
     824                      .dwendtag $C$DW$TU$8
     825              
     826              
     827              $C$DW$TU$9      .dwtag  DW_TAG_type_unit
     828                      .dwmtype  $C$DW$T$9
     829              $C$DW$T$9       .dwtag  DW_TAG_base_type
     830                      .dwattr $C$DW$T$9, DW_AT_encoding(DW_ATE_unsigned)
     831                      .dwattr $C$DW$T$9, DW_AT_name("unsigned short")
     832                      .dwattr $C$DW$T$9, DW_AT_byte_size(0x01)
     833              
     834                      .dwendtag $C$DW$TU$9
     835              
     836              
     837              $C$DW$TU$43     .dwtag  DW_TAG_type_unit
     838                      .dwmtype  $C$DW$T$43
     839              $C$DW$T$43      .dwtag  DW_TAG_typedef
     840                      .dwattr $C$DW$T$43, DW_AT_name("__uint16_t")
     841                      .dwattr $C$DW$T$43, DW_AT_type(*$C$DW$T$9)
TMS320C2000 Assembler Unix v25.11.0 Sat May 30 20:22:51 2026

Copyright (c) 1996-2018 Texas Instruments Incorporated
debug_hooks.asm                                                      PAGE   17

     842                      .dwattr $C$DW$T$43, DW_AT_decl_file("/home/jose/ti/ccs2051/ccs/tools/compiler/ti-cgt-c2000_25.11.0.LT
     843                      .dwattr $C$DW$T$43, DW_AT_decl_line(0x41)
     844                      .dwattr $C$DW$T$43, DW_AT_decl_column(0x1c)
     845              
     846                      .dwendtag $C$DW$TU$43
     847              
     848              
     849              $C$DW$TU$44     .dwtag  DW_TAG_type_unit
     850                      .dwmtype  $C$DW$T$44
     851              $C$DW$T$44      .dwtag  DW_TAG_typedef
     852                      .dwattr $C$DW$T$44, DW_AT_name("uint16_t")
     853                      .dwattr $C$DW$T$44, DW_AT_type(*$C$DW$T$43)
     854                      .dwattr $C$DW$T$44, DW_AT_decl_file("/home/jose/ti/ccs2051/ccs/tools/compiler/ti-cgt-c2000_25.11.0.LT
     855                      .dwattr $C$DW$T$44, DW_AT_decl_line(0x41)
     856                      .dwattr $C$DW$T$44, DW_AT_decl_column(0x15)
     857              
     858                      .dwendtag $C$DW$TU$44
     859              
     860              
     861              $C$DW$TU$50     .dwtag  DW_TAG_type_unit
     862                      .dwmtype  $C$DW$T$50
     863              $C$DW$37        .dwtag  DW_TAG_TI_far_type
     864                      .dwattr $C$DW$37, DW_AT_type(*$C$DW$T$44)
     865              
     866              $C$DW$T$50      .dwtag  DW_TAG_volatile_type
     867                      .dwattr $C$DW$T$50, DW_AT_type(*$C$DW$37)
     868              
     869                      .dwendtag $C$DW$TU$50
     870              
     871              
     872              $C$DW$TU$10     .dwtag  DW_TAG_type_unit
     873                      .dwmtype  $C$DW$T$10
     874              $C$DW$T$10      .dwtag  DW_TAG_base_type
     875                      .dwattr $C$DW$T$10, DW_AT_encoding(DW_ATE_signed)
     876                      .dwattr $C$DW$T$10, DW_AT_name("int")
     877                      .dwattr $C$DW$T$10, DW_AT_byte_size(0x01)
     878              
     879                      .dwendtag $C$DW$TU$10
     880              
     881              
     882              $C$DW$TU$11     .dwtag  DW_TAG_type_unit
     883                      .dwmtype  $C$DW$T$11
     884              $C$DW$T$11      .dwtag  DW_TAG_base_type
     885                      .dwattr $C$DW$T$11, DW_AT_encoding(DW_ATE_unsigned)
     886                      .dwattr $C$DW$T$11, DW_AT_name("unsigned int")
     887                      .dwattr $C$DW$T$11, DW_AT_byte_size(0x01)
     888              
     889                      .dwendtag $C$DW$TU$11
     890              
     891              
     892              $C$DW$TU$12     .dwtag  DW_TAG_type_unit
     893                      .dwmtype  $C$DW$T$12
     894              $C$DW$T$12      .dwtag  DW_TAG_base_type
     895                      .dwattr $C$DW$T$12, DW_AT_encoding(DW_ATE_signed)
     896                      .dwattr $C$DW$T$12, DW_AT_name("long")
TMS320C2000 Assembler Unix v25.11.0 Sat May 30 20:22:51 2026

Copyright (c) 1996-2018 Texas Instruments Incorporated
debug_hooks.asm                                                      PAGE   18

     897                      .dwattr $C$DW$T$12, DW_AT_byte_size(0x02)
     898              
     899                      .dwendtag $C$DW$TU$12
     900              
     901              
     902              $C$DW$TU$55     .dwtag  DW_TAG_type_unit
     903                      .dwmtype  $C$DW$T$55
     904              $C$DW$T$55      .dwtag  DW_TAG_typedef
     905                      .dwattr $C$DW$T$55, DW_AT_name("__int32_t")
     906                      .dwattr $C$DW$T$55, DW_AT_type(*$C$DW$T$12)
     907                      .dwattr $C$DW$T$55, DW_AT_decl_file("/home/jose/ti/ccs2051/ccs/tools/compiler/ti-cgt-c2000_25.11.0.LT
     908                      .dwattr $C$DW$T$55, DW_AT_decl_line(0x42)
     909                      .dwattr $C$DW$T$55, DW_AT_decl_column(0x1d)
     910              
     911                      .dwendtag $C$DW$TU$55
     912              
     913              
     914              $C$DW$TU$56     .dwtag  DW_TAG_type_unit
     915                      .dwmtype  $C$DW$T$56
     916              $C$DW$T$56      .dwtag  DW_TAG_typedef
     917                      .dwattr $C$DW$T$56, DW_AT_name("int32_t")
     918                      .dwattr $C$DW$T$56, DW_AT_type(*$C$DW$T$55)
     919                      .dwattr $C$DW$T$56, DW_AT_decl_file("/home/jose/ti/ccs2051/ccs/tools/compiler/ti-cgt-c2000_25.11.0.LT
     920                      .dwattr $C$DW$T$56, DW_AT_decl_line(0x30)
     921                      .dwattr $C$DW$T$56, DW_AT_decl_column(0x14)
     922              
     923                      .dwendtag $C$DW$TU$56
     924              
     925              
     926              $C$DW$TU$13     .dwtag  DW_TAG_type_unit
     927                      .dwmtype  $C$DW$T$13
     928              $C$DW$T$13      .dwtag  DW_TAG_base_type
     929                      .dwattr $C$DW$T$13, DW_AT_encoding(DW_ATE_unsigned)
     930                      .dwattr $C$DW$T$13, DW_AT_name("unsigned long")
     931                      .dwattr $C$DW$T$13, DW_AT_byte_size(0x02)
     932              
     933                      .dwendtag $C$DW$TU$13
     934              
     935              
     936              $C$DW$TU$41     .dwtag  DW_TAG_type_unit
     937                      .dwmtype  $C$DW$T$41
     938              $C$DW$T$41      .dwtag  DW_TAG_typedef
     939                      .dwattr $C$DW$T$41, DW_AT_name("__uint32_t")
     940                      .dwattr $C$DW$T$41, DW_AT_type(*$C$DW$T$13)
     941                      .dwattr $C$DW$T$41, DW_AT_decl_file("/home/jose/ti/ccs2051/ccs/tools/compiler/ti-cgt-c2000_25.11.0.LT
     942                      .dwattr $C$DW$T$41, DW_AT_decl_line(0x43)
     943                      .dwattr $C$DW$T$41, DW_AT_decl_column(0x1c)
     944              
     945                      .dwendtag $C$DW$TU$41
     946              
     947              
     948              $C$DW$TU$42     .dwtag  DW_TAG_type_unit
     949                      .dwmtype  $C$DW$T$42
     950              $C$DW$T$42      .dwtag  DW_TAG_typedef
     951                      .dwattr $C$DW$T$42, DW_AT_name("uint32_t")
TMS320C2000 Assembler Unix v25.11.0 Sat May 30 20:22:51 2026

Copyright (c) 1996-2018 Texas Instruments Incorporated
debug_hooks.asm                                                      PAGE   19

     952                      .dwattr $C$DW$T$42, DW_AT_type(*$C$DW$T$41)
     953                      .dwattr $C$DW$T$42, DW_AT_decl_file("/home/jose/ti/ccs2051/ccs/tools/compiler/ti-cgt-c2000_25.11.0.LT
     954                      .dwattr $C$DW$T$42, DW_AT_decl_line(0x46)
     955                      .dwattr $C$DW$T$42, DW_AT_decl_column(0x15)
     956              
     957                      .dwendtag $C$DW$TU$42
     958              
     959              
     960              $C$DW$TU$14     .dwtag  DW_TAG_type_unit
     961                      .dwmtype  $C$DW$T$14
     962              $C$DW$T$14      .dwtag  DW_TAG_base_type
     963                      .dwattr $C$DW$T$14, DW_AT_encoding(DW_ATE_signed)
     964                      .dwattr $C$DW$T$14, DW_AT_name("long long")
     965                      .dwattr $C$DW$T$14, DW_AT_byte_size(0x04)
     966              
     967                      .dwendtag $C$DW$TU$14
     968              
     969              
     970              $C$DW$TU$15     .dwtag  DW_TAG_type_unit
     971                      .dwmtype  $C$DW$T$15
     972              $C$DW$T$15      .dwtag  DW_TAG_base_type
     973                      .dwattr $C$DW$T$15, DW_AT_encoding(DW_ATE_unsigned)
     974                      .dwattr $C$DW$T$15, DW_AT_name("unsigned long long")
     975                      .dwattr $C$DW$T$15, DW_AT_byte_size(0x04)
     976              
     977                      .dwendtag $C$DW$TU$15
     978              
     979              
     980              $C$DW$TU$16     .dwtag  DW_TAG_type_unit
     981                      .dwmtype  $C$DW$T$16
     982              $C$DW$T$16      .dwtag  DW_TAG_base_type
     983                      .dwattr $C$DW$T$16, DW_AT_encoding(DW_ATE_float)
     984                      .dwattr $C$DW$T$16, DW_AT_name("float")
     985                      .dwattr $C$DW$T$16, DW_AT_byte_size(0x02)
     986              
     987                      .dwendtag $C$DW$TU$16
     988              
     989              
     990              $C$DW$TU$60     .dwtag  DW_TAG_type_unit
     991                      .dwmtype  $C$DW$T$60
     992              $C$DW$38        .dwtag  DW_TAG_TI_far_type
     993                      .dwattr $C$DW$38, DW_AT_type(*$C$DW$T$16)
     994              
     995              $C$DW$T$60      .dwtag  DW_TAG_volatile_type
     996                      .dwattr $C$DW$T$60, DW_AT_type(*$C$DW$38)
     997              
     998                      .dwendtag $C$DW$TU$60
     999              
    1000              
    1001              $C$DW$TU$61     .dwtag  DW_TAG_type_unit
    1002                      .dwmtype  $C$DW$T$61
    1003              
    1004              $C$DW$T$61      .dwtag  DW_TAG_array_type
    1005                      .dwattr $C$DW$T$61, DW_AT_type(*$C$DW$T$60)
    1006                      .dwattr $C$DW$T$61, DW_AT_byte_size(0x0e)
TMS320C2000 Assembler Unix v25.11.0 Sat May 30 20:22:51 2026

Copyright (c) 1996-2018 Texas Instruments Incorporated
debug_hooks.asm                                                      PAGE   20

    1007              $C$DW$39        .dwtag  DW_TAG_subrange_type
    1008                      .dwattr $C$DW$39, DW_AT_upper_bound(0x06)
    1009              
    1010                      .dwendtag $C$DW$T$61
    1011              
    1012                      .dwendtag $C$DW$TU$61
    1013              
    1014              
    1015              $C$DW$TU$62     .dwtag  DW_TAG_type_unit
    1016                      .dwmtype  $C$DW$T$62
    1017              
    1018              $C$DW$T$62      .dwtag  DW_TAG_array_type
    1019                      .dwattr $C$DW$T$62, DW_AT_type(*$C$DW$T$60)
    1020                      .dwattr $C$DW$T$62, DW_AT_byte_size(0xe00)
    1021              $C$DW$40        .dwtag  DW_TAG_subrange_type
    1022                      .dwattr $C$DW$40, DW_AT_upper_bound(0xff)
    1023              
    1024              $C$DW$41        .dwtag  DW_TAG_subrange_type
    1025                      .dwattr $C$DW$41, DW_AT_upper_bound(0x06)
    1026              
    1027                      .dwendtag $C$DW$T$62
    1028              
    1029                      .dwendtag $C$DW$TU$62
    1030              
    1031              
    1032              $C$DW$TU$65     .dwtag  DW_TAG_type_unit
    1033                      .dwmtype  $C$DW$T$65
    1034              $C$DW$42        .dwtag  DW_TAG_TI_far_type
    1035                      .dwattr $C$DW$42, DW_AT_type(*$C$DW$T$16)
    1036              
    1037              $C$DW$T$65      .dwtag  DW_TAG_const_type
    1038                      .dwattr $C$DW$T$65, DW_AT_type(*$C$DW$42)
    1039              
    1040                      .dwendtag $C$DW$TU$65
    1041              
    1042              
    1043              $C$DW$TU$27     .dwtag  DW_TAG_type_unit
    1044                      .dwmtype  $C$DW$T$27
    1045              $C$DW$T$27      .dwtag  DW_TAG_typedef
    1046                      .dwattr $C$DW$T$27, DW_AT_name("float32_t")
    1047                      .dwattr $C$DW$T$27, DW_AT_type(*$C$DW$T$16)
    1048                      .dwattr $C$DW$T$27, DW_AT_decl_file("/home/jose/ti/c2000/C2000Ware_26_01_00_00/driverlib/f2837xd/driv
    1049                      .dwattr $C$DW$T$27, DW_AT_decl_line(0x66)
    1050                      .dwattr $C$DW$T$27, DW_AT_decl_column(0x17)
    1051              
    1052                      .dwendtag $C$DW$TU$27
    1053              
    1054              
    1055              $C$DW$TU$29     .dwtag  DW_TAG_type_unit
    1056                      .dwmtype  $C$DW$T$29
    1057              
    1058              $C$DW$T$29      .dwtag  DW_TAG_array_type
    1059                      .dwattr $C$DW$T$29, DW_AT_type(*$C$DW$T$27)
    1060                      .dwattr $C$DW$T$29, DW_AT_byte_size(0x04)
    1061              $C$DW$43        .dwtag  DW_TAG_subrange_type
TMS320C2000 Assembler Unix v25.11.0 Sat May 30 20:22:51 2026

Copyright (c) 1996-2018 Texas Instruments Incorporated
debug_hooks.asm                                                      PAGE   21

    1062                      .dwattr $C$DW$43, DW_AT_upper_bound(0x01)
    1063              
    1064                      .dwendtag $C$DW$T$29
    1065              
    1066                      .dwendtag $C$DW$TU$29
    1067              
    1068              
    1069              $C$DW$TU$31     .dwtag  DW_TAG_type_unit
    1070                      .dwmtype  $C$DW$T$31
    1071              
    1072              $C$DW$T$31      .dwtag  DW_TAG_array_type
    1073                      .dwattr $C$DW$T$31, DW_AT_type(*$C$DW$T$27)
    1074                      .dwattr $C$DW$T$31, DW_AT_byte_size(0x06)
    1075              $C$DW$44        .dwtag  DW_TAG_subrange_type
    1076                      .dwattr $C$DW$44, DW_AT_upper_bound(0x02)
    1077              
    1078                      .dwendtag $C$DW$T$31
    1079              
    1080                      .dwendtag $C$DW$TU$31
    1081              
    1082              
    1083              $C$DW$TU$17     .dwtag  DW_TAG_type_unit
    1084                      .dwmtype  $C$DW$T$17
    1085              $C$DW$T$17      .dwtag  DW_TAG_base_type
    1086                      .dwattr $C$DW$T$17, DW_AT_encoding(DW_ATE_float)
    1087                      .dwattr $C$DW$T$17, DW_AT_name("double")
    1088                      .dwattr $C$DW$T$17, DW_AT_byte_size(0x04)
    1089              
    1090                      .dwendtag $C$DW$TU$17
    1091              
    1092              
    1093              $C$DW$TU$18     .dwtag  DW_TAG_type_unit
    1094                      .dwmtype  $C$DW$T$18
    1095              $C$DW$T$18      .dwtag  DW_TAG_base_type
    1096                      .dwattr $C$DW$T$18, DW_AT_encoding(DW_ATE_float)
    1097                      .dwattr $C$DW$T$18, DW_AT_name("long double")
    1098                      .dwattr $C$DW$T$18, DW_AT_byte_size(0x04)
    1099              
    1100                      .dwendtag $C$DW$TU$18
    1101              

No Assembly Errors, No Assembly Warnings
