TMS320C2000 Assembler Unix v25.11.0 Sat May 30 15:57:51 2026

Copyright (c) 1996-2018 Texas Instruments Incorporated
isr.asm                                                              PAGE    1

       1              ;***************************************************************
       2              ;* TMS320C2000 G3 C/C++ Codegen                         Unix v25.11.0.LTS *
       3              ;* Date/Time created: Sat May 30 15:57:51 2026                 *
       4              ;***************************************************************
       5                      .compiler_opts --abi=eabi --cla_support=cla1 --diag_wrap=off --float_support=fpu32 --hll_source=on --
       6                      .asg    XAR2, FP
       7              
       8              $C$DW$CU        .dwtag  DW_TAG_compile_unit
       9                      .dwattr $C$DW$CU, DW_AT_name("/home/jose/Documents/source/foc-f28379d-fsae/src/isr.c")
      10                      .dwattr $C$DW$CU, DW_AT_producer("TI TMS320C2000 G3 C/C++ Codegen Unix v25.11.0.LTS Copyright (c) 199
      11                      .dwattr $C$DW$CU, DW_AT_TI_version(0x01)
      12                      .dwattr $C$DW$CU, DW_AT_comp_dir("/home/jose/workspace_ccstheia/foc_f28379d/Debug_BOOSTXL_Teknic_QEP"
      13              
      14              $C$DW$1 .dwtag  DW_TAG_subprogram
      15                      .dwattr $C$DW$1, DW_AT_name("foc_current_loop_isr")
      16                      .dwattr $C$DW$1, DW_AT_linkage_name("foc_current_loop_isr")
      17                      .dwattr $C$DW$1, DW_AT_declaration
      18                      .dwattr $C$DW$1, DW_AT_external
      19                      .dwattr $C$DW$1, DW_AT_decl_file("/home/jose/Documents/source/foc-f28379d-fsae/include/foc_pipeline.h
      20                      .dwattr $C$DW$1, DW_AT_decl_line(0x15)
      21                      .dwattr $C$DW$1, DW_AT_decl_column(0x0d)
      22                      .dwendtag $C$DW$1
      23              
      24                      .global ||g_isr_count||
      25 00000000               .data
      26                      .align  2
      27                      .elfsym ||g_isr_count||,SYM_SIZE(2),SYM_BLOCKED(1)
      28 00000000       ||g_isr_count||:
      29 00000000 0000          .bits           0,32
         00000001 0000 
      30                                      ; g_isr_count @ 0
      31              
      32              $C$DW$2 .dwtag  DW_TAG_variable
      33                      .dwattr $C$DW$2, DW_AT_name("g_isr_count")
      34                      .dwattr $C$DW$2, DW_AT_linkage_name("g_isr_count")
      35                      .dwattr $C$DW$2, DW_AT_location[DW_OP_addr ||g_isr_count||]
      36                      .dwattr $C$DW$2, DW_AT_type(*$C$DW$T$32)
      37                      .dwattr $C$DW$2, DW_AT_external
      38                      .dwattr $C$DW$2, DW_AT_decl_file("/home/jose/Documents/source/foc-f28379d-fsae/src/isr.c")
      39                      .dwattr $C$DW$2, DW_AT_decl_line(0x0e)
      40                      .dwattr $C$DW$2, DW_AT_decl_column(0x13)
      41              
      42                      .sblock ".data"
      43              ;       /home/jose/ti/ccs2051/ccs/tools/compiler/ti-cgt-c2000_25.11.0.LTS/bin/opt2000 /tmp/TI26gfsT9xu /tmp/T
      44              ;       /home/jose/ti/ccs2051/ccs/tools/compiler/ti-cgt-c2000_25.11.0.LTS/bin/acia2000 -@/tmp/TI26gpk2SSI 
      45 00000000               .sect   ".text:epwm_tz_isr"
      46                      .retain
      47                      .retainrefs
      48                      .global ||epwm_tz_isr||
      49              
      50              $C$DW$3 .dwtag  DW_TAG_subprogram
      51                      .dwattr $C$DW$3, DW_AT_name("epwm_tz_isr")
      52                      .dwattr $C$DW$3, DW_AT_low_pc(||epwm_tz_isr||)
      53                      .dwattr $C$DW$3, DW_AT_high_pc(0x00)
      54                      .dwattr $C$DW$3, DW_AT_linkage_name("epwm_tz_isr")
TMS320C2000 Assembler Unix v25.11.0 Sat May 30 15:57:51 2026

Copyright (c) 1996-2018 Texas Instruments Incorporated
isr.asm                                                              PAGE    2

      55                      .dwattr $C$DW$3, DW_AT_external
      56                      .dwattr $C$DW$3, DW_AT_decl_file("/home/jose/Documents/source/foc-f28379d-fsae/src/isr.c")
      57                      .dwattr $C$DW$3, DW_AT_decl_line(0x1f)
      58                      .dwattr $C$DW$3, DW_AT_decl_column(0x12)
      59                      .dwattr $C$DW$3, DW_AT_TI_interrupt
      60                      .dwattr $C$DW$3, DW_AT_TI_max_frame_size(-6)
      61                      .dwpsn  file "/home/jose/Documents/source/foc-f28379d-fsae/src/isr.c",line 32,column 1,is_stmt,addres
      62              
      63                      .dwfde $C$DW$CIE, ||epwm_tz_isr||
      64              
      65              ;***************************************************************
      66              ;* FNAME: epwm_tz_isr                   FR SIZE:   4           *
      67              ;*                                                             *
      68              ;* FUNCTION ENVIRONMENT                                        *
      69              ;*                                                             *
      70              ;* FUNCTION PROPERTIES                                         *
      71              ;*                            0 Parameter,  0 Auto,  4 SOE     *
      72              ;***************************************************************
      73              
      74 00000000       ||epwm_tz_isr||:
      75                      .dwcfi  cfa_offset, -2
      76                      .dwcfi  save_reg_to_mem, 26, 0
      77 00000000 761B          ASP       ; [CPU_ALU] 
      78 00000001 FFF0          PUSH      RB                    ; [CPU_FPU] 
      79                      .dwcfi  save_reg_to_mem, 74, 4
      80                      .dwcfi  cfa_offset, -4
      81 00000002 E200          MOV32     *SP++,STF             ; [CPU_FPU] 
         00000003 00BD 
      82                      .dwcfi  save_reg_to_mem, 40, 6
      83                      .dwcfi  cfa_offset, -6
      84 00000004 E630          SETFLG    RNDF32=1, RNDF64=1    ; [CPU_FPU] 
         00000005 0600 
      85 00000006 2942          CLRC      PAGE0,OVM             ; [CPU_ALU] 
      86 00000007 5616          CLRC      AMODE                 ; [CPU_ALU] 
      87                      .dwpsn  file "/home/jose/ti/c2000/C2000Ware_26_01_00_00/driverlib/f2837xd/driverlib/interrupt.h",line
      88 00000008 9A02          MOVB      AL,#2                 ; [CPU_ALU] |379| 
      89 00000009 F4A9          MOV       *(0:0x0ce1),AL        ; [CPU_ALU] |379| 
         0000000a 0CE1 
      90 0000000b E280          MOV32     STF,*--SP             ; [CPU_FPU] 
         0000000c 00BE 
      91                      .dwcfi  cfa_offset, -4
      92                      .dwcfi  restore_reg, 40
      93 0000000d FFF1          POP       RB                    ; [CPU_FPU] 
      94                      .dwcfi  cfa_offset, -2
      95                      .dwcfi  restore_reg, 74
      96 0000000e 7617          NASP      ; [CPU_ALU] 
      97              $C$DW$4 .dwtag  DW_TAG_TI_branch
      98                      .dwattr $C$DW$4, DW_AT_low_pc(0x00)
      99                      .dwattr $C$DW$4, DW_AT_TI_return
     100              
     101 0000000f 7602          IRET      ; [CPU_ALU] 
     102                      ; return occurs ; [] 
     103                      .dwattr $C$DW$3, DW_AT_TI_end_file("/home/jose/Documents/source/foc-f28379d-fsae/src/isr.c")
     104                      .dwattr $C$DW$3, DW_AT_TI_end_line(0x22)
     105                      .dwattr $C$DW$3, DW_AT_TI_end_column(0x01)
TMS320C2000 Assembler Unix v25.11.0 Sat May 30 15:57:51 2026

Copyright (c) 1996-2018 Texas Instruments Incorporated
isr.asm                                                              PAGE    3

     106                      .dwendentry
     107                      .dwendtag $C$DW$3
     108              
     109 00000000               .sect   ".TI.ramfunc:adcA1_isr"
     110                      .retain
     111                      .retainrefs
     112                      .global ||adcA1_isr||
     113              
     114              $C$DW$5 .dwtag  DW_TAG_subprogram
     115                      .dwattr $C$DW$5, DW_AT_name("adcA1_isr")
     116                      .dwattr $C$DW$5, DW_AT_low_pc(||adcA1_isr||)
     117                      .dwattr $C$DW$5, DW_AT_high_pc(0x00)
     118                      .dwattr $C$DW$5, DW_AT_linkage_name("adcA1_isr")
     119                      .dwattr $C$DW$5, DW_AT_external
     120                      .dwattr $C$DW$5, DW_AT_decl_file("/home/jose/Documents/source/foc-f28379d-fsae/src/isr.c")
     121                      .dwattr $C$DW$5, DW_AT_decl_line(0x12)
     122                      .dwattr $C$DW$5, DW_AT_decl_column(0x12)
     123                      .dwattr $C$DW$5, DW_AT_TI_interrupt
     124                      .dwattr $C$DW$5, DW_AT_TI_max_frame_size(-26)
     125                      .dwpsn  file "/home/jose/Documents/source/foc-f28379d-fsae/src/isr.c",line 19,column 1,is_stmt,addres
     126              
     127                      .dwfde $C$DW$CIE, ||adcA1_isr||
     128              
     129              ;***************************************************************
     130              ;* FNAME: adcA1_isr                     FR SIZE:  24           *
     131              ;*                                                             *
     132              ;* FUNCTION ENVIRONMENT                                        *
     133              ;*                                                             *
     134              ;* FUNCTION PROPERTIES                                         *
     135              ;*                            0 Parameter,  0 Auto, 24 SOE     *
     136              ;***************************************************************
     137              
     138 00000000       ||adcA1_isr||:
     139                      .dwcfi  cfa_offset, -2
     140                      .dwcfi  save_reg_to_mem, 26, 0
     141 00000000 761B          ASP       ; [CPU_ALU] 
     142 00000001 FFF0          PUSH      RB                    ; [CPU_FPU] 
     143                      .dwcfi  save_reg_to_mem, 74, 4
     144                      .dwcfi  cfa_offset, -4
     145 00000002 0005          PUSH      AR1H:AR0H             ; [CPU_ALU] 
     146                      .dwcfi  save_reg_to_mem, 5, 4
     147                      .dwcfi  save_reg_to_mem, 7, 5
     148                      .dwcfi  cfa_offset, -6
     149 00000003 ABBD          MOVL      *SP++,XT              ; [CPU_ALU] 
     150                      .dwcfi  save_reg_to_mem, 21, 6
     151                      .dwcfi  save_reg_to_mem, 22, 7
     152                      .dwcfi  cfa_offset, -8
     153 00000004 A8BD          MOVL      *SP++,XAR4            ; [CPU_ALU] 
     154                      .dwcfi  save_reg_to_mem, 12, 8
     155                      .dwcfi  save_reg_to_mem, 13, 9
     156                      .dwcfi  cfa_offset, -10
     157 00000005 A0BD          MOVL      *SP++,XAR5            ; [CPU_ALU] 
     158                      .dwcfi  save_reg_to_mem, 14, 10
     159                      .dwcfi  save_reg_to_mem, 15, 11
     160                      .dwcfi  cfa_offset, -12
TMS320C2000 Assembler Unix v25.11.0 Sat May 30 15:57:51 2026

Copyright (c) 1996-2018 Texas Instruments Incorporated
isr.asm                                                              PAGE    4

     161 00000006 C2BD          MOVL      *SP++,XAR6            ; [CPU_ALU] 
     162                      .dwcfi  save_reg_to_mem, 16, 12
     163                      .dwcfi  save_reg_to_mem, 17, 13
     164                      .dwcfi  cfa_offset, -14
     165 00000007 C3BD          MOVL      *SP++,XAR7            ; [CPU_ALU] 
     166                      .dwcfi  save_reg_to_mem, 18, 14
     167                      .dwcfi  save_reg_to_mem, 19, 15
     168                      .dwcfi  cfa_offset, -16
     169 00000008 E200          MOV32     *SP++,STF             ; [CPU_FPU] 
         00000009 00BD 
     170                      .dwcfi  save_reg_to_mem, 40, 18
     171                      .dwcfi  cfa_offset, -18
     172 0000000a E203          MOV32     *SP++,R0H             ; [CPU_FPU] 
         0000000b 00BD 
     173                      .dwcfi  save_reg_to_mem, 43, 20
     174                      .dwcfi  cfa_offset, -20
     175 0000000c E203          MOV32     *SP++,R1H             ; [CPU_FPU] 
         0000000d 01BD 
     176                      .dwcfi  save_reg_to_mem, 47, 22
     177                      .dwcfi  cfa_offset, -22
     178 0000000e E203          MOV32     *SP++,R2H             ; [CPU_FPU] 
         0000000f 02BD 
     179                      .dwcfi  save_reg_to_mem, 51, 24
     180                      .dwcfi  cfa_offset, -24
     181 00000010 E203          MOV32     *SP++,R3H             ; [CPU_FPU] 
         00000011 03BD 
     182                      .dwcfi  save_reg_to_mem, 55, 26
     183                      .dwcfi  cfa_offset, -26
     184 00000012 E630          SETFLG    RNDF32=1, RNDF64=1    ; [CPU_FPU] 
         00000013 0600 
     185 00000014 FF69          SPM       0                     ; [CPU_ALU] 
     186 00000015 2942          CLRC      PAGE0,OVM             ; [CPU_ALU] 
     187 00000016 5616          CLRC      AMODE                 ; [CPU_ALU] 
     188                      .dwpsn  file "/home/jose/Documents/source/foc-f28379d-fsae/src/isr.c",line 20,column 5,is_stmt,isa 0
     189 00000017 0201          MOVB      ACC,#1                ; [CPU_ALU] |20| 
     190 00000018 761F!         MOVW      DP,#||g_isr_count||   ; [CPU_ARAU] 
         00000019 0000 
     191 0000001a 5601!         ADDL      @||g_isr_count||,ACC  ; [CPU_ALU] |20| 
         0000001b 0000 
     192                      .dwpsn  file "/home/jose/Documents/source/foc-f28379d-fsae/src/isr.c",line 21,column 5,is_stmt,isa 0
     193              $C$DW$6 .dwtag  DW_TAG_TI_branch
     194                      .dwattr $C$DW$6, DW_AT_low_pc(0x00)
     195                      .dwattr $C$DW$6, DW_AT_name("foc_current_loop_isr")
     196                      .dwattr $C$DW$6, DW_AT_TI_call
     197              
     198 0000001c 7640!         LCR       #||foc_current_loop_isr|| ; [CPU_ALU] |21| 
         0000001d 0000 
     199                      ; call occurs [#||foc_current_loop_isr||] ; [] |21| 
     200                      .dwpsn  file "/home/jose/ti/c2000/C2000Ware_26_01_00_00/driverlib/f2837xd/driverlib/adc.h",line 819,c
     201 0000001e 9B01          MOVB      AH,#1                 ; [CPU_ALU] |819| 
     202                      .dwpsn  file "/home/jose/ti/c2000/C2000Ware_26_01_00_00/driverlib/f2837xd/driverlib/interrupt.h",line
     203 0000001f 9A01          MOVB      AL,#1                 ; [CPU_ALU] |379| 
     204                      .dwpsn  file "/home/jose/ti/c2000/C2000Ware_26_01_00_00/driverlib/f2837xd/driverlib/adc.h",line 819,c
     205 00000020 F4A8          MOV       *(0:0x7404),AH        ; [CPU_ALU] |819| 
         00000021 7404 
TMS320C2000 Assembler Unix v25.11.0 Sat May 30 15:57:51 2026

Copyright (c) 1996-2018 Texas Instruments Incorporated
isr.asm                                                              PAGE    5

     206                      .dwpsn  file "/home/jose/ti/c2000/C2000Ware_26_01_00_00/driverlib/f2837xd/driverlib/interrupt.h",line
     207 00000022 F4A9          MOV       *(0:0x0ce1),AL        ; [CPU_ALU] |379| 
         00000023 0CE1 
     208 00000024 E2AF          MOV32     R3H,*--SP             ; [CPU_FPU] 
         00000025 03BE 
     209                      .dwcfi  cfa_offset, -24
     210                      .dwcfi  restore_reg, 55
     211 00000026 E2AF          MOV32     R2H,*--SP             ; [CPU_FPU] 
         00000027 02BE 
     212                      .dwcfi  cfa_offset, -22
     213                      .dwcfi  restore_reg, 51
     214 00000028 E2AF          MOV32     R1H,*--SP             ; [CPU_FPU] 
         00000029 01BE 
     215                      .dwcfi  cfa_offset, -20
     216                      .dwcfi  restore_reg, 47
     217 0000002a E2AF          MOV32     R0H,*--SP             ; [CPU_FPU] 
         0000002b 00BE 
     218                      .dwcfi  cfa_offset, -18
     219                      .dwcfi  restore_reg, 43
     220 0000002c E280          MOV32     STF,*--SP             ; [CPU_FPU] 
         0000002d 00BE 
     221                      .dwcfi  cfa_offset, -16
     222                      .dwcfi  restore_reg, 40
     223 0000002e C5BE          MOVL      XAR7,*--SP            ; [CPU_ALU] 
     224                      .dwcfi  cfa_offset, -14
     225                      .dwcfi  restore_reg, 18
     226 0000002f C4BE          MOVL      XAR6,*--SP            ; [CPU_ALU] 
     227                      .dwcfi  cfa_offset, -12
     228                      .dwcfi  restore_reg, 16
     229 00000030 83BE          MOVL      XAR5,*--SP            ; [CPU_ALU] 
     230                      .dwcfi  cfa_offset, -10
     231                      .dwcfi  restore_reg, 14
     232 00000031 8ABE          MOVL      XAR4,*--SP            ; [CPU_ALU] 
     233                      .dwcfi  cfa_offset, -8
     234                      .dwcfi  restore_reg, 12
     235 00000032 87BE          MOVL      XT,*--SP              ; [CPU_ALU] 
     236                      .dwcfi  cfa_offset, -6
     237                      .dwcfi  restore_reg, 22
     238                      .dwcfi  restore_reg, 21
     239 00000033 0003          POP       AR1H:AR0H             ; [CPU_ALU] 
     240                      .dwcfi  cfa_offset, -4
     241                      .dwcfi  restore_reg, 5
     242                      .dwcfi  restore_reg, 7
     243 00000034 3B30          SETC      INTM, DBGM            ; [CPU_ALU] 
     244 00000035 FFF1          POP       RB                    ; [CPU_FPU] 
     245                      .dwcfi  cfa_offset, -2
     246                      .dwcfi  restore_reg, 74
     247 00000036 7617          NASP      ; [CPU_ALU] 
     248              $C$DW$7 .dwtag  DW_TAG_TI_branch
     249                      .dwattr $C$DW$7, DW_AT_low_pc(0x00)
     250                      .dwattr $C$DW$7, DW_AT_TI_return
     251              
     252 00000037 7602          IRET      ; [CPU_ALU] 
     253                      ; return occurs ; [] 
     254                      .dwattr $C$DW$5, DW_AT_TI_end_file("/home/jose/Documents/source/foc-f28379d-fsae/src/isr.c")
TMS320C2000 Assembler Unix v25.11.0 Sat May 30 15:57:51 2026

Copyright (c) 1996-2018 Texas Instruments Incorporated
isr.asm                                                              PAGE    6

     255                      .dwattr $C$DW$5, DW_AT_TI_end_line(0x1a)
     256                      .dwattr $C$DW$5, DW_AT_TI_end_column(0x01)
     257                      .dwendentry
     258                      .dwendtag $C$DW$5
     259              
     260              ;**************************************************************
     261              ;* UNDEFINED EXTERNAL REFERENCES                              *
     262              ;**************************************************************
     263                      .global ||foc_current_loop_isr||
     264              
     265              ;***************************************************************
     266              ;* BUILD ATTRIBUTES                                            *
     267              ;***************************************************************
     268                      .battr "c28xabi", Tag_File, 1, Tag_float_args(0)
     269                      .battr "c28xabi", Tag_File, 1, Tag_double_args(0)
     270                      .dwattr $C$DW$CU, DW_AT_language(DW_LANG_C)
     271              
     272              ;***************************************************************
     273              ;* DWARF CIE ENTRIES                                           *
     274              ;***************************************************************
     275              
     276              $C$DW$CIE       .dwcie 26
     277                      .dwcfi  cfa_register, 20
     278                      .dwcfi  cfa_offset, 0
     279                      .dwcfi  same_value, 28
     280                      .dwcfi  same_value, 6
     281                      .dwcfi  same_value, 7
     282                      .dwcfi  same_value, 8
     283                      .dwcfi  same_value, 9
     284                      .dwcfi  same_value, 10
     285                      .dwcfi  same_value, 11
     286                      .dwcfi  same_value, 59
     287                      .dwcfi  same_value, 63
     288                      .dwcfi  same_value, 67
     289                      .dwcfi  same_value, 71
     290                      .dwendentry
     291                      .dwendtag $C$DW$CU
     292              
     293              
     294              ;***************************************************************
     295              ;* TYPE INFORMATION                                            *
     296              ;***************************************************************
     297              
     298              $C$DW$TU$19     .dwtag  DW_TAG_type_unit
     299                      .dwmtype  $C$DW$T$19
     300              
     301              $C$DW$T$19      .dwtag  DW_TAG_enumeration_type
     302                      .dwattr $C$DW$T$19, DW_AT_byte_size(0x01)
     303              $C$DW$8 .dwtag  DW_TAG_enumerator
     304                      .dwattr $C$DW$8, DW_AT_name("ADC_INT_NUMBER1")
     305                      .dwattr $C$DW$8, DW_AT_const_value(0x00)
     306                      .dwattr $C$DW$8, DW_AT_decl_file("/home/jose/ti/c2000/C2000Ware_26_01_00_00/driverlib/f2837xd/driverl
     307                      .dwattr $C$DW$8, DW_AT_decl_line(0x126)
     308                      .dwattr $C$DW$8, DW_AT_decl_column(0x05)
     309              
TMS320C2000 Assembler Unix v25.11.0 Sat May 30 15:57:51 2026

Copyright (c) 1996-2018 Texas Instruments Incorporated
isr.asm                                                              PAGE    7

     310              $C$DW$9 .dwtag  DW_TAG_enumerator
     311                      .dwattr $C$DW$9, DW_AT_name("ADC_INT_NUMBER2")
     312                      .dwattr $C$DW$9, DW_AT_const_value(0x01)
     313                      .dwattr $C$DW$9, DW_AT_decl_file("/home/jose/ti/c2000/C2000Ware_26_01_00_00/driverlib/f2837xd/driverl
     314                      .dwattr $C$DW$9, DW_AT_decl_line(0x127)
     315                      .dwattr $C$DW$9, DW_AT_decl_column(0x05)
     316              
     317              $C$DW$10        .dwtag  DW_TAG_enumerator
     318                      .dwattr $C$DW$10, DW_AT_name("ADC_INT_NUMBER3")
     319                      .dwattr $C$DW$10, DW_AT_const_value(0x02)
     320                      .dwattr $C$DW$10, DW_AT_decl_file("/home/jose/ti/c2000/C2000Ware_26_01_00_00/driverlib/f2837xd/driver
     321                      .dwattr $C$DW$10, DW_AT_decl_line(0x128)
     322                      .dwattr $C$DW$10, DW_AT_decl_column(0x05)
     323              
     324              $C$DW$11        .dwtag  DW_TAG_enumerator
     325                      .dwattr $C$DW$11, DW_AT_name("ADC_INT_NUMBER4")
     326                      .dwattr $C$DW$11, DW_AT_const_value(0x03)
     327                      .dwattr $C$DW$11, DW_AT_decl_file("/home/jose/ti/c2000/C2000Ware_26_01_00_00/driverlib/f2837xd/driver
     328                      .dwattr $C$DW$11, DW_AT_decl_line(0x129)
     329                      .dwattr $C$DW$11, DW_AT_decl_column(0x05)
     330              
     331                      .dwattr $C$DW$T$19, DW_AT_decl_file("/home/jose/ti/c2000/C2000Ware_26_01_00_00/driverlib/f2837xd/driv
     332                      .dwattr $C$DW$T$19, DW_AT_decl_line(0x125)
     333                      .dwattr $C$DW$T$19, DW_AT_decl_column(0x01)
     334                      .dwendtag $C$DW$T$19
     335              
     336                      .dwendtag $C$DW$TU$19
     337              
     338              
     339              $C$DW$TU$20     .dwtag  DW_TAG_type_unit
     340                      .dwmtype  $C$DW$T$20
     341              $C$DW$T$20      .dwtag  DW_TAG_typedef
     342                      .dwattr $C$DW$T$20, DW_AT_name("ADC_IntNumber")
     343                      .dwattr $C$DW$T$20, DW_AT_type(*$C$DW$T$19)
     344                      .dwattr $C$DW$T$20, DW_AT_decl_file("/home/jose/ti/c2000/C2000Ware_26_01_00_00/driverlib/f2837xd/driv
     345                      .dwattr $C$DW$T$20, DW_AT_decl_line(0x12a)
     346                      .dwattr $C$DW$T$20, DW_AT_decl_column(0x03)
     347              
     348                      .dwendtag $C$DW$TU$20
     349              
     350              
     351              $C$DW$TU$2      .dwtag  DW_TAG_type_unit
     352                      .dwmtype  $C$DW$T$2
     353              $C$DW$T$2       .dwtag  DW_TAG_unspecified_type
     354                      .dwattr $C$DW$T$2, DW_AT_name("void")
     355              
     356                      .dwendtag $C$DW$TU$2
     357              
     358              
     359              $C$DW$TU$4      .dwtag  DW_TAG_type_unit
     360                      .dwmtype  $C$DW$T$4
     361              $C$DW$T$4       .dwtag  DW_TAG_base_type
     362                      .dwattr $C$DW$T$4, DW_AT_encoding(DW_ATE_boolean)
     363                      .dwattr $C$DW$T$4, DW_AT_name("bool")
     364                      .dwattr $C$DW$T$4, DW_AT_byte_size(0x01)
TMS320C2000 Assembler Unix v25.11.0 Sat May 30 15:57:51 2026

Copyright (c) 1996-2018 Texas Instruments Incorporated
isr.asm                                                              PAGE    8

     365              
     366                      .dwendtag $C$DW$TU$4
     367              
     368              
     369              $C$DW$TU$5      .dwtag  DW_TAG_type_unit
     370                      .dwmtype  $C$DW$T$5
     371              $C$DW$T$5       .dwtag  DW_TAG_base_type
     372                      .dwattr $C$DW$T$5, DW_AT_encoding(DW_ATE_signed_char)
     373                      .dwattr $C$DW$T$5, DW_AT_name("signed char")
     374                      .dwattr $C$DW$T$5, DW_AT_byte_size(0x01)
     375              
     376                      .dwendtag $C$DW$TU$5
     377              
     378              
     379              $C$DW$TU$6      .dwtag  DW_TAG_type_unit
     380                      .dwmtype  $C$DW$T$6
     381              $C$DW$T$6       .dwtag  DW_TAG_base_type
     382                      .dwattr $C$DW$T$6, DW_AT_encoding(DW_ATE_unsigned_char)
     383                      .dwattr $C$DW$T$6, DW_AT_name("unsigned char")
     384                      .dwattr $C$DW$T$6, DW_AT_byte_size(0x01)
     385              
     386                      .dwendtag $C$DW$TU$6
     387              
     388              
     389              $C$DW$TU$7      .dwtag  DW_TAG_type_unit
     390                      .dwmtype  $C$DW$T$7
     391              $C$DW$T$7       .dwtag  DW_TAG_base_type
     392                      .dwattr $C$DW$T$7, DW_AT_encoding(DW_ATE_signed_char)
     393                      .dwattr $C$DW$T$7, DW_AT_name("wchar_t")
     394                      .dwattr $C$DW$T$7, DW_AT_byte_size(0x02)
     395              
     396                      .dwendtag $C$DW$TU$7
     397              
     398              
     399              $C$DW$TU$8      .dwtag  DW_TAG_type_unit
     400                      .dwmtype  $C$DW$T$8
     401              $C$DW$T$8       .dwtag  DW_TAG_base_type
     402                      .dwattr $C$DW$T$8, DW_AT_encoding(DW_ATE_signed)
     403                      .dwattr $C$DW$T$8, DW_AT_name("short")
     404                      .dwattr $C$DW$T$8, DW_AT_byte_size(0x01)
     405              
     406                      .dwendtag $C$DW$TU$8
     407              
     408              
     409              $C$DW$TU$9      .dwtag  DW_TAG_type_unit
     410                      .dwmtype  $C$DW$T$9
     411              $C$DW$T$9       .dwtag  DW_TAG_base_type
     412                      .dwattr $C$DW$T$9, DW_AT_encoding(DW_ATE_unsigned)
     413                      .dwattr $C$DW$T$9, DW_AT_name("unsigned short")
     414                      .dwattr $C$DW$T$9, DW_AT_byte_size(0x01)
     415              
     416                      .dwendtag $C$DW$TU$9
     417              
     418              
     419              $C$DW$TU$24     .dwtag  DW_TAG_type_unit
TMS320C2000 Assembler Unix v25.11.0 Sat May 30 15:57:51 2026

Copyright (c) 1996-2018 Texas Instruments Incorporated
isr.asm                                                              PAGE    9

     420                      .dwmtype  $C$DW$T$24
     421              $C$DW$T$24      .dwtag  DW_TAG_typedef
     422                      .dwattr $C$DW$T$24, DW_AT_name("__uint16_t")
     423                      .dwattr $C$DW$T$24, DW_AT_type(*$C$DW$T$9)
     424                      .dwattr $C$DW$T$24, DW_AT_decl_file("/home/jose/ti/ccs2051/ccs/tools/compiler/ti-cgt-c2000_25.11.0.LT
     425                      .dwattr $C$DW$T$24, DW_AT_decl_line(0x41)
     426                      .dwattr $C$DW$T$24, DW_AT_decl_column(0x1c)
     427              
     428                      .dwendtag $C$DW$TU$24
     429              
     430              
     431              $C$DW$TU$25     .dwtag  DW_TAG_type_unit
     432                      .dwmtype  $C$DW$T$25
     433              $C$DW$T$25      .dwtag  DW_TAG_typedef
     434                      .dwattr $C$DW$T$25, DW_AT_name("uint16_t")
     435                      .dwattr $C$DW$T$25, DW_AT_type(*$C$DW$T$24)
     436                      .dwattr $C$DW$T$25, DW_AT_decl_file("/home/jose/ti/ccs2051/ccs/tools/compiler/ti-cgt-c2000_25.11.0.LT
     437                      .dwattr $C$DW$T$25, DW_AT_decl_line(0x41)
     438                      .dwattr $C$DW$T$25, DW_AT_decl_column(0x15)
     439              
     440                      .dwendtag $C$DW$TU$25
     441              
     442              
     443              $C$DW$TU$10     .dwtag  DW_TAG_type_unit
     444                      .dwmtype  $C$DW$T$10
     445              $C$DW$T$10      .dwtag  DW_TAG_base_type
     446                      .dwattr $C$DW$T$10, DW_AT_encoding(DW_ATE_signed)
     447                      .dwattr $C$DW$T$10, DW_AT_name("int")
     448                      .dwattr $C$DW$T$10, DW_AT_byte_size(0x01)
     449              
     450                      .dwendtag $C$DW$TU$10
     451              
     452              
     453              $C$DW$TU$11     .dwtag  DW_TAG_type_unit
     454                      .dwmtype  $C$DW$T$11
     455              $C$DW$T$11      .dwtag  DW_TAG_base_type
     456                      .dwattr $C$DW$T$11, DW_AT_encoding(DW_ATE_unsigned)
     457                      .dwattr $C$DW$T$11, DW_AT_name("unsigned int")
     458                      .dwattr $C$DW$T$11, DW_AT_byte_size(0x01)
     459              
     460                      .dwendtag $C$DW$TU$11
     461              
     462              
     463              $C$DW$TU$12     .dwtag  DW_TAG_type_unit
     464                      .dwmtype  $C$DW$T$12
     465              $C$DW$T$12      .dwtag  DW_TAG_base_type
     466                      .dwattr $C$DW$T$12, DW_AT_encoding(DW_ATE_signed)
     467                      .dwattr $C$DW$T$12, DW_AT_name("long")
     468                      .dwattr $C$DW$T$12, DW_AT_byte_size(0x02)
     469              
     470                      .dwendtag $C$DW$TU$12
     471              
     472              
     473              $C$DW$TU$13     .dwtag  DW_TAG_type_unit
     474                      .dwmtype  $C$DW$T$13
TMS320C2000 Assembler Unix v25.11.0 Sat May 30 15:57:51 2026

Copyright (c) 1996-2018 Texas Instruments Incorporated
isr.asm                                                              PAGE   10

     475              $C$DW$T$13      .dwtag  DW_TAG_base_type
     476                      .dwattr $C$DW$T$13, DW_AT_encoding(DW_ATE_unsigned)
     477                      .dwattr $C$DW$T$13, DW_AT_name("unsigned long")
     478                      .dwattr $C$DW$T$13, DW_AT_byte_size(0x02)
     479              
     480                      .dwendtag $C$DW$TU$13
     481              
     482              
     483              $C$DW$TU$21     .dwtag  DW_TAG_type_unit
     484                      .dwmtype  $C$DW$T$21
     485              $C$DW$T$21      .dwtag  DW_TAG_typedef
     486                      .dwattr $C$DW$T$21, DW_AT_name("__uint32_t")
     487                      .dwattr $C$DW$T$21, DW_AT_type(*$C$DW$T$13)
     488                      .dwattr $C$DW$T$21, DW_AT_decl_file("/home/jose/ti/ccs2051/ccs/tools/compiler/ti-cgt-c2000_25.11.0.LT
     489                      .dwattr $C$DW$T$21, DW_AT_decl_line(0x43)
     490                      .dwattr $C$DW$T$21, DW_AT_decl_column(0x1c)
     491              
     492                      .dwendtag $C$DW$TU$21
     493              
     494              
     495              $C$DW$TU$22     .dwtag  DW_TAG_type_unit
     496                      .dwmtype  $C$DW$T$22
     497              $C$DW$T$22      .dwtag  DW_TAG_typedef
     498                      .dwattr $C$DW$T$22, DW_AT_name("uint32_t")
     499                      .dwattr $C$DW$T$22, DW_AT_type(*$C$DW$T$21)
     500                      .dwattr $C$DW$T$22, DW_AT_decl_file("/home/jose/ti/ccs2051/ccs/tools/compiler/ti-cgt-c2000_25.11.0.LT
     501                      .dwattr $C$DW$T$22, DW_AT_decl_line(0x46)
     502                      .dwattr $C$DW$T$22, DW_AT_decl_column(0x15)
     503              
     504                      .dwendtag $C$DW$TU$22
     505              
     506              
     507              $C$DW$TU$32     .dwtag  DW_TAG_type_unit
     508                      .dwmtype  $C$DW$T$32
     509              $C$DW$12        .dwtag  DW_TAG_TI_far_type
     510                      .dwattr $C$DW$12, DW_AT_type(*$C$DW$T$22)
     511              
     512              $C$DW$T$32      .dwtag  DW_TAG_volatile_type
     513                      .dwattr $C$DW$T$32, DW_AT_type(*$C$DW$12)
     514              
     515                      .dwendtag $C$DW$TU$32
     516              
     517              
     518              $C$DW$TU$14     .dwtag  DW_TAG_type_unit
     519                      .dwmtype  $C$DW$T$14
     520              $C$DW$T$14      .dwtag  DW_TAG_base_type
     521                      .dwattr $C$DW$T$14, DW_AT_encoding(DW_ATE_signed)
     522                      .dwattr $C$DW$T$14, DW_AT_name("long long")
     523                      .dwattr $C$DW$T$14, DW_AT_byte_size(0x04)
     524              
     525                      .dwendtag $C$DW$TU$14
     526              
     527              
     528              $C$DW$TU$15     .dwtag  DW_TAG_type_unit
     529                      .dwmtype  $C$DW$T$15
TMS320C2000 Assembler Unix v25.11.0 Sat May 30 15:57:51 2026

Copyright (c) 1996-2018 Texas Instruments Incorporated
isr.asm                                                              PAGE   11

     530              $C$DW$T$15      .dwtag  DW_TAG_base_type
     531                      .dwattr $C$DW$T$15, DW_AT_encoding(DW_ATE_unsigned)
     532                      .dwattr $C$DW$T$15, DW_AT_name("unsigned long long")
     533                      .dwattr $C$DW$T$15, DW_AT_byte_size(0x04)
     534              
     535                      .dwendtag $C$DW$TU$15
     536              
     537              
     538              $C$DW$TU$16     .dwtag  DW_TAG_type_unit
     539                      .dwmtype  $C$DW$T$16
     540              $C$DW$T$16      .dwtag  DW_TAG_base_type
     541                      .dwattr $C$DW$T$16, DW_AT_encoding(DW_ATE_float)
     542                      .dwattr $C$DW$T$16, DW_AT_name("float")
     543                      .dwattr $C$DW$T$16, DW_AT_byte_size(0x02)
     544              
     545                      .dwendtag $C$DW$TU$16
     546              
     547              
     548              $C$DW$TU$17     .dwtag  DW_TAG_type_unit
     549                      .dwmtype  $C$DW$T$17
     550              $C$DW$T$17      .dwtag  DW_TAG_base_type
     551                      .dwattr $C$DW$T$17, DW_AT_encoding(DW_ATE_float)
     552                      .dwattr $C$DW$T$17, DW_AT_name("double")
     553                      .dwattr $C$DW$T$17, DW_AT_byte_size(0x04)
     554              
     555                      .dwendtag $C$DW$TU$17
     556              
     557              
     558              $C$DW$TU$18     .dwtag  DW_TAG_type_unit
     559                      .dwmtype  $C$DW$T$18
     560              $C$DW$T$18      .dwtag  DW_TAG_base_type
     561                      .dwattr $C$DW$T$18, DW_AT_encoding(DW_ATE_float)
     562                      .dwattr $C$DW$T$18, DW_AT_name("long double")
     563                      .dwattr $C$DW$T$18, DW_AT_byte_size(0x04)
     564              
     565                      .dwendtag $C$DW$TU$18
     566              

No Assembly Errors, No Assembly Warnings
