TMS320C2000 Assembler Unix v25.11.0 Sun May 31 21:09:06 2026

Copyright (c) 1996-2018 Texas Instruments Incorporated
pwm_iface.asm                                                        PAGE    1

       1              ;***************************************************************
       2              ;* TMS320C2000 G3 C/C++ Codegen                         Unix v25.11.0.LTS *
       3              ;* Date/Time created: Sun May 31 21:09:06 2026                 *
       4              ;***************************************************************
       5                      .compiler_opts --abi=eabi --cla_support=cla1 --diag_wrap=off --float_support=fpu32 --hll_source=on --
       6                      .asg    XAR2, FP
       7              
       8              $C$DW$CU        .dwtag  DW_TAG_compile_unit
       9                      .dwattr $C$DW$CU, DW_AT_name("../src/pwm_iface.c")
      10                      .dwattr $C$DW$CU, DW_AT_producer("TI TMS320C2000 G3 C/C++ Codegen Unix v25.11.0.LTS Copyright (c) 199
      11                      .dwattr $C$DW$CU, DW_AT_TI_version(0x01)
      12                      .dwattr $C$DW$CU, DW_AT_comp_dir("/home/jose/workspace_ccstheia/foc_f28379d/Debug_BOOSTXL_Teknic_QEP"
      13                      .global ||g_pwm_period_count||
      14 00000000               .data
      15                      .align  1
      16                      .elfsym ||g_pwm_period_count||,SYM_SIZE(1),SYM_BLOCKED(1)
      17 00000000       ||g_pwm_period_count||:
      18 00000000 1388          .bits           0x1388,16
      19                                      ; g_pwm_period_count @ 0
      20              
      21              $C$DW$1 .dwtag  DW_TAG_variable
      22                      .dwattr $C$DW$1, DW_AT_name("g_pwm_period_count")
      23                      .dwattr $C$DW$1, DW_AT_linkage_name("g_pwm_period_count")
      24                      .dwattr $C$DW$1, DW_AT_location[DW_OP_addr ||g_pwm_period_count||]
      25                      .dwattr $C$DW$1, DW_AT_type(*$C$DW$T$42)
      26                      .dwattr $C$DW$1, DW_AT_external
      27                      .dwattr $C$DW$1, DW_AT_decl_file("../src/pwm_iface.c")
      28                      .dwattr $C$DW$1, DW_AT_decl_line(0x13)
      29                      .dwattr $C$DW$1, DW_AT_decl_column(0x0a)
      30              
      31                      .sblock ".data"
      32              ;       /home/jose/ti/ccs2051/ccs/tools/compiler/ti-cgt-c2000_25.11.0.LTS/bin/opt2000 /tmp/TIagZqOgmFo /tmp/T
      33              ;       /home/jose/ti/ccs2051/ccs/tools/compiler/ti-cgt-c2000_25.11.0.LTS/bin/acia2000 -@/tmp/TIagZa75RpX 
      34 00000000               .sect   ".text:pwm_set_duty"
      35                      .clink
      36                      .global ||pwm_set_duty||
      37              
      38              $C$DW$2 .dwtag  DW_TAG_subprogram
      39                      .dwattr $C$DW$2, DW_AT_name("pwm_set_duty")
      40                      .dwattr $C$DW$2, DW_AT_low_pc(||pwm_set_duty||)
      41                      .dwattr $C$DW$2, DW_AT_high_pc(0x00)
      42                      .dwattr $C$DW$2, DW_AT_linkage_name("pwm_set_duty")
      43                      .dwattr $C$DW$2, DW_AT_external
      44                      .dwattr $C$DW$2, DW_AT_decl_file("../src/pwm_iface.c")
      45                      .dwattr $C$DW$2, DW_AT_decl_line(0x34)
      46                      .dwattr $C$DW$2, DW_AT_decl_column(0x06)
      47                      .dwattr $C$DW$2, DW_AT_TI_max_frame_size(-2)
      48                      .dwpsn  file "../src/pwm_iface.c",line 53,column 1,is_stmt,address ||pwm_set_duty||,isa 0
      49              
      50                      .dwfde $C$DW$CIE, ||pwm_set_duty||
      51              $C$DW$3 .dwtag  DW_TAG_formal_parameter
      52                      .dwattr $C$DW$3, DW_AT_name("d")
      53                      .dwattr $C$DW$3, DW_AT_type(*$C$DW$T$33)
      54                      .dwattr $C$DW$3, DW_AT_location[DW_OP_reg12]
      55              
TMS320C2000 Assembler Unix v25.11.0 Sun May 31 21:09:06 2026

Copyright (c) 1996-2018 Texas Instruments Incorporated
pwm_iface.asm                                                        PAGE    2

      56              
      57              ;***************************************************************
      58              ;* FNAME: pwm_set_duty                  FR SIZE:   0           *
      59              ;*                                                             *
      60              ;* FUNCTION ENVIRONMENT                                        *
      61              ;*                                                             *
      62              ;* FUNCTION PROPERTIES                                         *
      63              ;*                            0 Parameter,  0 Auto,  0 SOE     *
      64              ;***************************************************************
      65              
      66              ||pwm_set_duty||:
      67              ;* R1    assigned to $O$C1
      68              ;* R0    assigned to $O$C2
      69              ;* R2    assigned to $O$C3
      70              ;* R3    assigned to $O$C4
      71              ;* AR4   assigned to d
      72              $C$DW$4 .dwtag  DW_TAG_variable
      73                      .dwattr $C$DW$4, DW_AT_name("d")
      74                      .dwattr $C$DW$4, DW_AT_type(*$C$DW$T$34)
      75                      .dwattr $C$DW$4, DW_AT_location[DW_OP_reg12]
      76              
      77              ;* AR0   assigned to cu
      78              $C$DW$5 .dwtag  DW_TAG_variable
      79                      .dwattr $C$DW$5, DW_AT_name("cu")
      80                      .dwattr $C$DW$5, DW_AT_type(*$C$DW$T$51)
      81                      .dwattr $C$DW$5, DW_AT_location[DW_OP_reg4]
      82              
      83              ;* PL    assigned to cv
      84              $C$DW$6 .dwtag  DW_TAG_variable
      85                      .dwattr $C$DW$6, DW_AT_name("cv")
      86                      .dwattr $C$DW$6, DW_AT_type(*$C$DW$T$51)
      87                      .dwattr $C$DW$6, DW_AT_location[DW_OP_reg2]
      88              
      89              ;* AR7   assigned to cw
      90              $C$DW$7 .dwtag  DW_TAG_variable
      91                      .dwattr $C$DW$7, DW_AT_name("cw")
      92                      .dwattr $C$DW$7, DW_AT_type(*$C$DW$T$51)
      93                      .dwattr $C$DW$7, DW_AT_location[DW_OP_reg18]
      94              
      95                      .dwcfi  cfa_offset, -2
      96                      .dwcfi  save_reg_to_mem, 26, 0
      97 00000000 761F!         MOVW      DP,#||g_pwm_period_count|| ; [CPU_ARAU] 
         00000001 0000 
      98                      .dwpsn  file "../src/pwm_iface.c",line 56,column 16,is_stmt,isa 0
      99 00000002 E2AF          MOV32     R3H,*+XAR4[0]         ; [CPU_FPU] |56| 
         00000003 03C4 
     100 00000004 E2C4!         UI16TOF32 R0H,@||g_pwm_period_count|| ; [CPU_FPU] |56| 
         00000005 0000 
     101              
     102 00000006 E316          ADDF32    R3H,R3H,R3H           ; [CPU_FPU] |56| 
         00000007 DAD4 
     103              ||      MOV32     R2H,*+XAR4[2]         ; [CPU_FPU] |57| 
     104              
     105                      .dwpsn  file "../src/pwm_iface.c",line 57,column 16,is_stmt,isa 0
     106              
TMS320C2000 Assembler Unix v25.11.0 Sun May 31 21:09:06 2026

Copyright (c) 1996-2018 Texas Instruments Incorporated
pwm_iface.asm                                                        PAGE    3

     107 00000008 E314          ADDF32    R2H,R2H,R2H           ; [CPU_FPU] |57| 
         00000009 91E4 
     108              ||      MOV32     R1H,*+XAR4[4]         ; [CPU_FPU] |58| 
     109              
     110                      .dwpsn  file "../src/pwm_iface.c",line 58,column 16,is_stmt,isa 0
     111 0000000a E710          ADDF32    R1H,R1H,R1H           ; [CPU_FPU] |58| 
         0000000b 0049 
     112                      .dwpsn  file "../src/pwm_iface.c",line 56,column 16,is_stmt,isa 0
     113 0000000c E84F          MPYF32    R0H,R0H,#16128        ; [CPU_FPU] |56| 
         0000000d C000 
     114 0000000e E8CF          SUBF32    R3H,#16256,R3H        ; [CPU_FPU] |56| 
         0000000f E01B 
     115                      .dwpsn  file "../src/pwm_iface.c",line 57,column 16,is_stmt,isa 0
     116 00000010 E8CF          SUBF32    R2H,#16256,R2H        ; [CPU_FPU] |57| 
         00000011 E012 
     117                      .dwpsn  file "../src/pwm_iface.c",line 58,column 16,is_stmt,isa 0
     118 00000012 E8CF          SUBF32    R1H,#16256,R1H        ; [CPU_FPU] |58| 
         00000013 E009 
     119                      .dwpsn  file "../src/pwm_iface.c",line 56,column 16,is_stmt,isa 0
     120 00000014 E700          MPYF32    R3H,R0H,R3H           ; [CPU_FPU] |56| 
         00000015 00C3 
     121                      .dwpsn  file "../src/pwm_iface.c",line 57,column 16,is_stmt,isa 0
     122 00000016 E700          MPYF32    R2H,R0H,R2H           ; [CPU_FPU] |57| 
         00000017 0082 
     123                      .dwpsn  file "../src/pwm_iface.c",line 58,column 16,is_stmt,isa 0
     124 00000018 E700          MPYF32    R0H,R0H,R1H           ; [CPU_FPU] |58| 
         00000019 0040 
     125                      .dwpsn  file "../src/pwm_iface.c",line 56,column 16,is_stmt,isa 0
     126 0000001a E688          F32TOI32  R1H,R3H               ; [CPU_FPU] |56| 
         0000001b 0019 
     127 0000001c 7700          NOP       ; [CPU_ALU] 
     128 0000001d 7700          NOP       ; [CPU_ALU] 
     129 0000001e BFA0          MOV32     XAR0,R1H              ; [CPU_FPU] |56| 
         0000001f 0F16 
     130                      .dwpsn  file "../src/pwm_iface.c",line 58,column 16,is_stmt,isa 0
     131 00000020 E688          F32TOI32  R0H,R0H               ; [CPU_FPU] |58| 
         00000021 0000 
     132                      .dwpsn  file "../src/pwm_iface.c",line 57,column 16,is_stmt,isa 0
     133 00000022 E688          F32TOI32  R2H,R2H               ; [CPU_FPU] |57| 
         00000023 0012 
     134                      .dwpsn  file "../src/pwm_iface.c",line 60,column 16,is_stmt,isa 0
     135 00000024 BE00          MOVB      XAR6,#0               ; [CPU_ALU] |60| 
     136 00000025 3AA9          MOVL      ACC,XAR0              ; [CPU_ALU] |60| 
     137 00000026 5661          MAXL      ACC,XAR6              ; [CPU_ALU] |60| 
         00000027 00A6 
     138 00000028 8EA9          MOVL      XAR0,ACC              ; [CPU_ALU] |60| 
     139                      .dwpsn  file "../src/pwm_iface.c",line 58,column 16,is_stmt,isa 0
     140 00000029 BFA7          MOV32     XAR7,R0H              ; [CPU_FPU] |58| 
         0000002a 0F12 
     141                      .dwpsn  file "../src/pwm_iface.c",line 57,column 16,is_stmt,isa 0
     142 0000002b BFAB          MOV32     P,R2H                 ; [CPU_FPU] |57| 
         0000002c 0F1A 
     143                      .dwpsn  file "../src/pwm_iface.c",line 60,column 24,is_stmt,isa 0
     144 0000002d 0E00!         MOVU      ACC,@||g_pwm_period_count|| ; [CPU_ALU] |60| 
     145 0000002e 0FA0          CMPL      ACC,XAR0              ; [CPU_ALU] |60| 
TMS320C2000 Assembler Unix v25.11.0 Sun May 31 21:09:06 2026

Copyright (c) 1996-2018 Texas Instruments Incorporated
pwm_iface.asm                                                        PAGE    4

     146 0000002f 6302          B         ||$C$L1||,GEQ         ; [CPU_ALU] |60| 
     147                      ; branchcc occurs ; [] |60| 
     148                      .dwpsn  file "../src/pwm_iface.c",line 60,column 52,is_stmt,isa 0
     149 00000030 5800!         MOVZ      AR0,@||g_pwm_period_count|| ; [CPU_ALU] |60| 
     150 00000031       ||$C$L1||:    
     151                      .dwpsn  file "../src/pwm_iface.c",line 61,column 16,is_stmt,isa 0
     152 00000031 A9A9          MOVL      ACC,P                 ; [CPU_ALU] |61| 
     153 00000032 5661          MAXL      ACC,XAR6              ; [CPU_ALU] |61| 
         00000033 00A6 
     154 00000034 FF5A          MOVL      P,ACC                 ; [CPU_ALU] |61| 
     155                      .dwpsn  file "../src/pwm_iface.c",line 61,column 24,is_stmt,isa 0
     156 00000035 0E00!         MOVU      ACC,@||g_pwm_period_count|| ; [CPU_ALU] |61| 
     157 00000036 0FAB          CMPL      ACC,P                 ; [CPU_ALU] |61| 
     158 00000037 6302          B         ||$C$L2||,GEQ         ; [CPU_ALU] |61| 
     159                      ; branchcc occurs ; [] |61| 
     160                      .dwpsn  file "../src/pwm_iface.c",line 61,column 52,is_stmt,isa 0
     161 00000038 2700!         MOV       PL,@||g_pwm_period_count|| ; [CPU_ALU] |61| 
     162 00000039       ||$C$L2||:    
     163                      .dwpsn  file "../src/pwm_iface.c",line 62,column 16,is_stmt,isa 0
     164 00000039 06A7          MOVL      ACC,XAR7              ; [CPU_ALU] |62| 
     165 0000003a 5661          MAXL      ACC,XAR6              ; [CPU_ALU] |62| 
         0000003b 00A6 
     166 0000003c 1EA7          MOVL      XAR7,ACC              ; [CPU_ALU] |62| 
     167                      .dwpsn  file "../src/pwm_iface.c",line 62,column 24,is_stmt,isa 0
     168 0000003d 0E00!         MOVU      ACC,@||g_pwm_period_count|| ; [CPU_ALU] |62| 
     169 0000003e 0FA7          CMPL      ACC,XAR7              ; [CPU_ALU] |62| 
     170 0000003f 6302          B         ||$C$L3||,GEQ         ; [CPU_ALU] |62| 
     171                      ; branchcc occurs ; [] |62| 
     172                      .dwpsn  file "../src/pwm_iface.c",line 62,column 52,is_stmt,isa 0
     173 00000040 8000!         MOVZ      AR7,@||g_pwm_period_count|| ; [CPU_ALU] |62| 
     174 00000041       ||$C$L3||:    
     175                      .dwpsn  file "/home/jose/ti/c2000/C2000Ware_26_01_00_00/driverlib/f2837xd/driverlib/epwm.h",line 2446
     176 00000041 7680          MOVL      XAR6,#16491           ; [CPU_ARAU] |2446| 
         00000042 406B 
     177 00000043 8F40          MOVL      XAR5,#16747           ; [CPU_ARAU] |2446| 
         00000044 416B 
     178 00000045 8F00          MOVL      XAR4,#17003           ; [CPU_ARAU] |2446| 
         00000046 426B 
     179 00000047 78C6          MOV       *+XAR6[0],AR0         ; [CPU_ALU] |2446| 
     180 00000048 3FC5          MOV       *+XAR5[0],P           ; [CPU_ALU] |2446| 
     181 00000049 7FC4          MOV       *+XAR4[0],AR7         ; [CPU_ALU] |2446| 
     182                      .dwpsn  file "/home/jose/ti/c2000/C2000Ware_26_01_00_00/driverlib/f2837xd/driverlib/epwm.h",line 3079
     183 0000004a F5A9          MOV       AL,*(0:0x4049)        ; [CPU_ALU] |3079| 
         0000004b 4049 
     184 0000004c 18A9          AND       AL,#0xfffc            ; [CPU_ALU] |3079| 
         0000004d FFFC 
     185 0000004e F4A9          MOV       *(0:0x4049),AL        ; [CPU_ALU] |3079| 
         0000004f 4049 
     186 00000050 F5A9          MOV       AL,*(0:0x4149)        ; [CPU_ALU] |3079| 
         00000051 4149 
     187 00000052 18A9          AND       AL,#0xfffc            ; [CPU_ALU] |3079| 
         00000053 FFFC 
     188 00000054 F4A9          MOV       *(0:0x4149),AL        ; [CPU_ALU] |3079| 
         00000055 4149 
     189 00000056 F5A9          MOV       AL,*(0:0x4249)        ; [CPU_ALU] |3079| 
TMS320C2000 Assembler Unix v25.11.0 Sun May 31 21:09:06 2026

Copyright (c) 1996-2018 Texas Instruments Incorporated
pwm_iface.asm                                                        PAGE    5

         00000057 4249 
     190 00000058 18A9          AND       AL,#0xfffc            ; [CPU_ALU] |3079| 
         00000059 FFFC 
     191 0000005a F4A9          MOV       *(0:0x4249),AL        ; [CPU_ALU] |3079| 
         0000005b 4249 
     192              $C$DW$8 .dwtag  DW_TAG_TI_branch
     193                      .dwattr $C$DW$8, DW_AT_low_pc(0x00)
     194                      .dwattr $C$DW$8, DW_AT_TI_return
     195              
     196 0000005c 0006          LRETR     ; [CPU_ALU] 
     197                      ; return occurs ; [] 
     198                      .dwattr $C$DW$2, DW_AT_TI_end_file("../src/pwm_iface.c")
     199                      .dwattr $C$DW$2, DW_AT_TI_end_line(0x4d)
     200                      .dwattr $C$DW$2, DW_AT_TI_end_column(0x01)
     201                      .dwendentry
     202                      .dwendtag $C$DW$2
     203              
     204 00000000               .sect   ".text:pwm_init"
     205                      .clink
     206                      .global ||pwm_init||
     207              
     208              $C$DW$9 .dwtag  DW_TAG_subprogram
     209                      .dwattr $C$DW$9, DW_AT_name("pwm_init")
     210                      .dwattr $C$DW$9, DW_AT_low_pc(||pwm_init||)
     211                      .dwattr $C$DW$9, DW_AT_high_pc(0x00)
     212                      .dwattr $C$DW$9, DW_AT_linkage_name("pwm_init")
     213                      .dwattr $C$DW$9, DW_AT_external
     214                      .dwattr $C$DW$9, DW_AT_decl_file("../src/pwm_iface.c")
     215                      .dwattr $C$DW$9, DW_AT_decl_line(0x16)
     216                      .dwattr $C$DW$9, DW_AT_decl_column(0x06)
     217                      .dwattr $C$DW$9, DW_AT_TI_max_frame_size(-2)
     218                      .dwpsn  file "../src/pwm_iface.c",line 23,column 1,is_stmt,address ||pwm_init||,isa 0
     219              
     220                      .dwfde $C$DW$CIE, ||pwm_init||
     221              
     222              ;***************************************************************
     223              ;* FNAME: pwm_init                      FR SIZE:   0           *
     224              ;*                                                             *
     225              ;* FUNCTION ENVIRONMENT                                        *
     226              ;*                                                             *
     227              ;* FUNCTION PROPERTIES                                         *
     228              ;*                            0 Parameter,  0 Auto,  0 SOE     *
     229              ;***************************************************************
     230              
     231 00000000       ||pwm_init||:
     232                      .dwcfi  cfa_offset, -2
     233                      .dwcfi  save_reg_to_mem, 26, 0
     234              $C$DW$10        .dwtag  DW_TAG_TI_branch
     235                      .dwattr $C$DW$10, DW_AT_low_pc(0x00)
     236                      .dwattr $C$DW$10, DW_AT_TI_return
     237              
     238 00000000 0006          LRETR     ; [CPU_ALU] 
     239                      ; return occurs ; [] 
     240                      .dwattr $C$DW$9, DW_AT_TI_end_file("../src/pwm_iface.c")
     241                      .dwattr $C$DW$9, DW_AT_TI_end_line(0x19)
TMS320C2000 Assembler Unix v25.11.0 Sun May 31 21:09:06 2026

Copyright (c) 1996-2018 Texas Instruments Incorporated
pwm_iface.asm                                                        PAGE    6

     242                      .dwattr $C$DW$9, DW_AT_TI_end_column(0x01)
     243                      .dwendentry
     244                      .dwendtag $C$DW$9
     245              
     246 00000000               .sect   ".text:pwm_force_safe"
     247                      .clink
     248                      .global ||pwm_force_safe||
     249              
     250              $C$DW$11        .dwtag  DW_TAG_subprogram
     251                      .dwattr $C$DW$11, DW_AT_name("pwm_force_safe")
     252                      .dwattr $C$DW$11, DW_AT_low_pc(||pwm_force_safe||)
     253                      .dwattr $C$DW$11, DW_AT_high_pc(0x00)
     254                      .dwattr $C$DW$11, DW_AT_linkage_name("pwm_force_safe")
     255                      .dwattr $C$DW$11, DW_AT_external
     256                      .dwattr $C$DW$11, DW_AT_decl_file("../src/pwm_iface.c")
     257                      .dwattr $C$DW$11, DW_AT_decl_line(0x1b)
     258                      .dwattr $C$DW$11, DW_AT_decl_column(0x06)
     259                      .dwattr $C$DW$11, DW_AT_TI_max_frame_size(-2)
     260                      .dwpsn  file "../src/pwm_iface.c",line 28,column 1,is_stmt,address ||pwm_force_safe||,isa 0
     261              
     262                      .dwfde $C$DW$CIE, ||pwm_force_safe||
     263              
     264              ;***************************************************************
     265              ;* FNAME: pwm_force_safe                FR SIZE:   0           *
     266              ;*                                                             *
     267              ;* FUNCTION ENVIRONMENT                                        *
     268              ;*                                                             *
     269              ;* FUNCTION PROPERTIES                                         *
     270              ;*                            0 Parameter,  0 Auto,  0 SOE     *
     271              ;***************************************************************
     272              
     273              ||pwm_force_safe||:
     274              ;* AH    assigned to compCount
     275              $C$DW$12        .dwtag  DW_TAG_variable
     276                      .dwattr $C$DW$12, DW_AT_name("compCount")
     277                      .dwattr $C$DW$12, DW_AT_type(*$C$DW$T$42)
     278                      .dwattr $C$DW$12, DW_AT_location[DW_OP_reg1]
     279              
     280              ;* AR6   assigned to compCount
     281              $C$DW$13        .dwtag  DW_TAG_variable
     282                      .dwattr $C$DW$13, DW_AT_name("compCount")
     283                      .dwattr $C$DW$13, DW_AT_type(*$C$DW$T$42)
     284                      .dwattr $C$DW$13, DW_AT_location[DW_OP_reg16]
     285              
     286              ;* AR6   assigned to compCount
     287              $C$DW$14        .dwtag  DW_TAG_variable
     288                      .dwattr $C$DW$14, DW_AT_name("compCount")
     289                      .dwattr $C$DW$14, DW_AT_type(*$C$DW$T$42)
     290                      .dwattr $C$DW$14, DW_AT_location[DW_OP_reg16]
     291              
     292                      .dwcfi  cfa_offset, -2
     293                      .dwcfi  save_reg_to_mem, 26, 0
     294                      .dwpsn  file "/home/jose/ti/c2000/C2000Ware_26_01_00_00/driverlib/f2837xd/driverlib/epwm.h",line 3037
     295 00000000 F5A9          MOV       AL,*(0:0x4047)        ; [CPU_ALU] |3037| 
         00000001 4047 
TMS320C2000 Assembler Unix v25.11.0 Sun May 31 21:09:06 2026

Copyright (c) 1996-2018 Texas Instruments Incorporated
pwm_iface.asm                                                        PAGE    7

     296 00000002 761F!         MOVW      DP,#||g_pwm_period_count|| ; [CPU_ARAU] 
         00000003 0000 
     297 00000004 50C0          ORB       AL,#0xc0              ; [CPU_ALU] |3037| 
     298                      .dwpsn  file "/home/jose/ti/c2000/C2000Ware_26_01_00_00/driverlib/f2837xd/driverlib/epwm.h",line 2424
     299 00000005 9300!         MOV       AH,@||g_pwm_period_count|| ; [CPU_FPU] |2424| 
     300                      .dwpsn  file "/home/jose/ti/c2000/C2000Ware_26_01_00_00/driverlib/f2837xd/driverlib/epwm.h",line 3037
     301 00000006 F4A9          MOV       *(0:0x4047),AL        ; [CPU_ALU] |3037| 
         00000007 4047 
     302                      .dwpsn  file "/home/jose/ti/c2000/C2000Ware_26_01_00_00/driverlib/f2837xd/driverlib/epwm.h",line 3079
     303 00000008 F5A9          MOV       AL,*(0:0x4049)        ; [CPU_ALU] |3079| 
         00000009 4049 
     304 0000000a CCA9          AND       AL,AL,#0xfffc         ; [CPU_ALU] |3079| 
         0000000b FFFC 
     305                      .dwpsn  file "/home/jose/ti/c2000/C2000Ware_26_01_00_00/driverlib/f2837xd/driverlib/epwm.h",line 2424
     306 0000000c 88A8          MOVZ      AR6,AH                ; [CPU_ALU] |2424| 
     307                      .dwpsn  file "/home/jose/ti/c2000/C2000Ware_26_01_00_00/driverlib/f2837xd/driverlib/epwm.h",line 3079
     308 0000000d 5001          ORB       AL,#0x01              ; [CPU_ALU] |3079| 
     309 0000000e F4A9          MOV       *(0:0x4049),AL        ; [CPU_ALU] |3079| 
         0000000f 4049 
     310                      .dwpsn  file "/home/jose/ti/c2000/C2000Ware_26_01_00_00/driverlib/f2837xd/driverlib/epwm.h",line 3037
     311 00000010 F5A9          MOV       AL,*(0:0x4147)        ; [CPU_ALU] |3037| 
         00000011 4147 
     312 00000012 50C0          ORB       AL,#0xc0              ; [CPU_ALU] |3037| 
     313 00000013 F4A9          MOV       *(0:0x4147),AL        ; [CPU_ALU] |3037| 
         00000014 4147 
     314                      .dwpsn  file "/home/jose/ti/c2000/C2000Ware_26_01_00_00/driverlib/f2837xd/driverlib/epwm.h",line 3079
     315 00000015 F5A9          MOV       AL,*(0:0x4149)        ; [CPU_ALU] |3079| 
         00000016 4149 
     316 00000017 CCA9          AND       AL,AL,#0xfffc         ; [CPU_ALU] |3079| 
         00000018 FFFC 
     317 00000019 5001          ORB       AL,#0x01              ; [CPU_ALU] |3079| 
     318 0000001a F4A9          MOV       *(0:0x4149),AL        ; [CPU_ALU] |3079| 
         0000001b 4149 
     319                      .dwpsn  file "/home/jose/ti/c2000/C2000Ware_26_01_00_00/driverlib/f2837xd/driverlib/epwm.h",line 3037
     320 0000001c F5A9          MOV       AL,*(0:0x4247)        ; [CPU_ALU] |3037| 
         0000001d 4247 
     321 0000001e 50C0          ORB       AL,#0xc0              ; [CPU_ALU] |3037| 
     322 0000001f F4A9          MOV       *(0:0x4247),AL        ; [CPU_ALU] |3037| 
         00000020 4247 
     323                      .dwpsn  file "/home/jose/ti/c2000/C2000Ware_26_01_00_00/driverlib/f2837xd/driverlib/epwm.h",line 3079
     324 00000021 F5A9          MOV       AL,*(0:0x4249)        ; [CPU_ALU] |3079| 
         00000022 4249 
     325 00000023 CCA9          AND       AL,AL,#0xfffc         ; [CPU_ALU] |3079| 
         00000024 FFFC 
     326 00000025 5001          ORB       AL,#0x01              ; [CPU_ALU] |3079| 
     327 00000026 F4A9          MOV       *(0:0x4249),AL        ; [CPU_ALU] |3079| 
         00000027 4249 
     328                      .dwpsn  file "/home/jose/ti/c2000/C2000Ware_26_01_00_00/driverlib/f2837xd/driverlib/epwm.h",line 2446
     329 00000028 F4A8          MOV       *(0:0x406b),AH        ; [CPU_ALU] |2446| 
         00000029 406B 
     330 0000002a F4A6          MOV       *(0:0x416b),AR6       ; [CPU_ALU] |2446| 
         0000002b 416B 
     331 0000002c F4A6          MOV       *(0:0x426b),AR6       ; [CPU_ALU] |2446| 
         0000002d 426B 
     332              $C$DW$15        .dwtag  DW_TAG_TI_branch
TMS320C2000 Assembler Unix v25.11.0 Sun May 31 21:09:06 2026

Copyright (c) 1996-2018 Texas Instruments Incorporated
pwm_iface.asm                                                        PAGE    8

     333                      .dwattr $C$DW$15, DW_AT_low_pc(0x00)
     334                      .dwattr $C$DW$15, DW_AT_TI_return
     335              
     336 0000002e 0006          LRETR     ; [CPU_ALU] 
     337                      ; return occurs ; [] 
     338                      .dwattr $C$DW$11, DW_AT_TI_end_file("../src/pwm_iface.c")
     339                      .dwattr $C$DW$11, DW_AT_TI_end_line(0x32)
     340                      .dwattr $C$DW$11, DW_AT_TI_end_column(0x01)
     341                      .dwendentry
     342                      .dwendtag $C$DW$11
     343              
     344              
     345              ;***************************************************************
     346              ;* BUILD ATTRIBUTES                                            *
     347              ;***************************************************************
     348                      .battr "c28xabi", Tag_File, 1, Tag_float_args(0)
     349                      .battr "c28xabi", Tag_File, 1, Tag_double_args(0)
     350                      .dwattr $C$DW$CU, DW_AT_language(DW_LANG_C)
     351              
     352              ;***************************************************************
     353              ;* DWARF CIE ENTRIES                                           *
     354              ;***************************************************************
     355              
     356              $C$DW$CIE       .dwcie 26
     357                      .dwcfi  cfa_register, 20
     358                      .dwcfi  cfa_offset, 0
     359                      .dwcfi  same_value, 28
     360                      .dwcfi  same_value, 6
     361                      .dwcfi  same_value, 7
     362                      .dwcfi  same_value, 8
     363                      .dwcfi  same_value, 9
     364                      .dwcfi  same_value, 10
     365                      .dwcfi  same_value, 11
     366                      .dwcfi  same_value, 59
     367                      .dwcfi  same_value, 63
     368                      .dwcfi  same_value, 67
     369                      .dwcfi  same_value, 71
     370                      .dwendentry
     371                      .dwendtag $C$DW$CU
     372              
     373              
     374              ;***************************************************************
     375              ;* TYPE INFORMATION                                            *
     376              ;***************************************************************
     377              
     378              $C$DW$TU$22     .dwtag  DW_TAG_type_unit
     379                      .dwmtype  $C$DW$T$22
     380              
     381              $C$DW$T$22      .dwtag  DW_TAG_enumeration_type
     382                      .dwattr $C$DW$T$22, DW_AT_byte_size(0x01)
     383              $C$DW$16        .dwtag  DW_TAG_enumerator
     384                      .dwattr $C$DW$16, DW_AT_name("EPWM_COUNTER_COMPARE_A")
     385                      .dwattr $C$DW$16, DW_AT_const_value(0x00)
     386                      .dwattr $C$DW$16, DW_AT_decl_file("/home/jose/ti/c2000/C2000Ware_26_01_00_00/driverlib/f2837xd/driver
     387                      .dwattr $C$DW$16, DW_AT_decl_line(0x111)
TMS320C2000 Assembler Unix v25.11.0 Sun May 31 21:09:06 2026

Copyright (c) 1996-2018 Texas Instruments Incorporated
pwm_iface.asm                                                        PAGE    9

     388                      .dwattr $C$DW$16, DW_AT_decl_column(0x05)
     389              
     390              $C$DW$17        .dwtag  DW_TAG_enumerator
     391                      .dwattr $C$DW$17, DW_AT_name("EPWM_COUNTER_COMPARE_B")
     392                      .dwattr $C$DW$17, DW_AT_const_value(0x02)
     393                      .dwattr $C$DW$17, DW_AT_decl_file("/home/jose/ti/c2000/C2000Ware_26_01_00_00/driverlib/f2837xd/driver
     394                      .dwattr $C$DW$17, DW_AT_decl_line(0x112)
     395                      .dwattr $C$DW$17, DW_AT_decl_column(0x05)
     396              
     397              $C$DW$18        .dwtag  DW_TAG_enumerator
     398                      .dwattr $C$DW$18, DW_AT_name("EPWM_COUNTER_COMPARE_C")
     399                      .dwattr $C$DW$18, DW_AT_const_value(0x05)
     400                      .dwattr $C$DW$18, DW_AT_decl_file("/home/jose/ti/c2000/C2000Ware_26_01_00_00/driverlib/f2837xd/driver
     401                      .dwattr $C$DW$18, DW_AT_decl_line(0x113)
     402                      .dwattr $C$DW$18, DW_AT_decl_column(0x05)
     403              
     404              $C$DW$19        .dwtag  DW_TAG_enumerator
     405                      .dwattr $C$DW$19, DW_AT_name("EPWM_COUNTER_COMPARE_D")
     406                      .dwattr $C$DW$19, DW_AT_const_value(0x07)
     407                      .dwattr $C$DW$19, DW_AT_decl_file("/home/jose/ti/c2000/C2000Ware_26_01_00_00/driverlib/f2837xd/driver
     408                      .dwattr $C$DW$19, DW_AT_decl_line(0x114)
     409                      .dwattr $C$DW$19, DW_AT_decl_column(0x05)
     410              
     411                      .dwattr $C$DW$T$22, DW_AT_decl_file("/home/jose/ti/c2000/C2000Ware_26_01_00_00/driverlib/f2837xd/driv
     412                      .dwattr $C$DW$T$22, DW_AT_decl_line(0x110)
     413                      .dwattr $C$DW$T$22, DW_AT_decl_column(0x01)
     414                      .dwendtag $C$DW$T$22
     415              
     416                      .dwendtag $C$DW$TU$22
     417              
     418              
     419              $C$DW$TU$23     .dwtag  DW_TAG_type_unit
     420                      .dwmtype  $C$DW$T$23
     421              $C$DW$T$23      .dwtag  DW_TAG_typedef
     422                      .dwattr $C$DW$T$23, DW_AT_name("EPWM_CounterCompareModule")
     423                      .dwattr $C$DW$T$23, DW_AT_type(*$C$DW$T$22)
     424                      .dwattr $C$DW$T$23, DW_AT_decl_file("/home/jose/ti/c2000/C2000Ware_26_01_00_00/driverlib/f2837xd/driv
     425                      .dwattr $C$DW$T$23, DW_AT_decl_line(0x115)
     426                      .dwattr $C$DW$T$23, DW_AT_decl_column(0x03)
     427              
     428                      .dwendtag $C$DW$TU$23
     429              
     430              
     431              $C$DW$TU$24     .dwtag  DW_TAG_type_unit
     432                      .dwmtype  $C$DW$T$24
     433              
     434              $C$DW$T$24      .dwtag  DW_TAG_enumeration_type
     435                      .dwattr $C$DW$T$24, DW_AT_byte_size(0x01)
     436              $C$DW$20        .dwtag  DW_TAG_enumerator
     437                      .dwattr $C$DW$20, DW_AT_name("EPWM_AQ_SW_SH_LOAD_ON_CNTR_ZERO")
     438                      .dwattr $C$DW$20, DW_AT_const_value(0x00)
     439                      .dwattr $C$DW$20, DW_AT_decl_file("/home/jose/ti/c2000/C2000Ware_26_01_00_00/driverlib/f2837xd/driver
     440                      .dwattr $C$DW$20, DW_AT_decl_line(0x220)
     441                      .dwattr $C$DW$20, DW_AT_decl_column(0x05)
     442              
TMS320C2000 Assembler Unix v25.11.0 Sun May 31 21:09:06 2026

Copyright (c) 1996-2018 Texas Instruments Incorporated
pwm_iface.asm                                                        PAGE   10

     443              $C$DW$21        .dwtag  DW_TAG_enumerator
     444                      .dwattr $C$DW$21, DW_AT_name("EPWM_AQ_SW_SH_LOAD_ON_CNTR_PERIOD")
     445                      .dwattr $C$DW$21, DW_AT_const_value(0x01)
     446                      .dwattr $C$DW$21, DW_AT_decl_file("/home/jose/ti/c2000/C2000Ware_26_01_00_00/driverlib/f2837xd/driver
     447                      .dwattr $C$DW$21, DW_AT_decl_line(0x222)
     448                      .dwattr $C$DW$21, DW_AT_decl_column(0x05)
     449              
     450              $C$DW$22        .dwtag  DW_TAG_enumerator
     451                      .dwattr $C$DW$22, DW_AT_name("EPWM_AQ_SW_SH_LOAD_ON_CNTR_ZERO_PERIOD")
     452                      .dwattr $C$DW$22, DW_AT_const_value(0x02)
     453                      .dwattr $C$DW$22, DW_AT_decl_file("/home/jose/ti/c2000/C2000Ware_26_01_00_00/driverlib/f2837xd/driver
     454                      .dwattr $C$DW$22, DW_AT_decl_line(0x224)
     455                      .dwattr $C$DW$22, DW_AT_decl_column(0x05)
     456              
     457              $C$DW$23        .dwtag  DW_TAG_enumerator
     458                      .dwattr $C$DW$23, DW_AT_name("EPWM_AQ_SW_IMMEDIATE_LOAD")
     459                      .dwattr $C$DW$23, DW_AT_const_value(0x03)
     460                      .dwattr $C$DW$23, DW_AT_decl_file("/home/jose/ti/c2000/C2000Ware_26_01_00_00/driverlib/f2837xd/driver
     461                      .dwattr $C$DW$23, DW_AT_decl_line(0x226)
     462                      .dwattr $C$DW$23, DW_AT_decl_column(0x05)
     463              
     464                      .dwattr $C$DW$T$24, DW_AT_decl_file("/home/jose/ti/c2000/C2000Ware_26_01_00_00/driverlib/f2837xd/driv
     465                      .dwattr $C$DW$T$24, DW_AT_decl_line(0x21e)
     466                      .dwattr $C$DW$T$24, DW_AT_decl_column(0x01)
     467                      .dwendtag $C$DW$T$24
     468              
     469                      .dwendtag $C$DW$TU$24
     470              
     471              
     472              $C$DW$TU$25     .dwtag  DW_TAG_type_unit
     473                      .dwmtype  $C$DW$T$25
     474              $C$DW$T$25      .dwtag  DW_TAG_typedef
     475                      .dwattr $C$DW$T$25, DW_AT_name("EPWM_ActionQualifierContForce")
     476                      .dwattr $C$DW$T$25, DW_AT_type(*$C$DW$T$24)
     477                      .dwattr $C$DW$T$25, DW_AT_decl_file("/home/jose/ti/c2000/C2000Ware_26_01_00_00/driverlib/f2837xd/driv
     478                      .dwattr $C$DW$T$25, DW_AT_decl_line(0x227)
     479                      .dwattr $C$DW$T$25, DW_AT_decl_column(0x03)
     480              
     481                      .dwendtag $C$DW$TU$25
     482              
     483              
     484              $C$DW$TU$26     .dwtag  DW_TAG_type_unit
     485                      .dwmtype  $C$DW$T$26
     486              
     487              $C$DW$T$26      .dwtag  DW_TAG_enumeration_type
     488                      .dwattr $C$DW$T$26, DW_AT_byte_size(0x01)
     489              $C$DW$24        .dwtag  DW_TAG_enumerator
     490                      .dwattr $C$DW$24, DW_AT_name("EPWM_AQ_OUTPUT_A")
     491                      .dwattr $C$DW$24, DW_AT_const_value(0x00)
     492                      .dwattr $C$DW$24, DW_AT_decl_file("/home/jose/ti/c2000/C2000Ware_26_01_00_00/driverlib/f2837xd/driver
     493                      .dwattr $C$DW$24, DW_AT_decl_line(0x213)
     494                      .dwattr $C$DW$24, DW_AT_decl_column(0x05)
     495              
     496              $C$DW$25        .dwtag  DW_TAG_enumerator
     497                      .dwattr $C$DW$25, DW_AT_name("EPWM_AQ_OUTPUT_B")
TMS320C2000 Assembler Unix v25.11.0 Sun May 31 21:09:06 2026

Copyright (c) 1996-2018 Texas Instruments Incorporated
pwm_iface.asm                                                        PAGE   11

     498                      .dwattr $C$DW$25, DW_AT_const_value(0x02)
     499                      .dwattr $C$DW$25, DW_AT_decl_file("/home/jose/ti/c2000/C2000Ware_26_01_00_00/driverlib/f2837xd/driver
     500                      .dwattr $C$DW$25, DW_AT_decl_line(0x214)
     501                      .dwattr $C$DW$25, DW_AT_decl_column(0x05)
     502              
     503                      .dwattr $C$DW$T$26, DW_AT_decl_file("/home/jose/ti/c2000/C2000Ware_26_01_00_00/driverlib/f2837xd/driv
     504                      .dwattr $C$DW$T$26, DW_AT_decl_line(0x212)
     505                      .dwattr $C$DW$T$26, DW_AT_decl_column(0x01)
     506                      .dwendtag $C$DW$T$26
     507              
     508                      .dwendtag $C$DW$TU$26
     509              
     510              
     511              $C$DW$TU$27     .dwtag  DW_TAG_type_unit
     512                      .dwmtype  $C$DW$T$27
     513              $C$DW$T$27      .dwtag  DW_TAG_typedef
     514                      .dwattr $C$DW$T$27, DW_AT_name("EPWM_ActionQualifierOutputModule")
     515                      .dwattr $C$DW$T$27, DW_AT_type(*$C$DW$T$26)
     516                      .dwattr $C$DW$T$27, DW_AT_decl_file("/home/jose/ti/c2000/C2000Ware_26_01_00_00/driverlib/f2837xd/driv
     517                      .dwattr $C$DW$T$27, DW_AT_decl_line(0x215)
     518                      .dwattr $C$DW$T$27, DW_AT_decl_column(0x03)
     519              
     520                      .dwendtag $C$DW$TU$27
     521              
     522              
     523              $C$DW$TU$28     .dwtag  DW_TAG_type_unit
     524                      .dwmtype  $C$DW$T$28
     525              
     526              $C$DW$T$28      .dwtag  DW_TAG_enumeration_type
     527                      .dwattr $C$DW$T$28, DW_AT_byte_size(0x01)
     528              $C$DW$26        .dwtag  DW_TAG_enumerator
     529                      .dwattr $C$DW$26, DW_AT_name("EPWM_AQ_SW_DISABLED")
     530                      .dwattr $C$DW$26, DW_AT_const_value(0x00)
     531                      .dwattr $C$DW$26, DW_AT_decl_file("/home/jose/ti/c2000/C2000Ware_26_01_00_00/driverlib/f2837xd/driver
     532                      .dwattr $C$DW$26, DW_AT_decl_line(0x1a0)
     533                      .dwattr $C$DW$26, DW_AT_decl_column(0x05)
     534              
     535              $C$DW$27        .dwtag  DW_TAG_enumerator
     536                      .dwattr $C$DW$27, DW_AT_name("EPWM_AQ_SW_OUTPUT_LOW")
     537                      .dwattr $C$DW$27, DW_AT_const_value(0x01)
     538                      .dwattr $C$DW$27, DW_AT_decl_file("/home/jose/ti/c2000/C2000Ware_26_01_00_00/driverlib/f2837xd/driver
     539                      .dwattr $C$DW$27, DW_AT_decl_line(0x1a1)
     540                      .dwattr $C$DW$27, DW_AT_decl_column(0x05)
     541              
     542              $C$DW$28        .dwtag  DW_TAG_enumerator
     543                      .dwattr $C$DW$28, DW_AT_name("EPWM_AQ_SW_OUTPUT_HIGH")
     544                      .dwattr $C$DW$28, DW_AT_const_value(0x02)
     545                      .dwattr $C$DW$28, DW_AT_decl_file("/home/jose/ti/c2000/C2000Ware_26_01_00_00/driverlib/f2837xd/driver
     546                      .dwattr $C$DW$28, DW_AT_decl_line(0x1a2)
     547                      .dwattr $C$DW$28, DW_AT_decl_column(0x05)
     548              
     549                      .dwattr $C$DW$T$28, DW_AT_decl_file("/home/jose/ti/c2000/C2000Ware_26_01_00_00/driverlib/f2837xd/driv
     550                      .dwattr $C$DW$T$28, DW_AT_decl_line(0x19f)
     551                      .dwattr $C$DW$T$28, DW_AT_decl_column(0x01)
     552                      .dwendtag $C$DW$T$28
TMS320C2000 Assembler Unix v25.11.0 Sun May 31 21:09:06 2026

Copyright (c) 1996-2018 Texas Instruments Incorporated
pwm_iface.asm                                                        PAGE   12

     553              
     554                      .dwendtag $C$DW$TU$28
     555              
     556              
     557              $C$DW$TU$29     .dwtag  DW_TAG_type_unit
     558                      .dwmtype  $C$DW$T$29
     559              $C$DW$T$29      .dwtag  DW_TAG_typedef
     560                      .dwattr $C$DW$T$29, DW_AT_name("EPWM_ActionQualifierSWOutput")
     561                      .dwattr $C$DW$T$29, DW_AT_type(*$C$DW$T$28)
     562                      .dwattr $C$DW$T$29, DW_AT_decl_file("/home/jose/ti/c2000/C2000Ware_26_01_00_00/driverlib/f2837xd/driv
     563                      .dwattr $C$DW$T$29, DW_AT_decl_line(0x1a3)
     564                      .dwattr $C$DW$T$29, DW_AT_decl_column(0x03)
     565              
     566                      .dwendtag $C$DW$TU$29
     567              
     568              
     569              $C$DW$TU$21     .dwtag  DW_TAG_type_unit
     570                      .dwmtype  $C$DW$T$21
     571              
     572              $C$DW$T$21      .dwtag  DW_TAG_structure_type
     573                      .dwattr $C$DW$T$21, DW_AT_name("_MATH_Vec3_")
     574                      .dwattr $C$DW$T$21, DW_AT_byte_size(0x06)
     575              $C$DW$29        .dwtag  DW_TAG_member
     576                      .dwattr $C$DW$29, DW_AT_type(*$C$DW$T$20)
     577                      .dwattr $C$DW$29, DW_AT_name("value")
     578                      .dwattr $C$DW$29, DW_AT_accessibility(DW_ACCESS_public)
     579                      .dwattr $C$DW$29, DW_AT_decl_file("/home/jose/ti/c2000/C2000Ware_MotorControl_SDK_5_04_00_00/librarie
     580                      .dwattr $C$DW$29, DW_AT_decl_line(0xe5)
     581                      .dwattr $C$DW$29, DW_AT_decl_column(0x0f)
     582              
     583                      .dwattr $C$DW$T$21, DW_AT_decl_file("/home/jose/ti/c2000/C2000Ware_MotorControl_SDK_5_04_00_00/librar
     584                      .dwattr $C$DW$T$21, DW_AT_decl_line(0xe3)
     585                      .dwattr $C$DW$T$21, DW_AT_decl_column(0x10)
     586                      .dwendtag $C$DW$T$21
     587              
     588                      .dwendtag $C$DW$TU$21
     589              
     590              
     591              $C$DW$TU$30     .dwtag  DW_TAG_type_unit
     592                      .dwmtype  $C$DW$T$30
     593              $C$DW$T$30      .dwtag  DW_TAG_typedef
     594                      .dwattr $C$DW$T$30, DW_AT_name("MATH_Vec3")
     595                      .dwattr $C$DW$T$30, DW_AT_type(*$C$DW$T$21)
     596                      .dwattr $C$DW$T$30, DW_AT_decl_file("/home/jose/ti/c2000/C2000Ware_MotorControl_SDK_5_04_00_00/librar
     597                      .dwattr $C$DW$T$30, DW_AT_decl_line(0xe6)
     598                      .dwattr $C$DW$T$30, DW_AT_decl_column(0x03)
     599              
     600                      .dwendtag $C$DW$TU$30
     601              
     602              
     603              $C$DW$TU$31     .dwtag  DW_TAG_type_unit
     604                      .dwmtype  $C$DW$T$31
     605              $C$DW$T$31      .dwtag  DW_TAG_typedef
     606                      .dwattr $C$DW$T$31, DW_AT_name("FOC_Duty_t")
     607                      .dwattr $C$DW$T$31, DW_AT_type(*$C$DW$T$30)
TMS320C2000 Assembler Unix v25.11.0 Sun May 31 21:09:06 2026

Copyright (c) 1996-2018 Texas Instruments Incorporated
pwm_iface.asm                                                        PAGE   13

     608                      .dwattr $C$DW$T$31, DW_AT_decl_file("/home/jose/workspace_ccstheia/foc_f28379d/include/foc_types.h")
     609                      .dwattr $C$DW$T$31, DW_AT_decl_line(0x11)
     610                      .dwattr $C$DW$T$31, DW_AT_decl_column(0x13)
     611              
     612                      .dwendtag $C$DW$TU$31
     613              
     614              
     615              $C$DW$TU$32     .dwtag  DW_TAG_type_unit
     616                      .dwmtype  $C$DW$T$32
     617              $C$DW$30        .dwtag  DW_TAG_TI_far_type
     618                      .dwattr $C$DW$30, DW_AT_type(*$C$DW$T$31)
     619              
     620              $C$DW$T$32      .dwtag  DW_TAG_const_type
     621                      .dwattr $C$DW$T$32, DW_AT_type(*$C$DW$30)
     622              
     623                      .dwendtag $C$DW$TU$32
     624              
     625              
     626              $C$DW$TU$33     .dwtag  DW_TAG_type_unit
     627                      .dwmtype  $C$DW$T$33
     628              $C$DW$T$33      .dwtag  DW_TAG_pointer_type
     629                      .dwattr $C$DW$T$33, DW_AT_type(*$C$DW$T$32)
     630                      .dwattr $C$DW$T$33, DW_AT_address_class(0x20)
     631              
     632                      .dwendtag $C$DW$TU$33
     633              
     634              
     635              $C$DW$TU$34     .dwtag  DW_TAG_type_unit
     636                      .dwmtype  $C$DW$T$34
     637              $C$DW$31        .dwtag  DW_TAG_TI_far_type
     638                      .dwattr $C$DW$31, DW_AT_type(*$C$DW$T$33)
     639              
     640              $C$DW$T$34      .dwtag  DW_TAG_const_type
     641                      .dwattr $C$DW$T$34, DW_AT_type(*$C$DW$31)
     642              
     643                      .dwendtag $C$DW$TU$34
     644              
     645              
     646              $C$DW$TU$2      .dwtag  DW_TAG_type_unit
     647                      .dwmtype  $C$DW$T$2
     648              $C$DW$T$2       .dwtag  DW_TAG_unspecified_type
     649                      .dwattr $C$DW$T$2, DW_AT_name("void")
     650              
     651                      .dwendtag $C$DW$TU$2
     652              
     653              
     654              $C$DW$TU$4      .dwtag  DW_TAG_type_unit
     655                      .dwmtype  $C$DW$T$4
     656              $C$DW$T$4       .dwtag  DW_TAG_base_type
     657                      .dwattr $C$DW$T$4, DW_AT_encoding(DW_ATE_boolean)
     658                      .dwattr $C$DW$T$4, DW_AT_name("bool")
     659                      .dwattr $C$DW$T$4, DW_AT_byte_size(0x01)
     660              
     661                      .dwendtag $C$DW$TU$4
     662              
TMS320C2000 Assembler Unix v25.11.0 Sun May 31 21:09:06 2026

Copyright (c) 1996-2018 Texas Instruments Incorporated
pwm_iface.asm                                                        PAGE   14

     663              
     664              $C$DW$TU$5      .dwtag  DW_TAG_type_unit
     665                      .dwmtype  $C$DW$T$5
     666              $C$DW$T$5       .dwtag  DW_TAG_base_type
     667                      .dwattr $C$DW$T$5, DW_AT_encoding(DW_ATE_signed_char)
     668                      .dwattr $C$DW$T$5, DW_AT_name("signed char")
     669                      .dwattr $C$DW$T$5, DW_AT_byte_size(0x01)
     670              
     671                      .dwendtag $C$DW$TU$5
     672              
     673              
     674              $C$DW$TU$6      .dwtag  DW_TAG_type_unit
     675                      .dwmtype  $C$DW$T$6
     676              $C$DW$T$6       .dwtag  DW_TAG_base_type
     677                      .dwattr $C$DW$T$6, DW_AT_encoding(DW_ATE_unsigned_char)
     678                      .dwattr $C$DW$T$6, DW_AT_name("unsigned char")
     679                      .dwattr $C$DW$T$6, DW_AT_byte_size(0x01)
     680              
     681                      .dwendtag $C$DW$TU$6
     682              
     683              
     684              $C$DW$TU$7      .dwtag  DW_TAG_type_unit
     685                      .dwmtype  $C$DW$T$7
     686              $C$DW$T$7       .dwtag  DW_TAG_base_type
     687                      .dwattr $C$DW$T$7, DW_AT_encoding(DW_ATE_signed_char)
     688                      .dwattr $C$DW$T$7, DW_AT_name("wchar_t")
     689                      .dwattr $C$DW$T$7, DW_AT_byte_size(0x02)
     690              
     691                      .dwendtag $C$DW$TU$7
     692              
     693              
     694              $C$DW$TU$8      .dwtag  DW_TAG_type_unit
     695                      .dwmtype  $C$DW$T$8
     696              $C$DW$T$8       .dwtag  DW_TAG_base_type
     697                      .dwattr $C$DW$T$8, DW_AT_encoding(DW_ATE_signed)
     698                      .dwattr $C$DW$T$8, DW_AT_name("short")
     699                      .dwattr $C$DW$T$8, DW_AT_byte_size(0x01)
     700              
     701                      .dwendtag $C$DW$TU$8
     702              
     703              
     704              $C$DW$TU$9      .dwtag  DW_TAG_type_unit
     705                      .dwmtype  $C$DW$T$9
     706              $C$DW$T$9       .dwtag  DW_TAG_base_type
     707                      .dwattr $C$DW$T$9, DW_AT_encoding(DW_ATE_unsigned)
     708                      .dwattr $C$DW$T$9, DW_AT_name("unsigned short")
     709                      .dwattr $C$DW$T$9, DW_AT_byte_size(0x01)
     710              
     711                      .dwendtag $C$DW$TU$9
     712              
     713              
     714              $C$DW$TU$41     .dwtag  DW_TAG_type_unit
     715                      .dwmtype  $C$DW$T$41
     716              $C$DW$T$41      .dwtag  DW_TAG_typedef
     717                      .dwattr $C$DW$T$41, DW_AT_name("__uint16_t")
TMS320C2000 Assembler Unix v25.11.0 Sun May 31 21:09:06 2026

Copyright (c) 1996-2018 Texas Instruments Incorporated
pwm_iface.asm                                                        PAGE   15

     718                      .dwattr $C$DW$T$41, DW_AT_type(*$C$DW$T$9)
     719                      .dwattr $C$DW$T$41, DW_AT_decl_file("/home/jose/ti/ccs2051/ccs/tools/compiler/ti-cgt-c2000_25.11.0.LT
     720                      .dwattr $C$DW$T$41, DW_AT_decl_line(0x41)
     721                      .dwattr $C$DW$T$41, DW_AT_decl_column(0x1c)
     722              
     723                      .dwendtag $C$DW$TU$41
     724              
     725              
     726              $C$DW$TU$42     .dwtag  DW_TAG_type_unit
     727                      .dwmtype  $C$DW$T$42
     728              $C$DW$T$42      .dwtag  DW_TAG_typedef
     729                      .dwattr $C$DW$T$42, DW_AT_name("uint16_t")
     730                      .dwattr $C$DW$T$42, DW_AT_type(*$C$DW$T$41)
     731                      .dwattr $C$DW$T$42, DW_AT_decl_file("/home/jose/ti/ccs2051/ccs/tools/compiler/ti-cgt-c2000_25.11.0.LT
     732                      .dwattr $C$DW$T$42, DW_AT_decl_line(0x41)
     733                      .dwattr $C$DW$T$42, DW_AT_decl_column(0x15)
     734              
     735                      .dwendtag $C$DW$TU$42
     736              
     737              
     738              $C$DW$TU$10     .dwtag  DW_TAG_type_unit
     739                      .dwmtype  $C$DW$T$10
     740              $C$DW$T$10      .dwtag  DW_TAG_base_type
     741                      .dwattr $C$DW$T$10, DW_AT_encoding(DW_ATE_signed)
     742                      .dwattr $C$DW$T$10, DW_AT_name("int")
     743                      .dwattr $C$DW$T$10, DW_AT_byte_size(0x01)
     744              
     745                      .dwendtag $C$DW$TU$10
     746              
     747              
     748              $C$DW$TU$11     .dwtag  DW_TAG_type_unit
     749                      .dwmtype  $C$DW$T$11
     750              $C$DW$T$11      .dwtag  DW_TAG_base_type
     751                      .dwattr $C$DW$T$11, DW_AT_encoding(DW_ATE_unsigned)
     752                      .dwattr $C$DW$T$11, DW_AT_name("unsigned int")
     753                      .dwattr $C$DW$T$11, DW_AT_byte_size(0x01)
     754              
     755                      .dwendtag $C$DW$TU$11
     756              
     757              
     758              $C$DW$TU$12     .dwtag  DW_TAG_type_unit
     759                      .dwmtype  $C$DW$T$12
     760              $C$DW$T$12      .dwtag  DW_TAG_base_type
     761                      .dwattr $C$DW$T$12, DW_AT_encoding(DW_ATE_signed)
     762                      .dwattr $C$DW$T$12, DW_AT_name("long")
     763                      .dwattr $C$DW$T$12, DW_AT_byte_size(0x02)
     764              
     765                      .dwendtag $C$DW$TU$12
     766              
     767              
     768              $C$DW$TU$50     .dwtag  DW_TAG_type_unit
     769                      .dwmtype  $C$DW$T$50
     770              $C$DW$T$50      .dwtag  DW_TAG_typedef
     771                      .dwattr $C$DW$T$50, DW_AT_name("__int32_t")
     772                      .dwattr $C$DW$T$50, DW_AT_type(*$C$DW$T$12)
TMS320C2000 Assembler Unix v25.11.0 Sun May 31 21:09:06 2026

Copyright (c) 1996-2018 Texas Instruments Incorporated
pwm_iface.asm                                                        PAGE   16

     773                      .dwattr $C$DW$T$50, DW_AT_decl_file("/home/jose/ti/ccs2051/ccs/tools/compiler/ti-cgt-c2000_25.11.0.LT
     774                      .dwattr $C$DW$T$50, DW_AT_decl_line(0x42)
     775                      .dwattr $C$DW$T$50, DW_AT_decl_column(0x1d)
     776              
     777                      .dwendtag $C$DW$TU$50
     778              
     779              
     780              $C$DW$TU$51     .dwtag  DW_TAG_type_unit
     781                      .dwmtype  $C$DW$T$51
     782              $C$DW$T$51      .dwtag  DW_TAG_typedef
     783                      .dwattr $C$DW$T$51, DW_AT_name("int32_t")
     784                      .dwattr $C$DW$T$51, DW_AT_type(*$C$DW$T$50)
     785                      .dwattr $C$DW$T$51, DW_AT_decl_file("/home/jose/ti/ccs2051/ccs/tools/compiler/ti-cgt-c2000_25.11.0.LT
     786                      .dwattr $C$DW$T$51, DW_AT_decl_line(0x30)
     787                      .dwattr $C$DW$T$51, DW_AT_decl_column(0x14)
     788              
     789                      .dwendtag $C$DW$TU$51
     790              
     791              
     792              $C$DW$TU$13     .dwtag  DW_TAG_type_unit
     793                      .dwmtype  $C$DW$T$13
     794              $C$DW$T$13      .dwtag  DW_TAG_base_type
     795                      .dwattr $C$DW$T$13, DW_AT_encoding(DW_ATE_unsigned)
     796                      .dwattr $C$DW$T$13, DW_AT_name("unsigned long")
     797                      .dwattr $C$DW$T$13, DW_AT_byte_size(0x02)
     798              
     799                      .dwendtag $C$DW$TU$13
     800              
     801              
     802              $C$DW$TU$39     .dwtag  DW_TAG_type_unit
     803                      .dwmtype  $C$DW$T$39
     804              $C$DW$T$39      .dwtag  DW_TAG_typedef
     805                      .dwattr $C$DW$T$39, DW_AT_name("__uint32_t")
     806                      .dwattr $C$DW$T$39, DW_AT_type(*$C$DW$T$13)
     807                      .dwattr $C$DW$T$39, DW_AT_decl_file("/home/jose/ti/ccs2051/ccs/tools/compiler/ti-cgt-c2000_25.11.0.LT
     808                      .dwattr $C$DW$T$39, DW_AT_decl_line(0x43)
     809                      .dwattr $C$DW$T$39, DW_AT_decl_column(0x1c)
     810              
     811                      .dwendtag $C$DW$TU$39
     812              
     813              
     814              $C$DW$TU$40     .dwtag  DW_TAG_type_unit
     815                      .dwmtype  $C$DW$T$40
     816              $C$DW$T$40      .dwtag  DW_TAG_typedef
     817                      .dwattr $C$DW$T$40, DW_AT_name("uint32_t")
     818                      .dwattr $C$DW$T$40, DW_AT_type(*$C$DW$T$39)
     819                      .dwattr $C$DW$T$40, DW_AT_decl_file("/home/jose/ti/ccs2051/ccs/tools/compiler/ti-cgt-c2000_25.11.0.LT
     820                      .dwattr $C$DW$T$40, DW_AT_decl_line(0x46)
     821                      .dwattr $C$DW$T$40, DW_AT_decl_column(0x15)
     822              
     823                      .dwendtag $C$DW$TU$40
     824              
     825              
     826              $C$DW$TU$14     .dwtag  DW_TAG_type_unit
     827                      .dwmtype  $C$DW$T$14
TMS320C2000 Assembler Unix v25.11.0 Sun May 31 21:09:06 2026

Copyright (c) 1996-2018 Texas Instruments Incorporated
pwm_iface.asm                                                        PAGE   17

     828              $C$DW$T$14      .dwtag  DW_TAG_base_type
     829                      .dwattr $C$DW$T$14, DW_AT_encoding(DW_ATE_signed)
     830                      .dwattr $C$DW$T$14, DW_AT_name("long long")
     831                      .dwattr $C$DW$T$14, DW_AT_byte_size(0x04)
     832              
     833                      .dwendtag $C$DW$TU$14
     834              
     835              
     836              $C$DW$TU$15     .dwtag  DW_TAG_type_unit
     837                      .dwmtype  $C$DW$T$15
     838              $C$DW$T$15      .dwtag  DW_TAG_base_type
     839                      .dwattr $C$DW$T$15, DW_AT_encoding(DW_ATE_unsigned)
     840                      .dwattr $C$DW$T$15, DW_AT_name("unsigned long long")
     841                      .dwattr $C$DW$T$15, DW_AT_byte_size(0x04)
     842              
     843                      .dwendtag $C$DW$TU$15
     844              
     845              
     846              $C$DW$TU$16     .dwtag  DW_TAG_type_unit
     847                      .dwmtype  $C$DW$T$16
     848              $C$DW$T$16      .dwtag  DW_TAG_base_type
     849                      .dwattr $C$DW$T$16, DW_AT_encoding(DW_ATE_float)
     850                      .dwattr $C$DW$T$16, DW_AT_name("float")
     851                      .dwattr $C$DW$T$16, DW_AT_byte_size(0x02)
     852              
     853                      .dwendtag $C$DW$TU$16
     854              
     855              
     856              $C$DW$TU$19     .dwtag  DW_TAG_type_unit
     857                      .dwmtype  $C$DW$T$19
     858              $C$DW$T$19      .dwtag  DW_TAG_typedef
     859                      .dwattr $C$DW$T$19, DW_AT_name("float32_t")
     860                      .dwattr $C$DW$T$19, DW_AT_type(*$C$DW$T$16)
     861                      .dwattr $C$DW$T$19, DW_AT_decl_file("/home/jose/ti/c2000/C2000Ware_26_01_00_00/driverlib/f2837xd/driv
     862                      .dwattr $C$DW$T$19, DW_AT_decl_line(0x66)
     863                      .dwattr $C$DW$T$19, DW_AT_decl_column(0x17)
     864              
     865                      .dwendtag $C$DW$TU$19
     866              
     867              
     868              $C$DW$TU$20     .dwtag  DW_TAG_type_unit
     869                      .dwmtype  $C$DW$T$20
     870              
     871              $C$DW$T$20      .dwtag  DW_TAG_array_type
     872                      .dwattr $C$DW$T$20, DW_AT_type(*$C$DW$T$19)
     873                      .dwattr $C$DW$T$20, DW_AT_byte_size(0x06)
     874              $C$DW$32        .dwtag  DW_TAG_subrange_type
     875                      .dwattr $C$DW$32, DW_AT_upper_bound(0x02)
     876              
     877                      .dwendtag $C$DW$T$20
     878              
     879                      .dwendtag $C$DW$TU$20
     880              
     881              
     882              $C$DW$TU$17     .dwtag  DW_TAG_type_unit
TMS320C2000 Assembler Unix v25.11.0 Sun May 31 21:09:06 2026

Copyright (c) 1996-2018 Texas Instruments Incorporated
pwm_iface.asm                                                        PAGE   18

     883                      .dwmtype  $C$DW$T$17
     884              $C$DW$T$17      .dwtag  DW_TAG_base_type
     885                      .dwattr $C$DW$T$17, DW_AT_encoding(DW_ATE_float)
     886                      .dwattr $C$DW$T$17, DW_AT_name("double")
     887                      .dwattr $C$DW$T$17, DW_AT_byte_size(0x04)
     888              
     889                      .dwendtag $C$DW$TU$17
     890              
     891              
     892              $C$DW$TU$18     .dwtag  DW_TAG_type_unit
     893                      .dwmtype  $C$DW$T$18
     894              $C$DW$T$18      .dwtag  DW_TAG_base_type
     895                      .dwattr $C$DW$T$18, DW_AT_encoding(DW_ATE_float)
     896                      .dwattr $C$DW$T$18, DW_AT_name("long double")
     897                      .dwattr $C$DW$T$18, DW_AT_byte_size(0x04)
     898              
     899                      .dwendtag $C$DW$TU$18
     900              

No Assembly Errors, No Assembly Warnings
