TMS320C2000 Assembler Unix v25.11.0 Sat May 30 20:22:51 2026

Copyright (c) 1996-2018 Texas Instruments Incorporated
safety.asm                                                           PAGE    1

       1              ;***************************************************************
       2              ;* TMS320C2000 G3 C/C++ Codegen                         Unix v25.11.0.LTS *
       3              ;* Date/Time created: Sat May 30 20:22:51 2026                 *
       4              ;***************************************************************
       5                      .compiler_opts --abi=eabi --cla_support=cla1 --diag_wrap=off --float_support=fpu32 --hll_source=on --
       6                      .asg    XAR2, FP
       7              
       8              $C$DW$CU        .dwtag  DW_TAG_compile_unit
       9                      .dwattr $C$DW$CU, DW_AT_name("../src/safety.c")
      10                      .dwattr $C$DW$CU, DW_AT_producer("TI TMS320C2000 G3 C/C++ Codegen Unix v25.11.0.LTS Copyright (c) 199
      11                      .dwattr $C$DW$CU, DW_AT_TI_version(0x01)
      12                      .dwattr $C$DW$CU, DW_AT_comp_dir("/home/jose/workspace_ccstheia/foc_f28379d/Debug_BOOSTXL_Teknic_QEP"
      13              
      14              $C$DW$1 .dwtag  DW_TAG_subprogram
      15                      .dwattr $C$DW$1, DW_AT_name("sm_raise_fault")
      16                      .dwattr $C$DW$1, DW_AT_linkage_name("sm_raise_fault")
      17                      .dwattr $C$DW$1, DW_AT_declaration
      18                      .dwattr $C$DW$1, DW_AT_external
      19                      .dwattr $C$DW$1, DW_AT_decl_file("/home/jose/workspace_ccstheia/foc_f28379d/include/foc_state_machine
      20                      .dwattr $C$DW$1, DW_AT_decl_line(0x22)
      21                      .dwattr $C$DW$1, DW_AT_decl_column(0x15)
      22              $C$DW$2 .dwtag  DW_TAG_formal_parameter
      23                      .dwattr $C$DW$2, DW_AT_type(*$C$DW$T$54)
      24              
      25                      .dwendtag $C$DW$1
      26              
      27 00000000               .bss    ||s_latched||,1,1,0
      28              $C$DW$3 .dwtag  DW_TAG_variable
      29                      .dwattr $C$DW$3, DW_AT_name("s_latched")
      30                      .dwattr $C$DW$3, DW_AT_linkage_name("s_latched")
      31                      .dwattr $C$DW$3, DW_AT_type(*$C$DW$T$59)
      32                      .dwattr $C$DW$3, DW_AT_location[DW_OP_addr ||s_latched||]
      33                      .dwattr $C$DW$3, DW_AT_decl_file("../src/safety.c")
      34                      .dwattr $C$DW$3, DW_AT_decl_line(0x0f)
      35                      .dwattr $C$DW$3, DW_AT_decl_column(0x1a)
      36              
      37                      .global ||g_dbg_fault_code||
      38 00000001               .bss    ||g_dbg_fault_code||,1,1,0
      39              $C$DW$4 .dwtag  DW_TAG_variable
      40                      .dwattr $C$DW$4, DW_AT_name("g_dbg_fault_code")
      41                      .dwattr $C$DW$4, DW_AT_linkage_name("g_dbg_fault_code")
      42                      .dwattr $C$DW$4, DW_AT_location[DW_OP_addr ||g_dbg_fault_code||]
      43                      .dwattr $C$DW$4, DW_AT_type(*$C$DW$T$59)
      44                      .dwattr $C$DW$4, DW_AT_external
      45                      .dwattr $C$DW$4, DW_AT_decl_file("../src/safety.c")
      46                      .dwattr $C$DW$4, DW_AT_decl_line(0x16)
      47                      .dwattr $C$DW$4, DW_AT_decl_column(0x13)
      48              
      49              
      50              $C$DW$5 .dwtag  DW_TAG_subprogram
      51                      .dwattr $C$DW$5, DW_AT_name("sm_get_state")
      52                      .dwattr $C$DW$5, DW_AT_linkage_name("sm_get_state")
      53                      .dwattr $C$DW$5, DW_AT_type(*$C$DW$T$35)
      54                      .dwattr $C$DW$5, DW_AT_declaration
      55                      .dwattr $C$DW$5, DW_AT_external
TMS320C2000 Assembler Unix v25.11.0 Sat May 30 20:22:51 2026

Copyright (c) 1996-2018 Texas Instruments Incorporated
safety.asm                                                           PAGE    2

      56                      .dwattr $C$DW$5, DW_AT_decl_file("/home/jose/workspace_ccstheia/foc_f28379d/include/foc_state_machine
      57                      .dwattr $C$DW$5, DW_AT_decl_line(0x16)
      58                      .dwattr $C$DW$5, DW_AT_decl_column(0x15)
      59                      .dwendtag $C$DW$5
      60              
      61              
      62              $C$DW$6 .dwtag  DW_TAG_subprogram
      63                      .dwattr $C$DW$6, DW_AT_name("inverter_is_faulted")
      64                      .dwattr $C$DW$6, DW_AT_linkage_name("inverter_is_faulted")
      65                      .dwattr $C$DW$6, DW_AT_type(*$C$DW$T$67)
      66                      .dwattr $C$DW$6, DW_AT_declaration
      67                      .dwattr $C$DW$6, DW_AT_external
      68                      .dwattr $C$DW$6, DW_AT_decl_file("/home/jose/workspace_ccstheia/foc_f28379d/include/inverter_iface.h"
      69                      .dwattr $C$DW$6, DW_AT_decl_line(0x11)
      70                      .dwattr $C$DW$6, DW_AT_decl_column(0x0d)
      71                      .dwendtag $C$DW$6
      72              
      73              
      74              $C$DW$7 .dwtag  DW_TAG_subprogram
      75                      .dwattr $C$DW$7, DW_AT_name("foc_get_signals")
      76                      .dwattr $C$DW$7, DW_AT_linkage_name("foc_get_signals")
      77                      .dwattr $C$DW$7, DW_AT_type(*$C$DW$T$51)
      78                      .dwattr $C$DW$7, DW_AT_declaration
      79                      .dwattr $C$DW$7, DW_AT_external
      80                      .dwattr $C$DW$7, DW_AT_decl_file("/home/jose/workspace_ccstheia/foc_f28379d/include/foc_pipeline.h")
      81                      .dwattr $C$DW$7, DW_AT_decl_line(0x11)
      82                      .dwattr $C$DW$7, DW_AT_decl_column(0x1e)
      83                      .dwendtag $C$DW$7
      84              
      85              
      86              $C$DW$8 .dwtag  DW_TAG_subprogram
      87                      .dwattr $C$DW$8, DW_AT_name("foc_get_refs")
      88                      .dwattr $C$DW$8, DW_AT_linkage_name("foc_get_refs")
      89                      .dwattr $C$DW$8, DW_AT_type(*$C$DW$T$40)
      90                      .dwattr $C$DW$8, DW_AT_declaration
      91                      .dwattr $C$DW$8, DW_AT_external
      92                      .dwattr $C$DW$8, DW_AT_decl_file("/home/jose/workspace_ccstheia/foc_f28379d/include/foc_pipeline.h")
      93                      .dwattr $C$DW$8, DW_AT_decl_line(0x0e)
      94                      .dwattr $C$DW$8, DW_AT_decl_column(0x15)
      95                      .dwendtag $C$DW$8
      96              
      97                      .sblock ".bss"
      98              ;       /home/jose/ti/ccs2051/ccs/tools/compiler/ti-cgt-c2000_25.11.0.LTS/bin/opt2000 /tmp/TI6Yq0ROvR8 /tmp/T
      99              ;       /home/jose/ti/ccs2051/ccs/tools/compiler/ti-cgt-c2000_25.11.0.LTS/bin/acia2000 -@/tmp/TI6YqLRSc1K 
     100 00000000               .sect   ".text:safety_latch"
     101                      .clink
     102                      .global ||safety_latch||
     103              
     104              $C$DW$9 .dwtag  DW_TAG_subprogram
     105                      .dwattr $C$DW$9, DW_AT_name("safety_latch")
     106                      .dwattr $C$DW$9, DW_AT_low_pc(||safety_latch||)
     107                      .dwattr $C$DW$9, DW_AT_high_pc(0x00)
     108                      .dwattr $C$DW$9, DW_AT_linkage_name("safety_latch")
     109                      .dwattr $C$DW$9, DW_AT_external
     110                      .dwattr $C$DW$9, DW_AT_decl_file("../src/safety.c")
TMS320C2000 Assembler Unix v25.11.0 Sat May 30 20:22:51 2026

Copyright (c) 1996-2018 Texas Instruments Incorporated
safety.asm                                                           PAGE    3

     111                      .dwattr $C$DW$9, DW_AT_decl_line(0x19)
     112                      .dwattr $C$DW$9, DW_AT_decl_column(0x06)
     113                      .dwattr $C$DW$9, DW_AT_TI_max_frame_size(-2)
     114                      .dwpsn  file "../src/safety.c",line 25,column 31,is_stmt,address ||safety_latch||,isa 0
     115              
     116                      .dwfde $C$DW$CIE, ||safety_latch||
     117              $C$DW$10        .dwtag  DW_TAG_formal_parameter
     118                      .dwattr $C$DW$10, DW_AT_name("b")
     119                      .dwattr $C$DW$10, DW_AT_type(*$C$DW$T$54)
     120                      .dwattr $C$DW$10, DW_AT_location[DW_OP_reg0]
     121              
     122              
     123              ;***************************************************************
     124              ;* FNAME: safety_latch                  FR SIZE:   0           *
     125              ;*                                                             *
     126              ;* FUNCTION ENVIRONMENT                                        *
     127              ;*                                                             *
     128              ;* FUNCTION PROPERTIES                                         *
     129              ;*                            0 Parameter,  0 Auto,  0 SOE     *
     130              ;***************************************************************
     131              
     132              ||safety_latch||:
     133              ;* AL    assigned to b
     134              $C$DW$11        .dwtag  DW_TAG_variable
     135                      .dwattr $C$DW$11, DW_AT_name("b")
     136                      .dwattr $C$DW$11, DW_AT_type(*$C$DW$T$60)
     137                      .dwattr $C$DW$11, DW_AT_location[DW_OP_reg0]
     138              
     139                      .dwcfi  cfa_offset, -2
     140                      .dwcfi  save_reg_to_mem, 26, 0
     141 00000000 761F!         MOVW      DP,#||s_latched||     ; [CPU_ARAU] 
         00000001 0000 
     142                      .dwpsn  file "../src/safety.c",line 25,column 33,is_stmt,isa 0
     143 00000002 9800!         OR        @||s_latched||,AL     ; [CPU_ALU] |25| 
     144              $C$DW$12        .dwtag  DW_TAG_TI_branch
     145                      .dwattr $C$DW$12, DW_AT_low_pc(0x00)
     146                      .dwattr $C$DW$12, DW_AT_TI_return
     147              
     148 00000003 0006          LRETR     ; [CPU_ALU] 
     149                      ; return occurs ; [] 
     150                      .dwattr $C$DW$9, DW_AT_TI_end_file("../src/safety.c")
     151                      .dwattr $C$DW$9, DW_AT_TI_end_line(0x19)
     152                      .dwattr $C$DW$9, DW_AT_TI_end_column(0x31)
     153                      .dwendentry
     154                      .dwendtag $C$DW$9
     155              
     156 00000000               .sect   ".text:safety_is_clear"
     157                      .clink
     158                      .global ||safety_is_clear||
     159              
     160              $C$DW$13        .dwtag  DW_TAG_subprogram
     161                      .dwattr $C$DW$13, DW_AT_name("safety_is_clear")
     162                      .dwattr $C$DW$13, DW_AT_low_pc(||safety_is_clear||)
     163                      .dwattr $C$DW$13, DW_AT_high_pc(0x00)
     164                      .dwattr $C$DW$13, DW_AT_linkage_name("safety_is_clear")
TMS320C2000 Assembler Unix v25.11.0 Sat May 30 20:22:51 2026

Copyright (c) 1996-2018 Texas Instruments Incorporated
safety.asm                                                           PAGE    4

     165                      .dwattr $C$DW$13, DW_AT_external
     166                      .dwattr $C$DW$13, DW_AT_type(*$C$DW$T$67)
     167                      .dwattr $C$DW$13, DW_AT_decl_file("../src/safety.c")
     168                      .dwattr $C$DW$13, DW_AT_decl_line(0x1a)
     169                      .dwattr $C$DW$13, DW_AT_decl_column(0x06)
     170                      .dwattr $C$DW$13, DW_AT_TI_max_frame_size(-2)
     171                      .dwpsn  file "../src/safety.c",line 26,column 31,is_stmt,address ||safety_is_clear||,isa 0
     172              
     173                      .dwfde $C$DW$CIE, ||safety_is_clear||
     174              
     175              ;***************************************************************
     176              ;* FNAME: safety_is_clear               FR SIZE:   0           *
     177              ;*                                                             *
     178              ;* FUNCTION ENVIRONMENT                                        *
     179              ;*                                                             *
     180              ;* FUNCTION PROPERTIES                                         *
     181              ;*                            0 Parameter,  0 Auto,  0 SOE     *
     182              ;***************************************************************
     183              
     184 00000000       ||safety_is_clear||:
     185                      .dwcfi  cfa_offset, -2
     186                      .dwcfi  save_reg_to_mem, 26, 0
     187 00000000 761F!         MOVW      DP,#||s_latched||     ; [CPU_ARAU] 
         00000001 0000 
     188                      .dwpsn  file "../src/safety.c",line 26,column 33,is_stmt,isa 0
     189 00000002 9A00          MOVB      AL,#0                 ; [CPU_ALU] |26| 
     190 00000003 9300!         MOV       AH,@||s_latched||     ; [CPU_ALU] |26| 
     191 00000004 5300          CMPB      AH,#0                 ; [CPU_ALU] |26| 
     192 00000005 56B1          MOVB      AL,#1,EQ              ; [CPU_ALU] |26| 
         00000006 01A9 
     193              $C$DW$14        .dwtag  DW_TAG_TI_branch
     194                      .dwattr $C$DW$14, DW_AT_low_pc(0x00)
     195                      .dwattr $C$DW$14, DW_AT_TI_return
     196              
     197 00000007 0006          LRETR     ; [CPU_ALU] 
     198                      ; return occurs ; [] 
     199                      .dwattr $C$DW$13, DW_AT_TI_end_file("../src/safety.c")
     200                      .dwattr $C$DW$13, DW_AT_TI_end_line(0x1a)
     201                      .dwattr $C$DW$13, DW_AT_TI_end_column(0x38)
     202                      .dwendentry
     203                      .dwendtag $C$DW$13
     204              
     205 00000000               .sect   ".text:safety_init"
     206                      .clink
     207                      .global ||safety_init||
     208              
     209              $C$DW$15        .dwtag  DW_TAG_subprogram
     210                      .dwattr $C$DW$15, DW_AT_name("safety_init")
     211                      .dwattr $C$DW$15, DW_AT_low_pc(||safety_init||)
     212                      .dwattr $C$DW$15, DW_AT_high_pc(0x00)
     213                      .dwattr $C$DW$15, DW_AT_linkage_name("safety_init")
     214                      .dwattr $C$DW$15, DW_AT_external
     215                      .dwattr $C$DW$15, DW_AT_decl_file("../src/safety.c")
     216                      .dwattr $C$DW$15, DW_AT_decl_line(0x18)
     217                      .dwattr $C$DW$15, DW_AT_decl_column(0x06)
TMS320C2000 Assembler Unix v25.11.0 Sat May 30 20:22:51 2026

Copyright (c) 1996-2018 Texas Instruments Incorporated
safety.asm                                                           PAGE    5

     218                      .dwattr $C$DW$15, DW_AT_TI_max_frame_size(-2)
     219                      .dwpsn  file "../src/safety.c",line 24,column 31,is_stmt,address ||safety_init||,isa 0
     220              
     221                      .dwfde $C$DW$CIE, ||safety_init||
     222              
     223              ;***************************************************************
     224              ;* FNAME: safety_init                   FR SIZE:   0           *
     225              ;*                                                             *
     226              ;* FUNCTION ENVIRONMENT                                        *
     227              ;*                                                             *
     228              ;* FUNCTION PROPERTIES                                         *
     229              ;*                            0 Parameter,  0 Auto,  0 SOE     *
     230              ;***************************************************************
     231              
     232 00000000       ||safety_init||:
     233                      .dwcfi  cfa_offset, -2
     234                      .dwcfi  save_reg_to_mem, 26, 0
     235 00000000 761F!         MOVW      DP,#||s_latched||     ; [CPU_ARAU] 
         00000001 0000 
     236                      .dwpsn  file "../src/safety.c",line 24,column 33,is_stmt,isa 0
     237 00000002 2B00!         MOV       @||s_latched||,#0     ; [CPU_ALU] |24| 
     238              $C$DW$16        .dwtag  DW_TAG_TI_branch
     239                      .dwattr $C$DW$16, DW_AT_low_pc(0x00)
     240                      .dwattr $C$DW$16, DW_AT_TI_return
     241              
     242 00000003 0006          LRETR     ; [CPU_ALU] 
     243                      ; return occurs ; [] 
     244                      .dwattr $C$DW$15, DW_AT_TI_end_file("../src/safety.c")
     245                      .dwattr $C$DW$15, DW_AT_TI_end_line(0x18)
     246                      .dwattr $C$DW$15, DW_AT_TI_end_column(0x30)
     247                      .dwendentry
     248                      .dwendtag $C$DW$15
     249              
     250 00000000               .sect   ".text:safety_get_latched"
     251                      .clink
     252                      .global ||safety_get_latched||
     253              
     254              $C$DW$17        .dwtag  DW_TAG_subprogram
     255                      .dwattr $C$DW$17, DW_AT_name("safety_get_latched")
     256                      .dwattr $C$DW$17, DW_AT_low_pc(||safety_get_latched||)
     257                      .dwattr $C$DW$17, DW_AT_high_pc(0x00)
     258                      .dwattr $C$DW$17, DW_AT_linkage_name("safety_get_latched")
     259                      .dwattr $C$DW$17, DW_AT_external
     260                      .dwattr $C$DW$17, DW_AT_type(*$C$DW$T$54)
     261                      .dwattr $C$DW$17, DW_AT_decl_file("../src/safety.c")
     262                      .dwattr $C$DW$17, DW_AT_decl_line(0x1b)
     263                      .dwattr $C$DW$17, DW_AT_decl_column(0x0a)
     264                      .dwattr $C$DW$17, DW_AT_TI_max_frame_size(-2)
     265                      .dwpsn  file "../src/safety.c",line 27,column 35,is_stmt,address ||safety_get_latched||,isa 0
     266              
     267                      .dwfde $C$DW$CIE, ||safety_get_latched||
     268              
     269              ;***************************************************************
     270              ;* FNAME: safety_get_latched            FR SIZE:   0           *
     271              ;*                                                             *
TMS320C2000 Assembler Unix v25.11.0 Sat May 30 20:22:51 2026

Copyright (c) 1996-2018 Texas Instruments Incorporated
safety.asm                                                           PAGE    6

     272              ;* FUNCTION ENVIRONMENT                                        *
     273              ;*                                                             *
     274              ;* FUNCTION PROPERTIES                                         *
     275              ;*                            0 Parameter,  0 Auto,  0 SOE     *
     276              ;***************************************************************
     277              
     278 00000000       ||safety_get_latched||:
     279                      .dwcfi  cfa_offset, -2
     280                      .dwcfi  save_reg_to_mem, 26, 0
     281 00000000 761F!         MOVW      DP,#||s_latched||     ; [CPU_ARAU] 
         00000001 0000 
     282                      .dwpsn  file "../src/safety.c",line 27,column 37,is_stmt,isa 0
     283 00000002 9200!         MOV       AL,@||s_latched||     ; [CPU_ALU] |27| 
     284              $C$DW$18        .dwtag  DW_TAG_TI_branch
     285                      .dwattr $C$DW$18, DW_AT_low_pc(0x00)
     286                      .dwattr $C$DW$18, DW_AT_TI_return
     287              
     288 00000003 0006          LRETR     ; [CPU_ALU] 
     289                      ; return occurs ; [] 
     290                      .dwattr $C$DW$17, DW_AT_TI_end_file("../src/safety.c")
     291                      .dwattr $C$DW$17, DW_AT_TI_end_line(0x1b)
     292                      .dwattr $C$DW$17, DW_AT_TI_end_column(0x37)
     293                      .dwendentry
     294                      .dwendtag $C$DW$17
     295              
     296 00000000               .sect   ".text:safety_clear"
     297                      .clink
     298                      .global ||safety_clear||
     299              
     300              $C$DW$19        .dwtag  DW_TAG_subprogram
     301                      .dwattr $C$DW$19, DW_AT_name("safety_clear")
     302                      .dwattr $C$DW$19, DW_AT_low_pc(||safety_clear||)
     303                      .dwattr $C$DW$19, DW_AT_high_pc(0x00)
     304                      .dwattr $C$DW$19, DW_AT_linkage_name("safety_clear")
     305                      .dwattr $C$DW$19, DW_AT_external
     306                      .dwattr $C$DW$19, DW_AT_decl_file("../src/safety.c")
     307                      .dwattr $C$DW$19, DW_AT_decl_line(0x1c)
     308                      .dwattr $C$DW$19, DW_AT_decl_column(0x06)
     309                      .dwattr $C$DW$19, DW_AT_TI_max_frame_size(-2)
     310                      .dwpsn  file "../src/safety.c",line 28,column 31,is_stmt,address ||safety_clear||,isa 0
     311              
     312                      .dwfde $C$DW$CIE, ||safety_clear||
     313              
     314              ;***************************************************************
     315              ;* FNAME: safety_clear                  FR SIZE:   0           *
     316              ;*                                                             *
     317              ;* FUNCTION ENVIRONMENT                                        *
     318              ;*                                                             *
     319              ;* FUNCTION PROPERTIES                                         *
     320              ;*                            0 Parameter,  0 Auto,  0 SOE     *
     321              ;***************************************************************
     322              
     323 00000000       ||safety_clear||:
     324                      .dwcfi  cfa_offset, -2
     325                      .dwcfi  save_reg_to_mem, 26, 0
TMS320C2000 Assembler Unix v25.11.0 Sat May 30 20:22:51 2026

Copyright (c) 1996-2018 Texas Instruments Incorporated
safety.asm                                                           PAGE    7

     326 00000000 761F!         MOVW      DP,#||s_latched||     ; [CPU_ARAU] 
         00000001 0000 
     327                      .dwpsn  file "../src/safety.c",line 28,column 33,is_stmt,isa 0
     328 00000002 2B00!         MOV       @||s_latched||,#0     ; [CPU_ALU] |28| 
     329              $C$DW$20        .dwtag  DW_TAG_TI_branch
     330                      .dwattr $C$DW$20, DW_AT_low_pc(0x00)
     331                      .dwattr $C$DW$20, DW_AT_TI_return
     332              
     333 00000003 0006          LRETR     ; [CPU_ALU] 
     334                      ; return occurs ; [] 
     335                      .dwattr $C$DW$19, DW_AT_TI_end_file("../src/safety.c")
     336                      .dwattr $C$DW$19, DW_AT_TI_end_line(0x1c)
     337                      .dwattr $C$DW$19, DW_AT_TI_end_column(0x30)
     338                      .dwendentry
     339                      .dwendtag $C$DW$19
     340              
     341 00000000               .sect   ".text:safety_check_isr"
     342                      .clink
     343                      .global ||safety_check_isr||
     344              
     345              $C$DW$21        .dwtag  DW_TAG_subprogram
     346                      .dwattr $C$DW$21, DW_AT_name("safety_check_isr")
     347                      .dwattr $C$DW$21, DW_AT_low_pc(||safety_check_isr||)
     348                      .dwattr $C$DW$21, DW_AT_high_pc(0x00)
     349                      .dwattr $C$DW$21, DW_AT_linkage_name("safety_check_isr")
     350                      .dwattr $C$DW$21, DW_AT_external
     351                      .dwattr $C$DW$21, DW_AT_decl_file("../src/safety.c")
     352                      .dwattr $C$DW$21, DW_AT_decl_line(0x1e)
     353                      .dwattr $C$DW$21, DW_AT_decl_column(0x06)
     354                      .dwattr $C$DW$21, DW_AT_TI_max_frame_size(-8)
     355                      .dwpsn  file "../src/safety.c",line 31,column 1,is_stmt,address ||safety_check_isr||,isa 0
     356              
     357                      .dwfde $C$DW$CIE, ||safety_check_isr||
     358              
     359              ;***************************************************************
     360              ;* FNAME: safety_check_isr              FR SIZE:   6           *
     361              ;*                                                             *
     362              ;* FUNCTION ENVIRONMENT                                        *
     363              ;*                                                             *
     364              ;* FUNCTION PROPERTIES                                         *
     365              ;*                            2 Parameter,  0 Auto,  4 SOE     *
     366              ;***************************************************************
     367              
     368              ||safety_check_isr||:
     369              ;* R0    assigned to $O$U8
     370              ;* R0    assigned to $O$U17
     371              ;* R0    assigned to $O$U24
     372              ;* AR2   assigned to s
     373              $C$DW$22        .dwtag  DW_TAG_variable
     374                      .dwattr $C$DW$22, DW_AT_name("s")
     375                      .dwattr $C$DW$22, DW_AT_type(*$C$DW$T$51)
     376                      .dwattr $C$DW$22, DW_AT_location[DW_OP_reg8]
     377              
     378              ;* AR1   assigned to st
     379              $C$DW$23        .dwtag  DW_TAG_variable
TMS320C2000 Assembler Unix v25.11.0 Sat May 30 20:22:51 2026

Copyright (c) 1996-2018 Texas Instruments Incorporated
safety.asm                                                           PAGE    8

     380                      .dwattr $C$DW$23, DW_AT_name("st")
     381                      .dwattr $C$DW$23, DW_AT_type(*$C$DW$T$35)
     382                      .dwattr $C$DW$23, DW_AT_location[DW_OP_reg6]
     383              
     384              ;* R0    assigned to vbus
     385              $C$DW$24        .dwtag  DW_TAG_variable
     386                      .dwattr $C$DW$24, DW_AT_name("vbus")
     387                      .dwattr $C$DW$24, DW_AT_type(*$C$DW$T$16)
     388                      .dwattr $C$DW$24, DW_AT_location[DW_OP_regx 0x2b]
     389              
     390                      .dwcfi  cfa_offset, -2
     391                      .dwcfi  save_reg_to_mem, 26, 0
     392 00000000 B2BD          MOVL      *SP++,XAR1            ; [CPU_ALU] 
     393                      .dwcfi  save_reg_to_mem, 7, 2
     394                      .dwcfi  cfa_offset, -4
     395 00000001 AABD          MOVL      *SP++,XAR2            ; [CPU_ALU] 
     396                      .dwcfi  save_reg_to_mem, 9, 4
     397                      .dwcfi  cfa_offset, -6
     398 00000002 FE02          ADDB      SP,#2                 ; [CPU_ARAU] 
     399                      .dwcfi  cfa_offset, -8
     400                      .dwpsn  file "../src/safety.c",line 32,column 28,is_stmt,isa 0
     401              $C$DW$25        .dwtag  DW_TAG_TI_branch
     402                      .dwattr $C$DW$25, DW_AT_low_pc(0x00)
     403                      .dwattr $C$DW$25, DW_AT_name("foc_get_signals")
     404                      .dwattr $C$DW$25, DW_AT_TI_call
     405              
     406 00000003 7640!         LCR       #||foc_get_signals||  ; [CPU_ALU] |32| 
         00000004 0000 
     407                      ; call occurs [#||foc_get_signals||] ; [] |32| 
     408 00000005 86A4          MOVL      XAR2,XAR4             ; [CPU_ALU] |32| 
     409                      .dwpsn  file "../src/safety.c",line 33,column 20,is_stmt,isa 0
     410              $C$DW$26        .dwtag  DW_TAG_TI_branch
     411                      .dwattr $C$DW$26, DW_AT_low_pc(0x00)
     412                      .dwattr $C$DW$26, DW_AT_name("sm_get_state")
     413                      .dwattr $C$DW$26, DW_AT_TI_call
     414              
     415 00000006 7640!         LCR       #||sm_get_state||     ; [CPU_ALU] |33| 
         00000007 0000 
     416                      ; call occurs [#||sm_get_state||] ; [] |33| 
     417 00000008 5203          CMPB      AL,#3                 ; [CPU_ALU] |33| 
     418 00000009 59A9          MOVZ      AR1,AL                ; [CPU_FPU] |33| 
     419 0000000a 6103          B         ||$C$L1||,EQ          ; [CPU_ALU] |33| 
     420                      ; branchcc occurs ; [] |33| 
     421 0000000b 5202          CMPB      AL,#2                 ; [CPU_ALU] |33| 
     422 0000000c 6037          B         ||$C$L7||,NEQ         ; [CPU_ALU] |33| 
     423                      ; branchcc occurs ; [] |33| 
     424 0000000d       ||$C$L1||:    
     425                      .dwpsn  file "../src/safety.c",line 40,column 9,is_stmt,isa 0
     426 0000000d E2AF          MOV32     R0H,*+XAR2[0]         ; [CPU_FPU] |40| 
         0000000e 00C2 
     427 0000000f E812          CMPF32    R0H,#16640            ; [CPU_FPU] |40| 
         00000010 0800 
     428 00000011 AD14          MOVST0    ZF, NF                ; [CPU_FPU] |40| 
     429 00000012 6506          B         ||$C$L2||,LEQ         ; [CPU_ALU] |40| 
     430                      ; branchcc occurs ; [] |40| 
TMS320C2000 Assembler Unix v25.11.0 Sat May 30 20:22:51 2026

Copyright (c) 1996-2018 Texas Instruments Incorporated
safety.asm                                                           PAGE    9

     431                      .dwpsn  file "../src/safety.c",line 40,column 49,is_stmt,isa 0
     432 00000013 9A01          MOVB      AL,#1                 ; [CPU_ALU] |40| 
     433              $C$DW$27        .dwtag  DW_TAG_TI_branch
     434                      .dwattr $C$DW$27, DW_AT_low_pc(0x00)
     435                      .dwattr $C$DW$27, DW_AT_name("safety_latch")
     436                      .dwattr $C$DW$27, DW_AT_TI_call
     437              
     438 00000014 7640!         LCR       #||safety_latch||     ; [CPU_ALU] |40| 
         00000015 0000 
     439                      ; call occurs [#||safety_latch||] ; [] |40| 
     440 00000016 E2AF          MOV32     R0H,*+XAR2[0]         ; [CPU_FPU] 
         00000017 00C2 
     441 00000018       ||$C$L2||:    
     442                      .dwpsn  file "../src/safety.c",line 41,column 9,is_stmt,isa 0
     443 00000018 E816          CMPF32    R0H,#49408            ; [CPU_FPU] |41| 
         00000019 0800 
     444 0000001a AD14          MOVST0    ZF, NF                ; [CPU_FPU] |41| 
     445 0000001b 6304          B         ||$C$L3||,GEQ         ; [CPU_ALU] |41| 
     446                      ; branchcc occurs ; [] |41| 
     447                      .dwpsn  file "../src/safety.c",line 41,column 49,is_stmt,isa 0
     448 0000001c 9A01          MOVB      AL,#1                 ; [CPU_ALU] |41| 
     449              $C$DW$28        .dwtag  DW_TAG_TI_branch
     450                      .dwattr $C$DW$28, DW_AT_low_pc(0x00)
     451                      .dwattr $C$DW$28, DW_AT_name("safety_latch")
     452                      .dwattr $C$DW$28, DW_AT_TI_call
     453              
     454 0000001d 7640!         LCR       #||safety_latch||     ; [CPU_ALU] |41| 
         0000001e 0000 
     455                      ; call occurs [#||safety_latch||] ; [] |41| 
     456 0000001f       ||$C$L3||:    
     457                      .dwpsn  file "../src/safety.c",line 42,column 9,is_stmt,isa 0
     458 0000001f E2AF          MOV32     R0H,*+XAR2[2]         ; [CPU_FPU] |42| 
         00000020 00D2 
     459 00000021 E812          CMPF32    R0H,#16640            ; [CPU_FPU] |42| 
         00000022 0800 
     460 00000023 AD14          MOVST0    ZF, NF                ; [CPU_FPU] |42| 
     461 00000024 6506          B         ||$C$L4||,LEQ         ; [CPU_ALU] |42| 
     462                      ; branchcc occurs ; [] |42| 
     463                      .dwpsn  file "../src/safety.c",line 42,column 49,is_stmt,isa 0
     464 00000025 9A01          MOVB      AL,#1                 ; [CPU_ALU] |42| 
     465              $C$DW$29        .dwtag  DW_TAG_TI_branch
     466                      .dwattr $C$DW$29, DW_AT_low_pc(0x00)
     467                      .dwattr $C$DW$29, DW_AT_name("safety_latch")
     468                      .dwattr $C$DW$29, DW_AT_TI_call
     469              
     470 00000026 7640!         LCR       #||safety_latch||     ; [CPU_ALU] |42| 
         00000027 0000 
     471                      ; call occurs [#||safety_latch||] ; [] |42| 
     472 00000028 E2AF          MOV32     R0H,*+XAR2[2]         ; [CPU_FPU] 
         00000029 00D2 
     473 0000002a       ||$C$L4||:    
     474                      .dwpsn  file "../src/safety.c",line 43,column 9,is_stmt,isa 0
     475 0000002a E816          CMPF32    R0H,#49408            ; [CPU_FPU] |43| 
         0000002b 0800 
     476 0000002c AD14          MOVST0    ZF, NF                ; [CPU_FPU] |43| 
TMS320C2000 Assembler Unix v25.11.0 Sat May 30 20:22:51 2026

Copyright (c) 1996-2018 Texas Instruments Incorporated
safety.asm                                                           PAGE   10

     477 0000002d 6304          B         ||$C$L5||,GEQ         ; [CPU_ALU] |43| 
     478                      ; branchcc occurs ; [] |43| 
     479                      .dwpsn  file "../src/safety.c",line 43,column 49,is_stmt,isa 0
     480 0000002e 9A01          MOVB      AL,#1                 ; [CPU_ALU] |43| 
     481              $C$DW$30        .dwtag  DW_TAG_TI_branch
     482                      .dwattr $C$DW$30, DW_AT_low_pc(0x00)
     483                      .dwattr $C$DW$30, DW_AT_name("safety_latch")
     484                      .dwattr $C$DW$30, DW_AT_TI_call
     485              
     486 0000002f 7640!         LCR       #||safety_latch||     ; [CPU_ALU] |43| 
         00000030 0000 
     487                      ; call occurs [#||safety_latch||] ; [] |43| 
     488 00000031       ||$C$L5||:    
     489                      .dwpsn  file "../src/safety.c",line 44,column 9,is_stmt,isa 0
     490 00000031 E2AF          MOV32     R0H,*+XAR2[4]         ; [CPU_FPU] |44| 
         00000032 00E2 
     491 00000033 E812          CMPF32    R0H,#16640            ; [CPU_FPU] |44| 
         00000034 0800 
     492 00000035 AD14          MOVST0    ZF, NF                ; [CPU_FPU] |44| 
     493 00000036 6506          B         ||$C$L6||,LEQ         ; [CPU_ALU] |44| 
     494                      ; branchcc occurs ; [] |44| 
     495                      .dwpsn  file "../src/safety.c",line 44,column 49,is_stmt,isa 0
     496 00000037 9A01          MOVB      AL,#1                 ; [CPU_ALU] |44| 
     497              $C$DW$31        .dwtag  DW_TAG_TI_branch
     498                      .dwattr $C$DW$31, DW_AT_low_pc(0x00)
     499                      .dwattr $C$DW$31, DW_AT_name("safety_latch")
     500                      .dwattr $C$DW$31, DW_AT_TI_call
     501              
     502 00000038 7640!         LCR       #||safety_latch||     ; [CPU_ALU] |44| 
         00000039 0000 
     503                      ; call occurs [#||safety_latch||] ; [] |44| 
     504 0000003a E2AF          MOV32     R0H,*+XAR2[4]         ; [CPU_FPU] 
         0000003b 00E2 
     505 0000003c       ||$C$L6||:    
     506                      .dwpsn  file "../src/safety.c",line 45,column 9,is_stmt,isa 0
     507 0000003c E816          CMPF32    R0H,#49408            ; [CPU_FPU] |45| 
         0000003d 0800 
     508 0000003e AD14          MOVST0    ZF, NF                ; [CPU_FPU] |45| 
     509 0000003f 6304          B         ||$C$L7||,GEQ         ; [CPU_ALU] |45| 
     510                      ; branchcc occurs ; [] |45| 
     511                      .dwpsn  file "../src/safety.c",line 45,column 49,is_stmt,isa 0
     512 00000040 9A01          MOVB      AL,#1                 ; [CPU_ALU] |45| 
     513              $C$DW$32        .dwtag  DW_TAG_TI_branch
     514                      .dwattr $C$DW$32, DW_AT_low_pc(0x00)
     515                      .dwattr $C$DW$32, DW_AT_name("safety_latch")
     516                      .dwattr $C$DW$32, DW_AT_TI_call
     517              
     518 00000041 7640!         LCR       #||safety_latch||     ; [CPU_ALU] |45| 
         00000042 0000 
     519                      ; call occurs [#||safety_latch||] ; [] |45| 
     520 00000043       ||$C$L7||:    
     521                      .dwpsn  file "../src/safety.c",line 48,column 16,is_stmt,isa 0
     522              $C$DW$33        .dwtag  DW_TAG_TI_branch
     523                      .dwattr $C$DW$33, DW_AT_low_pc(0x00)
     524                      .dwattr $C$DW$33, DW_AT_name("foc_get_refs")
TMS320C2000 Assembler Unix v25.11.0 Sat May 30 20:22:51 2026

Copyright (c) 1996-2018 Texas Instruments Incorporated
safety.asm                                                           PAGE   11

     525                      .dwattr $C$DW$33, DW_AT_TI_call
     526              
     527 00000043 7640!         LCR       #||foc_get_refs||     ; [CPU_ALU] |48| 
         00000044 0000 
     528                      ; call occurs [#||foc_get_refs||] ; [] |48| 
     529 00000045 E2AF          MOV32     R0H,*+XAR4[6]         ; [CPU_FPU] |48| 
         00000046 00F4 
     530                      .dwpsn  file "../src/safety.c",line 49,column 5,is_stmt,isa 0
     531 00000047 E812          CMPF32    R0H,#17008            ; [CPU_FPU] |49| 
         00000048 1380 
     532 00000049 AD14          MOVST0    ZF, NF                ; [CPU_FPU] |49| 
     533 0000004a 6504          B         ||$C$L8||,LEQ         ; [CPU_ALU] |49| 
     534                      ; branchcc occurs ; [] |49| 
     535                      .dwpsn  file "../src/safety.c",line 49,column 32,is_stmt,isa 0
     536 0000004b 9A02          MOVB      AL,#2                 ; [CPU_ALU] |49| 
     537              $C$DW$34        .dwtag  DW_TAG_TI_branch
     538                      .dwattr $C$DW$34, DW_AT_low_pc(0x00)
     539                      .dwattr $C$DW$34, DW_AT_name("safety_latch")
     540                      .dwattr $C$DW$34, DW_AT_TI_call
     541              
     542 0000004c 7640!         LCR       #||safety_latch||     ; [CPU_ALU] |49| 
         0000004d 0000 
     543                      ; call occurs [#||safety_latch||] ; [] |49| 
     544 0000004e       ||$C$L8||:    
     545                      .dwpsn  file "../src/safety.c",line 50,column 5,is_stmt,isa 0
     546 0000004e E812          CMPF32    R0H,#16784            ; [CPU_FPU] |50| 
         0000004f 0C80 
     547 00000050 AD14          MOVST0    ZF, NF                ; [CPU_FPU] |50| 
     548 00000051 6307          B         ||$C$L9||,GEQ         ; [CPU_ALU] |50| 
     549                      ; branchcc occurs ; [] |50| 
     550 00000052 92A1          MOV       AL,AR1                ; [CPU_ALU] 
     551 00000053 5203          CMPB      AL,#3                 ; [CPU_ALU] |50| 
     552 00000054 6004          B         ||$C$L9||,NEQ         ; [CPU_ALU] |50| 
     553                      ; branchcc occurs ; [] |50| 
     554                      .dwpsn  file "../src/safety.c",line 51,column 9,is_stmt,isa 0
     555 00000055 9A04          MOVB      AL,#4                 ; [CPU_ALU] |51| 
     556              $C$DW$35        .dwtag  DW_TAG_TI_branch
     557                      .dwattr $C$DW$35, DW_AT_low_pc(0x00)
     558                      .dwattr $C$DW$35, DW_AT_name("safety_latch")
     559                      .dwattr $C$DW$35, DW_AT_TI_call
     560              
     561 00000056 7640!         LCR       #||safety_latch||     ; [CPU_ALU] |51| 
         00000057 0000 
     562                      ; call occurs [#||safety_latch||] ; [] |51| 
     563 00000058       ||$C$L9||:    
     564                      .dwpsn  file "../src/safety.c",line 53,column 5,is_stmt,isa 0
     565              $C$DW$36        .dwtag  DW_TAG_TI_branch
     566                      .dwattr $C$DW$36, DW_AT_low_pc(0x00)
     567                      .dwattr $C$DW$36, DW_AT_name("inverter_is_faulted")
     568                      .dwattr $C$DW$36, DW_AT_TI_call
     569              
     570 00000058 7640!         LCR       #||inverter_is_faulted|| ; [CPU_ALU] |53| 
         00000059 0000 
     571                      ; call occurs [#||inverter_is_faulted||] ; [] |53| 
     572 0000005a 5200          CMPB      AL,#0                 ; [CPU_ALU] |53| 
TMS320C2000 Assembler Unix v25.11.0 Sat May 30 20:22:51 2026

Copyright (c) 1996-2018 Texas Instruments Incorporated
safety.asm                                                           PAGE   12

     573 0000005b 6104          B         ||$C$L10||,EQ         ; [CPU_ALU] |53| 
     574                      ; branchcc occurs ; [] |53| 
     575                      .dwpsn  file "../src/safety.c",line 53,column 31,is_stmt,isa 0
     576 0000005c 9A10          MOVB      AL,#16                ; [CPU_ALU] |53| 
     577              $C$DW$37        .dwtag  DW_TAG_TI_branch
     578                      .dwattr $C$DW$37, DW_AT_low_pc(0x00)
     579                      .dwattr $C$DW$37, DW_AT_name("safety_latch")
     580                      .dwattr $C$DW$37, DW_AT_TI_call
     581              
     582 0000005d 7640!         LCR       #||safety_latch||     ; [CPU_ALU] |53| 
         0000005e 0000 
     583                      ; call occurs [#||safety_latch||] ; [] |53| 
     584 0000005f       ||$C$L10||:    
     585 0000005f 761F!         MOVW      DP,#||s_latched||     ; [CPU_ARAU] 
         00000060 0000 
     586                      .dwpsn  file "../src/safety.c",line 55,column 5,is_stmt,isa 0
     587 00000061 9200!         MOV       AL,@||s_latched||     ; [CPU_ALU] |55| 
     588 00000062 6104          B         ||$C$L11||,EQ         ; [CPU_ALU] |55| 
     589                      ; branchcc occurs ; [] |55| 
     590                      .dwpsn  file "../src/safety.c",line 55,column 19,is_stmt,isa 0
     591 00000063 9200!         MOV       AL,@||s_latched||     ; [CPU_ALU] |55| 
     592              $C$DW$38        .dwtag  DW_TAG_TI_branch
     593                      .dwattr $C$DW$38, DW_AT_low_pc(0x00)
     594                      .dwattr $C$DW$38, DW_AT_name("sm_raise_fault")
     595                      .dwattr $C$DW$38, DW_AT_TI_call
     596              
     597 00000064 7640!         LCR       #||sm_raise_fault||   ; [CPU_ALU] |55| 
         00000065 0000 
     598                      ; call occurs [#||sm_raise_fault||] ; [] |55| 
     599 00000066       ||$C$L11||:    
     600 00000066 761F!         MOVW      DP,#||s_latched||     ; [CPU_ARAU] 
         00000067 0000 
     601                      .dwpsn  file "../src/safety.c",line 57,column 5,is_stmt,isa 0
     602 00000068 9200!         MOV       AL,@||s_latched||     ; [CPU_ALU] |57| 
     603 00000069 FE82          SUBB      SP,#2                 ; [CPU_ARAU] 
     604                      .dwcfi  cfa_offset, -6
     605 0000006a 86BE          MOVL      XAR2,*--SP            ; [CPU_ALU] 
     606                      .dwcfi  cfa_offset, -4
     607                      .dwcfi  restore_reg, 9
     608 0000006b 9600!         MOV       @||g_dbg_fault_code||,AL ; [CPU_ALU] |57| 
     609 0000006c 8BBE          MOVL      XAR1,*--SP            ; [CPU_ALU] 
     610                      .dwcfi  cfa_offset, -2
     611                      .dwcfi  restore_reg, 7
     612              $C$DW$39        .dwtag  DW_TAG_TI_branch
     613                      .dwattr $C$DW$39, DW_AT_low_pc(0x00)
     614                      .dwattr $C$DW$39, DW_AT_TI_return
     615              
     616 0000006d 0006          LRETR     ; [CPU_ALU] 
     617                      ; return occurs ; [] 
     618                      .dwattr $C$DW$21, DW_AT_TI_end_file("../src/safety.c")
     619                      .dwattr $C$DW$21, DW_AT_TI_end_line(0x3a)
     620                      .dwattr $C$DW$21, DW_AT_TI_end_column(0x01)
     621                      .dwendentry
     622                      .dwendtag $C$DW$21
     623              
TMS320C2000 Assembler Unix v25.11.0 Sat May 30 20:22:51 2026

Copyright (c) 1996-2018 Texas Instruments Incorporated
safety.asm                                                           PAGE   13

     624              ;**************************************************************
     625              ;* UNDEFINED EXTERNAL REFERENCES                              *
     626              ;**************************************************************
     627                      .global ||sm_raise_fault||
     628                      .global ||sm_get_state||
     629                      .global ||inverter_is_faulted||
     630                      .global ||foc_get_signals||
     631                      .global ||foc_get_refs||
     632              
     633              ;***************************************************************
     634              ;* BUILD ATTRIBUTES                                            *
     635              ;***************************************************************
     636                      .battr "c28xabi", Tag_File, 1, Tag_float_args(0)
     637                      .battr "c28xabi", Tag_File, 1, Tag_double_args(0)
     638                      .dwattr $C$DW$CU, DW_AT_language(DW_LANG_C)
     639              
     640              ;***************************************************************
     641              ;* DWARF CIE ENTRIES                                           *
     642              ;***************************************************************
     643              
     644              $C$DW$CIE       .dwcie 26
     645                      .dwcfi  cfa_register, 20
     646                      .dwcfi  cfa_offset, 0
     647                      .dwcfi  same_value, 28
     648                      .dwcfi  same_value, 6
     649                      .dwcfi  same_value, 7
     650                      .dwcfi  same_value, 8
     651                      .dwcfi  same_value, 9
     652                      .dwcfi  same_value, 10
     653                      .dwcfi  same_value, 11
     654                      .dwcfi  same_value, 59
     655                      .dwcfi  same_value, 63
     656                      .dwcfi  same_value, 67
     657                      .dwcfi  same_value, 71
     658                      .dwendentry
     659                      .dwendtag $C$DW$CU
     660              
     661              
     662              ;***************************************************************
     663              ;* TYPE INFORMATION                                            *
     664              ;***************************************************************
     665              
     666              $C$DW$TU$34     .dwtag  DW_TAG_type_unit
     667                      .dwmtype  $C$DW$T$34
     668              
     669              $C$DW$T$34      .dwtag  DW_TAG_enumeration_type
     670                      .dwattr $C$DW$T$34, DW_AT_byte_size(0x01)
     671              $C$DW$40        .dwtag  DW_TAG_enumerator
     672                      .dwattr $C$DW$40, DW_AT_name("FOC_IDLE")
     673                      .dwattr $C$DW$40, DW_AT_const_value(0x00)
     674                      .dwattr $C$DW$40, DW_AT_decl_file("/home/jose/workspace_ccstheia/foc_f28379d/include/foc_state_machin
     675                      .dwattr $C$DW$40, DW_AT_decl_line(0x0e)
     676                      .dwattr $C$DW$40, DW_AT_decl_column(0x05)
     677              
     678              $C$DW$41        .dwtag  DW_TAG_enumerator
TMS320C2000 Assembler Unix v25.11.0 Sat May 30 20:22:51 2026

Copyright (c) 1996-2018 Texas Instruments Incorporated
safety.asm                                                           PAGE   14

     679                      .dwattr $C$DW$41, DW_AT_name("FOC_CALIBRATE_OFFSETS")
     680                      .dwattr $C$DW$41, DW_AT_const_value(0x01)
     681                      .dwattr $C$DW$41, DW_AT_decl_file("/home/jose/workspace_ccstheia/foc_f28379d/include/foc_state_machin
     682                      .dwattr $C$DW$41, DW_AT_decl_line(0x0f)
     683                      .dwattr $C$DW$41, DW_AT_decl_column(0x05)
     684              
     685              $C$DW$42        .dwtag  DW_TAG_enumerator
     686                      .dwattr $C$DW$42, DW_AT_name("FOC_ALIGN_ROTOR")
     687                      .dwattr $C$DW$42, DW_AT_const_value(0x02)
     688                      .dwattr $C$DW$42, DW_AT_decl_file("/home/jose/workspace_ccstheia/foc_f28379d/include/foc_state_machin
     689                      .dwattr $C$DW$42, DW_AT_decl_line(0x10)
     690                      .dwattr $C$DW$42, DW_AT_decl_column(0x05)
     691              
     692              $C$DW$43        .dwtag  DW_TAG_enumerator
     693                      .dwattr $C$DW$43, DW_AT_name("FOC_RUN")
     694                      .dwattr $C$DW$43, DW_AT_const_value(0x03)
     695                      .dwattr $C$DW$43, DW_AT_decl_file("/home/jose/workspace_ccstheia/foc_f28379d/include/foc_state_machin
     696                      .dwattr $C$DW$43, DW_AT_decl_line(0x11)
     697                      .dwattr $C$DW$43, DW_AT_decl_column(0x05)
     698              
     699              $C$DW$44        .dwtag  DW_TAG_enumerator
     700                      .dwattr $C$DW$44, DW_AT_name("FOC_FAULT")
     701                      .dwattr $C$DW$44, DW_AT_const_value(0x04)
     702                      .dwattr $C$DW$44, DW_AT_decl_file("/home/jose/workspace_ccstheia/foc_f28379d/include/foc_state_machin
     703                      .dwattr $C$DW$44, DW_AT_decl_line(0x12)
     704                      .dwattr $C$DW$44, DW_AT_decl_column(0x05)
     705              
     706                      .dwattr $C$DW$T$34, DW_AT_decl_file("/home/jose/workspace_ccstheia/foc_f28379d/include/foc_state_mach
     707                      .dwattr $C$DW$T$34, DW_AT_decl_line(0x0d)
     708                      .dwattr $C$DW$T$34, DW_AT_decl_column(0x0e)
     709                      .dwendtag $C$DW$T$34
     710              
     711                      .dwendtag $C$DW$TU$34
     712              
     713              
     714              $C$DW$TU$35     .dwtag  DW_TAG_type_unit
     715                      .dwmtype  $C$DW$T$35
     716              $C$DW$T$35      .dwtag  DW_TAG_typedef
     717                      .dwattr $C$DW$T$35, DW_AT_name("FOC_State_t")
     718                      .dwattr $C$DW$T$35, DW_AT_type(*$C$DW$T$34)
     719                      .dwattr $C$DW$T$35, DW_AT_decl_file("/home/jose/workspace_ccstheia/foc_f28379d/include/foc_state_mach
     720                      .dwattr $C$DW$T$35, DW_AT_decl_line(0x13)
     721                      .dwattr $C$DW$T$35, DW_AT_decl_column(0x03)
     722              
     723                      .dwendtag $C$DW$TU$35
     724              
     725              
     726              $C$DW$TU$20     .dwtag  DW_TAG_type_unit
     727                      .dwmtype  $C$DW$T$20
     728              
     729              $C$DW$T$20      .dwtag  DW_TAG_structure_type
     730                      .dwattr $C$DW$T$20, DW_AT_byte_size(0x08)
     731              $C$DW$45        .dwtag  DW_TAG_member
     732                      .dwattr $C$DW$45, DW_AT_type(*$C$DW$T$19)
     733                      .dwattr $C$DW$45, DW_AT_name("id_ref")
TMS320C2000 Assembler Unix v25.11.0 Sat May 30 20:22:51 2026

Copyright (c) 1996-2018 Texas Instruments Incorporated
safety.asm                                                           PAGE   15

     734                      .dwattr $C$DW$45, DW_AT_accessibility(DW_ACCESS_public)
     735                      .dwattr $C$DW$45, DW_AT_decl_file("/home/jose/workspace_ccstheia/foc_f28379d/include/foc_types.h")
     736                      .dwattr $C$DW$45, DW_AT_decl_line(0x14)
     737                      .dwattr $C$DW$45, DW_AT_decl_column(0x0f)
     738              
     739              $C$DW$46        .dwtag  DW_TAG_member
     740                      .dwattr $C$DW$46, DW_AT_type(*$C$DW$T$19)
     741                      .dwattr $C$DW$46, DW_AT_name("iq_ref")
     742                      .dwattr $C$DW$46, DW_AT_data_member_location[DW_OP_plus_uconst 0x2]
     743                      .dwattr $C$DW$46, DW_AT_accessibility(DW_ACCESS_public)
     744                      .dwattr $C$DW$46, DW_AT_decl_file("/home/jose/workspace_ccstheia/foc_f28379d/include/foc_types.h")
     745                      .dwattr $C$DW$46, DW_AT_decl_line(0x15)
     746                      .dwattr $C$DW$46, DW_AT_decl_column(0x0f)
     747              
     748              $C$DW$47        .dwtag  DW_TAG_member
     749                      .dwattr $C$DW$47, DW_AT_type(*$C$DW$T$19)
     750                      .dwattr $C$DW$47, DW_AT_name("speed_ref")
     751                      .dwattr $C$DW$47, DW_AT_data_member_location[DW_OP_plus_uconst 0x4]
     752                      .dwattr $C$DW$47, DW_AT_accessibility(DW_ACCESS_public)
     753                      .dwattr $C$DW$47, DW_AT_decl_file("/home/jose/workspace_ccstheia/foc_f28379d/include/foc_types.h")
     754                      .dwattr $C$DW$47, DW_AT_decl_line(0x16)
     755                      .dwattr $C$DW$47, DW_AT_decl_column(0x0f)
     756              
     757              $C$DW$48        .dwtag  DW_TAG_member
     758                      .dwattr $C$DW$48, DW_AT_type(*$C$DW$T$19)
     759                      .dwattr $C$DW$48, DW_AT_name("vbus")
     760                      .dwattr $C$DW$48, DW_AT_data_member_location[DW_OP_plus_uconst 0x6]
     761                      .dwattr $C$DW$48, DW_AT_accessibility(DW_ACCESS_public)
     762                      .dwattr $C$DW$48, DW_AT_decl_file("/home/jose/workspace_ccstheia/foc_f28379d/include/foc_types.h")
     763                      .dwattr $C$DW$48, DW_AT_decl_line(0x17)
     764                      .dwattr $C$DW$48, DW_AT_decl_column(0x0f)
     765              
     766                      .dwattr $C$DW$T$20, DW_AT_decl_file("/home/jose/workspace_ccstheia/foc_f28379d/include/foc_types.h")
     767                      .dwattr $C$DW$T$20, DW_AT_decl_line(0x13)
     768                      .dwattr $C$DW$T$20, DW_AT_decl_column(0x10)
     769                      .dwendtag $C$DW$T$20
     770              
     771                      .dwendtag $C$DW$TU$20
     772              
     773              
     774              $C$DW$TU$39     .dwtag  DW_TAG_type_unit
     775                      .dwmtype  $C$DW$T$39
     776              $C$DW$T$39      .dwtag  DW_TAG_typedef
     777                      .dwattr $C$DW$T$39, DW_AT_name("FOC_Refs_t")
     778                      .dwattr $C$DW$T$39, DW_AT_type(*$C$DW$T$20)
     779                      .dwattr $C$DW$T$39, DW_AT_decl_file("/home/jose/workspace_ccstheia/foc_f28379d/include/foc_types.h")
     780                      .dwattr $C$DW$T$39, DW_AT_decl_line(0x18)
     781                      .dwattr $C$DW$T$39, DW_AT_decl_column(0x03)
     782              
     783                      .dwendtag $C$DW$TU$39
     784              
     785              
     786              $C$DW$TU$40     .dwtag  DW_TAG_type_unit
     787                      .dwmtype  $C$DW$T$40
     788              $C$DW$T$40      .dwtag  DW_TAG_pointer_type
TMS320C2000 Assembler Unix v25.11.0 Sat May 30 20:22:51 2026

Copyright (c) 1996-2018 Texas Instruments Incorporated
safety.asm                                                           PAGE   16

     789                      .dwattr $C$DW$T$40, DW_AT_type(*$C$DW$T$39)
     790                      .dwattr $C$DW$T$40, DW_AT_address_class(0x20)
     791              
     792                      .dwendtag $C$DW$TU$40
     793              
     794              
     795              $C$DW$TU$29     .dwtag  DW_TAG_type_unit
     796                      .dwmtype  $C$DW$T$29
     797              
     798              $C$DW$T$29      .dwtag  DW_TAG_structure_type
     799                      .dwattr $C$DW$T$29, DW_AT_byte_size(0x20)
     800              $C$DW$49        .dwtag  DW_TAG_member
     801                      .dwattr $C$DW$49, DW_AT_type(*$C$DW$T$22)
     802                      .dwattr $C$DW$49, DW_AT_name("Iabc")
     803                      .dwattr $C$DW$49, DW_AT_accessibility(DW_ACCESS_public)
     804                      .dwattr $C$DW$49, DW_AT_decl_file("/home/jose/workspace_ccstheia/foc_f28379d/include/foc_types.h")
     805                      .dwattr $C$DW$49, DW_AT_decl_line(0x1b)
     806                      .dwattr $C$DW$49, DW_AT_decl_column(0x11)
     807              
     808              $C$DW$50        .dwtag  DW_TAG_member
     809                      .dwattr $C$DW$50, DW_AT_type(*$C$DW$T$24)
     810                      .dwattr $C$DW$50, DW_AT_name("Iab")
     811                      .dwattr $C$DW$50, DW_AT_data_member_location[DW_OP_plus_uconst 0x6]
     812                      .dwattr $C$DW$50, DW_AT_accessibility(DW_ACCESS_public)
     813                      .dwattr $C$DW$50, DW_AT_decl_file("/home/jose/workspace_ccstheia/foc_f28379d/include/foc_types.h")
     814                      .dwattr $C$DW$50, DW_AT_decl_line(0x1c)
     815                      .dwattr $C$DW$50, DW_AT_decl_column(0x11)
     816              
     817              $C$DW$51        .dwtag  DW_TAG_member
     818                      .dwattr $C$DW$51, DW_AT_type(*$C$DW$T$25)
     819                      .dwattr $C$DW$51, DW_AT_name("Idq")
     820                      .dwattr $C$DW$51, DW_AT_data_member_location[DW_OP_plus_uconst 0xa]
     821                      .dwattr $C$DW$51, DW_AT_accessibility(DW_ACCESS_public)
     822                      .dwattr $C$DW$51, DW_AT_decl_file("/home/jose/workspace_ccstheia/foc_f28379d/include/foc_types.h")
     823                      .dwattr $C$DW$51, DW_AT_decl_line(0x1d)
     824                      .dwattr $C$DW$51, DW_AT_decl_column(0x11)
     825              
     826              $C$DW$52        .dwtag  DW_TAG_member
     827                      .dwattr $C$DW$52, DW_AT_type(*$C$DW$T$26)
     828                      .dwattr $C$DW$52, DW_AT_name("Vdq")
     829                      .dwattr $C$DW$52, DW_AT_data_member_location[DW_OP_plus_uconst 0xe]
     830                      .dwattr $C$DW$52, DW_AT_accessibility(DW_ACCESS_public)
     831                      .dwattr $C$DW$52, DW_AT_decl_file("/home/jose/workspace_ccstheia/foc_f28379d/include/foc_types.h")
     832                      .dwattr $C$DW$52, DW_AT_decl_line(0x1e)
     833                      .dwattr $C$DW$52, DW_AT_decl_column(0x11)
     834              
     835              $C$DW$53        .dwtag  DW_TAG_member
     836                      .dwattr $C$DW$53, DW_AT_type(*$C$DW$T$27)
     837                      .dwattr $C$DW$53, DW_AT_name("Vab")
     838                      .dwattr $C$DW$53, DW_AT_data_member_location[DW_OP_plus_uconst 0x12]
     839                      .dwattr $C$DW$53, DW_AT_accessibility(DW_ACCESS_public)
     840                      .dwattr $C$DW$53, DW_AT_decl_file("/home/jose/workspace_ccstheia/foc_f28379d/include/foc_types.h")
     841                      .dwattr $C$DW$53, DW_AT_decl_line(0x1f)
     842                      .dwattr $C$DW$53, DW_AT_decl_column(0x11)
     843              
TMS320C2000 Assembler Unix v25.11.0 Sat May 30 20:22:51 2026

Copyright (c) 1996-2018 Texas Instruments Incorporated
safety.asm                                                           PAGE   17

     844              $C$DW$54        .dwtag  DW_TAG_member
     845                      .dwattr $C$DW$54, DW_AT_type(*$C$DW$T$28)
     846                      .dwattr $C$DW$54, DW_AT_name("duty")
     847                      .dwattr $C$DW$54, DW_AT_data_member_location[DW_OP_plus_uconst 0x16]
     848                      .dwattr $C$DW$54, DW_AT_accessibility(DW_ACCESS_public)
     849                      .dwattr $C$DW$54, DW_AT_decl_file("/home/jose/workspace_ccstheia/foc_f28379d/include/foc_types.h")
     850                      .dwattr $C$DW$54, DW_AT_decl_line(0x20)
     851                      .dwattr $C$DW$54, DW_AT_decl_column(0x11)
     852              
     853              $C$DW$55        .dwtag  DW_TAG_member
     854                      .dwattr $C$DW$55, DW_AT_type(*$C$DW$T$19)
     855                      .dwattr $C$DW$55, DW_AT_name("theta_elec")
     856                      .dwattr $C$DW$55, DW_AT_data_member_location[DW_OP_plus_uconst 0x1c]
     857                      .dwattr $C$DW$55, DW_AT_accessibility(DW_ACCESS_public)
     858                      .dwattr $C$DW$55, DW_AT_decl_file("/home/jose/workspace_ccstheia/foc_f28379d/include/foc_types.h")
     859                      .dwattr $C$DW$55, DW_AT_decl_line(0x21)
     860                      .dwattr $C$DW$55, DW_AT_decl_column(0x11)
     861              
     862              $C$DW$56        .dwtag  DW_TAG_member
     863                      .dwattr $C$DW$56, DW_AT_type(*$C$DW$T$19)
     864                      .dwattr $C$DW$56, DW_AT_name("omega_elec")
     865                      .dwattr $C$DW$56, DW_AT_data_member_location[DW_OP_plus_uconst 0x1e]
     866                      .dwattr $C$DW$56, DW_AT_accessibility(DW_ACCESS_public)
     867                      .dwattr $C$DW$56, DW_AT_decl_file("/home/jose/workspace_ccstheia/foc_f28379d/include/foc_types.h")
     868                      .dwattr $C$DW$56, DW_AT_decl_line(0x22)
     869                      .dwattr $C$DW$56, DW_AT_decl_column(0x11)
     870              
     871                      .dwattr $C$DW$T$29, DW_AT_decl_file("/home/jose/workspace_ccstheia/foc_f28379d/include/foc_types.h")
     872                      .dwattr $C$DW$T$29, DW_AT_decl_line(0x1a)
     873                      .dwattr $C$DW$T$29, DW_AT_decl_column(0x10)
     874                      .dwendtag $C$DW$T$29
     875              
     876                      .dwendtag $C$DW$TU$29
     877              
     878              
     879              $C$DW$TU$49     .dwtag  DW_TAG_type_unit
     880                      .dwmtype  $C$DW$T$49
     881              $C$DW$T$49      .dwtag  DW_TAG_typedef
     882                      .dwattr $C$DW$T$49, DW_AT_name("FOC_Signals_t")
     883                      .dwattr $C$DW$T$49, DW_AT_type(*$C$DW$T$29)
     884                      .dwattr $C$DW$T$49, DW_AT_decl_file("/home/jose/workspace_ccstheia/foc_f28379d/include/foc_types.h")
     885                      .dwattr $C$DW$T$49, DW_AT_decl_line(0x23)
     886                      .dwattr $C$DW$T$49, DW_AT_decl_column(0x03)
     887              
     888                      .dwendtag $C$DW$TU$49
     889              
     890              
     891              $C$DW$TU$50     .dwtag  DW_TAG_type_unit
     892                      .dwmtype  $C$DW$T$50
     893              $C$DW$57        .dwtag  DW_TAG_TI_far_type
     894                      .dwattr $C$DW$57, DW_AT_type(*$C$DW$T$49)
     895              
     896              $C$DW$T$50      .dwtag  DW_TAG_const_type
     897                      .dwattr $C$DW$T$50, DW_AT_type(*$C$DW$57)
     898              
TMS320C2000 Assembler Unix v25.11.0 Sat May 30 20:22:51 2026

Copyright (c) 1996-2018 Texas Instruments Incorporated
safety.asm                                                           PAGE   18

     899                      .dwendtag $C$DW$TU$50
     900              
     901              
     902              $C$DW$TU$51     .dwtag  DW_TAG_type_unit
     903                      .dwmtype  $C$DW$T$51
     904              $C$DW$T$51      .dwtag  DW_TAG_pointer_type
     905                      .dwattr $C$DW$T$51, DW_AT_type(*$C$DW$T$50)
     906                      .dwattr $C$DW$T$51, DW_AT_address_class(0x20)
     907              
     908                      .dwendtag $C$DW$TU$51
     909              
     910              
     911              $C$DW$TU$31     .dwtag  DW_TAG_type_unit
     912                      .dwmtype  $C$DW$T$31
     913              
     914              $C$DW$T$31      .dwtag  DW_TAG_structure_type
     915                      .dwattr $C$DW$T$31, DW_AT_name("_MATH_Vec2_")
     916                      .dwattr $C$DW$T$31, DW_AT_byte_size(0x04)
     917              $C$DW$58        .dwtag  DW_TAG_member
     918                      .dwattr $C$DW$58, DW_AT_type(*$C$DW$T$30)
     919                      .dwattr $C$DW$58, DW_AT_name("value")
     920                      .dwattr $C$DW$58, DW_AT_accessibility(DW_ACCESS_public)
     921                      .dwattr $C$DW$58, DW_AT_decl_file("/home/jose/ti/c2000/C2000Ware_MotorControl_SDK_5_04_00_00/librarie
     922                      .dwattr $C$DW$58, DW_AT_decl_line(0xd9)
     923                      .dwattr $C$DW$58, DW_AT_decl_column(0x0f)
     924              
     925                      .dwattr $C$DW$T$31, DW_AT_decl_file("/home/jose/ti/c2000/C2000Ware_MotorControl_SDK_5_04_00_00/librar
     926                      .dwattr $C$DW$T$31, DW_AT_decl_line(0xd7)
     927                      .dwattr $C$DW$T$31, DW_AT_decl_column(0x10)
     928                      .dwendtag $C$DW$T$31
     929              
     930                      .dwendtag $C$DW$TU$31
     931              
     932              
     933              $C$DW$TU$23     .dwtag  DW_TAG_type_unit
     934                      .dwmtype  $C$DW$T$23
     935              $C$DW$T$23      .dwtag  DW_TAG_typedef
     936                      .dwattr $C$DW$T$23, DW_AT_name("MATH_Vec2")
     937                      .dwattr $C$DW$T$23, DW_AT_type(*$C$DW$T$31)
     938                      .dwattr $C$DW$T$23, DW_AT_decl_file("/home/jose/ti/c2000/C2000Ware_MotorControl_SDK_5_04_00_00/librar
     939                      .dwattr $C$DW$T$23, DW_AT_decl_line(0xda)
     940                      .dwattr $C$DW$T$23, DW_AT_decl_column(0x03)
     941              
     942                      .dwendtag $C$DW$TU$23
     943              
     944              
     945              $C$DW$TU$24     .dwtag  DW_TAG_type_unit
     946                      .dwmtype  $C$DW$T$24
     947              $C$DW$T$24      .dwtag  DW_TAG_typedef
     948                      .dwattr $C$DW$T$24, DW_AT_name("FOC_Iab_t")
     949                      .dwattr $C$DW$T$24, DW_AT_type(*$C$DW$T$23)
     950                      .dwattr $C$DW$T$24, DW_AT_decl_file("/home/jose/workspace_ccstheia/foc_f28379d/include/foc_types.h")
     951                      .dwattr $C$DW$T$24, DW_AT_decl_line(0x0d)
     952                      .dwattr $C$DW$T$24, DW_AT_decl_column(0x13)
     953              
TMS320C2000 Assembler Unix v25.11.0 Sat May 30 20:22:51 2026

Copyright (c) 1996-2018 Texas Instruments Incorporated
safety.asm                                                           PAGE   19

     954                      .dwendtag $C$DW$TU$24
     955              
     956              
     957              $C$DW$TU$25     .dwtag  DW_TAG_type_unit
     958                      .dwmtype  $C$DW$T$25
     959              $C$DW$T$25      .dwtag  DW_TAG_typedef
     960                      .dwattr $C$DW$T$25, DW_AT_name("FOC_Idq_t")
     961                      .dwattr $C$DW$T$25, DW_AT_type(*$C$DW$T$23)
     962                      .dwattr $C$DW$T$25, DW_AT_decl_file("/home/jose/workspace_ccstheia/foc_f28379d/include/foc_types.h")
     963                      .dwattr $C$DW$T$25, DW_AT_decl_line(0x0e)
     964                      .dwattr $C$DW$T$25, DW_AT_decl_column(0x13)
     965              
     966                      .dwendtag $C$DW$TU$25
     967              
     968              
     969              $C$DW$TU$27     .dwtag  DW_TAG_type_unit
     970                      .dwmtype  $C$DW$T$27
     971              $C$DW$T$27      .dwtag  DW_TAG_typedef
     972                      .dwattr $C$DW$T$27, DW_AT_name("FOC_Vab_t")
     973                      .dwattr $C$DW$T$27, DW_AT_type(*$C$DW$T$23)
     974                      .dwattr $C$DW$T$27, DW_AT_decl_file("/home/jose/workspace_ccstheia/foc_f28379d/include/foc_types.h")
     975                      .dwattr $C$DW$T$27, DW_AT_decl_line(0x0f)
     976                      .dwattr $C$DW$T$27, DW_AT_decl_column(0x13)
     977              
     978                      .dwendtag $C$DW$TU$27
     979              
     980              
     981              $C$DW$TU$26     .dwtag  DW_TAG_type_unit
     982                      .dwmtype  $C$DW$T$26
     983              $C$DW$T$26      .dwtag  DW_TAG_typedef
     984                      .dwattr $C$DW$T$26, DW_AT_name("FOC_Vdq_t")
     985                      .dwattr $C$DW$T$26, DW_AT_type(*$C$DW$T$23)
     986                      .dwattr $C$DW$T$26, DW_AT_decl_file("/home/jose/workspace_ccstheia/foc_f28379d/include/foc_types.h")
     987                      .dwattr $C$DW$T$26, DW_AT_decl_line(0x10)
     988                      .dwattr $C$DW$T$26, DW_AT_decl_column(0x13)
     989              
     990                      .dwendtag $C$DW$TU$26
     991              
     992              
     993              $C$DW$TU$33     .dwtag  DW_TAG_type_unit
     994                      .dwmtype  $C$DW$T$33
     995              
     996              $C$DW$T$33      .dwtag  DW_TAG_structure_type
     997                      .dwattr $C$DW$T$33, DW_AT_name("_MATH_Vec3_")
     998                      .dwattr $C$DW$T$33, DW_AT_byte_size(0x06)
     999              $C$DW$59        .dwtag  DW_TAG_member
    1000                      .dwattr $C$DW$59, DW_AT_type(*$C$DW$T$32)
    1001                      .dwattr $C$DW$59, DW_AT_name("value")
    1002                      .dwattr $C$DW$59, DW_AT_accessibility(DW_ACCESS_public)
    1003                      .dwattr $C$DW$59, DW_AT_decl_file("/home/jose/ti/c2000/C2000Ware_MotorControl_SDK_5_04_00_00/librarie
    1004                      .dwattr $C$DW$59, DW_AT_decl_line(0xe5)
    1005                      .dwattr $C$DW$59, DW_AT_decl_column(0x0f)
    1006              
    1007                      .dwattr $C$DW$T$33, DW_AT_decl_file("/home/jose/ti/c2000/C2000Ware_MotorControl_SDK_5_04_00_00/librar
    1008                      .dwattr $C$DW$T$33, DW_AT_decl_line(0xe3)
TMS320C2000 Assembler Unix v25.11.0 Sat May 30 20:22:51 2026

Copyright (c) 1996-2018 Texas Instruments Incorporated
safety.asm                                                           PAGE   20

    1009                      .dwattr $C$DW$T$33, DW_AT_decl_column(0x10)
    1010                      .dwendtag $C$DW$T$33
    1011              
    1012                      .dwendtag $C$DW$TU$33
    1013              
    1014              
    1015              $C$DW$TU$21     .dwtag  DW_TAG_type_unit
    1016                      .dwmtype  $C$DW$T$21
    1017              $C$DW$T$21      .dwtag  DW_TAG_typedef
    1018                      .dwattr $C$DW$T$21, DW_AT_name("MATH_Vec3")
    1019                      .dwattr $C$DW$T$21, DW_AT_type(*$C$DW$T$33)
    1020                      .dwattr $C$DW$T$21, DW_AT_decl_file("/home/jose/ti/c2000/C2000Ware_MotorControl_SDK_5_04_00_00/librar
    1021                      .dwattr $C$DW$T$21, DW_AT_decl_line(0xe6)
    1022                      .dwattr $C$DW$T$21, DW_AT_decl_column(0x03)
    1023              
    1024                      .dwendtag $C$DW$TU$21
    1025              
    1026              
    1027              $C$DW$TU$28     .dwtag  DW_TAG_type_unit
    1028                      .dwmtype  $C$DW$T$28
    1029              $C$DW$T$28      .dwtag  DW_TAG_typedef
    1030                      .dwattr $C$DW$T$28, DW_AT_name("FOC_Duty_t")
    1031                      .dwattr $C$DW$T$28, DW_AT_type(*$C$DW$T$21)
    1032                      .dwattr $C$DW$T$28, DW_AT_decl_file("/home/jose/workspace_ccstheia/foc_f28379d/include/foc_types.h")
    1033                      .dwattr $C$DW$T$28, DW_AT_decl_line(0x11)
    1034                      .dwattr $C$DW$T$28, DW_AT_decl_column(0x13)
    1035              
    1036                      .dwendtag $C$DW$TU$28
    1037              
    1038              
    1039              $C$DW$TU$22     .dwtag  DW_TAG_type_unit
    1040                      .dwmtype  $C$DW$T$22
    1041              $C$DW$T$22      .dwtag  DW_TAG_typedef
    1042                      .dwattr $C$DW$T$22, DW_AT_name("FOC_Iabc_t")
    1043                      .dwattr $C$DW$T$22, DW_AT_type(*$C$DW$T$21)
    1044                      .dwattr $C$DW$T$22, DW_AT_decl_file("/home/jose/workspace_ccstheia/foc_f28379d/include/foc_types.h")
    1045                      .dwattr $C$DW$T$22, DW_AT_decl_line(0x0c)
    1046                      .dwattr $C$DW$T$22, DW_AT_decl_column(0x13)
    1047              
    1048                      .dwendtag $C$DW$TU$22
    1049              
    1050              
    1051              $C$DW$TU$2      .dwtag  DW_TAG_type_unit
    1052                      .dwmtype  $C$DW$T$2
    1053              $C$DW$T$2       .dwtag  DW_TAG_unspecified_type
    1054                      .dwattr $C$DW$T$2, DW_AT_name("void")
    1055              
    1056                      .dwendtag $C$DW$TU$2
    1057              
    1058              
    1059              $C$DW$TU$4      .dwtag  DW_TAG_type_unit
    1060                      .dwmtype  $C$DW$T$4
    1061              $C$DW$T$4       .dwtag  DW_TAG_base_type
    1062                      .dwattr $C$DW$T$4, DW_AT_encoding(DW_ATE_boolean)
    1063                      .dwattr $C$DW$T$4, DW_AT_name("bool")
TMS320C2000 Assembler Unix v25.11.0 Sat May 30 20:22:51 2026

Copyright (c) 1996-2018 Texas Instruments Incorporated
safety.asm                                                           PAGE   21

    1064                      .dwattr $C$DW$T$4, DW_AT_byte_size(0x01)
    1065              
    1066                      .dwendtag $C$DW$TU$4
    1067              
    1068              
    1069              $C$DW$TU$5      .dwtag  DW_TAG_type_unit
    1070                      .dwmtype  $C$DW$T$5
    1071              $C$DW$T$5       .dwtag  DW_TAG_base_type
    1072                      .dwattr $C$DW$T$5, DW_AT_encoding(DW_ATE_signed_char)
    1073                      .dwattr $C$DW$T$5, DW_AT_name("signed char")
    1074                      .dwattr $C$DW$T$5, DW_AT_byte_size(0x01)
    1075              
    1076                      .dwendtag $C$DW$TU$5
    1077              
    1078              
    1079              $C$DW$TU$6      .dwtag  DW_TAG_type_unit
    1080                      .dwmtype  $C$DW$T$6
    1081              $C$DW$T$6       .dwtag  DW_TAG_base_type
    1082                      .dwattr $C$DW$T$6, DW_AT_encoding(DW_ATE_unsigned_char)
    1083                      .dwattr $C$DW$T$6, DW_AT_name("unsigned char")
    1084                      .dwattr $C$DW$T$6, DW_AT_byte_size(0x01)
    1085              
    1086                      .dwendtag $C$DW$TU$6
    1087              
    1088              
    1089              $C$DW$TU$7      .dwtag  DW_TAG_type_unit
    1090                      .dwmtype  $C$DW$T$7
    1091              $C$DW$T$7       .dwtag  DW_TAG_base_type
    1092                      .dwattr $C$DW$T$7, DW_AT_encoding(DW_ATE_signed_char)
    1093                      .dwattr $C$DW$T$7, DW_AT_name("wchar_t")
    1094                      .dwattr $C$DW$T$7, DW_AT_byte_size(0x02)
    1095              
    1096                      .dwendtag $C$DW$TU$7
    1097              
    1098              
    1099              $C$DW$TU$8      .dwtag  DW_TAG_type_unit
    1100                      .dwmtype  $C$DW$T$8
    1101              $C$DW$T$8       .dwtag  DW_TAG_base_type
    1102                      .dwattr $C$DW$T$8, DW_AT_encoding(DW_ATE_signed)
    1103                      .dwattr $C$DW$T$8, DW_AT_name("short")
    1104                      .dwattr $C$DW$T$8, DW_AT_byte_size(0x01)
    1105              
    1106                      .dwendtag $C$DW$TU$8
    1107              
    1108              
    1109              $C$DW$TU$9      .dwtag  DW_TAG_type_unit
    1110                      .dwmtype  $C$DW$T$9
    1111              $C$DW$T$9       .dwtag  DW_TAG_base_type
    1112                      .dwattr $C$DW$T$9, DW_AT_encoding(DW_ATE_unsigned)
    1113                      .dwattr $C$DW$T$9, DW_AT_name("unsigned short")
    1114                      .dwattr $C$DW$T$9, DW_AT_byte_size(0x01)
    1115              
    1116                      .dwendtag $C$DW$TU$9
    1117              
    1118              
TMS320C2000 Assembler Unix v25.11.0 Sat May 30 20:22:51 2026

Copyright (c) 1996-2018 Texas Instruments Incorporated
safety.asm                                                           PAGE   22

    1119              $C$DW$TU$53     .dwtag  DW_TAG_type_unit
    1120                      .dwmtype  $C$DW$T$53
    1121              $C$DW$T$53      .dwtag  DW_TAG_typedef
    1122                      .dwattr $C$DW$T$53, DW_AT_name("__uint16_t")
    1123                      .dwattr $C$DW$T$53, DW_AT_type(*$C$DW$T$9)
    1124                      .dwattr $C$DW$T$53, DW_AT_decl_file("/home/jose/ti/ccs2051/ccs/tools/compiler/ti-cgt-c2000_25.11.0.LT
    1125                      .dwattr $C$DW$T$53, DW_AT_decl_line(0x41)
    1126                      .dwattr $C$DW$T$53, DW_AT_decl_column(0x1c)
    1127              
    1128                      .dwendtag $C$DW$TU$53
    1129              
    1130              
    1131              $C$DW$TU$54     .dwtag  DW_TAG_type_unit
    1132                      .dwmtype  $C$DW$T$54
    1133              $C$DW$T$54      .dwtag  DW_TAG_typedef
    1134                      .dwattr $C$DW$T$54, DW_AT_name("uint16_t")
    1135                      .dwattr $C$DW$T$54, DW_AT_type(*$C$DW$T$53)
    1136                      .dwattr $C$DW$T$54, DW_AT_decl_file("/home/jose/ti/ccs2051/ccs/tools/compiler/ti-cgt-c2000_25.11.0.LT
    1137                      .dwattr $C$DW$T$54, DW_AT_decl_line(0x41)
    1138                      .dwattr $C$DW$T$54, DW_AT_decl_column(0x15)
    1139              
    1140                      .dwendtag $C$DW$TU$54
    1141              
    1142              
    1143              $C$DW$TU$59     .dwtag  DW_TAG_type_unit
    1144                      .dwmtype  $C$DW$T$59
    1145              $C$DW$60        .dwtag  DW_TAG_TI_far_type
    1146                      .dwattr $C$DW$60, DW_AT_type(*$C$DW$T$54)
    1147              
    1148              $C$DW$T$59      .dwtag  DW_TAG_volatile_type
    1149                      .dwattr $C$DW$T$59, DW_AT_type(*$C$DW$60)
    1150              
    1151                      .dwendtag $C$DW$TU$59
    1152              
    1153              
    1154              $C$DW$TU$60     .dwtag  DW_TAG_type_unit
    1155                      .dwmtype  $C$DW$T$60
    1156              $C$DW$61        .dwtag  DW_TAG_TI_far_type
    1157                      .dwattr $C$DW$61, DW_AT_type(*$C$DW$T$54)
    1158              
    1159              $C$DW$T$60      .dwtag  DW_TAG_const_type
    1160                      .dwattr $C$DW$T$60, DW_AT_type(*$C$DW$61)
    1161              
    1162                      .dwendtag $C$DW$TU$60
    1163              
    1164              
    1165              $C$DW$TU$10     .dwtag  DW_TAG_type_unit
    1166                      .dwmtype  $C$DW$T$10
    1167              $C$DW$T$10      .dwtag  DW_TAG_base_type
    1168                      .dwattr $C$DW$T$10, DW_AT_encoding(DW_ATE_signed)
    1169                      .dwattr $C$DW$T$10, DW_AT_name("int")
    1170                      .dwattr $C$DW$T$10, DW_AT_byte_size(0x01)
    1171              
    1172                      .dwendtag $C$DW$TU$10
    1173              
TMS320C2000 Assembler Unix v25.11.0 Sat May 30 20:22:51 2026

Copyright (c) 1996-2018 Texas Instruments Incorporated
safety.asm                                                           PAGE   23

    1174              
    1175              $C$DW$TU$11     .dwtag  DW_TAG_type_unit
    1176                      .dwmtype  $C$DW$T$11
    1177              $C$DW$T$11      .dwtag  DW_TAG_base_type
    1178                      .dwattr $C$DW$T$11, DW_AT_encoding(DW_ATE_unsigned)
    1179                      .dwattr $C$DW$T$11, DW_AT_name("unsigned int")
    1180                      .dwattr $C$DW$T$11, DW_AT_byte_size(0x01)
    1181              
    1182                      .dwendtag $C$DW$TU$11
    1183              
    1184              
    1185              $C$DW$TU$12     .dwtag  DW_TAG_type_unit
    1186                      .dwmtype  $C$DW$T$12
    1187              $C$DW$T$12      .dwtag  DW_TAG_base_type
    1188                      .dwattr $C$DW$T$12, DW_AT_encoding(DW_ATE_signed)
    1189                      .dwattr $C$DW$T$12, DW_AT_name("long")
    1190                      .dwattr $C$DW$T$12, DW_AT_byte_size(0x02)
    1191              
    1192                      .dwendtag $C$DW$TU$12
    1193              
    1194              
    1195              $C$DW$TU$13     .dwtag  DW_TAG_type_unit
    1196                      .dwmtype  $C$DW$T$13
    1197              $C$DW$T$13      .dwtag  DW_TAG_base_type
    1198                      .dwattr $C$DW$T$13, DW_AT_encoding(DW_ATE_unsigned)
    1199                      .dwattr $C$DW$T$13, DW_AT_name("unsigned long")
    1200                      .dwattr $C$DW$T$13, DW_AT_byte_size(0x02)
    1201              
    1202                      .dwendtag $C$DW$TU$13
    1203              
    1204              
    1205              $C$DW$TU$14     .dwtag  DW_TAG_type_unit
    1206                      .dwmtype  $C$DW$T$14
    1207              $C$DW$T$14      .dwtag  DW_TAG_base_type
    1208                      .dwattr $C$DW$T$14, DW_AT_encoding(DW_ATE_signed)
    1209                      .dwattr $C$DW$T$14, DW_AT_name("long long")
    1210                      .dwattr $C$DW$T$14, DW_AT_byte_size(0x04)
    1211              
    1212                      .dwendtag $C$DW$TU$14
    1213              
    1214              
    1215              $C$DW$TU$15     .dwtag  DW_TAG_type_unit
    1216                      .dwmtype  $C$DW$T$15
    1217              $C$DW$T$15      .dwtag  DW_TAG_base_type
    1218                      .dwattr $C$DW$T$15, DW_AT_encoding(DW_ATE_unsigned)
    1219                      .dwattr $C$DW$T$15, DW_AT_name("unsigned long long")
    1220                      .dwattr $C$DW$T$15, DW_AT_byte_size(0x04)
    1221              
    1222                      .dwendtag $C$DW$TU$15
    1223              
    1224              
    1225              $C$DW$TU$16     .dwtag  DW_TAG_type_unit
    1226                      .dwmtype  $C$DW$T$16
    1227              $C$DW$T$16      .dwtag  DW_TAG_base_type
    1228                      .dwattr $C$DW$T$16, DW_AT_encoding(DW_ATE_float)
TMS320C2000 Assembler Unix v25.11.0 Sat May 30 20:22:51 2026

Copyright (c) 1996-2018 Texas Instruments Incorporated
safety.asm                                                           PAGE   24

    1229                      .dwattr $C$DW$T$16, DW_AT_name("float")
    1230                      .dwattr $C$DW$T$16, DW_AT_byte_size(0x02)
    1231              
    1232                      .dwendtag $C$DW$TU$16
    1233              
    1234              
    1235              $C$DW$TU$19     .dwtag  DW_TAG_type_unit
    1236                      .dwmtype  $C$DW$T$19
    1237              $C$DW$T$19      .dwtag  DW_TAG_typedef
    1238                      .dwattr $C$DW$T$19, DW_AT_name("float32_t")
    1239                      .dwattr $C$DW$T$19, DW_AT_type(*$C$DW$T$16)
    1240                      .dwattr $C$DW$T$19, DW_AT_decl_file("/home/jose/ti/c2000/C2000Ware_MotorControl_SDK_5_04_00_00/librar
    1241                      .dwattr $C$DW$T$19, DW_AT_decl_line(0x4b)
    1242                      .dwattr $C$DW$T$19, DW_AT_decl_column(0x1d)
    1243              
    1244                      .dwendtag $C$DW$TU$19
    1245              
    1246              
    1247              $C$DW$TU$30     .dwtag  DW_TAG_type_unit
    1248                      .dwmtype  $C$DW$T$30
    1249              
    1250              $C$DW$T$30      .dwtag  DW_TAG_array_type
    1251                      .dwattr $C$DW$T$30, DW_AT_type(*$C$DW$T$19)
    1252                      .dwattr $C$DW$T$30, DW_AT_byte_size(0x04)
    1253              $C$DW$62        .dwtag  DW_TAG_subrange_type
    1254                      .dwattr $C$DW$62, DW_AT_upper_bound(0x01)
    1255              
    1256                      .dwendtag $C$DW$T$30
    1257              
    1258                      .dwendtag $C$DW$TU$30
    1259              
    1260              
    1261              $C$DW$TU$32     .dwtag  DW_TAG_type_unit
    1262                      .dwmtype  $C$DW$T$32
    1263              
    1264              $C$DW$T$32      .dwtag  DW_TAG_array_type
    1265                      .dwattr $C$DW$T$32, DW_AT_type(*$C$DW$T$19)
    1266                      .dwattr $C$DW$T$32, DW_AT_byte_size(0x06)
    1267              $C$DW$63        .dwtag  DW_TAG_subrange_type
    1268                      .dwattr $C$DW$63, DW_AT_upper_bound(0x02)
    1269              
    1270                      .dwendtag $C$DW$T$32
    1271              
    1272                      .dwendtag $C$DW$TU$32
    1273              
    1274              
    1275              $C$DW$TU$17     .dwtag  DW_TAG_type_unit
    1276                      .dwmtype  $C$DW$T$17
    1277              $C$DW$T$17      .dwtag  DW_TAG_base_type
    1278                      .dwattr $C$DW$T$17, DW_AT_encoding(DW_ATE_float)
    1279                      .dwattr $C$DW$T$17, DW_AT_name("double")
    1280                      .dwattr $C$DW$T$17, DW_AT_byte_size(0x04)
    1281              
    1282                      .dwendtag $C$DW$TU$17
    1283              
TMS320C2000 Assembler Unix v25.11.0 Sat May 30 20:22:51 2026

Copyright (c) 1996-2018 Texas Instruments Incorporated
safety.asm                                                           PAGE   25

    1284              
    1285              $C$DW$TU$18     .dwtag  DW_TAG_type_unit
    1286                      .dwmtype  $C$DW$T$18
    1287              $C$DW$T$18      .dwtag  DW_TAG_base_type
    1288                      .dwattr $C$DW$T$18, DW_AT_encoding(DW_ATE_float)
    1289                      .dwattr $C$DW$T$18, DW_AT_name("long double")
    1290                      .dwattr $C$DW$T$18, DW_AT_byte_size(0x04)
    1291              
    1292                      .dwendtag $C$DW$TU$18
    1293              
    1294              
    1295              $C$DW$TU$67     .dwtag  DW_TAG_type_unit
    1296                      .dwmtype  $C$DW$T$67
    1297              $C$DW$T$67      .dwtag  DW_TAG_base_type
    1298                      .dwattr $C$DW$T$67, DW_AT_encoding(DW_ATE_unsigned_char)
    1299                      .dwattr $C$DW$T$67, DW_AT_name("unsigned char")
    1300                      .dwattr $C$DW$T$67, DW_AT_byte_size(0x01)
    1301              
    1302                      .dwendtag $C$DW$TU$67
    1303              

No Assembly Errors, No Assembly Warnings
