TMS320C2000 Assembler Unix v25.11.0 Sat May 30 20:22:51 2026

Copyright (c) 1996-2018 Texas Instruments Incorporated
sensor_qep.asm                                                       PAGE    1

       1              ;***************************************************************
       2              ;* TMS320C2000 G3 C/C++ Codegen                         Unix v25.11.0.LTS *
       3              ;* Date/Time created: Sat May 30 20:22:51 2026                 *
       4              ;***************************************************************
       5                      .compiler_opts --abi=eabi --cla_support=cla1 --diag_wrap=off --float_support=fpu32 --hll_source=on --
       6                      .asg    XAR2, FP
       7              
       8              $C$DW$CU        .dwtag  DW_TAG_compile_unit
       9                      .dwattr $C$DW$CU, DW_AT_name("../src/sensor_qep.c")
      10                      .dwattr $C$DW$CU, DW_AT_producer("TI TMS320C2000 G3 C/C++ Codegen Unix v25.11.0.LTS Copyright (c) 199
      11                      .dwattr $C$DW$CU, DW_AT_TI_version(0x01)
      12                      .dwattr $C$DW$CU, DW_AT_comp_dir("/home/jose/workspace_ccstheia/foc_f28379d/Debug_BOOSTXL_Teknic_QEP"
      13              
      14              ;**************************************************************
      15              ;* FUNCTION SYNONYMS                                          *
      16              ;**************************************************************
      17                      .global ||sensor_capture_zero||
      18        0000! ||sensor_capture_zero|| .set ||sensor_qep_capture_zero||
      19                      .global ||g_dbg_qep_status||
      20 00000000               .bss    ||g_dbg_qep_status||,1,1,0
      21              $C$DW$1 .dwtag  DW_TAG_variable
      22                      .dwattr $C$DW$1, DW_AT_name("g_dbg_qep_status")
      23                      .dwattr $C$DW$1, DW_AT_linkage_name("g_dbg_qep_status")
      24                      .dwattr $C$DW$1, DW_AT_location[DW_OP_addr ||g_dbg_qep_status||]
      25                      .dwattr $C$DW$1, DW_AT_type(*$C$DW$T$29)
      26                      .dwattr $C$DW$1, DW_AT_external
      27                      .dwattr $C$DW$1, DW_AT_decl_file("../src/sensor_qep.c")
      28                      .dwattr $C$DW$1, DW_AT_decl_line(0x18)
      29                      .dwattr $C$DW$1, DW_AT_decl_column(0x13)
      30              
      31                      .global ||g_dbg_qep_direction||
      32 00000001               .bss    ||g_dbg_qep_direction||,1,1,0
      33              $C$DW$2 .dwtag  DW_TAG_variable
      34                      .dwattr $C$DW$2, DW_AT_name("g_dbg_qep_direction")
      35                      .dwattr $C$DW$2, DW_AT_linkage_name("g_dbg_qep_direction")
      36                      .dwattr $C$DW$2, DW_AT_location[DW_OP_addr ||g_dbg_qep_direction||]
      37                      .dwattr $C$DW$2, DW_AT_type(*$C$DW$T$26)
      38                      .dwattr $C$DW$2, DW_AT_external
      39                      .dwattr $C$DW$2, DW_AT_decl_file("../src/sensor_qep.c")
      40                      .dwattr $C$DW$2, DW_AT_decl_line(0x19)
      41                      .dwattr $C$DW$2, DW_AT_decl_column(0x13)
      42              
      43                      .global ||g_qep_theta_elec||
      44 00000000               .data
      45                      .align  2
      46                      .elfsym ||g_qep_theta_elec||,SYM_SIZE(2),SYM_BLOCKED(1)
      47 00000000       ||g_qep_theta_elec||:
      48 00000000 0000          .xfloat $strtod("0x0p+0")               ; g_qep_theta_elec @ 0
         00000001 0000 
      49              
      50              $C$DW$3 .dwtag  DW_TAG_variable
      51                      .dwattr $C$DW$3, DW_AT_name("g_qep_theta_elec")
      52                      .dwattr $C$DW$3, DW_AT_linkage_name("g_qep_theta_elec")
      53                      .dwattr $C$DW$3, DW_AT_location[DW_OP_addr ||g_qep_theta_elec||]
      54                      .dwattr $C$DW$3, DW_AT_type(*$C$DW$T$40)
TMS320C2000 Assembler Unix v25.11.0 Sat May 30 20:22:51 2026

Copyright (c) 1996-2018 Texas Instruments Incorporated
sensor_qep.asm                                                       PAGE    2

      55                      .dwattr $C$DW$3, DW_AT_external
      56                      .dwattr $C$DW$3, DW_AT_decl_file("../src/sensor_qep.c")
      57                      .dwattr $C$DW$3, DW_AT_decl_line(0x11)
      58                      .dwattr $C$DW$3, DW_AT_decl_column(0x14)
      59              
      60                      .global ||g_qep_omega_elec||
      61 00000002               .data
      62                      .align  2
      63                      .elfsym ||g_qep_omega_elec||,SYM_SIZE(2),SYM_BLOCKED(1)
      64 00000002       ||g_qep_omega_elec||:
      65 00000002 0000          .xfloat $strtod("0x0p+0")               ; g_qep_omega_elec @ 0
         00000003 0000 
      66              
      67              $C$DW$4 .dwtag  DW_TAG_variable
      68                      .dwattr $C$DW$4, DW_AT_name("g_qep_omega_elec")
      69                      .dwattr $C$DW$4, DW_AT_linkage_name("g_qep_omega_elec")
      70                      .dwattr $C$DW$4, DW_AT_location[DW_OP_addr ||g_qep_omega_elec||]
      71                      .dwattr $C$DW$4, DW_AT_type(*$C$DW$T$40)
      72                      .dwattr $C$DW$4, DW_AT_external
      73                      .dwattr $C$DW$4, DW_AT_decl_file("../src/sensor_qep.c")
      74                      .dwattr $C$DW$4, DW_AT_decl_line(0x12)
      75                      .dwattr $C$DW$4, DW_AT_decl_column(0x14)
      76              
      77                      .global ||g_qep_mech_offset_cnt||
      78 00000004               .data
      79                      .align  2
      80                      .elfsym ||g_qep_mech_offset_cnt||,SYM_SIZE(2),SYM_BLOCKED(1)
      81 00000004       ||g_qep_mech_offset_cnt||:
      82 00000004 0000          .bits           0,32
         00000005 0000 
      83                                      ; g_qep_mech_offset_cnt @ 0
      84              
      85              $C$DW$5 .dwtag  DW_TAG_variable
      86                      .dwattr $C$DW$5, DW_AT_name("g_qep_mech_offset_cnt")
      87                      .dwattr $C$DW$5, DW_AT_linkage_name("g_qep_mech_offset_cnt")
      88                      .dwattr $C$DW$5, DW_AT_location[DW_OP_addr ||g_qep_mech_offset_cnt||]
      89                      .dwattr $C$DW$5, DW_AT_type(*$C$DW$T$33)
      90                      .dwattr $C$DW$5, DW_AT_external
      91                      .dwattr $C$DW$5, DW_AT_decl_file("../src/sensor_qep.c")
      92                      .dwattr $C$DW$5, DW_AT_decl_line(0x13)
      93                      .dwattr $C$DW$5, DW_AT_decl_column(0x14)
      94              
      95                      .global ||g_dbg_qep_count||
      96 00000002               .bss    ||g_dbg_qep_count||,2,1,1
      97              $C$DW$6 .dwtag  DW_TAG_variable
      98                      .dwattr $C$DW$6, DW_AT_name("g_dbg_qep_count")
      99                      .dwattr $C$DW$6, DW_AT_linkage_name("g_dbg_qep_count")
     100                      .dwattr $C$DW$6, DW_AT_location[DW_OP_addr ||g_dbg_qep_count||]
     101                      .dwattr $C$DW$6, DW_AT_type(*$C$DW$T$37)
     102                      .dwattr $C$DW$6, DW_AT_external
     103                      .dwattr $C$DW$6, DW_AT_decl_file("../src/sensor_qep.c")
     104                      .dwattr $C$DW$6, DW_AT_decl_line(0x16)
     105                      .dwattr $C$DW$6, DW_AT_decl_column(0x13)
     106              
     107                      .global ||g_dbg_qep_index_latch||
TMS320C2000 Assembler Unix v25.11.0 Sat May 30 20:22:51 2026

Copyright (c) 1996-2018 Texas Instruments Incorporated
sensor_qep.asm                                                       PAGE    3

     108 00000004               .bss    ||g_dbg_qep_index_latch||,2,1,1
     109              $C$DW$7 .dwtag  DW_TAG_variable
     110                      .dwattr $C$DW$7, DW_AT_name("g_dbg_qep_index_latch")
     111                      .dwattr $C$DW$7, DW_AT_linkage_name("g_dbg_qep_index_latch")
     112                      .dwattr $C$DW$7, DW_AT_location[DW_OP_addr ||g_dbg_qep_index_latch||]
     113                      .dwattr $C$DW$7, DW_AT_type(*$C$DW$T$37)
     114                      .dwattr $C$DW$7, DW_AT_external
     115                      .dwattr $C$DW$7, DW_AT_decl_file("../src/sensor_qep.c")
     116                      .dwattr $C$DW$7, DW_AT_decl_line(0x17)
     117                      .dwattr $C$DW$7, DW_AT_decl_column(0x13)
     118              
     119 00000006               .bss    ||s_last_cnt||,2,1,1
     120              $C$DW$8 .dwtag  DW_TAG_variable
     121                      .dwattr $C$DW$8, DW_AT_name("s_last_cnt")
     122                      .dwattr $C$DW$8, DW_AT_linkage_name("s_last_cnt")
     123                      .dwattr $C$DW$8, DW_AT_type(*$C$DW$T$32)
     124                      .dwattr $C$DW$8, DW_AT_location[DW_OP_addr ||s_last_cnt||]
     125                      .dwattr $C$DW$8, DW_AT_decl_file("../src/sensor_qep.c")
     126                      .dwattr $C$DW$8, DW_AT_decl_line(0x1b)
     127                      .dwattr $C$DW$8, DW_AT_decl_column(0x10)
     128              
     129 00000008               .bss    ||s_omega_lpf||,2,1,1
     130              $C$DW$9 .dwtag  DW_TAG_variable
     131                      .dwattr $C$DW$9, DW_AT_name("s_omega_lpf")
     132                      .dwattr $C$DW$9, DW_AT_linkage_name("s_omega_lpf")
     133                      .dwattr $C$DW$9, DW_AT_type(*$C$DW$T$16)
     134                      .dwattr $C$DW$9, DW_AT_location[DW_OP_addr ||s_omega_lpf||]
     135                      .dwattr $C$DW$9, DW_AT_decl_file("../src/sensor_qep.c")
     136                      .dwattr $C$DW$9, DW_AT_decl_line(0x1c)
     137                      .dwattr $C$DW$9, DW_AT_decl_column(0x10)
     138              
     139                      .sblock ".bss"
     140                      .sblock ".data"
     141              ;       /home/jose/ti/ccs2051/ccs/tools/compiler/ti-cgt-c2000_25.11.0.LTS/bin/opt2000 /tmp/TI6YAUYsdCU /tmp/T
     142              ;       /home/jose/ti/ccs2051/ccs/tools/compiler/ti-cgt-c2000_25.11.0.LTS/bin/acia2000 -@/tmp/TI6YAfDz47n 
     143 00000000               .sect   ".text:sensor_qep_update_speed_slow"
     144                      .clink
     145                      .global ||sensor_qep_update_speed_slow||
     146              
     147              $C$DW$10        .dwtag  DW_TAG_subprogram
     148                      .dwattr $C$DW$10, DW_AT_name("sensor_qep_update_speed_slow")
     149                      .dwattr $C$DW$10, DW_AT_low_pc(||sensor_qep_update_speed_slow||)
     150                      .dwattr $C$DW$10, DW_AT_high_pc(0x00)
     151                      .dwattr $C$DW$10, DW_AT_linkage_name("sensor_qep_update_speed_slow")
     152                      .dwattr $C$DW$10, DW_AT_external
     153                      .dwattr $C$DW$10, DW_AT_decl_file("../src/sensor_qep.c")
     154                      .dwattr $C$DW$10, DW_AT_decl_line(0x28)
     155                      .dwattr $C$DW$10, DW_AT_decl_column(0x06)
     156                      .dwattr $C$DW$10, DW_AT_TI_max_frame_size(-2)
     157                      .dwpsn  file "../src/sensor_qep.c",line 41,column 1,is_stmt,address ||sensor_qep_update_speed_slow||,
     158              
     159                      .dwfde $C$DW$CIE, ||sensor_qep_update_speed_slow||
     160              
     161              ;***************************************************************
     162              ;* FNAME: sensor_qep_update_speed_slow  FR SIZE:   0           *
TMS320C2000 Assembler Unix v25.11.0 Sat May 30 20:22:51 2026

Copyright (c) 1996-2018 Texas Instruments Incorporated
sensor_qep.asm                                                       PAGE    4

     163              ;*                                                             *
     164              ;* FUNCTION ENVIRONMENT                                        *
     165              ;*                                                             *
     166              ;* FUNCTION PROPERTIES                                         *
     167              ;*                            0 Parameter,  0 Auto,  0 SOE     *
     168              ;***************************************************************
     169              
     170              ||sensor_qep_update_speed_slow||:
     171              ;* R3    assigned to $O$C1
     172              ;* R0    assigned to $O$v1
     173              ;* AR7   assigned to cnt
     174              $C$DW$11        .dwtag  DW_TAG_variable
     175                      .dwattr $C$DW$11, DW_AT_name("cnt")
     176                      .dwattr $C$DW$11, DW_AT_type(*$C$DW$T$32)
     177                      .dwattr $C$DW$11, DW_AT_location[DW_OP_reg18]
     178              
     179              ;* AR6   assigned to dcnt
     180              $C$DW$12        .dwtag  DW_TAG_variable
     181                      .dwattr $C$DW$12, DW_AT_name("dcnt")
     182                      .dwattr $C$DW$12, DW_AT_type(*$C$DW$T$32)
     183                      .dwattr $C$DW$12, DW_AT_location[DW_OP_reg16]
     184              
     185                      .dwcfi  cfa_offset, -2
     186                      .dwcfi  save_reg_to_mem, 26, 0
     187                      .dwpsn  file "/home/jose/ti/c2000/C2000Ware_26_01_00_00/driverlib/f2837xd/driverlib/eqep.h",line 489,
     188 00000000 BFA7          MOV32     XAR7,*(0:0x5100)      ; [CPU_FPU] |489| 
         00000001 5100 
     189 00000002 761F!         MOVW      DP,#||s_last_cnt||    ; [CPU_ARAU] 
         00000003 0000 
     190                      .dwpsn  file "../src/sensor_qep.c",line 43,column 18,is_stmt,isa 0
     191 00000004 06A7          MOVL      ACC,XAR7              ; [CPU_ALU] |43| 
     192 00000005 0300!         SUBL      ACC,@||s_last_cnt||   ; [CPU_ALU] |43| 
     193 00000006 1EA6          MOVL      XAR6,ACC              ; [CPU_ALU] |43| 
     194                      .dwpsn  file "../src/sensor_qep.c",line 47,column 5,is_stmt,isa 0
     195 00000007 FF20          MOV       ACC,#8000             ; [CPU_ALU] |47| 
         00000008 1F40 
     196                      .dwpsn  file "../src/sensor_qep.c",line 44,column 5,is_stmt,isa 0
     197 00000009 C300!         MOVL      @||s_last_cnt||,XAR7  ; [CPU_ALU] |44| 
     198                      .dwpsn  file "../src/sensor_qep.c",line 47,column 5,is_stmt,isa 0
     199 0000000a 0FA6          CMPL      ACC,XAR6              ; [CPU_ALU] |47| 
     200 0000000b 6305          B         ||$C$L1||,GEQ         ; [CPU_ALU] |47| 
     201                      ; branchcc occurs ; [] |47| 
     202 0000000c 06A6          MOVL      ACC,XAR6              ; [CPU_ALU] 
     203                      .dwpsn  file "../src/sensor_qep.c",line 47,column 37,is_stmt,isa 0
     204 0000000d FF07          SUB       ACC,#125 << 7         ; [CPU_ALU] |47| 
         0000000e 007D 
     205 0000000f 1EA6          MOVL      XAR6,ACC              ; [CPU_ALU] |47| 
     206 00000010       ||$C$L1||:    
     207 00000010 3B01          SETC      SXM                   ; [CPU_ALU] 
     208                      .dwpsn  file "../src/sensor_qep.c",line 48,column 5,is_stmt,isa 0
     209 00000011 FF26          MOV       ACC,#-125 << 6        ; [CPU_ALU] |48| 
         00000012 FF83 
     210 00000013 0FA6          CMPL      ACC,XAR6              ; [CPU_ALU] |48| 
     211 00000014 6505          B         ||$C$L2||,LEQ         ; [CPU_ALU] |48| 
     212                      ; branchcc occurs ; [] |48| 
TMS320C2000 Assembler Unix v25.11.0 Sat May 30 20:22:51 2026

Copyright (c) 1996-2018 Texas Instruments Incorporated
sensor_qep.asm                                                       PAGE    5

     213 00000015 06A6          MOVL      ACC,XAR6              ; [CPU_ALU] 
     214                      .dwpsn  file "../src/sensor_qep.c",line 48,column 37,is_stmt,isa 0
     215 00000016 FF17          ADD       ACC,#125 << 7         ; [CPU_ALU] |48| 
         00000017 007D 
     216 00000018 1EA6          MOVL      XAR6,ACC              ; [CPU_ALU] |48| 
     217 00000019       ||$C$L2||:    
     218                      .dwpsn  file "../src/sensor_qep.c",line 54,column 5,is_stmt,isa 0
     219 00000019 BDA6          MOV32     R1H,XAR6              ; [CPU_FPU] |54| 
         0000001a 0F16 
     220 0000001b 7700          NOP       ; [CPU_ALU] 
     221 0000001c E801          MOVIZ     R0H,#14467            ; [CPU_FPU] |54| 
         0000001d C418 
     222 0000001e E802          MOVIZ     R3H,#16585            ; [CPU_FPU] |54| 
         0000001f 064B 
     223 00000020 E808          MOVXI     R0H,#4719             ; [CPU_FPU] |54| 
         00000021 9378 
     224 00000022 E689          I32TOF32  R2H,R1H               ; [CPU_FPU] |54| 
         00000023 000A 
     225 00000024 E808          MOVXI     R3H,#4059             ; [CPU_FPU] |54| 
         00000025 7EDB 
     226 00000026 E700          MPYF32    R2H,R0H,R2H           ; [CPU_FPU] |54| 
         00000027 0082 
     227 00000028 E801          MOVIZ     R1H,#15948            ; [CPU_FPU] |54| 
         00000029 F261 
     228 0000002a E802          MOVIZ     R0H,#17530            ; [CPU_FPU] |54| 
         0000002b 23D0 
     229 0000002c E700          MPYF32    R2H,R3H,R2H           ; [CPU_FPU] |54| 
         0000002d 009A 
     230 0000002e E808          MOVXI     R0H,#1                ; [CPU_FPU] |54| 
         0000002f 0008 
     231 00000030 E700          MPYF32    R2H,R0H,R2H           ; [CPU_FPU] |54| 
         00000031 0082 
     232 00000032 E2AF!         MOV32     R3H,@||s_omega_lpf||  ; [CPU_FPU] |54| 
         00000033 0300 
     233 00000034 E720          SUBF32    R2H,R2H,R3H           ; [CPU_FPU] |54| 
         00000035 00D2 
     234 00000036 E80E          MOVXI     R1H,#52429            ; [CPU_FPU] |54| 
         00000037 6669 
     235 00000038 E700          MPYF32    R0H,R1H,R2H           ; [CPU_FPU] |54| 
         00000039 0088 
     236 0000003a 7700          NOP       ; [CPU_ALU] 
     237 0000003b E710          ADDF32    R0H,R0H,R3H           ; [CPU_FPU] |54| 
         0000003c 00C0 
     238 0000003d 7700          NOP       ; [CPU_ALU] 
     239 0000003e E203!         MOV32     @||s_omega_lpf||,R0H  ; [CPU_FPU] |54| 
         0000003f 0000 
     240                      .dwpsn  file "../src/sensor_qep.c",line 55,column 5,is_stmt,isa 0
     241 00000040 E850          MPYF32    R1H,R0H,#16512        ; [CPU_FPU] |55| 
         00000041 2001 
     242 00000042 761F!         MOVW      DP,#||g_qep_omega_elec|| ; [CPU_ARAU] 
         00000043 0000 
     243 00000044 E203!         MOV32     @||g_qep_omega_elec||,R1H ; [CPU_FPU] |55| 
         00000045 0100 
     244              $C$DW$13        .dwtag  DW_TAG_TI_branch
     245                      .dwattr $C$DW$13, DW_AT_low_pc(0x00)
TMS320C2000 Assembler Unix v25.11.0 Sat May 30 20:22:51 2026

Copyright (c) 1996-2018 Texas Instruments Incorporated
sensor_qep.asm                                                       PAGE    6

     246                      .dwattr $C$DW$13, DW_AT_TI_return
     247              
     248 00000046 0006          LRETR     ; [CPU_ALU] 
     249                      ; return occurs ; [] 
     250                      .dwattr $C$DW$10, DW_AT_TI_end_file("../src/sensor_qep.c")
     251                      .dwattr $C$DW$10, DW_AT_TI_end_line(0x38)
     252                      .dwattr $C$DW$10, DW_AT_TI_end_column(0x01)
     253                      .dwendentry
     254                      .dwendtag $C$DW$10
     255              
     256 00000000               .sect   ".text:sensor_qep_capture_zero"
     257                      .clink
     258                      .global ||sensor_qep_capture_zero||
     259              
     260              $C$DW$14        .dwtag  DW_TAG_subprogram
     261                      .dwattr $C$DW$14, DW_AT_name("sensor_qep_capture_zero")
     262                      .dwattr $C$DW$14, DW_AT_low_pc(||sensor_qep_capture_zero||)
     263                      .dwattr $C$DW$14, DW_AT_high_pc(0x00)
     264                      .dwattr $C$DW$14, DW_AT_linkage_name("sensor_qep_capture_zero")
     265                      .dwattr $C$DW$14, DW_AT_external
     266                      .dwattr $C$DW$14, DW_AT_decl_file("../src/sensor_qep.c")
     267                      .dwattr $C$DW$14, DW_AT_decl_line(0x3b)
     268                      .dwattr $C$DW$14, DW_AT_decl_column(0x06)
     269                      .dwattr $C$DW$14, DW_AT_TI_max_frame_size(-2)
     270                      .dwpsn  file "../src/sensor_qep.c",line 60,column 1,is_stmt,address ||sensor_qep_capture_zero||,isa 0
     271              
     272                      .dwfde $C$DW$CIE, ||sensor_qep_capture_zero||
     273              
     274              ;***************************************************************
     275              ;* FNAME: sensor_qep_capture_zero       FR SIZE:   0           *
     276              ;*                                                             *
     277              ;* FUNCTION ENVIRONMENT                                        *
     278              ;*                                                             *
     279              ;* FUNCTION PROPERTIES                                         *
     280              ;*                            0 Parameter,  0 Auto,  0 SOE     *
     281              ;***************************************************************
     282              
     283 00000000       ||sensor_qep_capture_zero||:
     284              ;* AL    assigned to $O$R1
     285                      .dwcfi  cfa_offset, -2
     286                      .dwcfi  save_reg_to_mem, 26, 0
     287                      .dwpsn  file "/home/jose/ti/c2000/C2000Ware_26_01_00_00/driverlib/f2837xd/driverlib/eqep.h",line 489,
     288 00000000 BFA9          MOV32     ACC,*(0:0x5100)       ; [CPU_FPU] |489| 
         00000001 5100 
     289 00000002 761F!         MOVW      DP,#||g_qep_mech_offset_cnt|| ; [CPU_ARAU] 
         00000003 0000 
     290                      .dwpsn  file "../src/sensor_qep.c",line 61,column 5,is_stmt,isa 0
     291 00000004 1E00!         MOVL      @||g_qep_mech_offset_cnt||,ACC ; [CPU_ALU] |61| 
     292              $C$DW$15        .dwtag  DW_TAG_TI_branch
     293                      .dwattr $C$DW$15, DW_AT_low_pc(0x00)
     294                      .dwattr $C$DW$15, DW_AT_TI_return
     295              
     296 00000005 0006          LRETR     ; [CPU_ALU] 
     297                      ; return occurs ; [] 
     298                      .dwattr $C$DW$14, DW_AT_TI_end_file("../src/sensor_qep.c")
TMS320C2000 Assembler Unix v25.11.0 Sat May 30 20:22:51 2026

Copyright (c) 1996-2018 Texas Instruments Incorporated
sensor_qep.asm                                                       PAGE    7

     299                      .dwattr $C$DW$14, DW_AT_TI_end_line(0x3e)
     300                      .dwattr $C$DW$14, DW_AT_TI_end_column(0x01)
     301                      .dwendentry
     302                      .dwendtag $C$DW$14
     303              
     304 00000000               .sect   ".text:sensor_init"
     305                      .clink
     306                      .global ||sensor_init||
     307              
     308              $C$DW$16        .dwtag  DW_TAG_subprogram
     309                      .dwattr $C$DW$16, DW_AT_name("sensor_init")
     310                      .dwattr $C$DW$16, DW_AT_low_pc(||sensor_init||)
     311                      .dwattr $C$DW$16, DW_AT_high_pc(0x00)
     312                      .dwattr $C$DW$16, DW_AT_linkage_name("sensor_init")
     313                      .dwattr $C$DW$16, DW_AT_external
     314                      .dwattr $C$DW$16, DW_AT_decl_file("../src/sensor_qep.c")
     315                      .dwattr $C$DW$16, DW_AT_decl_line(0x1e)
     316                      .dwattr $C$DW$16, DW_AT_decl_column(0x06)
     317                      .dwattr $C$DW$16, DW_AT_TI_max_frame_size(-2)
     318                      .dwpsn  file "../src/sensor_qep.c",line 31,column 1,is_stmt,address ||sensor_init||,isa 0
     319              
     320                      .dwfde $C$DW$CIE, ||sensor_init||
     321              
     322              ;***************************************************************
     323              ;* FNAME: sensor_init                   FR SIZE:   0           *
     324              ;*                                                             *
     325              ;* FUNCTION ENVIRONMENT                                        *
     326              ;*                                                             *
     327              ;* FUNCTION PROPERTIES                                         *
     328              ;*                            0 Parameter,  0 Auto,  0 SOE     *
     329              ;***************************************************************
     330              
     331 00000000       ||sensor_init||:
     332                      .dwcfi  cfa_offset, -2
     333                      .dwcfi  save_reg_to_mem, 26, 0
     334                      .dwpsn  file "/home/jose/ti/c2000/C2000Ware_26_01_00_00/driverlib/f2837xd/driverlib/eqep.h",line 516,
     335 00000000 BE00          MOVB      XAR6,#0               ; [CPU_ALU] |516| 
     336                      .dwpsn  file "../src/sensor_qep.c",line 36,column 5,is_stmt,isa 0
     337 00000001 E590          ZERO      R0H                   ; [CPU_FPU] |36| 
     338 00000002 761F!         MOVW      DP,#||s_omega_lpf||   ; [CPU_ARAU] 
         00000003 0000 
     339                      .dwpsn  file "../src/sensor_qep.c",line 35,column 5,is_stmt,isa 0
     340 00000004 0200          MOVB      ACC,#0                ; [CPU_ALU] |35| 
     341                      .dwpsn  file "/home/jose/ti/c2000/C2000Ware_26_01_00_00/driverlib/f2837xd/driverlib/eqep.h",line 516,
     342 00000005 BDA6          MOV32     *(0:0x5100),XAR6      ; [CPU_FPU] |516| 
         00000006 5100 
     343                      .dwpsn  file "../src/sensor_qep.c",line 36,column 5,is_stmt,isa 0
     344 00000007 E203!         MOV32     @||s_omega_lpf||,R0H  ; [CPU_FPU] |36| 
         00000008 0000 
     345                      .dwpsn  file "../src/sensor_qep.c",line 35,column 5,is_stmt,isa 0
     346 00000009 1E00!         MOVL      @||s_last_cnt||,ACC   ; [CPU_ALU] |35| 
     347              $C$DW$17        .dwtag  DW_TAG_TI_branch
     348                      .dwattr $C$DW$17, DW_AT_low_pc(0x00)
     349                      .dwattr $C$DW$17, DW_AT_TI_return
     350              
TMS320C2000 Assembler Unix v25.11.0 Sat May 30 20:22:51 2026

Copyright (c) 1996-2018 Texas Instruments Incorporated
sensor_qep.asm                                                       PAGE    8

     351 0000000a 0006          LRETR     ; [CPU_ALU] 
     352                      ; return occurs ; [] 
     353                      .dwattr $C$DW$16, DW_AT_TI_end_file("../src/sensor_qep.c")
     354                      .dwattr $C$DW$16, DW_AT_TI_end_line(0x25)
     355                      .dwattr $C$DW$16, DW_AT_TI_end_column(0x01)
     356                      .dwendentry
     357                      .dwendtag $C$DW$16
     358              
     359              
     360              ;***************************************************************
     361              ;* BUILD ATTRIBUTES                                            *
     362              ;***************************************************************
     363                      .battr "c28xabi", Tag_File, 1, Tag_float_args(0)
     364                      .battr "c28xabi", Tag_File, 1, Tag_double_args(0)
     365                      .dwattr $C$DW$CU, DW_AT_language(DW_LANG_C)
     366              
     367              ;***************************************************************
     368              ;* DWARF CIE ENTRIES                                           *
     369              ;***************************************************************
     370              
     371              $C$DW$CIE       .dwcie 26
     372                      .dwcfi  cfa_register, 20
     373                      .dwcfi  cfa_offset, 0
     374                      .dwcfi  same_value, 28
     375                      .dwcfi  same_value, 6
     376                      .dwcfi  same_value, 7
     377                      .dwcfi  same_value, 8
     378                      .dwcfi  same_value, 9
     379                      .dwcfi  same_value, 10
     380                      .dwcfi  same_value, 11
     381                      .dwcfi  same_value, 59
     382                      .dwcfi  same_value, 63
     383                      .dwcfi  same_value, 67
     384                      .dwcfi  same_value, 71
     385                      .dwendentry
     386                      .dwendtag $C$DW$CU
     387              
     388              
     389              ;***************************************************************
     390              ;* TYPE INFORMATION                                            *
     391              ;***************************************************************
     392              
     393              $C$DW$TU$2      .dwtag  DW_TAG_type_unit
     394                      .dwmtype  $C$DW$T$2
     395              $C$DW$T$2       .dwtag  DW_TAG_unspecified_type
     396                      .dwattr $C$DW$T$2, DW_AT_name("void")
     397              
     398                      .dwendtag $C$DW$TU$2
     399              
     400              
     401              $C$DW$TU$4      .dwtag  DW_TAG_type_unit
     402                      .dwmtype  $C$DW$T$4
     403              $C$DW$T$4       .dwtag  DW_TAG_base_type
     404                      .dwattr $C$DW$T$4, DW_AT_encoding(DW_ATE_boolean)
     405                      .dwattr $C$DW$T$4, DW_AT_name("bool")
TMS320C2000 Assembler Unix v25.11.0 Sat May 30 20:22:51 2026

Copyright (c) 1996-2018 Texas Instruments Incorporated
sensor_qep.asm                                                       PAGE    9

     406                      .dwattr $C$DW$T$4, DW_AT_byte_size(0x01)
     407              
     408                      .dwendtag $C$DW$TU$4
     409              
     410              
     411              $C$DW$TU$5      .dwtag  DW_TAG_type_unit
     412                      .dwmtype  $C$DW$T$5
     413              $C$DW$T$5       .dwtag  DW_TAG_base_type
     414                      .dwattr $C$DW$T$5, DW_AT_encoding(DW_ATE_signed_char)
     415                      .dwattr $C$DW$T$5, DW_AT_name("signed char")
     416                      .dwattr $C$DW$T$5, DW_AT_byte_size(0x01)
     417              
     418                      .dwendtag $C$DW$TU$5
     419              
     420              
     421              $C$DW$TU$6      .dwtag  DW_TAG_type_unit
     422                      .dwmtype  $C$DW$T$6
     423              $C$DW$T$6       .dwtag  DW_TAG_base_type
     424                      .dwattr $C$DW$T$6, DW_AT_encoding(DW_ATE_unsigned_char)
     425                      .dwattr $C$DW$T$6, DW_AT_name("unsigned char")
     426                      .dwattr $C$DW$T$6, DW_AT_byte_size(0x01)
     427              
     428                      .dwendtag $C$DW$TU$6
     429              
     430              
     431              $C$DW$TU$7      .dwtag  DW_TAG_type_unit
     432                      .dwmtype  $C$DW$T$7
     433              $C$DW$T$7       .dwtag  DW_TAG_base_type
     434                      .dwattr $C$DW$T$7, DW_AT_encoding(DW_ATE_signed_char)
     435                      .dwattr $C$DW$T$7, DW_AT_name("wchar_t")
     436                      .dwattr $C$DW$T$7, DW_AT_byte_size(0x02)
     437              
     438                      .dwendtag $C$DW$TU$7
     439              
     440              
     441              $C$DW$TU$8      .dwtag  DW_TAG_type_unit
     442                      .dwmtype  $C$DW$T$8
     443              $C$DW$T$8       .dwtag  DW_TAG_base_type
     444                      .dwattr $C$DW$T$8, DW_AT_encoding(DW_ATE_signed)
     445                      .dwattr $C$DW$T$8, DW_AT_name("short")
     446                      .dwattr $C$DW$T$8, DW_AT_byte_size(0x01)
     447              
     448                      .dwendtag $C$DW$TU$8
     449              
     450              
     451              $C$DW$TU$24     .dwtag  DW_TAG_type_unit
     452                      .dwmtype  $C$DW$T$24
     453              $C$DW$T$24      .dwtag  DW_TAG_typedef
     454                      .dwattr $C$DW$T$24, DW_AT_name("__int16_t")
     455                      .dwattr $C$DW$T$24, DW_AT_type(*$C$DW$T$8)
     456                      .dwattr $C$DW$T$24, DW_AT_decl_file("/home/jose/ti/ccs2051/ccs/tools/compiler/ti-cgt-c2000_25.11.0.LT
     457                      .dwattr $C$DW$T$24, DW_AT_decl_line(0x40)
     458                      .dwattr $C$DW$T$24, DW_AT_decl_column(0x1d)
     459              
     460                      .dwendtag $C$DW$TU$24
TMS320C2000 Assembler Unix v25.11.0 Sat May 30 20:22:51 2026

Copyright (c) 1996-2018 Texas Instruments Incorporated
sensor_qep.asm                                                       PAGE   10

     461              
     462              
     463              $C$DW$TU$25     .dwtag  DW_TAG_type_unit
     464                      .dwmtype  $C$DW$T$25
     465              $C$DW$T$25      .dwtag  DW_TAG_typedef
     466                      .dwattr $C$DW$T$25, DW_AT_name("int16_t")
     467                      .dwattr $C$DW$T$25, DW_AT_type(*$C$DW$T$24)
     468                      .dwattr $C$DW$T$25, DW_AT_decl_file("/home/jose/ti/ccs2051/ccs/tools/compiler/ti-cgt-c2000_25.11.0.LT
     469                      .dwattr $C$DW$T$25, DW_AT_decl_line(0x2b)
     470                      .dwattr $C$DW$T$25, DW_AT_decl_column(0x14)
     471              
     472                      .dwendtag $C$DW$TU$25
     473              
     474              
     475              $C$DW$TU$26     .dwtag  DW_TAG_type_unit
     476                      .dwmtype  $C$DW$T$26
     477              $C$DW$18        .dwtag  DW_TAG_TI_far_type
     478                      .dwattr $C$DW$18, DW_AT_type(*$C$DW$T$25)
     479              
     480              $C$DW$T$26      .dwtag  DW_TAG_volatile_type
     481                      .dwattr $C$DW$T$26, DW_AT_type(*$C$DW$18)
     482              
     483                      .dwendtag $C$DW$TU$26
     484              
     485              
     486              $C$DW$TU$9      .dwtag  DW_TAG_type_unit
     487                      .dwmtype  $C$DW$T$9
     488              $C$DW$T$9       .dwtag  DW_TAG_base_type
     489                      .dwattr $C$DW$T$9, DW_AT_encoding(DW_ATE_unsigned)
     490                      .dwattr $C$DW$T$9, DW_AT_name("unsigned short")
     491                      .dwattr $C$DW$T$9, DW_AT_byte_size(0x01)
     492              
     493                      .dwendtag $C$DW$TU$9
     494              
     495              
     496              $C$DW$TU$27     .dwtag  DW_TAG_type_unit
     497                      .dwmtype  $C$DW$T$27
     498              $C$DW$T$27      .dwtag  DW_TAG_typedef
     499                      .dwattr $C$DW$T$27, DW_AT_name("__uint16_t")
     500                      .dwattr $C$DW$T$27, DW_AT_type(*$C$DW$T$9)
     501                      .dwattr $C$DW$T$27, DW_AT_decl_file("/home/jose/ti/ccs2051/ccs/tools/compiler/ti-cgt-c2000_25.11.0.LT
     502                      .dwattr $C$DW$T$27, DW_AT_decl_line(0x41)
     503                      .dwattr $C$DW$T$27, DW_AT_decl_column(0x1c)
     504              
     505                      .dwendtag $C$DW$TU$27
     506              
     507              
     508              $C$DW$TU$28     .dwtag  DW_TAG_type_unit
     509                      .dwmtype  $C$DW$T$28
     510              $C$DW$T$28      .dwtag  DW_TAG_typedef
     511                      .dwattr $C$DW$T$28, DW_AT_name("uint16_t")
     512                      .dwattr $C$DW$T$28, DW_AT_type(*$C$DW$T$27)
     513                      .dwattr $C$DW$T$28, DW_AT_decl_file("/home/jose/ti/ccs2051/ccs/tools/compiler/ti-cgt-c2000_25.11.0.LT
     514                      .dwattr $C$DW$T$28, DW_AT_decl_line(0x41)
     515                      .dwattr $C$DW$T$28, DW_AT_decl_column(0x15)
TMS320C2000 Assembler Unix v25.11.0 Sat May 30 20:22:51 2026

Copyright (c) 1996-2018 Texas Instruments Incorporated
sensor_qep.asm                                                       PAGE   11

     516              
     517                      .dwendtag $C$DW$TU$28
     518              
     519              
     520              $C$DW$TU$29     .dwtag  DW_TAG_type_unit
     521                      .dwmtype  $C$DW$T$29
     522              $C$DW$19        .dwtag  DW_TAG_TI_far_type
     523                      .dwattr $C$DW$19, DW_AT_type(*$C$DW$T$28)
     524              
     525              $C$DW$T$29      .dwtag  DW_TAG_volatile_type
     526                      .dwattr $C$DW$T$29, DW_AT_type(*$C$DW$19)
     527              
     528                      .dwendtag $C$DW$TU$29
     529              
     530              
     531              $C$DW$TU$10     .dwtag  DW_TAG_type_unit
     532                      .dwmtype  $C$DW$T$10
     533              $C$DW$T$10      .dwtag  DW_TAG_base_type
     534                      .dwattr $C$DW$T$10, DW_AT_encoding(DW_ATE_signed)
     535                      .dwattr $C$DW$T$10, DW_AT_name("int")
     536                      .dwattr $C$DW$T$10, DW_AT_byte_size(0x01)
     537              
     538                      .dwendtag $C$DW$TU$10
     539              
     540              
     541              $C$DW$TU$11     .dwtag  DW_TAG_type_unit
     542                      .dwmtype  $C$DW$T$11
     543              $C$DW$T$11      .dwtag  DW_TAG_base_type
     544                      .dwattr $C$DW$T$11, DW_AT_encoding(DW_ATE_unsigned)
     545                      .dwattr $C$DW$T$11, DW_AT_name("unsigned int")
     546                      .dwattr $C$DW$T$11, DW_AT_byte_size(0x01)
     547              
     548                      .dwendtag $C$DW$TU$11
     549              
     550              
     551              $C$DW$TU$12     .dwtag  DW_TAG_type_unit
     552                      .dwmtype  $C$DW$T$12
     553              $C$DW$T$12      .dwtag  DW_TAG_base_type
     554                      .dwattr $C$DW$T$12, DW_AT_encoding(DW_ATE_signed)
     555                      .dwattr $C$DW$T$12, DW_AT_name("long")
     556                      .dwattr $C$DW$T$12, DW_AT_byte_size(0x02)
     557              
     558                      .dwendtag $C$DW$TU$12
     559              
     560              
     561              $C$DW$TU$31     .dwtag  DW_TAG_type_unit
     562                      .dwmtype  $C$DW$T$31
     563              $C$DW$T$31      .dwtag  DW_TAG_typedef
     564                      .dwattr $C$DW$T$31, DW_AT_name("__int32_t")
     565                      .dwattr $C$DW$T$31, DW_AT_type(*$C$DW$T$12)
     566                      .dwattr $C$DW$T$31, DW_AT_decl_file("/home/jose/ti/ccs2051/ccs/tools/compiler/ti-cgt-c2000_25.11.0.LT
     567                      .dwattr $C$DW$T$31, DW_AT_decl_line(0x42)
     568                      .dwattr $C$DW$T$31, DW_AT_decl_column(0x1d)
     569              
     570                      .dwendtag $C$DW$TU$31
TMS320C2000 Assembler Unix v25.11.0 Sat May 30 20:22:51 2026

Copyright (c) 1996-2018 Texas Instruments Incorporated
sensor_qep.asm                                                       PAGE   12

     571              
     572              
     573              $C$DW$TU$32     .dwtag  DW_TAG_type_unit
     574                      .dwmtype  $C$DW$T$32
     575              $C$DW$T$32      .dwtag  DW_TAG_typedef
     576                      .dwattr $C$DW$T$32, DW_AT_name("int32_t")
     577                      .dwattr $C$DW$T$32, DW_AT_type(*$C$DW$T$31)
     578                      .dwattr $C$DW$T$32, DW_AT_decl_file("/home/jose/ti/ccs2051/ccs/tools/compiler/ti-cgt-c2000_25.11.0.LT
     579                      .dwattr $C$DW$T$32, DW_AT_decl_line(0x30)
     580                      .dwattr $C$DW$T$32, DW_AT_decl_column(0x14)
     581              
     582                      .dwendtag $C$DW$TU$32
     583              
     584              
     585              $C$DW$TU$33     .dwtag  DW_TAG_type_unit
     586                      .dwmtype  $C$DW$T$33
     587              $C$DW$20        .dwtag  DW_TAG_TI_far_type
     588                      .dwattr $C$DW$20, DW_AT_type(*$C$DW$T$32)
     589              
     590              $C$DW$T$33      .dwtag  DW_TAG_volatile_type
     591                      .dwattr $C$DW$T$33, DW_AT_type(*$C$DW$20)
     592              
     593                      .dwendtag $C$DW$TU$33
     594              
     595              
     596              $C$DW$TU$13     .dwtag  DW_TAG_type_unit
     597                      .dwmtype  $C$DW$T$13
     598              $C$DW$T$13      .dwtag  DW_TAG_base_type
     599                      .dwattr $C$DW$T$13, DW_AT_encoding(DW_ATE_unsigned)
     600                      .dwattr $C$DW$T$13, DW_AT_name("unsigned long")
     601                      .dwattr $C$DW$T$13, DW_AT_byte_size(0x02)
     602              
     603                      .dwendtag $C$DW$TU$13
     604              
     605              
     606              $C$DW$TU$19     .dwtag  DW_TAG_type_unit
     607                      .dwmtype  $C$DW$T$19
     608              $C$DW$T$19      .dwtag  DW_TAG_typedef
     609                      .dwattr $C$DW$T$19, DW_AT_name("__uint32_t")
     610                      .dwattr $C$DW$T$19, DW_AT_type(*$C$DW$T$13)
     611                      .dwattr $C$DW$T$19, DW_AT_decl_file("/home/jose/ti/ccs2051/ccs/tools/compiler/ti-cgt-c2000_25.11.0.LT
     612                      .dwattr $C$DW$T$19, DW_AT_decl_line(0x43)
     613                      .dwattr $C$DW$T$19, DW_AT_decl_column(0x1c)
     614              
     615                      .dwendtag $C$DW$TU$19
     616              
     617              
     618              $C$DW$TU$20     .dwtag  DW_TAG_type_unit
     619                      .dwmtype  $C$DW$T$20
     620              $C$DW$T$20      .dwtag  DW_TAG_typedef
     621                      .dwattr $C$DW$T$20, DW_AT_name("uint32_t")
     622                      .dwattr $C$DW$T$20, DW_AT_type(*$C$DW$T$19)
     623                      .dwattr $C$DW$T$20, DW_AT_decl_file("/home/jose/ti/ccs2051/ccs/tools/compiler/ti-cgt-c2000_25.11.0.LT
     624                      .dwattr $C$DW$T$20, DW_AT_decl_line(0x46)
     625                      .dwattr $C$DW$T$20, DW_AT_decl_column(0x15)
TMS320C2000 Assembler Unix v25.11.0 Sat May 30 20:22:51 2026

Copyright (c) 1996-2018 Texas Instruments Incorporated
sensor_qep.asm                                                       PAGE   13

     626              
     627                      .dwendtag $C$DW$TU$20
     628              
     629              
     630              $C$DW$TU$37     .dwtag  DW_TAG_type_unit
     631                      .dwmtype  $C$DW$T$37
     632              $C$DW$21        .dwtag  DW_TAG_TI_far_type
     633                      .dwattr $C$DW$21, DW_AT_type(*$C$DW$T$20)
     634              
     635              $C$DW$T$37      .dwtag  DW_TAG_volatile_type
     636                      .dwattr $C$DW$T$37, DW_AT_type(*$C$DW$21)
     637              
     638                      .dwendtag $C$DW$TU$37
     639              
     640              
     641              $C$DW$TU$14     .dwtag  DW_TAG_type_unit
     642                      .dwmtype  $C$DW$T$14
     643              $C$DW$T$14      .dwtag  DW_TAG_base_type
     644                      .dwattr $C$DW$T$14, DW_AT_encoding(DW_ATE_signed)
     645                      .dwattr $C$DW$T$14, DW_AT_name("long long")
     646                      .dwattr $C$DW$T$14, DW_AT_byte_size(0x04)
     647              
     648                      .dwendtag $C$DW$TU$14
     649              
     650              
     651              $C$DW$TU$15     .dwtag  DW_TAG_type_unit
     652                      .dwmtype  $C$DW$T$15
     653              $C$DW$T$15      .dwtag  DW_TAG_base_type
     654                      .dwattr $C$DW$T$15, DW_AT_encoding(DW_ATE_unsigned)
     655                      .dwattr $C$DW$T$15, DW_AT_name("unsigned long long")
     656                      .dwattr $C$DW$T$15, DW_AT_byte_size(0x04)
     657              
     658                      .dwendtag $C$DW$TU$15
     659              
     660              
     661              $C$DW$TU$16     .dwtag  DW_TAG_type_unit
     662                      .dwmtype  $C$DW$T$16
     663              $C$DW$T$16      .dwtag  DW_TAG_base_type
     664                      .dwattr $C$DW$T$16, DW_AT_encoding(DW_ATE_float)
     665                      .dwattr $C$DW$T$16, DW_AT_name("float")
     666                      .dwattr $C$DW$T$16, DW_AT_byte_size(0x02)
     667              
     668                      .dwendtag $C$DW$TU$16
     669              
     670              
     671              $C$DW$TU$39     .dwtag  DW_TAG_type_unit
     672                      .dwmtype  $C$DW$T$39
     673              $C$DW$T$39      .dwtag  DW_TAG_typedef
     674                      .dwattr $C$DW$T$39, DW_AT_name("float32_t")
     675                      .dwattr $C$DW$T$39, DW_AT_type(*$C$DW$T$16)
     676                      .dwattr $C$DW$T$39, DW_AT_decl_file("/home/jose/ti/c2000/C2000Ware_26_01_00_00/driverlib/f2837xd/driv
     677                      .dwattr $C$DW$T$39, DW_AT_decl_line(0x66)
     678                      .dwattr $C$DW$T$39, DW_AT_decl_column(0x17)
     679              
     680                      .dwendtag $C$DW$TU$39
TMS320C2000 Assembler Unix v25.11.0 Sat May 30 20:22:51 2026

Copyright (c) 1996-2018 Texas Instruments Incorporated
sensor_qep.asm                                                       PAGE   14

     681              
     682              
     683              $C$DW$TU$40     .dwtag  DW_TAG_type_unit
     684                      .dwmtype  $C$DW$T$40
     685              $C$DW$22        .dwtag  DW_TAG_TI_far_type
     686                      .dwattr $C$DW$22, DW_AT_type(*$C$DW$T$39)
     687              
     688              $C$DW$T$40      .dwtag  DW_TAG_volatile_type
     689                      .dwattr $C$DW$T$40, DW_AT_type(*$C$DW$22)
     690              
     691                      .dwendtag $C$DW$TU$40
     692              
     693              
     694              $C$DW$TU$17     .dwtag  DW_TAG_type_unit
     695                      .dwmtype  $C$DW$T$17
     696              $C$DW$T$17      .dwtag  DW_TAG_base_type
     697                      .dwattr $C$DW$T$17, DW_AT_encoding(DW_ATE_float)
     698                      .dwattr $C$DW$T$17, DW_AT_name("double")
     699                      .dwattr $C$DW$T$17, DW_AT_byte_size(0x04)
     700              
     701                      .dwendtag $C$DW$TU$17
     702              
     703              
     704              $C$DW$TU$18     .dwtag  DW_TAG_type_unit
     705                      .dwmtype  $C$DW$T$18
     706              $C$DW$T$18      .dwtag  DW_TAG_base_type
     707                      .dwattr $C$DW$T$18, DW_AT_encoding(DW_ATE_float)
     708                      .dwattr $C$DW$T$18, DW_AT_name("long double")
     709                      .dwattr $C$DW$T$18, DW_AT_byte_size(0x04)
     710              
     711                      .dwendtag $C$DW$TU$18
     712              

No Assembly Errors, No Assembly Warnings
