TMS320C2000 Assembler Unix v25.11.0 Sun May 31 21:09:06 2026

Copyright (c) 1996-2018 Texas Instruments Incorporated
sensor_rm44ac.asm                                                    PAGE    1

       1              ;***************************************************************
       2              ;* TMS320C2000 G3 C/C++ Codegen                         Unix v25.11.0.LTS *
       3              ;* Date/Time created: Sun May 31 21:09:06 2026                 *
       4              ;***************************************************************
       5                      .compiler_opts --abi=eabi --cla_support=cla1 --diag_wrap=off --float_support=fpu32 --hll_source=on --
       6                      .asg    XAR2, FP
       7              
       8              $C$DW$CU        .dwtag  DW_TAG_compile_unit
       9                      .dwattr $C$DW$CU, DW_AT_name("../src/sensor_rm44ac.c")
      10                      .dwattr $C$DW$CU, DW_AT_producer("TI TMS320C2000 G3 C/C++ Codegen Unix v25.11.0.LTS Copyright (c) 199
      11                      .dwattr $C$DW$CU, DW_AT_TI_version(0x01)
      12                      .dwattr $C$DW$CU, DW_AT_comp_dir("/home/jose/workspace_ccstheia/foc_f28379d/Debug_BOOSTXL_Teknic_QEP"
      13              ;       /home/jose/ti/ccs2051/ccs/tools/compiler/ti-cgt-c2000_25.11.0.LTS/bin/opt2000 /tmp/TIahcIIMqAK /tmp/T
      14              ;       /home/jose/ti/ccs2051/ccs/tools/compiler/ti-cgt-c2000_25.11.0.LTS/bin/acia2000 -@/tmp/TIahcisImxZ 
      15              
      16              ;***************************************************************
      17              ;* BUILD ATTRIBUTES                                            *
      18              ;***************************************************************
      19                      .battr "c28xabi", Tag_File, 1, Tag_float_args(0)
      20                      .battr "c28xabi", Tag_File, 1, Tag_double_args(0)
      21                      .dwendtag $C$DW$CU
      22              
      23              
      24              ;***************************************************************
      25              ;* TYPE INFORMATION                                            *
      26              ;***************************************************************
      27              
      28              $C$DW$TU$2      .dwtag  DW_TAG_type_unit
      29                      .dwmtype  $C$DW$T$2
      30              $C$DW$T$2       .dwtag  DW_TAG_unspecified_type
      31                      .dwattr $C$DW$T$2, DW_AT_name("void")
      32              
      33                      .dwendtag $C$DW$TU$2
      34              
      35              
      36              $C$DW$TU$4      .dwtag  DW_TAG_type_unit
      37                      .dwmtype  $C$DW$T$4
      38              $C$DW$T$4       .dwtag  DW_TAG_base_type
      39                      .dwattr $C$DW$T$4, DW_AT_encoding(DW_ATE_boolean)
      40                      .dwattr $C$DW$T$4, DW_AT_name("bool")
      41                      .dwattr $C$DW$T$4, DW_AT_byte_size(0x01)
      42              
      43                      .dwendtag $C$DW$TU$4
      44              
      45              
      46              $C$DW$TU$5      .dwtag  DW_TAG_type_unit
      47                      .dwmtype  $C$DW$T$5
      48              $C$DW$T$5       .dwtag  DW_TAG_base_type
      49                      .dwattr $C$DW$T$5, DW_AT_encoding(DW_ATE_signed_char)
      50                      .dwattr $C$DW$T$5, DW_AT_name("signed char")
      51                      .dwattr $C$DW$T$5, DW_AT_byte_size(0x01)
      52              
      53                      .dwendtag $C$DW$TU$5
      54              
      55              
TMS320C2000 Assembler Unix v25.11.0 Sun May 31 21:09:06 2026

Copyright (c) 1996-2018 Texas Instruments Incorporated
sensor_rm44ac.asm                                                    PAGE    2

      56              $C$DW$TU$6      .dwtag  DW_TAG_type_unit
      57                      .dwmtype  $C$DW$T$6
      58              $C$DW$T$6       .dwtag  DW_TAG_base_type
      59                      .dwattr $C$DW$T$6, DW_AT_encoding(DW_ATE_unsigned_char)
      60                      .dwattr $C$DW$T$6, DW_AT_name("unsigned char")
      61                      .dwattr $C$DW$T$6, DW_AT_byte_size(0x01)
      62              
      63                      .dwendtag $C$DW$TU$6
      64              
      65              
      66              $C$DW$TU$7      .dwtag  DW_TAG_type_unit
      67                      .dwmtype  $C$DW$T$7
      68              $C$DW$T$7       .dwtag  DW_TAG_base_type
      69                      .dwattr $C$DW$T$7, DW_AT_encoding(DW_ATE_signed_char)
      70                      .dwattr $C$DW$T$7, DW_AT_name("wchar_t")
      71                      .dwattr $C$DW$T$7, DW_AT_byte_size(0x02)
      72              
      73                      .dwendtag $C$DW$TU$7
      74              
      75              
      76              $C$DW$TU$8      .dwtag  DW_TAG_type_unit
      77                      .dwmtype  $C$DW$T$8
      78              $C$DW$T$8       .dwtag  DW_TAG_base_type
      79                      .dwattr $C$DW$T$8, DW_AT_encoding(DW_ATE_signed)
      80                      .dwattr $C$DW$T$8, DW_AT_name("short")
      81                      .dwattr $C$DW$T$8, DW_AT_byte_size(0x01)
      82              
      83                      .dwendtag $C$DW$TU$8
      84              
      85              
      86              $C$DW$TU$9      .dwtag  DW_TAG_type_unit
      87                      .dwmtype  $C$DW$T$9
      88              $C$DW$T$9       .dwtag  DW_TAG_base_type
      89                      .dwattr $C$DW$T$9, DW_AT_encoding(DW_ATE_unsigned)
      90                      .dwattr $C$DW$T$9, DW_AT_name("unsigned short")
      91                      .dwattr $C$DW$T$9, DW_AT_byte_size(0x01)
      92              
      93                      .dwendtag $C$DW$TU$9
      94              
      95              
      96              $C$DW$TU$10     .dwtag  DW_TAG_type_unit
      97                      .dwmtype  $C$DW$T$10
      98              $C$DW$T$10      .dwtag  DW_TAG_base_type
      99                      .dwattr $C$DW$T$10, DW_AT_encoding(DW_ATE_signed)
     100                      .dwattr $C$DW$T$10, DW_AT_name("int")
     101                      .dwattr $C$DW$T$10, DW_AT_byte_size(0x01)
     102              
     103                      .dwendtag $C$DW$TU$10
     104              
     105              
     106              $C$DW$TU$11     .dwtag  DW_TAG_type_unit
     107                      .dwmtype  $C$DW$T$11
     108              $C$DW$T$11      .dwtag  DW_TAG_base_type
     109                      .dwattr $C$DW$T$11, DW_AT_encoding(DW_ATE_unsigned)
     110                      .dwattr $C$DW$T$11, DW_AT_name("unsigned int")
TMS320C2000 Assembler Unix v25.11.0 Sun May 31 21:09:06 2026

Copyright (c) 1996-2018 Texas Instruments Incorporated
sensor_rm44ac.asm                                                    PAGE    3

     111                      .dwattr $C$DW$T$11, DW_AT_byte_size(0x01)
     112              
     113                      .dwendtag $C$DW$TU$11
     114              
     115              
     116              $C$DW$TU$12     .dwtag  DW_TAG_type_unit
     117                      .dwmtype  $C$DW$T$12
     118              $C$DW$T$12      .dwtag  DW_TAG_base_type
     119                      .dwattr $C$DW$T$12, DW_AT_encoding(DW_ATE_signed)
     120                      .dwattr $C$DW$T$12, DW_AT_name("long")
     121                      .dwattr $C$DW$T$12, DW_AT_byte_size(0x02)
     122              
     123                      .dwendtag $C$DW$TU$12
     124              
     125              
     126              $C$DW$TU$13     .dwtag  DW_TAG_type_unit
     127                      .dwmtype  $C$DW$T$13
     128              $C$DW$T$13      .dwtag  DW_TAG_base_type
     129                      .dwattr $C$DW$T$13, DW_AT_encoding(DW_ATE_unsigned)
     130                      .dwattr $C$DW$T$13, DW_AT_name("unsigned long")
     131                      .dwattr $C$DW$T$13, DW_AT_byte_size(0x02)
     132              
     133                      .dwendtag $C$DW$TU$13
     134              
     135              
     136              $C$DW$TU$14     .dwtag  DW_TAG_type_unit
     137                      .dwmtype  $C$DW$T$14
     138              $C$DW$T$14      .dwtag  DW_TAG_base_type
     139                      .dwattr $C$DW$T$14, DW_AT_encoding(DW_ATE_signed)
     140                      .dwattr $C$DW$T$14, DW_AT_name("long long")
     141                      .dwattr $C$DW$T$14, DW_AT_byte_size(0x04)
     142              
     143                      .dwendtag $C$DW$TU$14
     144              
     145              
     146              $C$DW$TU$15     .dwtag  DW_TAG_type_unit
     147                      .dwmtype  $C$DW$T$15
     148              $C$DW$T$15      .dwtag  DW_TAG_base_type
     149                      .dwattr $C$DW$T$15, DW_AT_encoding(DW_ATE_unsigned)
     150                      .dwattr $C$DW$T$15, DW_AT_name("unsigned long long")
     151                      .dwattr $C$DW$T$15, DW_AT_byte_size(0x04)
     152              
     153                      .dwendtag $C$DW$TU$15
     154              
     155              
     156              $C$DW$TU$16     .dwtag  DW_TAG_type_unit
     157                      .dwmtype  $C$DW$T$16
     158              $C$DW$T$16      .dwtag  DW_TAG_base_type
     159                      .dwattr $C$DW$T$16, DW_AT_encoding(DW_ATE_float)
     160                      .dwattr $C$DW$T$16, DW_AT_name("float")
     161                      .dwattr $C$DW$T$16, DW_AT_byte_size(0x02)
     162              
     163                      .dwendtag $C$DW$TU$16
     164              
     165              
TMS320C2000 Assembler Unix v25.11.0 Sun May 31 21:09:06 2026

Copyright (c) 1996-2018 Texas Instruments Incorporated
sensor_rm44ac.asm                                                    PAGE    4

     166              $C$DW$TU$17     .dwtag  DW_TAG_type_unit
     167                      .dwmtype  $C$DW$T$17
     168              $C$DW$T$17      .dwtag  DW_TAG_base_type
     169                      .dwattr $C$DW$T$17, DW_AT_encoding(DW_ATE_float)
     170                      .dwattr $C$DW$T$17, DW_AT_name("double")
     171                      .dwattr $C$DW$T$17, DW_AT_byte_size(0x04)
     172              
     173                      .dwendtag $C$DW$TU$17
     174              
     175              
     176              $C$DW$TU$18     .dwtag  DW_TAG_type_unit
     177                      .dwmtype  $C$DW$T$18
     178              $C$DW$T$18      .dwtag  DW_TAG_base_type
     179                      .dwattr $C$DW$T$18, DW_AT_encoding(DW_ATE_float)
     180                      .dwattr $C$DW$T$18, DW_AT_name("long double")
     181                      .dwattr $C$DW$T$18, DW_AT_byte_size(0x04)
     182              
     183                      .dwendtag $C$DW$TU$18
     184              

No Assembly Errors, No Assembly Warnings
