******************************************************************************
             TMS320C2000 Linker Unix v25.11.0                  
******************************************************************************
>> Linked Sun May 31 21:09:07 2026

OUTPUT FILE NAME:   <foc_f28379d.out>
ENTRY POINT SYMBOL: "code_start"  address: 00080000


MEMORY CONFIGURATION

         name            origin    length      used     unused   attr    fill
----------------------  --------  ---------  --------  --------  ----  --------
PAGE 0:
  RAMM0                 00000123   000002dd  00000000  000002dd  RWIX
  RAMLS0                00008000   00000800  00000082  0000077e  RWIX
  RAMLS1                00008800   00000800  00000000  00000800  RWIX
  RAMLS2                00009000   00000800  00000000  00000800  RWIX
  RAMLS3                00009800   00000800  00000000  00000800  RWIX
  RAMLS4                0000a000   00000800  00000000  00000800  RWIX
  RAMD0                 0000b000   00000800  00000000  00000800  RWIX
  RAMGS14               0001a000   00001000  00000000  00001000  RWIX
  RAMGS15               0001b000   00000ff8  00000000  00000ff8  RWIX
  BEGIN                 00080000   00000002  00000002  00000000  RWIX
  FLASHA                00080002   00001ffe  00000000  00001ffe  RWIX
  FLASHB                00082000   00002000  0000176e  00000892  RWIX
  FLASHC                00084000   00002000  00000000  00002000  RWIX
  FLASHD                00086000   00002000  00000082  00001f7e  RWIX
  FLASHE                00088000   00008000  00000000  00008000  RWIX
  FLASHF                00090000   00008000  00000000  00008000  RWIX
  FLASHG                00098000   00008000  00000000  00008000  RWIX
  FLASHH                000a0000   00008000  00000000  00008000  RWIX
  FLASHI                000a8000   00008000  00000000  00008000  RWIX
  FLASHJ                000b0000   00008000  00000000  00008000  RWIX
  FLASHK                000b8000   00002000  00000000  00002000  RWIX
  FLASHL                000ba000   00002000  00000000  00002000  RWIX
  FLASHM                000bc000   00002000  00000000  00002000  RWIX
  FLASHN                000be000   00001ff0  00000000  00001ff0  RWIX
  RESET                 003fffc0   00000002  00000000  00000002  RWIX

PAGE 1:
  BOOT_RSVD             00000002   00000121  00000000  00000121  RWIX
  RAMM1                 00000400   000003f8  00000380  00000078  RWIX
  RAMLS5                0000a800   00000800  000000d6  0000072a  RWIX
  RAMD1                 0000b800   00000800  00000000  00000800  RWIX
  RAMGS0                0000c000   00001000  00000f00  00000100  RWIX
  RAMGS1                0000d000   00001000  00000000  00001000  RWIX
  RAMGS2                0000e000   00001000  00000000  00001000  RWIX
  RAMGS3                0000f000   00001000  00000000  00001000  RWIX
  RAMGS4                00010000   00001000  00000000  00001000  RWIX
  RAMGS5                00011000   00001000  00000000  00001000  RWIX
  RAMGS6                00012000   00001000  00000000  00001000  RWIX
  RAMGS7                00013000   00001000  00000000  00001000  RWIX
  RAMGS8                00014000   00001000  00000000  00001000  RWIX
  RAMGS9                00015000   00001000  00000000  00001000  RWIX
  RAMGS10               00016000   00001000  00000000  00001000  RWIX
  RAMGS11               00017000   00001000  00000000  00001000  RWIX
  RAMGS12               00018000   00001000  00000000  00001000  RWIX
  RAMGS13               00019000   00001000  00000000  00001000  RWIX
  CPU2TOCPU1RAM         0003f800   00000400  00000000  00000400  RWIX
  CPU1TOCPU2RAM         0003fc00   00000400  00000000  00000400  RWIX


SECTION ALLOCATION MAP

 output                                  attributes/
section   page    origin      length       input sections
--------  ----  ----------  ----------   ----------------
codestart 
*          0    00080000    00000002     
                  00080000    00000002     F2837xD_CodeStartBranch.obj (codestart)

.cinit     0    00083748    0000002a     
                  00083748    0000000f     (.cinit..data.load) [load image, compression = lzss]
                  00083757    00000001     --HOLE-- [fill = 0]
                  00083758    00000006     (__TI_handler_table)
                  0008375e    00000004     (.cinit..bss.load) [load image, compression = zero_init]
                  00083762    00000004     (.cinit..ebss.load) [load image, compression = zero_init]
                  00083766    0000000c     (__TI_cinit_table)

.stack     1    00000400    00000380     UNINITIALIZED
                  00000400    00000380     --HOLE--

.reset     0    003fffc0    00000000     DSECT

.init_array 
*          0    00082000    00000000     UNINITIALIZED

.bss       1    0000a800    000000b6     UNINITIALIZED
                  0000a800    00000084     foc_pipeline.obj (.bss)
                  0000a884    00000011     inverter_drv8305.obj (.bss)
                  0000a895    00000001     debug_hooks.obj (.bss)
                  0000a896    0000000a     safety.obj (.bss)
                  0000a8a0    0000000a     sensor_qep.obj (.bss)
                  0000a8aa    00000006     foc_state_machine.obj (.bss)
                  0000a8b0    00000004     adc_iface.obj (.bss)
                  0000a8b4    00000002     debug_iface.obj (.bss)

.data      1    0000a8b6    00000020     UNINITIALIZED
                  0000a8b6    00000006     device.obj (.data)
                  0000a8bc    00000004     foc_state_machine.obj (.data)
                  0000a8c0    00000006     rts2800_fpu32_eabi.lib : exit.c.obj (.data)
                  0000a8c6    00000006     sensor_qep.obj (.data)
                  0000a8cc    00000003     adc_iface.obj (.data)
                  0000a8cf    00000001     pwm_iface.obj (.data)
                  0000a8d0    00000002     rts2800_fpu32_eabi.lib : _lock.c.obj (.data:_lock)
                  0000a8d2    00000002                            : _lock.c.obj (.data:_unlock)
                  0000a8d4    00000002     isr.obj (.data)

.TI.ramfunc 
*          0    00086000    00000082     RUN ADDR = 00008000
                  00086000    00000046     driverlib_eabi.lib : flash.obj (.TI.ramfunc:Flash_initModule)
                  00086046    00000038     isr.obj (.TI.ramfunc:adcA1_isr)
                  0008607e    00000004     driverlib_eabi.lib : sysctl.obj (.TI.ramfunc)

GETBUFFER 
*          0    0003f800    00000000     DSECT

GETWRITEIDX 
*          0    0003f800    00000000     DSECT

PUTREADIDX 
*          0    0003f800    00000000     DSECT

.text      0    00082000    00001744     
                  00082000    00000289     board.obj (.text:EPWM_init)
                  00082289    000001cd     driverlib_eabi.lib : sysctl.obj (.text:SysCtl_setClock)
                  00082456    00000151     foc_pipeline.obj (.text:foc_current_loop_isr)
                  000825a7    000000de     device.obj (.text:Device_enableAllPeripherals)
                  00082685    000000dc     board.obj (.text:PinMux_init)
                  00082761    000000b1     driverlib_eabi.lib : sysctl.obj (.text:SysCtl_selectXTAL)
                  00082812    000000ae     foc_pipeline.obj (.text:foc_init)
                  000828c0    00000088     rts2800_fpu32_eabi.lib : fs_div28.asm.obj (.text)
                  00082948    00000082     foc_pipeline.obj (.text:SVGEN_run)
                  000829ca    0000007c     board.obj (.text:UART_DEBUG_init)
                  00082a46    00000077     inverter_drv8305.obj (.text:inverter_init)
                  00082abd    00000071     safety.obj (.text:safety_check_isr)
                  00082b2e    00000066     board.obj (.text:myADCA_init)
                  00082b94    0000005d     pwm_iface.obj (.text:pwm_set_duty)
                  00082bf1    0000005c     driverlib_eabi.lib : adc.obj (.text:ADC_setINLTrim)
                  00082c4d    00000059     debug_iface.obj (.text:sciA_rx_isr)
                  00082ca6    0000004e     board.obj (.text:QEP_SENSOR_init)
                  00082cf4    0000004c     foc_state_machine.obj (.text:sm_tick_1khz)
                  00082d40    00000048     board.obj (.text:DRV8305_SPI_init)
                  00082d88    00000048     main.obj (.text:main)
                  00082dd0    00000045     inverter_drv8305.obj (.text:drv8305_xfer)
                  00082e15    00000045     foc_state_machine.obj (.text:enter)
                  00082e5a    00000044     driverlib_eabi.lib : sysctl.obj (.text:SysCtl_getDeviceParametric)
                  00082e9e    00000041                        : interrupt.obj (.text:Interrupt_initModule)
                  00082edf    00000040     foc_pipeline.obj (.text:foc_speed_loop_tick)
                  00082f1f    0000003f     device.obj (.text:Device_init)
                  00082f5e    0000003f     driverlib_eabi.lib : gpio.obj (.text:GPIO_setPadConfig)
                  00082f9d    0000003f     board.obj (.text:myADCB_init)
                  00082fdc    0000003f     board.obj (.text:myADCC_init)
                  0008301b    0000003d     driverlib_eabi.lib : adc.obj (.text:ADC_setOffsetTrim)
                  00083058    0000003c     foc_pipeline.obj (.text:CLARKE_run)
                  00083094    00000039     adc_iface.obj (.text:adc_calibrate_offsets)
                  000830cd    00000038     adc_iface.obj (.text:adc_read_phase_currents)
                  00083105    00000036     driverlib_eabi.lib : interrupt.obj (.text:Interrupt_enable)
                  0008313b    00000035                        : eqep.obj (.text:EQEP_setInputPolarity)
                  00083170    00000033     device.obj (.text:Device_configureTMXAnalogTrim)
                  000831a3    00000030     driverlib_eabi.lib : gpio.obj (.text:GPIO_setPinConfig)
                  000831d3    0000002f     board.obj (.text:SYNC_init)
                  00083202    0000002f     pwm_iface.obj (.text:pwm_force_safe)
                  00083231    0000002e     debug_hooks.obj (.text:debug_datalog_push)
                  0008325f    0000002e     rts2800_fpu32_eabi.lib : copy_decompress_lzss.c.obj (.text:decompress:lzss)
                  0008328d    0000002b     driverlib_eabi.lib : sysctl.obj (.text:SysCtl_selectOscSource)
                  000832b8    0000002b     rts2800_fpu32_eabi.lib : autoinit.c.obj (.text:__TI_auto_init_nobinit_nopinit)
                  000832e3    0000002a     foc_pipeline.obj (.text:PI_run)
                  0008330d    00000029     rts2800_fpu32_eabi.lib : exit.c.obj (.text)
                  00083336    00000023     driverlib_eabi.lib : sci.obj (.text:SCI_setConfig)
                  00083359    00000022                        : gpio.obj (.text:GPIO_setControllerCore)
                  0008337b    00000022                        : gpio.obj (.text:GPIO_setQualificationMode)
                  0008339d    00000021     inverter_drv8305.obj (.text:inverter_snapshot_fault_regs)
                  000833be    00000020     driverlib_eabi.lib : gpio.obj (.text:GPIO_setDirectionMode)
                  000833de    00000020     foc_pipeline.obj (.text:IPARK_run)
                  000833fe    00000020     foc_pipeline.obj (.text:PARK_run)
                  0008341e    00000020     rts2800_fpu32_eabi.lib : memcpy.c.obj (.text)
                  0008343e    0000001f     driverlib_eabi.lib : spi.obj (.text:SPI_setConfig)
                  0008345d    0000001e     device.obj (.text:Device_initGPIO)
                  0008347b    0000001d     device.obj (.text:Device_enableUnbondedGPIOPullupsFor100Pin)
                  00083498    0000001c     driverlib_eabi.lib : sci.obj (.text:SCI_clearInterruptStatus)
                  000834b4    0000001b     debug_iface.obj (.text:debug_iface_poll)
                  000834cf    0000001a     driverlib_eabi.lib : sci.obj (.text:SCI_enableInterrupt)
                  000834e9    00000019     foc_state_machine.obj (.text:poll_debug_cmd)
                  00083502    00000018     board.obj (.text:DRV8305_EN_GATE_init)
                  0008351a    00000018     board.obj (.text:DRV8305_SCS_init)
                  00083532    00000018     board.obj (.text:DRV8305_WAKE_init)
                  0008354a    00000017     board.obj (.text:INTERRUPT_init)
                  00083561    00000017     rts2800_fpu32_eabi.lib : boot28.asm.obj (.text)
                  00083578    00000015     board.obj (.text:Board_init)
                  0008358d    00000015     driverlib_eabi.lib : interrupt.obj (.text:Interrupt_initVectorTable)
                  000835a2    00000014     board.obj (.text:DRV8305_NFAULT_init)
                  000835b6    00000014     board.obj (.text:LED_STATUS_GPIO_init)
                  000835ca    00000013     device.obj (.text:Device_enableUnbondedGPIOPullupsFor176Pin)
                  000835dd    00000013     adc_iface.obj (.text:adc_read_vbus)
                  000835f0    00000012     rts2800_fpu32_eabi.lib : args_main.c.obj (.text)
                  00083602    00000011     driverlib_eabi.lib : adc.obj (.text:ADC_setMode)
                  00083613    00000010     device.obj (.text:Device_enableUnbondedGPIOPullups)
                  00083623    00000010     isr.obj (.text:epwm_tz_isr)
                  00083633    0000000f     driverlib_eabi.lib : sysctl.obj (.text:SysCtl_pollCpuTimer)
                  00083642    0000000f     inverter_drv8305.obj (.text:inverter_clear_faults)
                  00083651    0000000d     inverter_drv8305.obj (.text:inverter_is_faulted)
                  0008365e    0000000c     driverlib_eabi.lib : interrupt.obj (.text:Interrupt_defaultHandler)
                  0008366a    0000000b     board.obj (.text:GPIO_init)
                  00083675    0000000b     sensor_qep.obj (.text:sensor_init)
                  00083680    0000000b     foc_state_machine.obj (.text:sm_clear_fault)
                  0008368b    0000000b     foc_state_machine.obj (.text:sm_init)
                  00083696    0000000a     driverlib_eabi.lib : interrupt.obj (.text:Interrupt_illegalOperationHandler)
                  000836a0    0000000a                        : interrupt.obj (.text:Interrupt_nmiHandler)
                  000836aa    00000009     debug_hooks.obj (.text:debug_init)
                  000836b3    00000009     rts2800_fpu32_eabi.lib : _lock.c.obj (.text)
                  000836bc    00000008     F2837xD_CodeStartBranch.obj (.text)
                  000836c4    00000008     rts2800_fpu32_eabi.lib : copy_decompress_none.c.obj (.text:decompress:none)
                  000836cc    00000007     board.obj (.text:ADC_init)
                  000836d3    00000007     rts2800_fpu32_eabi.lib : memset.c.obj (.text)
                  000836da    00000007     foc_state_machine.obj (.text:sm_raise_fault)
                  000836e1    00000007     foc_state_machine.obj (.text:sm_request_align)
                  000836e8    00000006     rts2800_fpu32_eabi.lib : copy_zero_init.c.obj (.text:decompress:ZI)
                  000836ee    00000006     sensor_qep.obj (.text:sensor_qep_capture_zero)
                  000836f4    00000006     foc_state_machine.obj (.text:sm_request_run)
                  000836fa    00000005     debug_iface.obj (.text:debug_iface_init)
                  000836ff    00000005     inverter_drv8305.obj (.text:inverter_disable_gate)
                  00083704    00000005     inverter_drv8305.obj (.text:inverter_enable_gate)
                  00083709    00000004     clarke.obj (.text:CLARKE_init)
                  0008370d    00000004     ipark.obj (.text:IPARK_init)
                  00083711    00000004     park.obj (.text:PARK_init)
                  00083715    00000004     pi.obj (.text:PI_init)
                  00083719    00000004     svgen.obj (.text:SVGEN_init)
                  0008371d    00000004     debug_hooks.obj (.text:debug_isr_scope_high)
                  00083721    00000004     debug_hooks.obj (.text:debug_isr_scope_low)
                  00083725    00000004     safety.obj (.text:safety_clear)
                  00083729    00000004     safety.obj (.text:safety_init)
                  0008372d    00000004     safety.obj (.text:safety_latch)
                  00083731    00000004     foc_state_machine.obj (.text:sm_get_state)
                  00083735    00000004     foc_state_machine.obj (.text:sm_request_stop)
                  00083739    00000003     foc_pipeline.obj (.text:foc_get_refs)
                  0008373c    00000003     foc_pipeline.obj (.text:foc_get_signals)
                  0008373f    00000002     rts2800_fpu32_eabi.lib : pre_init.c.obj (.text)
                  00083741    00000001     adc_iface.obj (.text:adc_init)
                  00083742    00000001     pwm_iface.obj (.text:pwm_init)
                  00083743    00000001     rts2800_fpu32_eabi.lib : startup.c.obj (.text)

.ebss      1    0000c000    00000f00     UNINITIALIZED
                  0000c000    00000e00     debug_hooks.obj (.ebss)
                  0000ce00    00000100     debug_iface.obj (.ebss)

MODULE SUMMARY

       Module                        code   ro data   rw data
       ------                        ----   -------   -------
    ./src/
       debug_hooks.obj               63     0         3585   
       foc_pipeline.obj              877    0         132    
       debug_iface.obj               121    0         258    
       inverter_drv8305.obj          259    0         17     
       foc_state_machine.obj         220    0         10     
       pwm_iface.obj                 141    0         1      
       adc_iface.obj                 133    0         7      
       safety.obj                    125    0         10     
       isr.obj                       128    0         2      
       main.obj                      72     0         0      
       sensor_qep.obj                17     0         16     
    +--+-----------------------------+------+---------+---------+
       Total:                        2156   0         4038   
                                                             
    ./src_device/
       device.obj                    430    0         6      
       F2837xD_CodeStartBranch.obj   10     0         0      
    +--+-----------------------------+------+---------+---------+
       Total:                        440    0         6      
                                                             
    ./syscfg/
       board.obj                     1592   0         0      
    +--+-----------------------------+------+---------+---------+
       Total:                        1592   0         0      
                                                             
    ./ti_lib/
       clarke.obj                    4      0         0      
       ipark.obj                     4      0         0      
       park.obj                      4      0         0      
       pi.obj                        4      0         0      
       svgen.obj                     4      0         0      
    +--+-----------------------------+------+---------+---------+
       Total:                        20     0         0      
                                                             
    /home/jose/ti/c2000/C2000Ware_26_01_00_00/driverlib/f2837xd/driverlib/ccs/Release/driverlib_eabi.lib
       sysctl.obj                    772    0         0      
       gpio.obj                      211    0         0      
       interrupt.obj                 172    0         0      
       adc.obj                       170    0         0      
       flash.obj                     140    0         0      
       sci.obj                       89     0         0      
       eqep.obj                      53     0         0      
       spi.obj                       31     0         0      
    +--+-----------------------------+------+---------+---------+
       Total:                        1638   0         0      
                                                             
    /home/jose/ti/ccs2051/ccs/tools/compiler/ti-cgt-c2000_25.11.0.LTS/lib/rts2800_fpu32_eabi.lib
       fs_div28.asm.obj              136    0         0      
       exit.c.obj                    41     0         6      
       copy_decompress_lzss.c.obj    46     0         0      
       autoinit.c.obj                43     0         0      
       memcpy.c.obj                  32     0         0      
       boot28.asm.obj                23     0         0      
       args_main.c.obj               18     0         0      
       _lock.c.obj                   9      0         4      
       copy_decompress_none.c.obj    8      0         0      
       memset.c.obj                  7      0         0      
       copy_zero_init.c.obj          6      0         0      
       pre_init.c.obj                2      0         0      
       startup.c.obj                 1      0         0      
    +--+-----------------------------+------+---------+---------+
       Total:                        372    0         10     
                                                             
       Stack:                        0      0         896    
       Linker Generated:             0      41        0      
    +--+-----------------------------+------+---------+---------+
       Grand Total:                  6218   41        4950   


LINKER GENERATED COPY TABLES

__TI_cinit_table @ 00083766 records: 3, size/record: 4, table size: 12
	.data: load addr=00083748, load size=0000000f bytes, run addr=0000a8b6, run size=00000020 bytes, compression=lzss
	.bss: load addr=0008375e, load size=00000004 bytes, run addr=0000a800, run size=000000b6 bytes, compression=zero_init
	.ebss: load addr=00083762, load size=00000004 bytes, run addr=0000c000, run size=00000f00 bytes, compression=zero_init


LINKER GENERATED HANDLER TABLE

__TI_handler_table @ 00083758 records: 3, size/record: 2, table size: 6
	index: 0, handler: __TI_zero_init
	index: 1, handler: __TI_decompress_lzss
	index: 2, handler: __TI_decompress_none


GLOBAL DATA SYMBOLS: SORTED BY DATA PAGE

address     data page           name
--------    ----------------    ----
00000400      10 (00000400)     __stack

0000a810     2a0 (0000a800)     g_dbg_align_id_meas
0000a812     2a0 (0000a800)     g_dbg_align_iq_meas
0000a814     2a0 (0000a800)     g_dbg_align_vd
0000a816     2a0 (0000a800)     g_dbg_openloop_vd
0000a818     2a0 (0000a800)     g_dbg_openloop_vq

0000a884     2a2 (0000a880)     g_dbg_en_gate
0000a885     2a2 (0000a880)     g_dbg_nfault
0000a886     2a2 (0000a880)     g_dbg_spi_wr_shunt
0000a887     2a2 (0000a880)     g_dbg_spi_rd_shunt
0000a888     2a2 (0000a880)     g_dbg_spi_warn
0000a889     2a2 (0000a880)     g_dbg_spi_ovvds
0000a88a     2a2 (0000a880)     g_dbg_spi_icflt
0000a88b     2a2 (0000a880)     g_dbg_spi_vgsflt
0000a88c     2a2 (0000a880)     g_dbg_fault_warn
0000a88d     2a2 (0000a880)     g_dbg_fault_ovvds
0000a88e     2a2 (0000a880)     g_dbg_fault_icflt
0000a88f     2a2 (0000a880)     g_dbg_fault_vgsflt
0000a890     2a2 (0000a880)     g_dbg_spi_sts
0000a891     2a2 (0000a880)     g_dbg_spi_fftx_level
0000a892     2a2 (0000a880)     g_dbg_spi_ffrx_level
0000a893     2a2 (0000a880)     g_dbg_spi_rx_raw
0000a894     2a2 (0000a880)     g_dbg_spi_hs_default
0000a895     2a2 (0000a880)     g_datalog_idx
0000a897     2a2 (0000a880)     g_dbg_fault_code
0000a898     2a2 (0000a880)     g_dbg_trip_phase
0000a89a     2a2 (0000a880)     g_dbg_trip_iu
0000a89c     2a2 (0000a880)     g_dbg_trip_iv
0000a89e     2a2 (0000a880)     g_dbg_trip_iw
0000a8a0     2a2 (0000a880)     g_dbg_qep_status
0000a8a1     2a2 (0000a880)     g_dbg_qep_direction
0000a8a2     2a2 (0000a880)     g_dbg_qep_count
0000a8a4     2a2 (0000a880)     g_dbg_qep_index_latch
0000a8aa     2a2 (0000a880)     g_dbg_sm_cmd
0000a8ab     2a2 (0000a880)     g_dbg_state
0000a8ae     2a2 (0000a880)     g_dbg_align_qep_cnt
0000a8b0     2a2 (0000a880)     g_dbg_iu_raw
0000a8b1     2a2 (0000a880)     g_dbg_iv_raw
0000a8b2     2a2 (0000a880)     g_dbg_iw_raw
0000a8b3     2a2 (0000a880)     g_dbg_vbus_raw
0000a8b6     2a2 (0000a880)     Example_Result
0000a8b8     2a2 (0000a880)     Example_PassCount
0000a8ba     2a2 (0000a880)     Example_Fail

0000a8c0     2a3 (0000a8c0)     __TI_enable_exit_profile_output
0000a8c2     2a3 (0000a8c0)     __TI_cleanup_ptr
0000a8c4     2a3 (0000a8c0)     __TI_dtors_ptr
0000a8c6     2a3 (0000a8c0)     g_qep_theta_elec
0000a8c8     2a3 (0000a8c0)     g_qep_omega_elec
0000a8ca     2a3 (0000a8c0)     g_qep_mech_offset_cnt
0000a8cf     2a3 (0000a8c0)     g_pwm_period_count
0000a8d0     2a3 (0000a8c0)     _lock
0000a8d2     2a3 (0000a8c0)     _unlock
0000a8d4     2a3 (0000a8c0)     g_isr_count

0000c000     300 (0000c000)     g_datalog


GLOBAL SYMBOLS: SORTED ALPHABETICALLY BY Name 

page  address   name                                     
----  -------   ----                                     
0     000836cc  ADC_init                                 
0     00082bf1  ADC_setINLTrim                           
0     00083602  ADC_setMode                              
0     0008301b  ADC_setOffsetTrim                        
0     00083578  Board_init                               
0     0008330d  C$$EXIT                                  
0     00083709  CLARKE_init                              
0     00083502  DRV8305_EN_GATE_init                     
0     000835a2  DRV8305_NFAULT_init                      
0     0008351a  DRV8305_SCS_init                         
0     00082d40  DRV8305_SPI_init                         
0     00083532  DRV8305_WAKE_init                        
0     00083170  Device_configureTMXAnalogTrim            
0     000825a7  Device_enableAllPeripherals              
0     00083613  Device_enableUnbondedGPIOPullups         
0     0008347b  Device_enableUnbondedGPIOPullupsFor100Pin
0     000835ca  Device_enableUnbondedGPIOPullupsFor176Pin
0     00082f1f  Device_init                              
0     0008345d  Device_initGPIO                          
0     00082000  EPWM_init                                
0     00082ca6  EQEP_init                                
0     0008313b  EQEP_setInputPolarity                    
1     0000a8ba  Example_Fail                             
1     0000a8b8  Example_PassCount                        
1     0000a8b6  Example_Result                           
0     00008000  Flash_initModule                         
0     0008366a  GPIO_init                                
0     00083359  GPIO_setControllerCore                   
0     000833be  GPIO_setDirectionMode                    
0     00082f5e  GPIO_setPadConfig                        
0     000831a3  GPIO_setPinConfig                        
0     0008337b  GPIO_setQualificationMode                
0     0008354a  INTERRUPT_init                           
0     0008370d  IPARK_init                               
0     0008365e  Interrupt_defaultHandler                 
0     00083105  Interrupt_enable                         
0     00083696  Interrupt_illegalOperationHandler        
0     00082e9e  Interrupt_initModule                     
0     0008358d  Interrupt_initVectorTable                
0     000836a0  Interrupt_nmiHandler                     
0     000835b6  LED_STATUS_GPIO_init                     
0     00083711  PARK_init                                
0     00083715  PI_init                                  
0     00082685  PinMux_init                              
0     00082ca6  QEP_SENSOR_init                          
0     00086082  RamfuncsLoadEnd                          
abs   00000082  RamfuncsLoadSize                         
0     00086000  RamfuncsLoadStart                        
0     00008082  RamfuncsRunEnd                           
abs   00000082  RamfuncsRunSize                          
0     00008000  RamfuncsRunStart                         
0     00083498  SCI_clearInterruptStatus                 
0     000834cf  SCI_enableInterrupt                      
0     000829ca  SCI_init                                 
0     00083336  SCI_setConfig                            
0     00082d40  SPI_init                                 
0     0008343e  SPI_setConfig                            
0     00083719  SVGEN_init                               
0     000831d3  SYNC_init                                
0     0000807e  SysCtl_delay                             
0     00082e5a  SysCtl_getDeviceParametric               
0     0008328d  SysCtl_selectOscSource                   
0     00082761  SysCtl_selectXTAL                        
0     00082289  SysCtl_setClock                          
0     000829ca  UART_DEBUG_init                          
0     00083766  __TI_CINIT_Base                          
0     00083772  __TI_CINIT_Limit                         
0     00083772  __TI_CINIT_Warm                          
0     00083758  __TI_Handler_Table_Base                  
0     0008375e  __TI_Handler_Table_Limit                 
1     00000780  __TI_STACK_END                           
abs   00000380  __TI_STACK_SIZE                          
0     000832b8  __TI_auto_init_nobinit_nopinit           
1     0000a8c2  __TI_cleanup_ptr                         
0     0008325f  __TI_decompress_lzss                     
0     000836c4  __TI_decompress_none                     
1     0000a8c4  __TI_dtors_ptr                           
1     0000a8c0  __TI_enable_exit_profile_output          
abs   ffffffff  __TI_pprof_out_hndl                      
abs   ffffffff  __TI_prof_data_size                      
abs   ffffffff  __TI_prof_data_start                     
0     000836e8  __TI_zero_init                           
0     000828c0  __c28xabi_divf                           
abs   ffffffff  __c_args__                               
1     00000400  __stack                                  
0     000835f0  _args_main                               
0     00083561  _c_int00                                 
1     0000a8d0  _lock                                    
0     000836bb  _nop                                     
0     000836b7  _register_lock                           
0     000836b3  _register_unlock                         
0     00083743  _system_post_cinit                       
0     0008373f  _system_pre_init                         
1     0000a8d2  _unlock                                  
0     0008330d  abort                                    
0     00008046  adcA1_isr                                
0     00083094  adc_calibrate_offsets                    
0     00083741  adc_init                                 
0     000830cd  adc_read_phase_currents                  
0     000835dd  adc_read_vbus                            
0     00080000  code_start                               
0     00083231  debug_datalog_push                       
0     000836fa  debug_iface_init                         
0     000834b4  debug_iface_poll                         
0     000836aa  debug_init                               
0     0008371d  debug_isr_scope_high                     
0     00083721  debug_isr_scope_low                      
0     00083623  epwm_tz_isr                              
0     0008330f  exit                                     
0     00082456  foc_current_loop_isr                     
0     00083739  foc_get_refs                             
0     0008373c  foc_get_signals                          
0     00082812  foc_init                                 
0     00082edf  foc_speed_loop_tick                      
1     0000c000  g_datalog                                
1     0000a895  g_datalog_idx                            
1     0000a810  g_dbg_align_id_meas                      
1     0000a812  g_dbg_align_iq_meas                      
1     0000a8ae  g_dbg_align_qep_cnt                      
1     0000a814  g_dbg_align_vd                           
1     0000a884  g_dbg_en_gate                            
1     0000a897  g_dbg_fault_code                         
1     0000a88e  g_dbg_fault_icflt                        
1     0000a88d  g_dbg_fault_ovvds                        
1     0000a88f  g_dbg_fault_vgsflt                       
1     0000a88c  g_dbg_fault_warn                         
1     0000a8b0  g_dbg_iu_raw                             
1     0000a8b1  g_dbg_iv_raw                             
1     0000a8b2  g_dbg_iw_raw                             
1     0000a885  g_dbg_nfault                             
1     0000a816  g_dbg_openloop_vd                        
1     0000a818  g_dbg_openloop_vq                        
1     0000a8a2  g_dbg_qep_count                          
1     0000a8a1  g_dbg_qep_direction                      
1     0000a8a4  g_dbg_qep_index_latch                    
1     0000a8a0  g_dbg_qep_status                         
1     0000a8aa  g_dbg_sm_cmd                             
1     0000a892  g_dbg_spi_ffrx_level                     
1     0000a891  g_dbg_spi_fftx_level                     
1     0000a894  g_dbg_spi_hs_default                     
1     0000a88a  g_dbg_spi_icflt                          
1     0000a889  g_dbg_spi_ovvds                          
1     0000a887  g_dbg_spi_rd_shunt                       
1     0000a893  g_dbg_spi_rx_raw                         
1     0000a890  g_dbg_spi_sts                            
1     0000a88b  g_dbg_spi_vgsflt                         
1     0000a888  g_dbg_spi_warn                           
1     0000a886  g_dbg_spi_wr_shunt                       
1     0000a8ab  g_dbg_state                              
1     0000a89a  g_dbg_trip_iu                            
1     0000a89c  g_dbg_trip_iv                            
1     0000a89e  g_dbg_trip_iw                            
1     0000a898  g_dbg_trip_phase                         
1     0000a8b3  g_dbg_vbus_raw                           
1     0000a8d4  g_isr_count                              
1     0000a8cf  g_pwm_period_count                       
1     0000a8ca  g_qep_mech_offset_cnt                    
1     0000a8c8  g_qep_omega_elec                         
1     0000a8c6  g_qep_theta_elec                         
0     00083642  inverter_clear_faults                    
0     000836ff  inverter_disable_gate                    
0     00083704  inverter_enable_gate                     
0     00082a46  inverter_init                            
0     00083651  inverter_is_faulted                      
0     0008339d  inverter_snapshot_fault_regs             
0     00082d88  main                                     
0     0008341e  memcpy                                   
0     000836d3  memset                                   
0     00082b2e  myADCA_init                              
0     00082f9d  myADCB_init                              
0     00082fdc  myADCC_init                              
0     00083202  pwm_force_safe                           
0     00083742  pwm_init                                 
0     00082b94  pwm_set_duty                             
0     00082abd  safety_check_isr                         
0     00083725  safety_clear                             
0     00083729  safety_init                              
0     0008372d  safety_latch                             
0     00082c4d  sciA_rx_isr                              
0     000836ee  sensor_capture_zero                      
0     00083675  sensor_init                              
0     000836ee  sensor_qep_capture_zero                  
0     00083680  sm_clear_fault                           
0     00083731  sm_get_state                             
0     0008368b  sm_init                                  
0     000836da  sm_raise_fault                           
0     000836e1  sm_request_align                         
0     000836f4  sm_request_run                           
0     00083735  sm_request_stop                          
0     00082cf4  sm_tick_1khz                             


GLOBAL SYMBOLS: SORTED BY Symbol Address 

page  address   name                                     
----  -------   ----                                     
0     00008000  Flash_initModule                         
0     00008000  RamfuncsRunStart                         
0     00008046  adcA1_isr                                
0     0000807e  SysCtl_delay                             
0     00008082  RamfuncsRunEnd                           
0     00080000  code_start                               
0     00082000  EPWM_init                                
0     00082289  SysCtl_setClock                          
0     00082456  foc_current_loop_isr                     
0     000825a7  Device_enableAllPeripherals              
0     00082685  PinMux_init                              
0     00082761  SysCtl_selectXTAL                        
0     00082812  foc_init                                 
0     000828c0  __c28xabi_divf                           
0     000829ca  SCI_init                                 
0     000829ca  UART_DEBUG_init                          
0     00082a46  inverter_init                            
0     00082abd  safety_check_isr                         
0     00082b2e  myADCA_init                              
0     00082b94  pwm_set_duty                             
0     00082bf1  ADC_setINLTrim                           
0     00082c4d  sciA_rx_isr                              
0     00082ca6  EQEP_init                                
0     00082ca6  QEP_SENSOR_init                          
0     00082cf4  sm_tick_1khz                             
0     00082d40  DRV8305_SPI_init                         
0     00082d40  SPI_init                                 
0     00082d88  main                                     
0     00082e5a  SysCtl_getDeviceParametric               
0     00082e9e  Interrupt_initModule                     
0     00082edf  foc_speed_loop_tick                      
0     00082f1f  Device_init                              
0     00082f5e  GPIO_setPadConfig                        
0     00082f9d  myADCB_init                              
0     00082fdc  myADCC_init                              
0     0008301b  ADC_setOffsetTrim                        
0     00083094  adc_calibrate_offsets                    
0     000830cd  adc_read_phase_currents                  
0     00083105  Interrupt_enable                         
0     0008313b  EQEP_setInputPolarity                    
0     00083170  Device_configureTMXAnalogTrim            
0     000831a3  GPIO_setPinConfig                        
0     000831d3  SYNC_init                                
0     00083202  pwm_force_safe                           
0     00083231  debug_datalog_push                       
0     0008325f  __TI_decompress_lzss                     
0     0008328d  SysCtl_selectOscSource                   
0     000832b8  __TI_auto_init_nobinit_nopinit           
0     0008330d  C$$EXIT                                  
0     0008330d  abort                                    
0     0008330f  exit                                     
0     00083336  SCI_setConfig                            
0     00083359  GPIO_setControllerCore                   
0     0008337b  GPIO_setQualificationMode                
0     0008339d  inverter_snapshot_fault_regs             
0     000833be  GPIO_setDirectionMode                    
0     0008341e  memcpy                                   
0     0008343e  SPI_setConfig                            
0     0008345d  Device_initGPIO                          
0     0008347b  Device_enableUnbondedGPIOPullupsFor100Pin
0     00083498  SCI_clearInterruptStatus                 
0     000834b4  debug_iface_poll                         
0     000834cf  SCI_enableInterrupt                      
0     00083502  DRV8305_EN_GATE_init                     
0     0008351a  DRV8305_SCS_init                         
0     00083532  DRV8305_WAKE_init                        
0     0008354a  INTERRUPT_init                           
0     00083561  _c_int00                                 
0     00083578  Board_init                               
0     0008358d  Interrupt_initVectorTable                
0     000835a2  DRV8305_NFAULT_init                      
0     000835b6  LED_STATUS_GPIO_init                     
0     000835ca  Device_enableUnbondedGPIOPullupsFor176Pin
0     000835dd  adc_read_vbus                            
0     000835f0  _args_main                               
0     00083602  ADC_setMode                              
0     00083613  Device_enableUnbondedGPIOPullups         
0     00083623  epwm_tz_isr                              
0     00083642  inverter_clear_faults                    
0     00083651  inverter_is_faulted                      
0     0008365e  Interrupt_defaultHandler                 
0     0008366a  GPIO_init                                
0     00083675  sensor_init                              
0     00083680  sm_clear_fault                           
0     0008368b  sm_init                                  
0     00083696  Interrupt_illegalOperationHandler        
0     000836a0  Interrupt_nmiHandler                     
0     000836aa  debug_init                               
0     000836b3  _register_unlock                         
0     000836b7  _register_lock                           
0     000836bb  _nop                                     
0     000836c4  __TI_decompress_none                     
0     000836cc  ADC_init                                 
0     000836d3  memset                                   
0     000836da  sm_raise_fault                           
0     000836e1  sm_request_align                         
0     000836e8  __TI_zero_init                           
0     000836ee  sensor_capture_zero                      
0     000836ee  sensor_qep_capture_zero                  
0     000836f4  sm_request_run                           
0     000836fa  debug_iface_init                         
0     000836ff  inverter_disable_gate                    
0     00083704  inverter_enable_gate                     
0     00083709  CLARKE_init                              
0     0008370d  IPARK_init                               
0     00083711  PARK_init                                
0     00083715  PI_init                                  
0     00083719  SVGEN_init                               
0     0008371d  debug_isr_scope_high                     
0     00083721  debug_isr_scope_low                      
0     00083725  safety_clear                             
0     00083729  safety_init                              
0     0008372d  safety_latch                             
0     00083731  sm_get_state                             
0     00083735  sm_request_stop                          
0     00083739  foc_get_refs                             
0     0008373c  foc_get_signals                          
0     0008373f  _system_pre_init                         
0     00083741  adc_init                                 
0     00083742  pwm_init                                 
0     00083743  _system_post_cinit                       
0     00083758  __TI_Handler_Table_Base                  
0     0008375e  __TI_Handler_Table_Limit                 
0     00083766  __TI_CINIT_Base                          
0     00083772  __TI_CINIT_Limit                         
0     00083772  __TI_CINIT_Warm                          
0     00086000  RamfuncsLoadStart                        
0     00086082  RamfuncsLoadEnd                          
1     00000400  __stack                                  
1     00000780  __TI_STACK_END                           
1     0000a810  g_dbg_align_id_meas                      
1     0000a812  g_dbg_align_iq_meas                      
1     0000a814  g_dbg_align_vd                           
1     0000a816  g_dbg_openloop_vd                        
1     0000a818  g_dbg_openloop_vq                        
1     0000a884  g_dbg_en_gate                            
1     0000a885  g_dbg_nfault                             
1     0000a886  g_dbg_spi_wr_shunt                       
1     0000a887  g_dbg_spi_rd_shunt                       
1     0000a888  g_dbg_spi_warn                           
1     0000a889  g_dbg_spi_ovvds                          
1     0000a88a  g_dbg_spi_icflt                          
1     0000a88b  g_dbg_spi_vgsflt                         
1     0000a88c  g_dbg_fault_warn                         
1     0000a88d  g_dbg_fault_ovvds                        
1     0000a88e  g_dbg_fault_icflt                        
1     0000a88f  g_dbg_fault_vgsflt                       
1     0000a890  g_dbg_spi_sts                            
1     0000a891  g_dbg_spi_fftx_level                     
1     0000a892  g_dbg_spi_ffrx_level                     
1     0000a893  g_dbg_spi_rx_raw                         
1     0000a894  g_dbg_spi_hs_default                     
1     0000a895  g_datalog_idx                            
1     0000a897  g_dbg_fault_code                         
1     0000a898  g_dbg_trip_phase                         
1     0000a89a  g_dbg_trip_iu                            
1     0000a89c  g_dbg_trip_iv                            
1     0000a89e  g_dbg_trip_iw                            
1     0000a8a0  g_dbg_qep_status                         
1     0000a8a1  g_dbg_qep_direction                      
1     0000a8a2  g_dbg_qep_count                          
1     0000a8a4  g_dbg_qep_index_latch                    
1     0000a8aa  g_dbg_sm_cmd                             
1     0000a8ab  g_dbg_state                              
1     0000a8ae  g_dbg_align_qep_cnt                      
1     0000a8b0  g_dbg_iu_raw                             
1     0000a8b1  g_dbg_iv_raw                             
1     0000a8b2  g_dbg_iw_raw                             
1     0000a8b3  g_dbg_vbus_raw                           
1     0000a8b6  Example_Result                           
1     0000a8b8  Example_PassCount                        
1     0000a8ba  Example_Fail                             
1     0000a8c0  __TI_enable_exit_profile_output          
1     0000a8c2  __TI_cleanup_ptr                         
1     0000a8c4  __TI_dtors_ptr                           
1     0000a8c6  g_qep_theta_elec                         
1     0000a8c8  g_qep_omega_elec                         
1     0000a8ca  g_qep_mech_offset_cnt                    
1     0000a8cf  g_pwm_period_count                       
1     0000a8d0  _lock                                    
1     0000a8d2  _unlock                                  
1     0000a8d4  g_isr_count                              
1     0000c000  g_datalog                                
abs   00000082  RamfuncsLoadSize                         
abs   00000082  RamfuncsRunSize                          
abs   00000380  __TI_STACK_SIZE                          
abs   ffffffff  __TI_pprof_out_hndl                      
abs   ffffffff  __TI_prof_data_size                      
abs   ffffffff  __TI_prof_data_start                     
abs   ffffffff  __c_args__                               

[190 symbols]
