<?xml version="1.0" encoding="ISO-8859-1" ?>
<link_info>
   <banner>TMS320C2000 Linker Unix v25.11.0.LTS</banner>
   <copyright>Copyright (c) 1996-2018 Texas Instruments Incorporated</copyright>
   <command_line>/home/jose/ti/ccs2051/ccs/tools/compiler/ti-cgt-c2000_25.11.0.LTS/bin/lnk2000 -l/tmp/TI943JEyCZJ</command_line>
   <link_time>0x6a1b7298</link_time>
   <link_errors>0x0</link_errors>
   <output_file>/home/jose/workspace_ccstheia/foc_f28379d/Debug_BOOSTXL_Teknic_QEP/foc_f28379d.out</output_file>
   <entry_point>
      <name>code_start</name>
      <address>0x80000</address>
   </entry_point>
   <input_file_list>
      <input_file id="fl-2">
         <path>/home/jose/workspace_ccstheia/foc_f28379d/Debug_BOOSTXL_Teknic_QEP/./libraries/transforms/clarke/source/</path>
         <kind>object</kind>
         <file>clarke.obj</file>
         <name>clarke.obj</name>
      </input_file>
      <input_file id="fl-3">
         <path>/home/jose/workspace_ccstheia/foc_f28379d/Debug_BOOSTXL_Teknic_QEP/./src/</path>
         <kind>object</kind>
         <file>adc_iface.obj</file>
         <name>adc_iface.obj</name>
      </input_file>
      <input_file id="fl-4">
         <path>/home/jose/workspace_ccstheia/foc_f28379d/Debug_BOOSTXL_Teknic_QEP/./src/</path>
         <kind>object</kind>
         <file>debug_hooks.obj</file>
         <name>debug_hooks.obj</name>
      </input_file>
      <input_file id="fl-5">
         <path>/home/jose/workspace_ccstheia/foc_f28379d/Debug_BOOSTXL_Teknic_QEP/./src/</path>
         <kind>object</kind>
         <file>debug_iface.obj</file>
         <name>debug_iface.obj</name>
      </input_file>
      <input_file id="fl-6">
         <path>/home/jose/workspace_ccstheia/foc_f28379d/Debug_BOOSTXL_Teknic_QEP/./src/</path>
         <kind>object</kind>
         <file>foc_pipeline.obj</file>
         <name>foc_pipeline.obj</name>
      </input_file>
      <input_file id="fl-7">
         <path>/home/jose/workspace_ccstheia/foc_f28379d/Debug_BOOSTXL_Teknic_QEP/./src/</path>
         <kind>object</kind>
         <file>foc_state_machine.obj</file>
         <name>foc_state_machine.obj</name>
      </input_file>
      <input_file id="fl-8">
         <path>/home/jose/workspace_ccstheia/foc_f28379d/Debug_BOOSTXL_Teknic_QEP/./src/</path>
         <kind>object</kind>
         <file>inverter_custom_v2.obj</file>
         <name>inverter_custom_v2.obj</name>
      </input_file>
      <input_file id="fl-9">
         <path>/home/jose/workspace_ccstheia/foc_f28379d/Debug_BOOSTXL_Teknic_QEP/./src/</path>
         <kind>object</kind>
         <file>inverter_drv8305.obj</file>
         <name>inverter_drv8305.obj</name>
      </input_file>
      <input_file id="fl-a">
         <path>/home/jose/workspace_ccstheia/foc_f28379d/Debug_BOOSTXL_Teknic_QEP/./src/</path>
         <kind>object</kind>
         <file>isr.obj</file>
         <name>isr.obj</name>
      </input_file>
      <input_file id="fl-b">
         <path>/home/jose/workspace_ccstheia/foc_f28379d/Debug_BOOSTXL_Teknic_QEP/./src/</path>
         <kind>object</kind>
         <file>main.obj</file>
         <name>main.obj</name>
      </input_file>
      <input_file id="fl-c">
         <path>/home/jose/workspace_ccstheia/foc_f28379d/Debug_BOOSTXL_Teknic_QEP/./src/</path>
         <kind>object</kind>
         <file>pwm_iface.obj</file>
         <name>pwm_iface.obj</name>
      </input_file>
      <input_file id="fl-d">
         <path>/home/jose/workspace_ccstheia/foc_f28379d/Debug_BOOSTXL_Teknic_QEP/./src/</path>
         <kind>object</kind>
         <file>safety.obj</file>
         <name>safety.obj</name>
      </input_file>
      <input_file id="fl-e">
         <path>/home/jose/workspace_ccstheia/foc_f28379d/Debug_BOOSTXL_Teknic_QEP/./src/</path>
         <kind>object</kind>
         <file>sensor_qep.obj</file>
         <name>sensor_qep.obj</name>
      </input_file>
      <input_file id="fl-f">
         <path>/home/jose/workspace_ccstheia/foc_f28379d/Debug_BOOSTXL_Teknic_QEP/./src/</path>
         <kind>object</kind>
         <file>sensor_rm44ac.obj</file>
         <name>sensor_rm44ac.obj</name>
      </input_file>
      <input_file id="fl-10">
         <path>/home/jose/workspace_ccstheia/foc_f28379d/Debug_BOOSTXL_Teknic_QEP/./src_device/</path>
         <kind>object</kind>
         <file>F2837xD_CodeStartBranch.obj</file>
         <name>F2837xD_CodeStartBranch.obj</name>
      </input_file>
      <input_file id="fl-11">
         <path>/home/jose/workspace_ccstheia/foc_f28379d/Debug_BOOSTXL_Teknic_QEP/./src_device/</path>
         <kind>object</kind>
         <file>F2837xD_GlobalVariableDefs.obj</file>
         <name>F2837xD_GlobalVariableDefs.obj</name>
      </input_file>
      <input_file id="fl-12">
         <path>/home/jose/workspace_ccstheia/foc_f28379d/Debug_BOOSTXL_Teknic_QEP/./src_device/</path>
         <kind>object</kind>
         <file>device.obj</file>
         <name>device.obj</name>
      </input_file>
      <input_file id="fl-13">
         <path>/home/jose/workspace_ccstheia/foc_f28379d/Debug_BOOSTXL_Teknic_QEP/./syscfg/</path>
         <kind>object</kind>
         <file>board.obj</file>
         <name>board.obj</name>
      </input_file>
      <input_file id="fl-14">
         <path>/home/jose/workspace_ccstheia/foc_f28379d/Debug_BOOSTXL_Teknic_QEP/./syscfg/</path>
         <kind>object</kind>
         <file>c2000ware_libraries.obj</file>
         <name>c2000ware_libraries.obj</name>
      </input_file>
      <input_file id="fl-15">
         <path>/home/jose/workspace_ccstheia/foc_f28379d/Debug_BOOSTXL_Teknic_QEP/./ti_lib/</path>
         <kind>object</kind>
         <file>clarke.obj</file>
         <name>clarke.obj</name>
      </input_file>
      <input_file id="fl-16">
         <path>/home/jose/workspace_ccstheia/foc_f28379d/Debug_BOOSTXL_Teknic_QEP/./ti_lib/</path>
         <kind>object</kind>
         <file>ipark.obj</file>
         <name>ipark.obj</name>
      </input_file>
      <input_file id="fl-17">
         <path>/home/jose/workspace_ccstheia/foc_f28379d/Debug_BOOSTXL_Teknic_QEP/./ti_lib/</path>
         <kind>object</kind>
         <file>park.obj</file>
         <name>park.obj</name>
      </input_file>
      <input_file id="fl-18">
         <path>/home/jose/workspace_ccstheia/foc_f28379d/Debug_BOOSTXL_Teknic_QEP/./ti_lib/</path>
         <kind>object</kind>
         <file>pi.obj</file>
         <name>pi.obj</name>
      </input_file>
      <input_file id="fl-19">
         <path>/home/jose/workspace_ccstheia/foc_f28379d/Debug_BOOSTXL_Teknic_QEP/./ti_lib/</path>
         <kind>object</kind>
         <file>svgen.obj</file>
         <name>svgen.obj</name>
      </input_file>
      <input_file id="fl-1e">
         <path>/home/jose/workspace_ccstheia/foc_f28379d/Debug_BOOSTXL_Teknic_QEP/</path>
         <kind>object</kind>
         <file>&lt;internal&gt;</file>
         <name>&lt;internal&gt;</name>
      </input_file>
      <input_file id="fl-22">
         <path>/home/jose/ti/c2000/C2000Ware_26_01_00_00/driverlib/f2837xd/driverlib/ccs/Release/</path>
         <kind>archive</kind>
         <file>driverlib_eabi.lib</file>
         <name>adc.obj</name>
      </input_file>
      <input_file id="fl-23">
         <path>/home/jose/ti/c2000/C2000Ware_26_01_00_00/driverlib/f2837xd/driverlib/ccs/Release/</path>
         <kind>archive</kind>
         <file>driverlib_eabi.lib</file>
         <name>eqep.obj</name>
      </input_file>
      <input_file id="fl-24">
         <path>/home/jose/ti/c2000/C2000Ware_26_01_00_00/driverlib/f2837xd/driverlib/ccs/Release/</path>
         <kind>archive</kind>
         <file>driverlib_eabi.lib</file>
         <name>flash.obj</name>
      </input_file>
      <input_file id="fl-25">
         <path>/home/jose/ti/c2000/C2000Ware_26_01_00_00/driverlib/f2837xd/driverlib/ccs/Release/</path>
         <kind>archive</kind>
         <file>driverlib_eabi.lib</file>
         <name>gpio.obj</name>
      </input_file>
      <input_file id="fl-26">
         <path>/home/jose/ti/c2000/C2000Ware_26_01_00_00/driverlib/f2837xd/driverlib/ccs/Release/</path>
         <kind>archive</kind>
         <file>driverlib_eabi.lib</file>
         <name>interrupt.obj</name>
      </input_file>
      <input_file id="fl-27">
         <path>/home/jose/ti/c2000/C2000Ware_26_01_00_00/driverlib/f2837xd/driverlib/ccs/Release/</path>
         <kind>archive</kind>
         <file>driverlib_eabi.lib</file>
         <name>sci.obj</name>
      </input_file>
      <input_file id="fl-28">
         <path>/home/jose/ti/c2000/C2000Ware_26_01_00_00/driverlib/f2837xd/driverlib/ccs/Release/</path>
         <kind>archive</kind>
         <file>driverlib_eabi.lib</file>
         <name>spi.obj</name>
      </input_file>
      <input_file id="fl-29">
         <path>/home/jose/ti/c2000/C2000Ware_26_01_00_00/driverlib/f2837xd/driverlib/ccs/Release/</path>
         <kind>archive</kind>
         <file>driverlib_eabi.lib</file>
         <name>sysctl.obj</name>
      </input_file>
      <input_file id="fl-35">
         <path>/home/jose/ti/ccs2051/ccs/tools/compiler/ti-cgt-c2000_25.11.0.LTS/lib/</path>
         <kind>archive</kind>
         <file>rts2800_fpu32_eabi.lib</file>
         <name>boot28.asm.obj</name>
      </input_file>
      <input_file id="fl-36">
         <path>/home/jose/ti/ccs2051/ccs/tools/compiler/ti-cgt-c2000_25.11.0.LTS/lib/</path>
         <kind>archive</kind>
         <file>rts2800_fpu32_eabi.lib</file>
         <name>fs_div28.asm.obj</name>
      </input_file>
      <input_file id="fl-37">
         <path>/home/jose/ti/ccs2051/ccs/tools/compiler/ti-cgt-c2000_25.11.0.LTS/lib/</path>
         <kind>archive</kind>
         <file>rts2800_fpu32_eabi.lib</file>
         <name>memcpy.c.obj</name>
      </input_file>
      <input_file id="fl-38">
         <path>/home/jose/ti/ccs2051/ccs/tools/compiler/ti-cgt-c2000_25.11.0.LTS/lib/</path>
         <kind>archive</kind>
         <file>rts2800_fpu32_eabi.lib</file>
         <name>pre_init.c.obj</name>
      </input_file>
      <input_file id="fl-39">
         <path>/home/jose/ti/ccs2051/ccs/tools/compiler/ti-cgt-c2000_25.11.0.LTS/lib/</path>
         <kind>archive</kind>
         <file>rts2800_fpu32_eabi.lib</file>
         <name>autoinit.c.obj</name>
      </input_file>
      <input_file id="fl-3a">
         <path>/home/jose/ti/ccs2051/ccs/tools/compiler/ti-cgt-c2000_25.11.0.LTS/lib/</path>
         <kind>archive</kind>
         <file>rts2800_fpu32_eabi.lib</file>
         <name>copy_zero_init.c.obj</name>
      </input_file>
      <input_file id="fl-3b">
         <path>/home/jose/ti/ccs2051/ccs/tools/compiler/ti-cgt-c2000_25.11.0.LTS/lib/</path>
         <kind>archive</kind>
         <file>rts2800_fpu32_eabi.lib</file>
         <name>copy_decompress_none.c.obj</name>
      </input_file>
      <input_file id="fl-3c">
         <path>/home/jose/ti/ccs2051/ccs/tools/compiler/ti-cgt-c2000_25.11.0.LTS/lib/</path>
         <kind>archive</kind>
         <file>rts2800_fpu32_eabi.lib</file>
         <name>copy_decompress_lzss.c.obj</name>
      </input_file>
      <input_file id="fl-3d">
         <path>/home/jose/ti/ccs2051/ccs/tools/compiler/ti-cgt-c2000_25.11.0.LTS/lib/</path>
         <kind>archive</kind>
         <file>rts2800_fpu32_eabi.lib</file>
         <name>exit.c.obj</name>
      </input_file>
      <input_file id="fl-3e">
         <path>/home/jose/ti/ccs2051/ccs/tools/compiler/ti-cgt-c2000_25.11.0.LTS/lib/</path>
         <kind>archive</kind>
         <file>rts2800_fpu32_eabi.lib</file>
         <name>_lock.c.obj</name>
      </input_file>
      <input_file id="fl-3f">
         <path>/home/jose/ti/ccs2051/ccs/tools/compiler/ti-cgt-c2000_25.11.0.LTS/lib/</path>
         <kind>archive</kind>
         <file>rts2800_fpu32_eabi.lib</file>
         <name>args_main.c.obj</name>
      </input_file>
      <input_file id="fl-40">
         <path>/home/jose/ti/ccs2051/ccs/tools/compiler/ti-cgt-c2000_25.11.0.LTS/lib/</path>
         <kind>archive</kind>
         <file>rts2800_fpu32_eabi.lib</file>
         <name>memset.c.obj</name>
      </input_file>
      <input_file id="fl-41">
         <path>/home/jose/ti/ccs2051/ccs/tools/compiler/ti-cgt-c2000_25.11.0.LTS/lib/</path>
         <kind>archive</kind>
         <file>rts2800_fpu32_eabi.lib</file>
         <name>cpy_tbl.c.obj</name>
      </input_file>
      <input_file id="fl-42">
         <path>/home/jose/ti/ccs2051/ccs/tools/compiler/ti-cgt-c2000_25.11.0.LTS/lib/</path>
         <kind>archive</kind>
         <file>rts2800_fpu32_eabi.lib</file>
         <name>startup.c.obj</name>
      </input_file>
   </input_file_list>
   <object_component_list>
      <object_component id="oc-4e2">
         <name>.cinit..data.load</name>
         <load_address>0x83748</load_address>
         <readonly>true</readonly>
         <run_address>0x83748</run_address>
         <size>0xf</size>
         <alignment>0x1</alignment>
      </object_component>
      <object_component id="oc-4df">
         <name>__TI_handler_table</name>
         <load_address>0x83758</load_address>
         <readonly>true</readonly>
         <run_address>0x83758</run_address>
         <size>0x6</size>
         <alignment>0x2</alignment>
      </object_component>
      <object_component id="oc-4e1">
         <name>.cinit..bss.load</name>
         <load_address>0x8375e</load_address>
         <readonly>true</readonly>
         <run_address>0x8375e</run_address>
         <size>0x4</size>
         <alignment>0x2</alignment>
      </object_component>
      <object_component id="oc-4e3">
         <name>.cinit..ebss.load</name>
         <load_address>0x83762</load_address>
         <readonly>true</readonly>
         <run_address>0x83762</run_address>
         <size>0x4</size>
         <alignment>0x2</alignment>
      </object_component>
      <object_component id="oc-4e0">
         <name>__TI_cinit_table</name>
         <load_address>0x83766</load_address>
         <readonly>true</readonly>
         <run_address>0x83766</run_address>
         <size>0xc</size>
         <alignment>0x2</alignment>
      </object_component>
      <object_component id="oc-33c">
         <name>.text:EPWM_init</name>
         <load_address>0x82000</load_address>
         <readonly>true</readonly>
         <executable>true</executable>
         <run_address>0x82000</run_address>
         <size>0x289</size>
         <alignment>0x1</alignment>
         <input_file_ref idref="fl-13"/>
      </object_component>
      <object_component id="oc-311">
         <name>.text:SysCtl_setClock</name>
         <load_address>0x82289</load_address>
         <readonly>true</readonly>
         <executable>true</executable>
         <run_address>0x82289</run_address>
         <size>0x1cd</size>
         <alignment>0x1</alignment>
         <input_file_ref idref="fl-29"/>
      </object_component>
      <object_component id="oc-a4">
         <name>.text:foc_current_loop_isr</name>
         <load_address>0x82456</load_address>
         <readonly>true</readonly>
         <executable>true</executable>
         <run_address>0x82456</run_address>
         <size>0x151</size>
         <alignment>0x1</alignment>
         <input_file_ref idref="fl-6"/>
      </object_component>
      <object_component id="oc-317">
         <name>.text:Device_enableAllPeripherals</name>
         <load_address>0x825a7</load_address>
         <readonly>true</readonly>
         <executable>true</executable>
         <run_address>0x825a7</run_address>
         <size>0xde</size>
         <alignment>0x1</alignment>
         <input_file_ref idref="fl-12"/>
      </object_component>
      <object_component id="oc-32a">
         <name>.text:PinMux_init</name>
         <load_address>0x82685</load_address>
         <readonly>true</readonly>
         <executable>true</executable>
         <run_address>0x82685</run_address>
         <size>0xdc</size>
         <alignment>0x1</alignment>
         <input_file_ref idref="fl-13"/>
      </object_component>
      <object_component id="oc-44e">
         <name>.text:SysCtl_selectXTAL</name>
         <load_address>0x82761</load_address>
         <readonly>true</readonly>
         <executable>true</executable>
         <run_address>0x82761</run_address>
         <size>0xb1</size>
         <alignment>0x1</alignment>
         <input_file_ref idref="fl-29"/>
      </object_component>
      <object_component id="oc-28c">
         <name>.text:foc_init</name>
         <load_address>0x82812</load_address>
         <readonly>true</readonly>
         <executable>true</executable>
         <run_address>0x82812</run_address>
         <size>0xae</size>
         <alignment>0x1</alignment>
         <input_file_ref idref="fl-6"/>
      </object_component>
      <object_component id="oc-3c2">
         <name>.text</name>
         <load_address>0x828c0</load_address>
         <readonly>true</readonly>
         <executable>true</executable>
         <run_address>0x828c0</run_address>
         <size>0x88</size>
         <alignment>0x1</alignment>
         <input_file_ref idref="fl-36"/>
      </object_component>
      <object_component id="oc-112">
         <name>.text:SVGEN_run</name>
         <load_address>0x82948</load_address>
         <readonly>true</readonly>
         <executable>true</executable>
         <run_address>0x82948</run_address>
         <size>0x82</size>
         <alignment>0x1</alignment>
         <input_file_ref idref="fl-6"/>
      </object_component>
      <object_component id="oc-34e">
         <name>.text:UART_DEBUG_init</name>
         <load_address>0x829ca</load_address>
         <readonly>true</readonly>
         <executable>true</executable>
         <run_address>0x829ca</run_address>
         <size>0x7c</size>
         <alignment>0x1</alignment>
         <input_file_ref idref="fl-13"/>
      </object_component>
      <object_component id="oc-286">
         <name>.text:inverter_init</name>
         <load_address>0x82a46</load_address>
         <readonly>true</readonly>
         <executable>true</executable>
         <run_address>0x82a46</run_address>
         <size>0x77</size>
         <alignment>0x1</alignment>
         <input_file_ref idref="fl-9"/>
      </object_component>
      <object_component id="oc-124">
         <name>.text:safety_check_isr</name>
         <load_address>0x82abd</load_address>
         <readonly>true</readonly>
         <executable>true</executable>
         <run_address>0x82abd</run_address>
         <size>0x6e</size>
         <alignment>0x1</alignment>
         <input_file_ref idref="fl-d"/>
      </object_component>
      <object_component id="oc-3e9">
         <name>.text:myADCA_init</name>
         <load_address>0x82b2b</load_address>
         <readonly>true</readonly>
         <executable>true</executable>
         <run_address>0x82b2b</run_address>
         <size>0x66</size>
         <alignment>0x1</alignment>
         <input_file_ref idref="fl-13"/>
      </object_component>
      <object_component id="oc-118">
         <name>.text:pwm_set_duty</name>
         <load_address>0x82b91</load_address>
         <readonly>true</readonly>
         <executable>true</executable>
         <run_address>0x82b91</run_address>
         <size>0x5d</size>
         <alignment>0x1</alignment>
         <input_file_ref idref="fl-c"/>
      </object_component>
      <object_component id="oc-48d">
         <name>.text:ADC_setINLTrim</name>
         <load_address>0x82bee</load_address>
         <readonly>true</readonly>
         <executable>true</executable>
         <run_address>0x82bee</run_address>
         <size>0x5c</size>
         <alignment>0x1</alignment>
         <input_file_ref idref="fl-22"/>
      </object_component>
      <object_component id="oc-3c">
         <name>.text:sciA_rx_isr</name>
         <load_address>0x82c4a</load_address>
         <readonly>true</readonly>
         <executable>true</executable>
         <run_address>0x82c4a</run_address>
         <size>0x59</size>
         <alignment>0x1</alignment>
         <input_file_ref idref="fl-5"/>
      </object_component>
      <object_component id="oc-342">
         <name>.text:QEP_SENSOR_init</name>
         <load_address>0x82ca3</load_address>
         <readonly>true</readonly>
         <executable>true</executable>
         <run_address>0x82ca3</run_address>
         <size>0x4e</size>
         <alignment>0x1</alignment>
         <input_file_ref idref="fl-13"/>
      </object_component>
      <object_component id="oc-17d">
         <name>.text:sm_tick_1khz</name>
         <load_address>0x82cf1</load_address>
         <readonly>true</readonly>
         <executable>true</executable>
         <run_address>0x82cf1</run_address>
         <size>0x4c</size>
         <alignment>0x1</alignment>
         <input_file_ref idref="fl-7"/>
      </object_component>
      <object_component id="oc-354">
         <name>.text:DRV8305_SPI_init</name>
         <load_address>0x82d3d</load_address>
         <readonly>true</readonly>
         <executable>true</executable>
         <run_address>0x82d3d</run_address>
         <size>0x48</size>
         <alignment>0x1</alignment>
         <input_file_ref idref="fl-13"/>
      </object_component>
      <object_component id="oc-1ec">
         <name>.text:main</name>
         <load_address>0x82d85</load_address>
         <readonly>true</readonly>
         <executable>true</executable>
         <run_address>0x82d85</run_address>
         <size>0x48</size>
         <alignment>0x1</alignment>
         <input_file_ref idref="fl-b"/>
      </object_component>
      <object_component id="oc-36d">
         <name>.text:drv8305_xfer</name>
         <load_address>0x82dcd</load_address>
         <readonly>true</readonly>
         <executable>true</executable>
         <run_address>0x82dcd</run_address>
         <size>0x45</size>
         <alignment>0x1</alignment>
         <input_file_ref idref="fl-9"/>
      </object_component>
      <object_component id="oc-305">
         <name>.text:SysCtl_getDeviceParametric</name>
         <load_address>0x82e12</load_address>
         <readonly>true</readonly>
         <executable>true</executable>
         <run_address>0x82e12</run_address>
         <size>0x44</size>
         <alignment>0x1</alignment>
         <input_file_ref idref="fl-29"/>
      </object_component>
      <object_component id="oc-21f">
         <name>.text:enter</name>
         <load_address>0x82e56</load_address>
         <readonly>true</readonly>
         <executable>true</executable>
         <run_address>0x82e56</run_address>
         <size>0x43</size>
         <alignment>0x1</alignment>
         <input_file_ref idref="fl-7"/>
      </object_component>
      <object_component id="oc-25c">
         <name>.text:Interrupt_initModule</name>
         <load_address>0x82e99</load_address>
         <readonly>true</readonly>
         <executable>true</executable>
         <run_address>0x82e99</run_address>
         <size>0x41</size>
         <alignment>0x1</alignment>
         <input_file_ref idref="fl-26"/>
      </object_component>
      <object_component id="oc-11e">
         <name>.text:foc_speed_loop_tick</name>
         <load_address>0x82eda</load_address>
         <readonly>true</readonly>
         <executable>true</executable>
         <run_address>0x82eda</run_address>
         <size>0x40</size>
         <alignment>0x1</alignment>
         <input_file_ref idref="fl-6"/>
      </object_component>
      <object_component id="oc-250">
         <name>.text:Device_init</name>
         <load_address>0x82f1a</load_address>
         <readonly>true</readonly>
         <executable>true</executable>
         <run_address>0x82f1a</run_address>
         <size>0x3f</size>
         <alignment>0x1</alignment>
         <input_file_ref idref="fl-12"/>
      </object_component>
      <object_component id="oc-360">
         <name>.text:GPIO_setPadConfig</name>
         <load_address>0x82f59</load_address>
         <readonly>true</readonly>
         <executable>true</executable>
         <run_address>0x82f59</run_address>
         <size>0x3f</size>
         <alignment>0x1</alignment>
         <input_file_ref idref="fl-25"/>
      </object_component>
      <object_component id="oc-3ef">
         <name>.text:myADCB_init</name>
         <load_address>0x82f98</load_address>
         <readonly>true</readonly>
         <executable>true</executable>
         <run_address>0x82f98</run_address>
         <size>0x3f</size>
         <alignment>0x1</alignment>
         <input_file_ref idref="fl-13"/>
      </object_component>
      <object_component id="oc-3f5">
         <name>.text:myADCC_init</name>
         <load_address>0x82fd7</load_address>
         <readonly>true</readonly>
         <executable>true</executable>
         <run_address>0x82fd7</run_address>
         <size>0x3f</size>
         <alignment>0x1</alignment>
         <input_file_ref idref="fl-13"/>
      </object_component>
      <object_component id="oc-493">
         <name>.text:ADC_setOffsetTrim</name>
         <load_address>0x83016</load_address>
         <readonly>true</readonly>
         <executable>true</executable>
         <run_address>0x83016</run_address>
         <size>0x3d</size>
         <alignment>0x1</alignment>
         <input_file_ref idref="fl-22"/>
      </object_component>
      <object_component id="oc-ee">
         <name>.text:CLARKE_run</name>
         <load_address>0x83053</load_address>
         <readonly>true</readonly>
         <executable>true</executable>
         <run_address>0x83053</run_address>
         <size>0x3c</size>
         <alignment>0x1</alignment>
         <input_file_ref idref="fl-6"/>
      </object_component>
      <object_component id="oc-e8">
         <name>.text:adc_read_phase_currents</name>
         <load_address>0x8308f</load_address>
         <readonly>true</readonly>
         <executable>true</executable>
         <run_address>0x8308f</run_address>
         <size>0x3b</size>
         <alignment>0x1</alignment>
         <input_file_ref idref="fl-3"/>
      </object_component>
      <object_component id="oc-2e8">
         <name>.text:adc_calibrate_offsets</name>
         <load_address>0x830ca</load_address>
         <readonly>true</readonly>
         <executable>true</executable>
         <run_address>0x830ca</run_address>
         <size>0x39</size>
         <alignment>0x1</alignment>
         <input_file_ref idref="fl-3"/>
      </object_component>
      <object_component id="oc-97">
         <name>.text:Interrupt_enable</name>
         <load_address>0x83103</load_address>
         <readonly>true</readonly>
         <executable>true</executable>
         <run_address>0x83103</run_address>
         <size>0x36</size>
         <alignment>0x1</alignment>
         <input_file_ref idref="fl-26"/>
      </object_component>
      <object_component id="oc-3fd">
         <name>.text:EQEP_setInputPolarity</name>
         <load_address>0x83139</load_address>
         <readonly>true</readonly>
         <executable>true</executable>
         <run_address>0x83139</run_address>
         <size>0x35</size>
         <alignment>0x1</alignment>
         <input_file_ref idref="fl-23"/>
      </object_component>
      <object_component id="oc-30b">
         <name>.text:Device_configureTMXAnalogTrim</name>
         <load_address>0x8316e</load_address>
         <readonly>true</readonly>
         <executable>true</executable>
         <run_address>0x8316e</run_address>
         <size>0x33</size>
         <alignment>0x1</alignment>
         <input_file_ref idref="fl-12"/>
      </object_component>
      <object_component id="oc-3db">
         <name>.text:GPIO_setPinConfig</name>
         <load_address>0x831a1</load_address>
         <readonly>true</readonly>
         <executable>true</executable>
         <run_address>0x831a1</run_address>
         <size>0x30</size>
         <alignment>0x1</alignment>
         <input_file_ref idref="fl-25"/>
      </object_component>
      <object_component id="oc-330">
         <name>.text:SYNC_init</name>
         <load_address>0x831d1</load_address>
         <readonly>true</readonly>
         <executable>true</executable>
         <run_address>0x831d1</run_address>
         <size>0x2f</size>
         <alignment>0x1</alignment>
         <input_file_ref idref="fl-13"/>
      </object_component>
      <object_component id="oc-106">
         <name>.text:pwm_force_safe</name>
         <load_address>0x83200</load_address>
         <readonly>true</readonly>
         <executable>true</executable>
         <run_address>0x83200</run_address>
         <size>0x2f</size>
         <alignment>0x1</alignment>
         <input_file_ref idref="fl-c"/>
      </object_component>
      <object_component id="oc-12a">
         <name>.text:debug_datalog_push</name>
         <load_address>0x8322f</load_address>
         <readonly>true</readonly>
         <executable>true</executable>
         <run_address>0x8322f</run_address>
         <size>0x2e</size>
         <alignment>0x1</alignment>
         <input_file_ref idref="fl-4"/>
      </object_component>
      <object_component id="oc-24">
         <name>.text:decompress:lzss</name>
         <load_address>0x8325d</load_address>
         <readonly>true</readonly>
         <executable>true</executable>
         <run_address>0x8325d</run_address>
         <size>0x2e</size>
         <alignment>0x1</alignment>
         <input_file_ref idref="fl-3c"/>
      </object_component>
      <object_component id="oc-3bc">
         <name>.text:SysCtl_selectOscSource</name>
         <load_address>0x8328b</load_address>
         <readonly>true</readonly>
         <executable>true</executable>
         <run_address>0x8328b</run_address>
         <size>0x2b</size>
         <alignment>0x1</alignment>
         <input_file_ref idref="fl-29"/>
      </object_component>
      <object_component id="oc-1bc">
         <name>.text:__TI_auto_init_nobinit_nopinit</name>
         <load_address>0x832b6</load_address>
         <readonly>true</readonly>
         <executable>true</executable>
         <run_address>0x832b6</run_address>
         <size>0x2b</size>
         <alignment>0x1</alignment>
         <input_file_ref idref="fl-39"/>
      </object_component>
      <object_component id="oc-fa">
         <name>.text:PI_run</name>
         <load_address>0x832e1</load_address>
         <readonly>true</readonly>
         <executable>true</executable>
         <run_address>0x832e1</run_address>
         <size>0x2a</size>
         <alignment>0x1</alignment>
         <input_file_ref idref="fl-6"/>
      </object_component>
      <object_component id="oc-156">
         <name>.text</name>
         <load_address>0x8330b</load_address>
         <readonly>true</readonly>
         <executable>true</executable>
         <run_address>0x8330b</run_address>
         <size>0x29</size>
         <alignment>0x1</alignment>
         <input_file_ref idref="fl-3d"/>
      </object_component>
      <object_component id="oc-423">
         <name>.text:SCI_setConfig</name>
         <load_address>0x83334</load_address>
         <readonly>true</readonly>
         <executable>true</executable>
         <run_address>0x83334</run_address>
         <size>0x23</size>
         <alignment>0x1</alignment>
         <input_file_ref idref="fl-27"/>
      </object_component>
      <object_component id="oc-465">
         <name>.text:GPIO_setControllerCore</name>
         <load_address>0x83357</load_address>
         <readonly>true</readonly>
         <executable>true</executable>
         <run_address>0x83357</run_address>
         <size>0x22</size>
         <alignment>0x1</alignment>
         <input_file_ref idref="fl-25"/>
      </object_component>
      <object_component id="oc-3e1">
         <name>.text:GPIO_setQualificationMode</name>
         <load_address>0x83379</load_address>
         <readonly>true</readonly>
         <executable>true</executable>
         <run_address>0x83379</run_address>
         <size>0x22</size>
         <alignment>0x1</alignment>
         <input_file_ref idref="fl-25"/>
      </object_component>
      <object_component id="oc-2dc">
         <name>.text:inverter_snapshot_fault_regs</name>
         <load_address>0x8339b</load_address>
         <readonly>true</readonly>
         <executable>true</executable>
         <run_address>0x8339b</run_address>
         <size>0x21</size>
         <alignment>0x1</alignment>
         <input_file_ref idref="fl-9"/>
      </object_component>
      <object_component id="oc-366">
         <name>.text:GPIO_setDirectionMode</name>
         <load_address>0x833bc</load_address>
         <readonly>true</readonly>
         <executable>true</executable>
         <run_address>0x833bc</run_address>
         <size>0x20</size>
         <alignment>0x1</alignment>
         <input_file_ref idref="fl-25"/>
      </object_component>
      <object_component id="oc-10c">
         <name>.text:IPARK_run</name>
         <load_address>0x833dc</load_address>
         <readonly>true</readonly>
         <executable>true</executable>
         <run_address>0x833dc</run_address>
         <size>0x20</size>
         <alignment>0x1</alignment>
         <input_file_ref idref="fl-6"/>
      </object_component>
      <object_component id="oc-f4">
         <name>.text:PARK_run</name>
         <load_address>0x833fc</load_address>
         <readonly>true</readonly>
         <executable>true</executable>
         <run_address>0x833fc</run_address>
         <size>0x20</size>
         <alignment>0x1</alignment>
         <input_file_ref idref="fl-6"/>
      </object_component>
      <object_component id="oc-6f">
         <name>.text</name>
         <load_address>0x8341c</load_address>
         <readonly>true</readonly>
         <executable>true</executable>
         <run_address>0x8341c</run_address>
         <size>0x20</size>
         <alignment>0x1</alignment>
         <input_file_ref idref="fl-37"/>
      </object_component>
      <object_component id="oc-430">
         <name>.text:SPI_setConfig</name>
         <load_address>0x8343c</load_address>
         <readonly>true</readonly>
         <executable>true</executable>
         <run_address>0x8343c</run_address>
         <size>0x1f</size>
         <alignment>0x1</alignment>
         <input_file_ref idref="fl-28"/>
      </object_component>
      <object_component id="oc-256">
         <name>.text:Device_initGPIO</name>
         <load_address>0x8345b</load_address>
         <readonly>true</readonly>
         <executable>true</executable>
         <run_address>0x8345b</run_address>
         <size>0x1e</size>
         <alignment>0x1</alignment>
         <input_file_ref idref="fl-12"/>
      </object_component>
      <object_component id="oc-3d4">
         <name>.text:Device_enableUnbondedGPIOPullupsFor100Pin</name>
         <load_address>0x83479</load_address>
         <readonly>true</readonly>
         <executable>true</executable>
         <run_address>0x83479</run_address>
         <size>0x1d</size>
         <alignment>0x1</alignment>
         <input_file_ref idref="fl-12"/>
      </object_component>
      <object_component id="oc-8c">
         <name>.text:SCI_clearInterruptStatus</name>
         <load_address>0x83496</load_address>
         <readonly>true</readonly>
         <executable>true</executable>
         <run_address>0x83496</run_address>
         <size>0x1c</size>
         <alignment>0x1</alignment>
         <input_file_ref idref="fl-27"/>
      </object_component>
      <object_component id="oc-2a4">
         <name>.text:debug_iface_poll</name>
         <load_address>0x834b2</load_address>
         <readonly>true</readonly>
         <executable>true</executable>
         <run_address>0x834b2</run_address>
         <size>0x1b</size>
         <alignment>0x1</alignment>
         <input_file_ref idref="fl-5"/>
      </object_component>
      <object_component id="oc-429">
         <name>.text:SCI_enableInterrupt</name>
         <load_address>0x834cd</load_address>
         <readonly>true</readonly>
         <executable>true</executable>
         <run_address>0x834cd</run_address>
         <size>0x1a</size>
         <alignment>0x1</alignment>
         <input_file_ref idref="fl-27"/>
      </object_component>
      <object_component id="oc-213">
         <name>.text:poll_debug_cmd</name>
         <load_address>0x834e7</load_address>
         <readonly>true</readonly>
         <executable>true</executable>
         <run_address>0x834e7</run_address>
         <size>0x19</size>
         <alignment>0x1</alignment>
         <input_file_ref idref="fl-7"/>
      </object_component>
      <object_component id="oc-40a">
         <name>.text:DRV8305_EN_GATE_init</name>
         <load_address>0x83500</load_address>
         <readonly>true</readonly>
         <executable>true</executable>
         <run_address>0x83500</run_address>
         <size>0x18</size>
         <alignment>0x1</alignment>
         <input_file_ref idref="fl-13"/>
      </object_component>
      <object_component id="oc-416">
         <name>.text:DRV8305_SCS_init</name>
         <load_address>0x83518</load_address>
         <readonly>true</readonly>
         <executable>true</executable>
         <run_address>0x83518</run_address>
         <size>0x18</size>
         <alignment>0x1</alignment>
         <input_file_ref idref="fl-13"/>
      </object_component>
      <object_component id="oc-41c">
         <name>.text:DRV8305_WAKE_init</name>
         <load_address>0x83530</load_address>
         <readonly>true</readonly>
         <executable>true</executable>
         <run_address>0x83530</run_address>
         <size>0x18</size>
         <alignment>0x1</alignment>
         <input_file_ref idref="fl-13"/>
      </object_component>
      <object_component id="oc-42">
         <name>.text:INTERRUPT_init</name>
         <load_address>0x83548</load_address>
         <readonly>true</readonly>
         <executable>true</executable>
         <run_address>0x83548</run_address>
         <size>0x17</size>
         <alignment>0x1</alignment>
         <input_file_ref idref="fl-13"/>
      </object_component>
      <object_component id="oc-c1">
         <name>.text</name>
         <load_address>0x8355f</load_address>
         <readonly>true</readonly>
         <executable>true</executable>
         <run_address>0x8355f</run_address>
         <size>0x17</size>
         <alignment>0x1</alignment>
         <input_file_ref idref="fl-35"/>
      </object_component>
      <object_component id="oc-262">
         <name>.text:Board_init</name>
         <load_address>0x83576</load_address>
         <readonly>true</readonly>
         <executable>true</executable>
         <run_address>0x83576</run_address>
         <size>0x15</size>
         <alignment>0x1</alignment>
         <input_file_ref idref="fl-13"/>
      </object_component>
      <object_component id="oc-55">
         <name>.text:Interrupt_initVectorTable</name>
         <load_address>0x8358b</load_address>
         <readonly>true</readonly>
         <executable>true</executable>
         <run_address>0x8358b</run_address>
         <size>0x15</size>
         <alignment>0x1</alignment>
         <input_file_ref idref="fl-26"/>
      </object_component>
      <object_component id="oc-410">
         <name>.text:DRV8305_NFAULT_init</name>
         <load_address>0x835a0</load_address>
         <readonly>true</readonly>
         <executable>true</executable>
         <run_address>0x835a0</run_address>
         <size>0x14</size>
         <alignment>0x1</alignment>
         <input_file_ref idref="fl-13"/>
      </object_component>
      <object_component id="oc-404">
         <name>.text:LED_STATUS_GPIO_init</name>
         <load_address>0x835b4</load_address>
         <readonly>true</readonly>
         <executable>true</executable>
         <run_address>0x835b4</run_address>
         <size>0x14</size>
         <alignment>0x1</alignment>
         <input_file_ref idref="fl-13"/>
      </object_component>
      <object_component id="oc-3ce">
         <name>.text:Device_enableUnbondedGPIOPullupsFor176Pin</name>
         <load_address>0x835c8</load_address>
         <readonly>true</readonly>
         <executable>true</executable>
         <run_address>0x835c8</run_address>
         <size>0x13</size>
         <alignment>0x1</alignment>
         <input_file_ref idref="fl-12"/>
      </object_component>
      <object_component id="oc-100">
         <name>.text:adc_read_vbus</name>
         <load_address>0x835db</load_address>
         <readonly>true</readonly>
         <executable>true</executable>
         <run_address>0x835db</run_address>
         <size>0x13</size>
         <alignment>0x1</alignment>
         <input_file_ref idref="fl-3"/>
      </object_component>
      <object_component id="oc-150">
         <name>.text</name>
         <load_address>0x835ee</load_address>
         <readonly>true</readonly>
         <executable>true</executable>
         <run_address>0x835ee</run_address>
         <size>0x12</size>
         <alignment>0x1</alignment>
         <input_file_ref idref="fl-3f"/>
      </object_component>
      <object_component id="oc-45a">
         <name>.text:ADC_setMode</name>
         <load_address>0x83600</load_address>
         <readonly>true</readonly>
         <executable>true</executable>
         <run_address>0x83600</run_address>
         <size>0x11</size>
         <alignment>0x1</alignment>
         <input_file_ref idref="fl-22"/>
      </object_component>
      <object_component id="oc-322">
         <name>.text:Device_enableUnbondedGPIOPullups</name>
         <load_address>0x83611</load_address>
         <readonly>true</readonly>
         <executable>true</executable>
         <run_address>0x83611</run_address>
         <size>0x10</size>
         <alignment>0x1</alignment>
         <input_file_ref idref="fl-12"/>
      </object_component>
      <object_component id="oc-48">
         <name>.text:epwm_tz_isr</name>
         <load_address>0x83621</load_address>
         <readonly>true</readonly>
         <executable>true</executable>
         <run_address>0x83621</run_address>
         <size>0x10</size>
         <alignment>0x1</alignment>
         <input_file_ref idref="fl-a"/>
      </object_component>
      <object_component id="oc-486">
         <name>.text:SysCtl_pollCpuTimer</name>
         <load_address>0x83631</load_address>
         <readonly>true</readonly>
         <executable>true</executable>
         <run_address>0x83631</run_address>
         <size>0xf</size>
         <alignment>0x1</alignment>
         <input_file_ref idref="fl-29"/>
      </object_component>
      <object_component id="oc-2e2">
         <name>.text:inverter_clear_faults</name>
         <load_address>0x83640</load_address>
         <readonly>true</readonly>
         <executable>true</executable>
         <run_address>0x83640</run_address>
         <size>0xf</size>
         <alignment>0x1</alignment>
         <input_file_ref idref="fl-9"/>
      </object_component>
      <object_component id="oc-196">
         <name>.text:inverter_is_faulted</name>
         <load_address>0x8364f</load_address>
         <readonly>true</readonly>
         <executable>true</executable>
         <run_address>0x8364f</run_address>
         <size>0xd</size>
         <alignment>0x1</alignment>
         <input_file_ref idref="fl-9"/>
      </object_component>
      <object_component id="oc-66">
         <name>.text:Interrupt_defaultHandler</name>
         <load_address>0x8365c</load_address>
         <readonly>true</readonly>
         <executable>true</executable>
         <run_address>0x8365c</run_address>
         <size>0xc</size>
         <alignment>0x1</alignment>
         <input_file_ref idref="fl-26"/>
      </object_component>
      <object_component id="oc-348">
         <name>.text:GPIO_init</name>
         <load_address>0x83668</load_address>
         <readonly>true</readonly>
         <executable>true</executable>
         <run_address>0x83668</run_address>
         <size>0xb</size>
         <alignment>0x1</alignment>
         <input_file_ref idref="fl-13"/>
      </object_component>
      <object_component id="oc-280">
         <name>.text:sensor_init</name>
         <load_address>0x83673</load_address>
         <readonly>true</readonly>
         <executable>true</executable>
         <run_address>0x83673</run_address>
         <size>0xb</size>
         <alignment>0x1</alignment>
         <input_file_ref idref="fl-e"/>
      </object_component>
      <object_component id="oc-2c2">
         <name>.text:sm_clear_fault</name>
         <load_address>0x8367e</load_address>
         <readonly>true</readonly>
         <executable>true</executable>
         <run_address>0x8367e</run_address>
         <size>0xb</size>
         <alignment>0x1</alignment>
         <input_file_ref idref="fl-7"/>
      </object_component>
      <object_component id="oc-292">
         <name>.text:sm_init</name>
         <load_address>0x83689</load_address>
         <readonly>true</readonly>
         <executable>true</executable>
         <run_address>0x83689</run_address>
         <size>0xb</size>
         <alignment>0x1</alignment>
         <input_file_ref idref="fl-7"/>
      </object_component>
      <object_component id="oc-60">
         <name>.text:Interrupt_illegalOperationHandler</name>
         <load_address>0x83694</load_address>
         <readonly>true</readonly>
         <executable>true</executable>
         <run_address>0x83694</run_address>
         <size>0xa</size>
         <alignment>0x1</alignment>
         <input_file_ref idref="fl-26"/>
      </object_component>
      <object_component id="oc-54">
         <name>.text:Interrupt_nmiHandler</name>
         <load_address>0x8369e</load_address>
         <readonly>true</readonly>
         <executable>true</executable>
         <run_address>0x8369e</run_address>
         <size>0xa</size>
         <alignment>0x1</alignment>
         <input_file_ref idref="fl-26"/>
      </object_component>
      <object_component id="oc-268">
         <name>.text:debug_init</name>
         <load_address>0x836a8</load_address>
         <readonly>true</readonly>
         <executable>true</executable>
         <run_address>0x836a8</run_address>
         <size>0x9</size>
         <alignment>0x1</alignment>
         <input_file_ref idref="fl-4"/>
      </object_component>
      <object_component id="oc-2b4">
         <name>.text</name>
         <load_address>0x836b1</load_address>
         <readonly>true</readonly>
         <executable>true</executable>
         <run_address>0x836b1</run_address>
         <size>0x9</size>
         <alignment>0x1</alignment>
         <input_file_ref idref="fl-3e"/>
      </object_component>
      <object_component id="oc-83">
         <name>.text</name>
         <load_address>0x836ba</load_address>
         <readonly>true</readonly>
         <executable>true</executable>
         <run_address>0x836ba</run_address>
         <size>0x8</size>
         <alignment>0x1</alignment>
         <input_file_ref idref="fl-10"/>
      </object_component>
      <object_component id="oc-2a">
         <name>.text:decompress:none</name>
         <load_address>0x836c2</load_address>
         <readonly>true</readonly>
         <executable>true</executable>
         <run_address>0x836c2</run_address>
         <size>0x8</size>
         <alignment>0x1</alignment>
         <input_file_ref idref="fl-3b"/>
      </object_component>
      <object_component id="oc-336">
         <name>.text:ADC_init</name>
         <load_address>0x836ca</load_address>
         <readonly>true</readonly>
         <executable>true</executable>
         <run_address>0x836ca</run_address>
         <size>0x7</size>
         <alignment>0x1</alignment>
         <input_file_ref idref="fl-13"/>
      </object_component>
      <object_component id="oc-ba">
         <name>.text</name>
         <load_address>0x836d1</load_address>
         <readonly>true</readonly>
         <executable>true</executable>
         <run_address>0x836d1</run_address>
         <size>0x7</size>
         <alignment>0x1</alignment>
         <input_file_ref idref="fl-40"/>
      </object_component>
      <object_component id="oc-19c">
         <name>.text:sm_raise_fault</name>
         <load_address>0x836d8</load_address>
         <readonly>true</readonly>
         <executable>true</executable>
         <run_address>0x836d8</run_address>
         <size>0x7</size>
         <alignment>0x1</alignment>
         <input_file_ref idref="fl-7"/>
      </object_component>
      <object_component id="oc-2d4">
         <name>.text:sm_request_align</name>
         <load_address>0x836df</load_address>
         <readonly>true</readonly>
         <executable>true</executable>
         <run_address>0x836df</run_address>
         <size>0x7</size>
         <alignment>0x1</alignment>
         <input_file_ref idref="fl-7"/>
      </object_component>
      <object_component id="oc-7d">
         <name>.text:decompress:ZI</name>
         <load_address>0x836e6</load_address>
         <readonly>true</readonly>
         <executable>true</executable>
         <run_address>0x836e6</run_address>
         <size>0x6</size>
         <alignment>0x1</alignment>
         <input_file_ref idref="fl-3a"/>
      </object_component>
      <object_component id="oc-219">
         <name>.text:sensor_qep_capture_zero</name>
         <load_address>0x836ec</load_address>
         <readonly>true</readonly>
         <executable>true</executable>
         <run_address>0x836ec</run_address>
         <size>0x6</size>
         <alignment>0x1</alignment>
         <input_file_ref idref="fl-e"/>
      </object_component>
      <object_component id="oc-2ce">
         <name>.text:sm_request_run</name>
         <load_address>0x836f2</load_address>
         <readonly>true</readonly>
         <executable>true</executable>
         <run_address>0x836f2</run_address>
         <size>0x6</size>
         <alignment>0x1</alignment>
         <input_file_ref idref="fl-7"/>
      </object_component>
      <object_component id="oc-298">
         <name>.text:debug_iface_init</name>
         <load_address>0x836f8</load_address>
         <readonly>true</readonly>
         <executable>true</executable>
         <run_address>0x836f8</run_address>
         <size>0x5</size>
         <alignment>0x1</alignment>
         <input_file_ref idref="fl-5"/>
      </object_component>
      <object_component id="oc-2ee">
         <name>.text:inverter_disable_gate</name>
         <load_address>0x836fd</load_address>
         <readonly>true</readonly>
         <executable>true</executable>
         <run_address>0x836fd</run_address>
         <size>0x5</size>
         <alignment>0x1</alignment>
         <input_file_ref idref="fl-9"/>
      </object_component>
      <object_component id="oc-29e">
         <name>.text:inverter_enable_gate</name>
         <load_address>0x83702</load_address>
         <readonly>true</readonly>
         <executable>true</executable>
         <run_address>0x83702</run_address>
         <size>0x5</size>
         <alignment>0x1</alignment>
         <input_file_ref idref="fl-9"/>
      </object_component>
      <object_component id="oc-374">
         <name>.text:CLARKE_init</name>
         <load_address>0x83707</load_address>
         <readonly>true</readonly>
         <executable>true</executable>
         <run_address>0x83707</run_address>
         <size>0x4</size>
         <alignment>0x1</alignment>
         <input_file_ref idref="fl-15"/>
      </object_component>
      <object_component id="oc-380">
         <name>.text:IPARK_init</name>
         <load_address>0x8370b</load_address>
         <readonly>true</readonly>
         <executable>true</executable>
         <run_address>0x8370b</run_address>
         <size>0x4</size>
         <alignment>0x1</alignment>
         <input_file_ref idref="fl-16"/>
      </object_component>
      <object_component id="oc-37a">
         <name>.text:PARK_init</name>
         <load_address>0x8370f</load_address>
         <readonly>true</readonly>
         <executable>true</executable>
         <run_address>0x8370f</run_address>
         <size>0x4</size>
         <alignment>0x1</alignment>
         <input_file_ref idref="fl-17"/>
      </object_component>
      <object_component id="oc-38c">
         <name>.text:PI_init</name>
         <load_address>0x83713</load_address>
         <readonly>true</readonly>
         <executable>true</executable>
         <run_address>0x83713</run_address>
         <size>0x4</size>
         <alignment>0x1</alignment>
         <input_file_ref idref="fl-18"/>
      </object_component>
      <object_component id="oc-386">
         <name>.text:SVGEN_init</name>
         <load_address>0x83717</load_address>
         <readonly>true</readonly>
         <executable>true</executable>
         <run_address>0x83717</run_address>
         <size>0x4</size>
         <alignment>0x1</alignment>
         <input_file_ref idref="fl-19"/>
      </object_component>
      <object_component id="oc-d9">
         <name>.text:debug_isr_scope_high</name>
         <load_address>0x8371b</load_address>
         <readonly>true</readonly>
         <executable>true</executable>
         <run_address>0x8371b</run_address>
         <size>0x4</size>
         <alignment>0x1</alignment>
         <input_file_ref idref="fl-4"/>
      </object_component>
      <object_component id="oc-130">
         <name>.text:debug_isr_scope_low</name>
         <load_address>0x8371f</load_address>
         <readonly>true</readonly>
         <executable>true</executable>
         <run_address>0x8371f</run_address>
         <size>0x4</size>
         <alignment>0x1</alignment>
         <input_file_ref idref="fl-4"/>
      </object_component>
      <object_component id="oc-3a3">
         <name>.text:safety_clear</name>
         <load_address>0x83723</load_address>
         <readonly>true</readonly>
         <executable>true</executable>
         <run_address>0x83723</run_address>
         <size>0x4</size>
         <alignment>0x1</alignment>
         <input_file_ref idref="fl-d"/>
      </object_component>
      <object_component id="oc-26e">
         <name>.text:safety_init</name>
         <load_address>0x83727</load_address>
         <readonly>true</readonly>
         <executable>true</executable>
         <run_address>0x83727</run_address>
         <size>0x4</size>
         <alignment>0x1</alignment>
         <input_file_ref idref="fl-d"/>
      </object_component>
      <object_component id="oc-18a">
         <name>.text:safety_latch</name>
         <load_address>0x8372b</load_address>
         <readonly>true</readonly>
         <executable>true</executable>
         <run_address>0x8372b</run_address>
         <size>0x4</size>
         <alignment>0x1</alignment>
         <input_file_ref idref="fl-d"/>
      </object_component>
      <object_component id="oc-df">
         <name>.text:sm_get_state</name>
         <load_address>0x8372f</load_address>
         <readonly>true</readonly>
         <executable>true</executable>
         <run_address>0x8372f</run_address>
         <size>0x4</size>
         <alignment>0x1</alignment>
         <input_file_ref idref="fl-7"/>
      </object_component>
      <object_component id="oc-2c8">
         <name>.text:sm_request_stop</name>
         <load_address>0x83733</load_address>
         <readonly>true</readonly>
         <executable>true</executable>
         <run_address>0x83733</run_address>
         <size>0x4</size>
         <alignment>0x1</alignment>
         <input_file_ref idref="fl-7"/>
      </object_component>
      <object_component id="oc-190">
         <name>.text:foc_get_refs</name>
         <load_address>0x83737</load_address>
         <readonly>true</readonly>
         <executable>true</executable>
         <run_address>0x83737</run_address>
         <size>0x3</size>
         <alignment>0x1</alignment>
         <input_file_ref idref="fl-6"/>
      </object_component>
      <object_component id="oc-184">
         <name>.text:foc_get_signals</name>
         <load_address>0x8373a</load_address>
         <readonly>true</readonly>
         <executable>true</executable>
         <run_address>0x8373a</run_address>
         <size>0x3</size>
         <alignment>0x1</alignment>
         <input_file_ref idref="fl-6"/>
      </object_component>
      <object_component id="oc-149">
         <name>.text</name>
         <load_address>0x8373d</load_address>
         <readonly>true</readonly>
         <executable>true</executable>
         <run_address>0x8373d</run_address>
         <size>0x2</size>
         <alignment>0x1</alignment>
         <input_file_ref idref="fl-38"/>
      </object_component>
      <object_component id="oc-274">
         <name>.text:adc_init</name>
         <load_address>0x8373f</load_address>
         <readonly>true</readonly>
         <executable>true</executable>
         <run_address>0x8373f</run_address>
         <size>0x1</size>
         <alignment>0x1</alignment>
         <input_file_ref idref="fl-3"/>
      </object_component>
      <object_component id="oc-27a">
         <name>.text:pwm_init</name>
         <load_address>0x83740</load_address>
         <readonly>true</readonly>
         <executable>true</executable>
         <run_address>0x83740</run_address>
         <size>0x1</size>
         <alignment>0x1</alignment>
         <input_file_ref idref="fl-c"/>
      </object_component>
      <object_component id="oc-23b">
         <name>.text</name>
         <load_address>0x83741</load_address>
         <readonly>true</readonly>
         <executable>true</executable>
         <run_address>0x83741</run_address>
         <size>0x1</size>
         <alignment>0x1</alignment>
         <input_file_ref idref="fl-42"/>
      </object_component>
      <object_component id="oc-31">
         <name>codestart</name>
         <load_address>0x80000</load_address>
         <readonly>true</readonly>
         <executable>true</executable>
         <run_address>0x80000</run_address>
         <size>0x2</size>
         <alignment>0x1</alignment>
         <input_file_ref idref="fl-10"/>
      </object_component>
      <object_component id="oc-6c">
         <name>.stack</name>
         <uninitialized>true</uninitialized>
         <readwrite>true</readwrite>
         <run_address>0x400</run_address>
         <size>0x0</size>
         <alignment>0x1</alignment>
         <input_file_ref idref="fl-35"/>
      </object_component>
      <object_component id="oc-4e4">
         <name>.stack</name>
         <uninitialized>true</uninitialized>
         <readwrite>true</readwrite>
         <run_address>0x400</run_address>
         <size>0x0</size>
         <alignment>0x2</alignment>
      </object_component>
      <object_component id="oc-169">
         <name>.bss</name>
         <uninitialized>true</uninitialized>
         <readwrite>true</readwrite>
         <run_address>0xa8a6</run_address>
         <size>0x4</size>
         <alignment>0x1</alignment>
         <input_file_ref idref="fl-3"/>
      </object_component>
      <object_component id="oc-1a7">
         <name>.bss</name>
         <uninitialized>true</uninitialized>
         <readwrite>true</readwrite>
         <run_address>0xa895</run_address>
         <size>0x1</size>
         <alignment>0x1</alignment>
         <input_file_ref idref="fl-4"/>
      </object_component>
      <object_component id="oc-92">
         <name>.bss</name>
         <uninitialized>true</uninitialized>
         <readwrite>true</readwrite>
         <run_address>0xa8aa</run_address>
         <size>0x2</size>
         <alignment>0x1</alignment>
         <input_file_ref idref="fl-5"/>
      </object_component>
      <object_component id="oc-e5">
         <name>.bss</name>
         <uninitialized>true</uninitialized>
         <readwrite>true</readwrite>
         <run_address>0xa800</run_address>
         <size>0x84</size>
         <alignment>0x2</alignment>
         <input_file_ref idref="fl-6"/>
      </object_component>
      <object_component id="oc-210">
         <name>.bss</name>
         <uninitialized>true</uninitialized>
         <readwrite>true</readwrite>
         <run_address>0xa8a0</run_address>
         <size>0x6</size>
         <alignment>0x2</alignment>
         <input_file_ref idref="fl-7"/>
      </object_component>
      <object_component id="oc-2aa">
         <name>.bss</name>
         <uninitialized>true</uninitialized>
         <readwrite>true</readwrite>
         <run_address>0xa884</run_address>
         <size>0x11</size>
         <alignment>0x1</alignment>
         <input_file_ref idref="fl-9"/>
      </object_component>
      <object_component id="oc-1a2">
         <name>.bss</name>
         <uninitialized>true</uninitialized>
         <readwrite>true</readwrite>
         <run_address>0xa8ac</run_address>
         <size>0x2</size>
         <alignment>0x1</alignment>
         <input_file_ref idref="fl-d"/>
      </object_component>
      <object_component id="oc-136">
         <name>.bss</name>
         <uninitialized>true</uninitialized>
         <readwrite>true</readwrite>
         <run_address>0xa896</run_address>
         <size>0xa</size>
         <alignment>0x2</alignment>
         <input_file_ref idref="fl-e"/>
      </object_component>
      <object_component id="oc-16c">
         <name>.data</name>
         <load_address>0xa8c4</load_address>
         <readwrite>true</readwrite>
         <run_address>0xa8c4</run_address>
         <size>0x3</size>
         <alignment>0x1</alignment>
         <input_file_ref idref="fl-3"/>
      </object_component>
      <object_component id="oc-162">
         <name>.data</name>
         <load_address>0xa8c0</load_address>
         <readwrite>true</readwrite>
         <run_address>0xa8c0</run_address>
         <size>0x4</size>
         <alignment>0x1</alignment>
         <input_file_ref idref="fl-7"/>
      </object_component>
      <object_component id="oc-a1">
         <name>.data</name>
         <load_address>0xa8cc</load_address>
         <readwrite>true</readwrite>
         <run_address>0xa8cc</run_address>
         <size>0x2</size>
         <alignment>0x2</alignment>
         <input_file_ref idref="fl-a"/>
      </object_component>
      <object_component id="oc-175">
         <name>.data</name>
         <load_address>0xa8c7</load_address>
         <readwrite>true</readwrite>
         <run_address>0xa8c7</run_address>
         <size>0x1</size>
         <alignment>0x1</alignment>
         <input_file_ref idref="fl-c"/>
      </object_component>
      <object_component id="oc-139">
         <name>.data</name>
         <load_address>0xa8ba</load_address>
         <readwrite>true</readwrite>
         <run_address>0xa8ba</run_address>
         <size>0x6</size>
         <alignment>0x2</alignment>
         <input_file_ref idref="fl-e"/>
      </object_component>
      <object_component id="oc-31d">
         <name>.data</name>
         <load_address>0xa8ae</load_address>
         <readwrite>true</readwrite>
         <run_address>0xa8ae</run_address>
         <size>0x6</size>
         <alignment>0x2</alignment>
         <input_file_ref idref="fl-12"/>
      </object_component>
      <object_component id="oc-1f4">
         <name>.data</name>
         <load_address>0xa8b4</load_address>
         <readwrite>true</readwrite>
         <run_address>0xa8b4</run_address>
         <size>0x6</size>
         <alignment>0x2</alignment>
         <input_file_ref idref="fl-3d"/>
      </object_component>
      <object_component id="oc-1f7">
         <name>.data:_lock</name>
         <load_address>0xa8c8</load_address>
         <readwrite>true</readwrite>
         <run_address>0xa8c8</run_address>
         <size>0x2</size>
         <alignment>0x2</alignment>
         <input_file_ref idref="fl-3e"/>
      </object_component>
      <object_component id="oc-39c">
         <name>.data:_unlock</name>
         <load_address>0xa8ca</load_address>
         <readwrite>true</readwrite>
         <run_address>0xa8ca</run_address>
         <size>0x2</size>
         <alignment>0x2</alignment>
         <input_file_ref idref="fl-3e"/>
      </object_component>
      <object_component id="oc-2ff">
         <name>.TI.ramfunc:Flash_initModule</name>
         <load_address>0x86000</load_address>
         <readonly>true</readonly>
         <executable>true</executable>
         <run_address>0x8000</run_address>
         <size>0x46</size>
         <alignment>0x1</alignment>
         <input_file_ref idref="fl-24"/>
      </object_component>
      <object_component id="oc-4e">
         <name>.TI.ramfunc:adcA1_isr</name>
         <load_address>0x86046</load_address>
         <readonly>true</readonly>
         <executable>true</executable>
         <run_address>0x8046</run_address>
         <size>0x38</size>
         <alignment>0x1</alignment>
         <input_file_ref idref="fl-a"/>
      </object_component>
      <object_component id="oc-36c">
         <name>.TI.ramfunc</name>
         <load_address>0x8607e</load_address>
         <readonly>true</readonly>
         <executable>true</executable>
         <run_address>0x807e</run_address>
         <size>0x4</size>
         <alignment>0x1</alignment>
         <input_file_ref idref="fl-29"/>
      </object_component>
      <object_component id="oc-170">
         <name>.debug_types</name>
         <load_address>0x0</load_address>
         <run_address>0x0</run_address>
         <size>0x889</size>
         <alignment>0x0</alignment>
         <input_file_ref idref="fl-3"/>
      </object_component>
      <object_component id="oc-161">
         <name>.debug_types</name>
         <load_address>0x889</load_address>
         <run_address>0x889</run_address>
         <size>0x428</size>
         <alignment>0x0</alignment>
         <input_file_ref idref="fl-4"/>
      </object_component>
      <object_component id="oc-96">
         <name>.debug_types</name>
         <load_address>0xcb1</load_address>
         <run_address>0xcb1</run_address>
         <size>0x375</size>
         <alignment>0x0</alignment>
         <input_file_ref idref="fl-5"/>
      </object_component>
      <object_component id="oc-13d">
         <name>.debug_types</name>
         <load_address>0x1026</load_address>
         <run_address>0x1026</run_address>
         <size>0xe15</size>
         <alignment>0x0</alignment>
         <input_file_ref idref="fl-6"/>
      </object_component>
      <object_component id="oc-166">
         <name>.debug_types</name>
         <load_address>0x1e3b</load_address>
         <run_address>0x1e3b</run_address>
         <size>0x8d</size>
         <alignment>0x0</alignment>
         <input_file_ref idref="fl-7"/>
      </object_component>
      <object_component id="oc-22a">
         <name>.debug_types</name>
         <load_address>0x1ec8</load_address>
         <run_address>0x1ec8</run_address>
         <size>0x46f</size>
         <alignment>0x0</alignment>
         <input_file_ref idref="fl-9"/>
      </object_component>
      <object_component id="oc-a0">
         <name>.debug_types</name>
         <load_address>0x0</load_address>
         <run_address>0x0</run_address>
         <size>0x0</size>
         <alignment>0x0</alignment>
         <input_file_ref idref="fl-a"/>
      </object_component>
      <object_component id="oc-2ae">
         <name>.debug_types</name>
         <load_address>0x0</load_address>
         <run_address>0x0</run_address>
         <size>0x0</size>
         <alignment>0x0</alignment>
         <input_file_ref idref="fl-b"/>
      </object_component>
      <object_component id="oc-179">
         <name>.debug_types</name>
         <load_address>0x2337</load_address>
         <run_address>0x2337</run_address>
         <size>0x39d</size>
         <alignment>0x0</alignment>
         <input_file_ref idref="fl-c"/>
      </object_component>
      <object_component id="oc-1a6">
         <name>.debug_types</name>
         <load_address>0x0</load_address>
         <run_address>0x0</run_address>
         <size>0x0</size>
         <alignment>0x0</alignment>
         <input_file_ref idref="fl-d"/>
      </object_component>
      <object_component id="oc-1b1">
         <name>.debug_types</name>
         <load_address>0x0</load_address>
         <run_address>0x0</run_address>
         <size>0x0</size>
         <alignment>0x0</alignment>
         <input_file_ref idref="fl-e"/>
      </object_component>
      <object_component id="oc-321">
         <name>.debug_types</name>
         <load_address>0x26d4</load_address>
         <run_address>0x26d4</run_address>
         <size>0xfd8</size>
         <alignment>0x0</alignment>
         <input_file_ref idref="fl-12"/>
      </object_component>
      <object_component id="oc-9e">
         <name>.debug_types</name>
         <load_address>0x36ac</load_address>
         <run_address>0x36ac</run_address>
         <size>0x2706</size>
         <alignment>0x0</alignment>
         <input_file_ref idref="fl-13"/>
      </object_component>
      <object_component id="oc-43c">
         <name>.debug_types</name>
         <load_address>0x0</load_address>
         <run_address>0x0</run_address>
         <size>0x0</size>
         <alignment>0x0</alignment>
         <input_file_ref idref="fl-15"/>
      </object_component>
      <object_component id="oc-440">
         <name>.debug_types</name>
         <load_address>0x0</load_address>
         <run_address>0x0</run_address>
         <size>0x0</size>
         <alignment>0x0</alignment>
         <input_file_ref idref="fl-16"/>
      </object_component>
      <object_component id="oc-43e">
         <name>.debug_types</name>
         <load_address>0x0</load_address>
         <run_address>0x0</run_address>
         <size>0x0</size>
         <alignment>0x0</alignment>
         <input_file_ref idref="fl-17"/>
      </object_component>
      <object_component id="oc-444">
         <name>.debug_types</name>
         <load_address>0x0</load_address>
         <run_address>0x0</run_address>
         <size>0x0</size>
         <alignment>0x0</alignment>
         <input_file_ref idref="fl-18"/>
      </object_component>
      <object_component id="oc-442">
         <name>.debug_types</name>
         <load_address>0x0</load_address>
         <run_address>0x0</run_address>
         <size>0x0</size>
         <alignment>0x0</alignment>
         <input_file_ref idref="fl-19"/>
      </object_component>
      <object_component id="oc-49a">
         <name>.debug_types</name>
         <load_address>0x5db2</load_address>
         <run_address>0x5db2</run_address>
         <size>0x1ea</size>
         <alignment>0x0</alignment>
         <input_file_ref idref="fl-22"/>
      </object_component>
      <object_component id="oc-464">
         <name>.debug_types</name>
         <load_address>0x5f9c</load_address>
         <run_address>0x5f9c</run_address>
         <size>0x5e</size>
         <alignment>0x0</alignment>
         <input_file_ref idref="fl-23"/>
      </object_component>
      <object_component id="oc-3b8">
         <name>.debug_types</name>
         <load_address>0x5ffa</load_address>
         <run_address>0x5ffa</run_address>
         <size>0x1d7</size>
         <alignment>0x0</alignment>
         <input_file_ref idref="fl-24"/>
      </object_component>
      <object_component id="oc-438">
         <name>.debug_types</name>
         <load_address>0x61d1</load_address>
         <run_address>0x61d1</run_address>
         <size>0x3da</size>
         <alignment>0x0</alignment>
         <input_file_ref idref="fl-25"/>
      </object_component>
      <object_component id="oc-ac">
         <name>.debug_types</name>
         <load_address>0x0</load_address>
         <run_address>0x0</run_address>
         <size>0x0</size>
         <alignment>0x0</alignment>
         <input_file_ref idref="fl-26"/>
      </object_component>
      <object_component id="oc-ca">
         <name>.debug_types</name>
         <load_address>0x65ab</load_address>
         <run_address>0x65ab</run_address>
         <size>0x56</size>
         <alignment>0x0</alignment>
         <input_file_ref idref="fl-27"/>
      </object_component>
      <object_component id="oc-473">
         <name>.debug_types</name>
         <load_address>0x6601</load_address>
         <run_address>0x6601</run_address>
         <size>0x1f1</size>
         <alignment>0x0</alignment>
         <input_file_ref idref="fl-28"/>
      </object_component>
      <object_component id="oc-3ba">
         <name>.debug_types</name>
         <load_address>0x67f2</load_address>
         <run_address>0x67f2</run_address>
         <size>0x21d</size>
         <alignment>0x0</alignment>
         <input_file_ref idref="fl-29"/>
      </object_component>
      <object_component id="oc-b4">
         <name>.debug_types</name>
         <load_address>0x6a0f</load_address>
         <run_address>0x6a0f</run_address>
         <size>0xb4</size>
         <alignment>0x0</alignment>
         <input_file_ref idref="fl-37"/>
      </object_component>
      <object_component id="oc-1bb">
         <name>.debug_types</name>
         <load_address>0x0</load_address>
         <run_address>0x0</run_address>
         <size>0x0</size>
         <alignment>0x0</alignment>
         <input_file_ref idref="fl-38"/>
      </object_component>
      <object_component id="oc-242">
         <name>.debug_types</name>
         <load_address>0x6ac3</load_address>
         <run_address>0x6ac3</run_address>
         <size>0x48e</size>
         <alignment>0x0</alignment>
         <input_file_ref idref="fl-39"/>
      </object_component>
      <object_component id="oc-b9">
         <name>.debug_types</name>
         <load_address>0x6f51</load_address>
         <run_address>0x6f51</run_address>
         <size>0x165</size>
         <alignment>0x0</alignment>
         <input_file_ref idref="fl-3a"/>
      </object_component>
      <object_component id="oc-76">
         <name>.debug_types</name>
         <load_address>0x0</load_address>
         <run_address>0x0</run_address>
         <size>0x0</size>
         <alignment>0x0</alignment>
         <input_file_ref idref="fl-3b"/>
      </object_component>
      <object_component id="oc-6e">
         <name>.debug_types</name>
         <load_address>0x70b6</load_address>
         <run_address>0x70b6</run_address>
         <size>0x191</size>
         <alignment>0x0</alignment>
         <input_file_ref idref="fl-3c"/>
      </object_component>
      <object_component id="oc-1fb">
         <name>.debug_types</name>
         <load_address>0x7247</load_address>
         <run_address>0x7247</run_address>
         <size>0xbf</size>
         <alignment>0x0</alignment>
         <input_file_ref idref="fl-3d"/>
      </object_component>
      <object_component id="oc-2bc">
         <name>.debug_types</name>
         <load_address>0x7306</load_address>
         <run_address>0x7306</run_address>
         <size>0x2f</size>
         <alignment>0x0</alignment>
         <input_file_ref idref="fl-3e"/>
      </object_component>
      <object_component id="oc-1f3">
         <name>.debug_types</name>
         <load_address>0x7335</load_address>
         <run_address>0x7335</run_address>
         <size>0xe1</size>
         <alignment>0x0</alignment>
         <input_file_ref idref="fl-3f"/>
      </object_component>
      <object_component id="oc-148">
         <name>.debug_types</name>
         <load_address>0x0</load_address>
         <run_address>0x0</run_address>
         <size>0x0</size>
         <alignment>0x0</alignment>
         <input_file_ref idref="fl-40"/>
      </object_component>
      <object_component id="oc-2f9">
         <name>.debug_types</name>
         <load_address>0x0</load_address>
         <run_address>0x0</run_address>
         <size>0x0</size>
         <alignment>0x0</alignment>
         <input_file_ref idref="fl-42"/>
      </object_component>
      <object_component id="oc-16d">
         <name>.debug_info</name>
         <load_address>0x0</load_address>
         <run_address>0x0</run_address>
         <size>0x150</size>
         <alignment>0x0</alignment>
         <input_file_ref idref="fl-3"/>
      </object_component>
      <object_component id="oc-16a">
         <name>.debug_info</name>
         <load_address>0x150</load_address>
         <run_address>0x150</run_address>
         <size>0x186</size>
         <alignment>0x0</alignment>
         <input_file_ref idref="fl-3"/>
      </object_component>
      <object_component id="oc-101">
         <name>.debug_info</name>
         <load_address>0x2d6</load_address>
         <run_address>0x2d6</run_address>
         <size>0x137</size>
         <alignment>0x0</alignment>
         <input_file_ref idref="fl-3"/>
      </object_component>
      <object_component id="oc-e9">
         <name>.debug_info</name>
         <load_address>0x40d</load_address>
         <run_address>0x40d</run_address>
         <size>0x1a2</size>
         <alignment>0x0</alignment>
         <input_file_ref idref="fl-3"/>
      </object_component>
      <object_component id="oc-275">
         <name>.debug_info</name>
         <load_address>0x5af</load_address>
         <run_address>0x5af</run_address>
         <size>0x118</size>
         <alignment>0x0</alignment>
         <input_file_ref idref="fl-3"/>
      </object_component>
      <object_component id="oc-2e9">
         <name>.debug_info</name>
         <load_address>0x6c7</load_address>
         <run_address>0x6c7</run_address>
         <size>0x176</size>
         <alignment>0x0</alignment>
         <input_file_ref idref="fl-3"/>
      </object_component>
      <object_component id="oc-1a8">
         <name>.debug_info</name>
         <load_address>0x83d</load_address>
         <run_address>0x83d</run_address>
         <size>0x102</size>
         <alignment>0x0</alignment>
         <input_file_ref idref="fl-4"/>
      </object_component>
      <object_component id="oc-1ab">
         <name>.debug_info</name>
         <load_address>0x93f</load_address>
         <run_address>0x93f</run_address>
         <size>0xfa</size>
         <alignment>0x0</alignment>
         <input_file_ref idref="fl-4"/>
      </object_component>
      <object_component id="oc-131">
         <name>.debug_info</name>
         <load_address>0xa39</load_address>
         <run_address>0xa39</run_address>
         <size>0x132</size>
         <alignment>0x0</alignment>
         <input_file_ref idref="fl-4"/>
      </object_component>
      <object_component id="oc-da">
         <name>.debug_info</name>
         <load_address>0xb6b</load_address>
         <run_address>0xb6b</run_address>
         <size>0x134</size>
         <alignment>0x0</alignment>
         <input_file_ref idref="fl-4"/>
      </object_component>
      <object_component id="oc-269">
         <name>.debug_info</name>
         <load_address>0xc9f</load_address>
         <run_address>0xc9f</run_address>
         <size>0x120</size>
         <alignment>0x0</alignment>
         <input_file_ref idref="fl-4"/>
      </object_component>
      <object_component id="oc-12b">
         <name>.debug_info</name>
         <load_address>0xdbf</load_address>
         <run_address>0xdbf</run_address>
         <size>0x168</size>
         <alignment>0x0</alignment>
         <input_file_ref idref="fl-4"/>
      </object_component>
      <object_component id="oc-93">
         <name>.debug_info</name>
         <load_address>0xf27</load_address>
         <run_address>0xf27</run_address>
         <size>0x120</size>
         <alignment>0x0</alignment>
         <input_file_ref idref="fl-5"/>
      </object_component>
      <object_component id="oc-8a">
         <name>.debug_info</name>
         <load_address>0x1047</load_address>
         <run_address>0x1047</run_address>
         <size>0xfa</size>
         <alignment>0x0</alignment>
         <input_file_ref idref="fl-5"/>
      </object_component>
      <object_component id="oc-3d">
         <name>.debug_info</name>
[...]
         <object_component_ref idref="oc-2aa"/>
      </symbol>
      <symbol id="sm-222">
         <name>g_dbg_spi_fftx_level</name>
         <value>0xa891</value>
         <object_component_ref idref="oc-2aa"/>
      </symbol>
      <symbol id="sm-223">
         <name>g_dbg_fault_ovvds</name>
         <value>0xa88d</value>
         <object_component_ref idref="oc-2aa"/>
      </symbol>
      <symbol id="sm-224">
         <name>g_dbg_spi_ovvds</name>
         <value>0xa889</value>
         <object_component_ref idref="oc-2aa"/>
      </symbol>
      <symbol id="sm-225">
         <name>g_dbg_spi_sts</name>
         <value>0xa890</value>
         <object_component_ref idref="oc-2aa"/>
      </symbol>
      <symbol id="sm-226">
         <name>inverter_init</name>
         <value>0x82a46</value>
         <object_component_ref idref="oc-286"/>
      </symbol>
      <symbol id="sm-227">
         <name>g_dbg_en_gate</name>
         <value>0xa884</value>
         <object_component_ref idref="oc-2aa"/>
      </symbol>
      <symbol id="sm-228">
         <name>g_dbg_spi_ffrx_level</name>
         <value>0xa892</value>
         <object_component_ref idref="oc-2aa"/>
      </symbol>
      <symbol id="sm-229">
         <name>g_dbg_spi_hs_default</name>
         <value>0xa894</value>
         <object_component_ref idref="oc-2aa"/>
      </symbol>
      <symbol id="sm-22a">
         <name>inverter_is_faulted</name>
         <value>0x8364f</value>
         <object_component_ref idref="oc-196"/>
      </symbol>
      <symbol id="sm-22b">
         <name>inverter_clear_faults</name>
         <value>0x83640</value>
         <object_component_ref idref="oc-2e2"/>
      </symbol>
      <symbol id="sm-22c">
         <name>inverter_snapshot_fault_regs</name>
         <value>0x8339b</value>
         <object_component_ref idref="oc-2dc"/>
      </symbol>
      <symbol id="sm-22d">
         <name>g_dbg_fault_warn</name>
         <value>0xa88c</value>
         <object_component_ref idref="oc-2aa"/>
      </symbol>
      <symbol id="sm-22e">
         <name>g_dbg_spi_rd_shunt</name>
         <value>0xa887</value>
         <object_component_ref idref="oc-2aa"/>
      </symbol>
      <symbol id="sm-22f">
         <name>inverter_enable_gate</name>
         <value>0x83702</value>
         <object_component_ref idref="oc-29e"/>
      </symbol>
      <symbol id="sm-230">
         <name>g_dbg_spi_warn</name>
         <value>0xa888</value>
         <object_component_ref idref="oc-2aa"/>
      </symbol>
      <symbol id="sm-249">
         <name>adcA1_isr</name>
         <value>0x8046</value>
         <object_component_ref idref="oc-4e"/>
      </symbol>
      <symbol id="sm-24a">
         <name>epwm_tz_isr</name>
         <value>0x83621</value>
         <object_component_ref idref="oc-48"/>
      </symbol>
      <symbol id="sm-24b">
         <name>g_isr_count</name>
         <value>0xa8cc</value>
         <object_component_ref idref="oc-a1"/>
      </symbol>
      <symbol id="sm-259">
         <name>main</name>
         <value>0x82d85</value>
         <object_component_ref idref="oc-1ec"/>
      </symbol>
      <symbol id="sm-27c">
         <name>pwm_init</name>
         <value>0x83740</value>
         <object_component_ref idref="oc-27a"/>
      </symbol>
      <symbol id="sm-27d">
         <name>g_pwm_period_count</name>
         <value>0xa8c7</value>
         <object_component_ref idref="oc-175"/>
      </symbol>
      <symbol id="sm-27e">
         <name>pwm_set_duty</name>
         <value>0x82b91</value>
         <object_component_ref idref="oc-118"/>
      </symbol>
      <symbol id="sm-27f">
         <name>pwm_force_safe</name>
         <value>0x83200</value>
         <object_component_ref idref="oc-106"/>
      </symbol>
      <symbol id="sm-2b2">
         <name>safety_init</name>
         <value>0x83727</value>
         <object_component_ref idref="oc-26e"/>
      </symbol>
      <symbol id="sm-2b3">
         <name>safety_check_isr</name>
         <value>0x82abd</value>
         <object_component_ref idref="oc-124"/>
      </symbol>
      <symbol id="sm-2b4">
         <name>safety_clear</name>
         <value>0x83723</value>
         <object_component_ref idref="oc-3a3"/>
      </symbol>
      <symbol id="sm-2b5">
         <name>g_dbg_fault_code</name>
         <value>0xa8ad</value>
         <object_component_ref idref="oc-1a2"/>
      </symbol>
      <symbol id="sm-2b6">
         <name>safety_latch</name>
         <value>0x8372b</value>
         <object_component_ref idref="oc-18a"/>
      </symbol>
      <symbol id="sm-2d6">
         <name>sensor_init</name>
         <value>0x83673</value>
         <object_component_ref idref="oc-280"/>
      </symbol>
      <symbol id="sm-2d7">
         <name>g_qep_mech_offset_cnt</name>
         <value>0xa8be</value>
         <object_component_ref idref="oc-139"/>
      </symbol>
      <symbol id="sm-2d8">
         <name>g_qep_omega_elec</name>
         <value>0xa8bc</value>
         <object_component_ref idref="oc-139"/>
      </symbol>
      <symbol id="sm-2d9">
         <name>g_dbg_qep_index_latch</name>
         <value>0xa89a</value>
         <object_component_ref idref="oc-136"/>
      </symbol>
      <symbol id="sm-2da">
         <name>sensor_capture_zero</name>
         <value>0x836ec</value>
         <object_component_ref idref="oc-219"/>
      </symbol>
      <symbol id="sm-2db">
         <name>g_dbg_qep_status</name>
         <value>0xa896</value>
         <object_component_ref idref="oc-136"/>
      </symbol>
      <symbol id="sm-2dc">
         <name>g_dbg_qep_count</name>
         <value>0xa898</value>
         <object_component_ref idref="oc-136"/>
      </symbol>
      <symbol id="sm-2dd">
         <name>g_dbg_qep_direction</name>
         <value>0xa897</value>
         <object_component_ref idref="oc-136"/>
      </symbol>
      <symbol id="sm-2de">
         <name>g_qep_theta_elec</name>
         <value>0xa8ba</value>
         <object_component_ref idref="oc-139"/>
      </symbol>
      <symbol id="sm-2df">
         <name>sensor_qep_capture_zero</name>
         <value>0x836ec</value>
         <object_component_ref idref="oc-219"/>
      </symbol>
      <symbol id="sm-2ef">
         <name>code_start</name>
         <value>0x80000</value>
         <object_component_ref idref="oc-31"/>
      </symbol>
      <symbol id="sm-32f">
         <name>Device_enableAllPeripherals</name>
         <value>0x825a7</value>
         <object_component_ref idref="oc-317"/>
      </symbol>
      <symbol id="sm-330">
         <name>Device_initGPIO</name>
         <value>0x8345b</value>
         <object_component_ref idref="oc-256"/>
      </symbol>
      <symbol id="sm-331">
         <name>Example_Fail</name>
         <value>0xa8b2</value>
         <object_component_ref idref="oc-31d"/>
      </symbol>
      <symbol id="sm-332">
         <name>Device_init</name>
         <value>0x82f1a</value>
         <object_component_ref idref="oc-250"/>
      </symbol>
      <symbol id="sm-333">
         <name>Example_Result</name>
         <value>0xa8ae</value>
         <object_component_ref idref="oc-31d"/>
      </symbol>
      <symbol id="sm-334">
         <name>Device_enableUnbondedGPIOPullups</name>
         <value>0x83611</value>
         <object_component_ref idref="oc-322"/>
      </symbol>
      <symbol id="sm-335">
         <name>Device_configureTMXAnalogTrim</name>
         <value>0x8316e</value>
         <object_component_ref idref="oc-30b"/>
      </symbol>
      <symbol id="sm-336">
         <name>Device_enableUnbondedGPIOPullupsFor176Pin</name>
         <value>0x835c8</value>
         <object_component_ref idref="oc-3ce"/>
      </symbol>
      <symbol id="sm-337">
         <name>Example_PassCount</name>
         <value>0xa8b0</value>
         <object_component_ref idref="oc-31d"/>
      </symbol>
      <symbol id="sm-338">
         <name>Device_enableUnbondedGPIOPullupsFor100Pin</name>
         <value>0x83479</value>
         <object_component_ref idref="oc-3d4"/>
      </symbol>
      <symbol id="sm-3bc">
         <name>DRV8305_NFAULT_init</name>
         <value>0x835a0</value>
         <object_component_ref idref="oc-410"/>
      </symbol>
      <symbol id="sm-3bd">
         <name>INTERRUPT_init</name>
         <value>0x83548</value>
         <object_component_ref idref="oc-42"/>
      </symbol>
      <symbol id="sm-3be">
         <name>SPI_init</name>
         <value>0x82d3d</value>
         <object_component_ref idref="oc-354"/>
      </symbol>
      <symbol id="sm-3bf">
         <name>PinMux_init</name>
         <value>0x82685</value>
         <object_component_ref idref="oc-32a"/>
      </symbol>
      <symbol id="sm-3c0">
         <name>SCI_init</name>
         <value>0x829ca</value>
         <object_component_ref idref="oc-34e"/>
      </symbol>
      <symbol id="sm-3c1">
         <name>Board_init</name>
         <value>0x83576</value>
         <object_component_ref idref="oc-262"/>
      </symbol>
      <symbol id="sm-3c2">
         <name>DRV8305_WAKE_init</name>
         <value>0x83530</value>
         <object_component_ref idref="oc-41c"/>
      </symbol>
      <symbol id="sm-3c3">
         <name>DRV8305_SPI_init</name>
         <value>0x82d3d</value>
         <object_component_ref idref="oc-354"/>
      </symbol>
      <symbol id="sm-3c4">
         <name>GPIO_init</name>
         <value>0x83668</value>
         <object_component_ref idref="oc-348"/>
      </symbol>
      <symbol id="sm-3c5">
         <name>DRV8305_SCS_init</name>
         <value>0x83518</value>
         <object_component_ref idref="oc-416"/>
      </symbol>
      <symbol id="sm-3c6">
         <name>ADC_init</name>
         <value>0x836ca</value>
         <object_component_ref idref="oc-336"/>
      </symbol>
      <symbol id="sm-3c7">
         <name>LED_STATUS_GPIO_init</name>
         <value>0x835b4</value>
         <object_component_ref idref="oc-404"/>
      </symbol>
      <symbol id="sm-3c8">
         <name>SYNC_init</name>
         <value>0x831d1</value>
         <object_component_ref idref="oc-330"/>
      </symbol>
      <symbol id="sm-3c9">
         <name>myADCB_init</name>
         <value>0x82f98</value>
         <object_component_ref idref="oc-3ef"/>
      </symbol>
      <symbol id="sm-3ca">
         <name>myADCC_init</name>
         <value>0x82fd7</value>
         <object_component_ref idref="oc-3f5"/>
      </symbol>
      <symbol id="sm-3cb">
         <name>myADCA_init</name>
         <value>0x82b2b</value>
         <object_component_ref idref="oc-3e9"/>
      </symbol>
      <symbol id="sm-3cc">
         <name>DRV8305_EN_GATE_init</name>
         <value>0x83500</value>
         <object_component_ref idref="oc-40a"/>
      </symbol>
      <symbol id="sm-3cd">
         <name>EQEP_init</name>
         <value>0x82ca3</value>
         <object_component_ref idref="oc-342"/>
      </symbol>
      <symbol id="sm-3ce">
         <name>UART_DEBUG_init</name>
         <value>0x829ca</value>
         <object_component_ref idref="oc-34e"/>
      </symbol>
      <symbol id="sm-3cf">
         <name>EPWM_init</name>
         <value>0x82000</value>
         <object_component_ref idref="oc-33c"/>
      </symbol>
      <symbol id="sm-3d0">
         <name>QEP_SENSOR_init</name>
         <value>0x82ca3</value>
         <object_component_ref idref="oc-342"/>
      </symbol>
      <symbol id="sm-3df">
         <name>CLARKE_init</name>
         <value>0x83707</value>
         <object_component_ref idref="oc-374"/>
      </symbol>
      <symbol id="sm-3ed">
         <name>IPARK_init</name>
         <value>0x8370b</value>
         <object_component_ref idref="oc-380"/>
      </symbol>
      <symbol id="sm-3fb">
         <name>PARK_init</name>
         <value>0x8370f</value>
         <object_component_ref idref="oc-37a"/>
      </symbol>
      <symbol id="sm-409">
         <name>PI_init</name>
         <value>0x83713</value>
         <object_component_ref idref="oc-38c"/>
      </symbol>
      <symbol id="sm-417">
         <name>SVGEN_init</name>
         <value>0x83717</value>
         <object_component_ref idref="oc-386"/>
      </symbol>
      <symbol id="sm-43d">
         <name>ADC_setOffsetTrim</name>
         <value>0x83016</value>
         <object_component_ref idref="oc-493"/>
      </symbol>
      <symbol id="sm-43e">
         <name>ADC_setMode</name>
         <value>0x83600</value>
         <object_component_ref idref="oc-45a"/>
      </symbol>
      <symbol id="sm-43f">
         <name>ADC_setINLTrim</name>
         <value>0x82bee</value>
         <object_component_ref idref="oc-48d"/>
      </symbol>
      <symbol id="sm-454">
         <name>EQEP_setInputPolarity</name>
         <value>0x83139</value>
         <object_component_ref idref="oc-3fd"/>
      </symbol>
      <symbol id="sm-461">
         <name>Flash_initModule</name>
         <value>0x8000</value>
         <object_component_ref idref="oc-2ff"/>
      </symbol>
      <symbol id="sm-492">
         <name>GPIO_setQualificationMode</name>
         <value>0x83379</value>
         <object_component_ref idref="oc-3e1"/>
      </symbol>
      <symbol id="sm-493">
         <name>GPIO_setPadConfig</name>
         <value>0x82f59</value>
         <object_component_ref idref="oc-360"/>
      </symbol>
      <symbol id="sm-494">
         <name>GPIO_setDirectionMode</name>
         <value>0x833bc</value>
         <object_component_ref idref="oc-366"/>
      </symbol>
      <symbol id="sm-495">
         <name>GPIO_setPinConfig</name>
         <value>0x831a1</value>
         <object_component_ref idref="oc-3db"/>
      </symbol>
      <symbol id="sm-496">
         <name>GPIO_setControllerCore</name>
         <value>0x83357</value>
         <object_component_ref idref="oc-465"/>
      </symbol>
      <symbol id="sm-4cd">
         <name>Interrupt_defaultHandler</name>
         <value>0x8365c</value>
         <object_component_ref idref="oc-66"/>
      </symbol>
      <symbol id="sm-4ce">
         <name>Interrupt_initModule</name>
         <value>0x82e99</value>
         <object_component_ref idref="oc-25c"/>
      </symbol>
      <symbol id="sm-4cf">
         <name>Interrupt_nmiHandler</name>
         <value>0x8369e</value>
         <object_component_ref idref="oc-54"/>
      </symbol>
      <symbol id="sm-4d0">
         <name>Interrupt_enable</name>
         <value>0x83103</value>
         <object_component_ref idref="oc-97"/>
      </symbol>
      <symbol id="sm-4d1">
         <name>Interrupt_initVectorTable</name>
         <value>0x8358b</value>
         <object_component_ref idref="oc-55"/>
      </symbol>
      <symbol id="sm-4d2">
         <name>Interrupt_illegalOperationHandler</name>
         <value>0x83694</value>
         <object_component_ref idref="oc-60"/>
      </symbol>
      <symbol id="sm-4f6">
         <name>SCI_clearInterruptStatus</name>
         <value>0x83496</value>
         <object_component_ref idref="oc-8c"/>
      </symbol>
      <symbol id="sm-4f7">
         <name>SCI_setConfig</name>
         <value>0x83334</value>
         <object_component_ref idref="oc-423"/>
      </symbol>
      <symbol id="sm-4f8">
         <name>SCI_enableInterrupt</name>
         <value>0x834cd</value>
         <object_component_ref idref="oc-429"/>
      </symbol>
      <symbol id="sm-505">
         <name>SPI_setConfig</name>
         <value>0x8343c</value>
         <object_component_ref idref="oc-430"/>
      </symbol>
      <symbol id="sm-55b">
         <name>SysCtl_delay</name>
         <value>0x807e</value>
         <object_component_ref idref="oc-36c"/>
      </symbol>
      <symbol id="sm-55c">
         <name>SysCtl_getDeviceParametric</name>
         <value>0x82e12</value>
         <object_component_ref idref="oc-305"/>
      </symbol>
      <symbol id="sm-55d">
         <name>SysCtl_selectXTAL</name>
         <value>0x82761</value>
         <object_component_ref idref="oc-44e"/>
      </symbol>
      <symbol id="sm-55e">
         <name>SysCtl_selectOscSource</name>
         <value>0x8328b</value>
         <object_component_ref idref="oc-3bc"/>
      </symbol>
      <symbol id="sm-55f">
         <name>SysCtl_setClock</name>
         <value>0x82289</value>
         <object_component_ref idref="oc-311"/>
      </symbol>
      <symbol id="sm-569">
         <name>_c_int00</name>
         <value>0x8355f</value>
         <object_component_ref idref="oc-c1"/>
      </symbol>
      <symbol id="sm-56a">
         <name>__stack</name>
         <value>0x400</value>
         <object_component_ref idref="oc-6c"/>
      </symbol>
      <symbol id="sm-577">
         <name>__c28xabi_divf</name>
         <value>0x828c0</value>
         <object_component_ref idref="oc-3c2"/>
      </symbol>
      <symbol id="sm-589">
         <name>memcpy</name>
         <value>0x8341c</value>
         <object_component_ref idref="oc-6f"/>
      </symbol>
      <symbol id="sm-596">
         <name>_system_pre_init</name>
         <value>0x8373d</value>
         <object_component_ref idref="oc-149"/>
      </symbol>
      <symbol id="sm-5a5">
         <name>__TI_auto_init_nobinit_nopinit</name>
         <value>0x832b6</value>
         <object_component_ref idref="oc-1bc"/>
      </symbol>
      <symbol id="sm-5b2">
         <name>__TI_zero_init</name>
         <value>0x836e6</value>
         <object_component_ref idref="oc-7d"/>
      </symbol>
      <symbol id="sm-5bf">
         <name>__TI_decompress_none</name>
         <value>0x836c2</value>
         <object_component_ref idref="oc-2a"/>
      </symbol>
      <symbol id="sm-5d3">
         <name>__TI_decompress_lzss</name>
         <value>0x8325d</value>
         <object_component_ref idref="oc-24"/>
      </symbol>
      <symbol id="sm-5e9">
         <name>C$$EXIT</name>
         <value>0x8330b</value>
         <object_component_ref idref="oc-156"/>
      </symbol>
      <symbol id="sm-5ea">
         <name>abort</name>
         <value>0x8330b</value>
         <object_component_ref idref="oc-156"/>
      </symbol>
      <symbol id="sm-5eb">
         <name>exit</name>
         <value>0x8330d</value>
         <object_component_ref idref="oc-156"/>
      </symbol>
      <symbol id="sm-5ec">
         <name>__TI_dtors_ptr</name>
         <value>0xa8b8</value>
         <object_component_ref idref="oc-1f4"/>
      </symbol>
      <symbol id="sm-5ed">
         <name>__TI_cleanup_ptr</name>
         <value>0xa8b6</value>
         <object_component_ref idref="oc-1f4"/>
      </symbol>
      <symbol id="sm-5ee">
         <name>__TI_enable_exit_profile_output</name>
         <value>0xa8b4</value>
         <object_component_ref idref="oc-1f4"/>
      </symbol>
      <symbol id="sm-605">
         <name>_nop</name>
         <value>0x836b9</value>
         <object_component_ref idref="oc-2b4"/>
      </symbol>
      <symbol id="sm-606">
         <name>_lock</name>
         <value>0xa8c8</value>
         <object_component_ref idref="oc-1f7"/>
      </symbol>
      <symbol id="sm-607">
         <name>_unlock</name>
         <value>0xa8ca</value>
         <object_component_ref idref="oc-39c"/>
      </symbol>
      <symbol id="sm-608">
         <name>_register_lock</name>
         <value>0x836b5</value>
         <object_component_ref idref="oc-2b4"/>
      </symbol>
      <symbol id="sm-609">
         <name>_register_unlock</name>
         <value>0x836b1</value>
         <object_component_ref idref="oc-2b4"/>
      </symbol>
      <symbol id="sm-618">
         <name>_args_main</name>
         <value>0x835ee</value>
         <object_component_ref idref="oc-150"/>
      </symbol>
      <symbol id="sm-627">
         <name>memset</name>
         <value>0x836d1</value>
         <object_component_ref idref="oc-ba"/>
      </symbol>
      <symbol id="sm-635">
         <name>_system_post_cinit</name>
         <value>0x83741</value>
         <object_component_ref idref="oc-23b"/>
      </symbol>
   </symbol_table>
   <title>Link successful</title>
</link_info>
