TMS320C2000 Assembler Unix v25.11.0 Sat May 30 20:16:39 2026

Copyright (c) 1996-2018 Texas Instruments Incorporated
clarke.asm                                                           PAGE    1

       1              ;***************************************************************
       2              ;* TMS320C2000 G3 C/C++ Codegen                         Unix v25.11.0.LTS *
       3              ;* Date/Time created: Sat May 30 20:16:39 2026                 *
       4              ;***************************************************************
       5                      .compiler_opts --abi=eabi --cla_support=cla1 --diag_wrap=off --float_support=fpu32 --hll_source=on --
       6                      .asg    XAR2, FP
       7              
       8              $C$DW$CU        .dwtag  DW_TAG_compile_unit
       9                      .dwattr $C$DW$CU, DW_AT_name("/home/jose/ti/c2000/C2000Ware_MotorControl_SDK_5_04_00_00/libraries/tra
      10                      .dwattr $C$DW$CU, DW_AT_producer("TI TMS320C2000 G3 C/C++ Codegen Unix v25.11.0.LTS Copyright (c) 199
      11                      .dwattr $C$DW$CU, DW_AT_TI_version(0x01)
      12                      .dwattr $C$DW$CU, DW_AT_comp_dir("/home/jose/workspace_ccstheia/foc_f28379d/Debug_BOOSTXL_Teknic_QEP"
      13              ;       /home/jose/ti/ccs2051/ccs/tools/compiler/ti-cgt-c2000_25.11.0.LTS/bin/opt2000 /tmp/TI5VldtpbFq /tmp/T
      14              ;       /home/jose/ti/ccs2051/ccs/tools/compiler/ti-cgt-c2000_25.11.0.LTS/bin/acia2000 -@/tmp/TI5VldulrjL 
      15 00000000               .sect   ".text:CLARKE_init"
      16                      .clink
      17                      .global ||CLARKE_init||
      18              
      19              $C$DW$1 .dwtag  DW_TAG_subprogram
      20                      .dwattr $C$DW$1, DW_AT_name("CLARKE_init")
      21                      .dwattr $C$DW$1, DW_AT_low_pc(||CLARKE_init||)
      22                      .dwattr $C$DW$1, DW_AT_high_pc(0x00)
      23                      .dwattr $C$DW$1, DW_AT_linkage_name("CLARKE_init")
      24                      .dwattr $C$DW$1, DW_AT_external
      25                      .dwattr $C$DW$1, DW_AT_type(*$C$DW$T$25)
      26                      .dwattr $C$DW$1, DW_AT_decl_file("/home/jose/ti/c2000/C2000Ware_MotorControl_SDK_5_04_00_00/libraries
      27                      .dwattr $C$DW$1, DW_AT_decl_line(0x33)
      28                      .dwattr $C$DW$1, DW_AT_decl_column(0x01)
      29                      .dwattr $C$DW$1, DW_AT_TI_max_frame_size(-2)
      30                      .dwpsn  file "/home/jose/ti/c2000/C2000Ware_MotorControl_SDK_5_04_00_00/libraries/transforms/clarke/s
      31              
      32                      .dwfde $C$DW$CIE, ||CLARKE_init||
      33              $C$DW$2 .dwtag  DW_TAG_formal_parameter
      34                      .dwattr $C$DW$2, DW_AT_name("pMemory")
      35                      .dwattr $C$DW$2, DW_AT_type(*$C$DW$T$3)
      36                      .dwattr $C$DW$2, DW_AT_location[DW_OP_reg12]
      37              
      38              $C$DW$3 .dwtag  DW_TAG_formal_parameter
      39                      .dwattr $C$DW$3, DW_AT_name("numBytes")
      40                      .dwattr $C$DW$3, DW_AT_type(*$C$DW$T$26)
      41                      .dwattr $C$DW$3, DW_AT_location[DW_OP_reg0]
      42              
      43              
      44              ;***************************************************************
      45              ;* FNAME: CLARKE_init                   FR SIZE:   0           *
      46              ;*                                                             *
      47              ;* FUNCTION ENVIRONMENT                                        *
      48              ;*                                                             *
      49              ;* FUNCTION PROPERTIES                                         *
      50              ;*                            0 Parameter,  0 Auto,  0 SOE     *
      51              ;***************************************************************
      52              
      53 00000000       ||CLARKE_init||:
      54                      .dwcfi  cfa_offset, -2
      55                      .dwcfi  save_reg_to_mem, 26, 0
TMS320C2000 Assembler Unix v25.11.0 Sat May 30 20:16:39 2026

Copyright (c) 1996-2018 Texas Instruments Incorporated
clarke.asm                                                           PAGE    2

      56                      .dwpsn  file "/home/jose/ti/c2000/C2000Ware_MotorControl_SDK_5_04_00_00/libraries/transforms/clarke/s
      57 00000000 5206          CMPB      AL,#6                 ; [CPU_ALU] |58| 
      58 00000001 6302          B         ||$C$L1||,GEQ         ; [CPU_ALU] |58| 
      59                      ; branchcc occurs ; [] |58| 
      60 00000002 D400          MOVB      XAR4,#0               ; [CPU_ALU] |58| 
      61              ||$C$L1||:    
      62              $C$DW$4 .dwtag  DW_TAG_TI_branch
      63                      .dwattr $C$DW$4, DW_AT_low_pc(0x00)
      64                      .dwattr $C$DW$4, DW_AT_TI_return
      65              
      66 00000003 0006          LRETR     ; [CPU_ALU] 
      67                      ; return occurs ; [] 
      68                      .dwattr $C$DW$1, DW_AT_TI_end_file("/home/jose/ti/c2000/C2000Ware_MotorControl_SDK_5_04_00_00/librari
      69                      .dwattr $C$DW$1, DW_AT_TI_end_line(0x43)
      70                      .dwattr $C$DW$1, DW_AT_TI_end_column(0x01)
      71                      .dwendentry
      72                      .dwendtag $C$DW$1
      73              
      74              
      75              ;***************************************************************
      76              ;* BUILD ATTRIBUTES                                            *
      77              ;***************************************************************
      78                      .battr "c28xabi", Tag_File, 1, Tag_float_args(0)
      79                      .battr "c28xabi", Tag_File, 1, Tag_double_args(0)
      80                      .dwattr $C$DW$CU, DW_AT_language(DW_LANG_C)
      81              
      82              ;***************************************************************
      83              ;* DWARF CIE ENTRIES                                           *
      84              ;***************************************************************
      85              
      86              $C$DW$CIE       .dwcie 26
      87                      .dwcfi  cfa_register, 20
      88                      .dwcfi  cfa_offset, 0
      89                      .dwcfi  same_value, 28
      90                      .dwcfi  same_value, 6
      91                      .dwcfi  same_value, 7
      92                      .dwcfi  same_value, 8
      93                      .dwcfi  same_value, 9
      94                      .dwcfi  same_value, 10
      95                      .dwcfi  same_value, 11
      96                      .dwcfi  same_value, 59
      97                      .dwcfi  same_value, 63
      98                      .dwcfi  same_value, 67
      99                      .dwcfi  same_value, 71
     100                      .dwendentry
     101                      .dwendtag $C$DW$CU
     102              
     103              
     104              ;***************************************************************
     105              ;* TYPE INFORMATION                                            *
     106              ;***************************************************************
     107              
     108              $C$DW$TU$23     .dwtag  DW_TAG_type_unit
     109                      .dwmtype  $C$DW$T$23
     110              
TMS320C2000 Assembler Unix v25.11.0 Sat May 30 20:16:39 2026

Copyright (c) 1996-2018 Texas Instruments Incorporated
clarke.asm                                                           PAGE    3

     111              $C$DW$T$23      .dwtag  DW_TAG_structure_type
     112                      .dwattr $C$DW$T$23, DW_AT_name("_CLARKE_Obj_")
     113                      .dwattr $C$DW$T$23, DW_AT_byte_size(0x06)
     114              $C$DW$5 .dwtag  DW_TAG_member
     115                      .dwattr $C$DW$5, DW_AT_type(*$C$DW$T$19)
     116                      .dwattr $C$DW$5, DW_AT_name("alpha_sf")
     117                      .dwattr $C$DW$5, DW_AT_accessibility(DW_ACCESS_public)
     118                      .dwattr $C$DW$5, DW_AT_decl_file("/home/jose/ti/c2000/C2000Ware_MotorControl_SDK_5_04_00_00/libraries
     119                      .dwattr $C$DW$5, DW_AT_decl_line(0x46)
     120                      .dwattr $C$DW$5, DW_AT_decl_column(0x0f)
     121              
     122              $C$DW$6 .dwtag  DW_TAG_member
     123                      .dwattr $C$DW$6, DW_AT_type(*$C$DW$T$19)
     124                      .dwattr $C$DW$6, DW_AT_name("beta_sf")
     125                      .dwattr $C$DW$6, DW_AT_data_member_location[DW_OP_plus_uconst 0x2]
     126                      .dwattr $C$DW$6, DW_AT_accessibility(DW_ACCESS_public)
     127                      .dwattr $C$DW$6, DW_AT_decl_file("/home/jose/ti/c2000/C2000Ware_MotorControl_SDK_5_04_00_00/libraries
     128                      .dwattr $C$DW$6, DW_AT_decl_line(0x47)
     129                      .dwattr $C$DW$6, DW_AT_decl_column(0x0f)
     130              
     131              $C$DW$7 .dwtag  DW_TAG_member
     132                      .dwattr $C$DW$7, DW_AT_type(*$C$DW$T$22)
     133                      .dwattr $C$DW$7, DW_AT_name("numSensors")
     134                      .dwattr $C$DW$7, DW_AT_data_member_location[DW_OP_plus_uconst 0x4]
     135                      .dwattr $C$DW$7, DW_AT_accessibility(DW_ACCESS_public)
     136                      .dwattr $C$DW$7, DW_AT_decl_file("/home/jose/ti/c2000/C2000Ware_MotorControl_SDK_5_04_00_00/libraries
     137                      .dwattr $C$DW$7, DW_AT_decl_line(0x48)
     138                      .dwattr $C$DW$7, DW_AT_decl_column(0x13)
     139              
     140                      .dwattr $C$DW$T$23, DW_AT_decl_file("/home/jose/ti/c2000/C2000Ware_MotorControl_SDK_5_04_00_00/librar
     141                      .dwattr $C$DW$T$23, DW_AT_decl_line(0x44)
     142                      .dwattr $C$DW$T$23, DW_AT_decl_column(0x10)
     143                      .dwendtag $C$DW$T$23
     144              
     145                      .dwendtag $C$DW$TU$23
     146              
     147              
     148              $C$DW$TU$24     .dwtag  DW_TAG_type_unit
     149                      .dwmtype  $C$DW$T$24
     150              $C$DW$T$24      .dwtag  DW_TAG_pointer_type
     151                      .dwattr $C$DW$T$24, DW_AT_type(*$C$DW$T$23)
     152                      .dwattr $C$DW$T$24, DW_AT_address_class(0x20)
     153              
     154                      .dwendtag $C$DW$TU$24
     155              
     156              
     157              $C$DW$TU$25     .dwtag  DW_TAG_type_unit
     158                      .dwmtype  $C$DW$T$25
     159              $C$DW$T$25      .dwtag  DW_TAG_typedef
     160                      .dwattr $C$DW$T$25, DW_AT_name("CLARKE_Handle")
     161                      .dwattr $C$DW$T$25, DW_AT_type(*$C$DW$T$24)
     162                      .dwattr $C$DW$T$25, DW_AT_decl_file("/home/jose/ti/c2000/C2000Ware_MotorControl_SDK_5_04_00_00/librar
     163                      .dwattr $C$DW$T$25, DW_AT_decl_line(0x50)
     164                      .dwattr $C$DW$T$25, DW_AT_decl_column(0x1e)
     165              
TMS320C2000 Assembler Unix v25.11.0 Sat May 30 20:16:39 2026

Copyright (c) 1996-2018 Texas Instruments Incorporated
clarke.asm                                                           PAGE    4

     166                      .dwendtag $C$DW$TU$25
     167              
     168              
     169              $C$DW$TU$2      .dwtag  DW_TAG_type_unit
     170                      .dwmtype  $C$DW$T$2
     171              $C$DW$T$2       .dwtag  DW_TAG_unspecified_type
     172                      .dwattr $C$DW$T$2, DW_AT_name("void")
     173              
     174                      .dwendtag $C$DW$TU$2
     175              
     176              
     177              $C$DW$TU$3      .dwtag  DW_TAG_type_unit
     178                      .dwmtype  $C$DW$T$3
     179              $C$DW$T$3       .dwtag  DW_TAG_pointer_type
     180                      .dwattr $C$DW$T$3, DW_AT_type(*$C$DW$T$2)
     181                      .dwattr $C$DW$T$3, DW_AT_address_class(0x20)
     182              
     183                      .dwendtag $C$DW$TU$3
     184              
     185              
     186              $C$DW$TU$4      .dwtag  DW_TAG_type_unit
     187                      .dwmtype  $C$DW$T$4
     188              $C$DW$T$4       .dwtag  DW_TAG_base_type
     189                      .dwattr $C$DW$T$4, DW_AT_encoding(DW_ATE_boolean)
     190                      .dwattr $C$DW$T$4, DW_AT_name("bool")
     191                      .dwattr $C$DW$T$4, DW_AT_byte_size(0x01)
     192              
     193                      .dwendtag $C$DW$TU$4
     194              
     195              
     196              $C$DW$TU$5      .dwtag  DW_TAG_type_unit
     197                      .dwmtype  $C$DW$T$5
     198              $C$DW$T$5       .dwtag  DW_TAG_base_type
     199                      .dwattr $C$DW$T$5, DW_AT_encoding(DW_ATE_signed_char)
     200                      .dwattr $C$DW$T$5, DW_AT_name("signed char")
     201                      .dwattr $C$DW$T$5, DW_AT_byte_size(0x01)
     202              
     203                      .dwendtag $C$DW$TU$5
     204              
     205              
     206              $C$DW$TU$6      .dwtag  DW_TAG_type_unit
     207                      .dwmtype  $C$DW$T$6
     208              $C$DW$T$6       .dwtag  DW_TAG_base_type
     209                      .dwattr $C$DW$T$6, DW_AT_encoding(DW_ATE_unsigned_char)
     210                      .dwattr $C$DW$T$6, DW_AT_name("unsigned char")
     211                      .dwattr $C$DW$T$6, DW_AT_byte_size(0x01)
     212              
     213                      .dwendtag $C$DW$TU$6
     214              
     215              
     216              $C$DW$TU$7      .dwtag  DW_TAG_type_unit
     217                      .dwmtype  $C$DW$T$7
     218              $C$DW$T$7       .dwtag  DW_TAG_base_type
     219                      .dwattr $C$DW$T$7, DW_AT_encoding(DW_ATE_signed_char)
     220                      .dwattr $C$DW$T$7, DW_AT_name("wchar_t")
TMS320C2000 Assembler Unix v25.11.0 Sat May 30 20:16:39 2026

Copyright (c) 1996-2018 Texas Instruments Incorporated
clarke.asm                                                           PAGE    5

     221                      .dwattr $C$DW$T$7, DW_AT_byte_size(0x02)
     222              
     223                      .dwendtag $C$DW$TU$7
     224              
     225              
     226              $C$DW$TU$8      .dwtag  DW_TAG_type_unit
     227                      .dwmtype  $C$DW$T$8
     228              $C$DW$T$8       .dwtag  DW_TAG_base_type
     229                      .dwattr $C$DW$T$8, DW_AT_encoding(DW_ATE_signed)
     230                      .dwattr $C$DW$T$8, DW_AT_name("short")
     231                      .dwattr $C$DW$T$8, DW_AT_byte_size(0x01)
     232              
     233                      .dwendtag $C$DW$TU$8
     234              
     235              
     236              $C$DW$TU$31     .dwtag  DW_TAG_type_unit
     237                      .dwmtype  $C$DW$T$31
     238              $C$DW$T$31      .dwtag  DW_TAG_typedef
     239                      .dwattr $C$DW$T$31, DW_AT_name("__int16_t")
     240                      .dwattr $C$DW$T$31, DW_AT_type(*$C$DW$T$8)
     241                      .dwattr $C$DW$T$31, DW_AT_decl_file("/home/jose/ti/ccs2051/ccs/tools/compiler/ti-cgt-c2000_25.11.0.LT
     242                      .dwattr $C$DW$T$31, DW_AT_decl_line(0x40)
     243                      .dwattr $C$DW$T$31, DW_AT_decl_column(0x1d)
     244              
     245                      .dwendtag $C$DW$TU$31
     246              
     247              
     248              $C$DW$TU$32     .dwtag  DW_TAG_type_unit
     249                      .dwmtype  $C$DW$T$32
     250              $C$DW$T$32      .dwtag  DW_TAG_typedef
     251                      .dwattr $C$DW$T$32, DW_AT_name("int16_t")
     252                      .dwattr $C$DW$T$32, DW_AT_type(*$C$DW$T$31)
     253                      .dwattr $C$DW$T$32, DW_AT_decl_file("/home/jose/ti/ccs2051/ccs/tools/compiler/ti-cgt-c2000_25.11.0.LT
     254                      .dwattr $C$DW$T$32, DW_AT_decl_line(0x2b)
     255                      .dwattr $C$DW$T$32, DW_AT_decl_column(0x14)
     256              
     257                      .dwendtag $C$DW$TU$32
     258              
     259              
     260              $C$DW$TU$9      .dwtag  DW_TAG_type_unit
     261                      .dwmtype  $C$DW$T$9
     262              $C$DW$T$9       .dwtag  DW_TAG_base_type
     263                      .dwattr $C$DW$T$9, DW_AT_encoding(DW_ATE_unsigned)
     264                      .dwattr $C$DW$T$9, DW_AT_name("unsigned short")
     265                      .dwattr $C$DW$T$9, DW_AT_byte_size(0x01)
     266              
     267                      .dwendtag $C$DW$TU$9
     268              
     269              
     270              $C$DW$TU$20     .dwtag  DW_TAG_type_unit
     271                      .dwmtype  $C$DW$T$20
     272              $C$DW$T$20      .dwtag  DW_TAG_typedef
     273                      .dwattr $C$DW$T$20, DW_AT_name("__uint16_t")
     274                      .dwattr $C$DW$T$20, DW_AT_type(*$C$DW$T$9)
     275                      .dwattr $C$DW$T$20, DW_AT_decl_file("/home/jose/ti/ccs2051/ccs/tools/compiler/ti-cgt-c2000_25.11.0.LT
TMS320C2000 Assembler Unix v25.11.0 Sat May 30 20:16:39 2026

Copyright (c) 1996-2018 Texas Instruments Incorporated
clarke.asm                                                           PAGE    6

     276                      .dwattr $C$DW$T$20, DW_AT_decl_line(0x41)
     277                      .dwattr $C$DW$T$20, DW_AT_decl_column(0x1c)
     278              
     279                      .dwendtag $C$DW$TU$20
     280              
     281              
     282              $C$DW$TU$21     .dwtag  DW_TAG_type_unit
     283                      .dwmtype  $C$DW$T$21
     284              $C$DW$T$21      .dwtag  DW_TAG_typedef
     285                      .dwattr $C$DW$T$21, DW_AT_name("__uint_least8_t")
     286                      .dwattr $C$DW$T$21, DW_AT_type(*$C$DW$T$20)
     287                      .dwattr $C$DW$T$21, DW_AT_decl_file("/home/jose/ti/ccs2051/ccs/tools/compiler/ti-cgt-c2000_25.11.0.LT
     288                      .dwattr $C$DW$T$21, DW_AT_decl_line(0x7f)
     289                      .dwattr $C$DW$T$21, DW_AT_decl_column(0x14)
     290              
     291                      .dwendtag $C$DW$TU$21
     292              
     293              
     294              $C$DW$TU$22     .dwtag  DW_TAG_type_unit
     295                      .dwmtype  $C$DW$T$22
     296              $C$DW$T$22      .dwtag  DW_TAG_typedef
     297                      .dwattr $C$DW$T$22, DW_AT_name("uint_least8_t")
     298                      .dwattr $C$DW$T$22, DW_AT_type(*$C$DW$T$21)
     299                      .dwattr $C$DW$T$22, DW_AT_decl_file("/home/jose/ti/ccs2051/ccs/tools/compiler/ti-cgt-c2000_25.11.0.LT
     300                      .dwattr $C$DW$T$22, DW_AT_decl_line(0x2f)
     301                      .dwattr $C$DW$T$22, DW_AT_decl_column(0x1a)
     302              
     303                      .dwendtag $C$DW$TU$22
     304              
     305              
     306              $C$DW$TU$10     .dwtag  DW_TAG_type_unit
     307                      .dwmtype  $C$DW$T$10
     308              $C$DW$T$10      .dwtag  DW_TAG_base_type
     309                      .dwattr $C$DW$T$10, DW_AT_encoding(DW_ATE_signed)
     310                      .dwattr $C$DW$T$10, DW_AT_name("int")
     311                      .dwattr $C$DW$T$10, DW_AT_byte_size(0x01)
     312              
     313                      .dwendtag $C$DW$TU$10
     314              
     315              
     316              $C$DW$TU$11     .dwtag  DW_TAG_type_unit
     317                      .dwmtype  $C$DW$T$11
     318              $C$DW$T$11      .dwtag  DW_TAG_base_type
     319                      .dwattr $C$DW$T$11, DW_AT_encoding(DW_ATE_unsigned)
     320                      .dwattr $C$DW$T$11, DW_AT_name("unsigned int")
     321                      .dwattr $C$DW$T$11, DW_AT_byte_size(0x01)
     322              
     323                      .dwendtag $C$DW$TU$11
     324              
     325              
     326              $C$DW$TU$12     .dwtag  DW_TAG_type_unit
     327                      .dwmtype  $C$DW$T$12
     328              $C$DW$T$12      .dwtag  DW_TAG_base_type
     329                      .dwattr $C$DW$T$12, DW_AT_encoding(DW_ATE_signed)
     330                      .dwattr $C$DW$T$12, DW_AT_name("long")
TMS320C2000 Assembler Unix v25.11.0 Sat May 30 20:16:39 2026

Copyright (c) 1996-2018 Texas Instruments Incorporated
clarke.asm                                                           PAGE    7

     331                      .dwattr $C$DW$T$12, DW_AT_byte_size(0x02)
     332              
     333                      .dwendtag $C$DW$TU$12
     334              
     335              
     336              $C$DW$TU$13     .dwtag  DW_TAG_type_unit
     337                      .dwmtype  $C$DW$T$13
     338              $C$DW$T$13      .dwtag  DW_TAG_base_type
     339                      .dwattr $C$DW$T$13, DW_AT_encoding(DW_ATE_unsigned)
     340                      .dwattr $C$DW$T$13, DW_AT_name("unsigned long")
     341                      .dwattr $C$DW$T$13, DW_AT_byte_size(0x02)
     342              
     343                      .dwendtag $C$DW$TU$13
     344              
     345              
     346              $C$DW$TU$26     .dwtag  DW_TAG_type_unit
     347                      .dwmtype  $C$DW$T$26
     348              $C$DW$T$26      .dwtag  DW_TAG_typedef
     349                      .dwattr $C$DW$T$26, DW_AT_name("size_t")
     350                      .dwattr $C$DW$T$26, DW_AT_type(*$C$DW$T$13)
     351                      .dwattr $C$DW$T$26, DW_AT_decl_file("/home/jose/ti/ccs2051/ccs/tools/compiler/ti-cgt-c2000_25.11.0.LT
     352                      .dwattr $C$DW$T$26, DW_AT_decl_line(0x44)
     353                      .dwattr $C$DW$T$26, DW_AT_decl_column(0x19)
     354              
     355                      .dwendtag $C$DW$TU$26
     356              
     357              
     358              $C$DW$TU$14     .dwtag  DW_TAG_type_unit
     359                      .dwmtype  $C$DW$T$14
     360              $C$DW$T$14      .dwtag  DW_TAG_base_type
     361                      .dwattr $C$DW$T$14, DW_AT_encoding(DW_ATE_signed)
     362                      .dwattr $C$DW$T$14, DW_AT_name("long long")
     363                      .dwattr $C$DW$T$14, DW_AT_byte_size(0x04)
     364              
     365                      .dwendtag $C$DW$TU$14
     366              
     367              
     368              $C$DW$TU$15     .dwtag  DW_TAG_type_unit
     369                      .dwmtype  $C$DW$T$15
     370              $C$DW$T$15      .dwtag  DW_TAG_base_type
     371                      .dwattr $C$DW$T$15, DW_AT_encoding(DW_ATE_unsigned)
     372                      .dwattr $C$DW$T$15, DW_AT_name("unsigned long long")
     373                      .dwattr $C$DW$T$15, DW_AT_byte_size(0x04)
     374              
     375                      .dwendtag $C$DW$TU$15
     376              
     377              
     378              $C$DW$TU$16     .dwtag  DW_TAG_type_unit
     379                      .dwmtype  $C$DW$T$16
     380              $C$DW$T$16      .dwtag  DW_TAG_base_type
     381                      .dwattr $C$DW$T$16, DW_AT_encoding(DW_ATE_float)
     382                      .dwattr $C$DW$T$16, DW_AT_name("float")
     383                      .dwattr $C$DW$T$16, DW_AT_byte_size(0x02)
     384              
     385                      .dwendtag $C$DW$TU$16
TMS320C2000 Assembler Unix v25.11.0 Sat May 30 20:16:39 2026

Copyright (c) 1996-2018 Texas Instruments Incorporated
clarke.asm                                                           PAGE    8

     386              
     387              
     388              $C$DW$TU$19     .dwtag  DW_TAG_type_unit
     389                      .dwmtype  $C$DW$T$19
     390              $C$DW$T$19      .dwtag  DW_TAG_typedef
     391                      .dwattr $C$DW$T$19, DW_AT_name("float32_t")
     392                      .dwattr $C$DW$T$19, DW_AT_type(*$C$DW$T$16)
     393                      .dwattr $C$DW$T$19, DW_AT_decl_file("/home/jose/ti/c2000/C2000Ware_MotorControl_SDK_5_04_00_00/librar
     394                      .dwattr $C$DW$T$19, DW_AT_decl_line(0x4b)
     395                      .dwattr $C$DW$T$19, DW_AT_decl_column(0x1d)
     396              
     397                      .dwendtag $C$DW$TU$19
     398              
     399              
     400              $C$DW$TU$17     .dwtag  DW_TAG_type_unit
     401                      .dwmtype  $C$DW$T$17
     402              $C$DW$T$17      .dwtag  DW_TAG_base_type
     403                      .dwattr $C$DW$T$17, DW_AT_encoding(DW_ATE_float)
     404                      .dwattr $C$DW$T$17, DW_AT_name("double")
     405                      .dwattr $C$DW$T$17, DW_AT_byte_size(0x04)
     406              
     407                      .dwendtag $C$DW$TU$17
     408              
     409              
     410              $C$DW$TU$18     .dwtag  DW_TAG_type_unit
     411                      .dwmtype  $C$DW$T$18
     412              $C$DW$T$18      .dwtag  DW_TAG_base_type
     413                      .dwattr $C$DW$T$18, DW_AT_encoding(DW_ATE_float)
     414                      .dwattr $C$DW$T$18, DW_AT_name("long double")
     415                      .dwattr $C$DW$T$18, DW_AT_byte_size(0x04)
     416              
     417                      .dwendtag $C$DW$TU$18
     418              

No Assembly Errors, No Assembly Warnings
