TMS320C2000 Assembler Unix v25.11.0 Sun May 31 21:09:06 2026

Copyright (c) 1996-2018 Texas Instruments Incorporated
ipark.asm                                                            PAGE    1

       1              ;***************************************************************
       2              ;* TMS320C2000 G3 C/C++ Codegen                         Unix v25.11.0.LTS *
       3              ;* Date/Time created: Sun May 31 21:09:06 2026                 *
       4              ;***************************************************************
       5                      .compiler_opts --abi=eabi --cla_support=cla1 --diag_wrap=off --float_support=fpu32 --hll_source=on --
       6                      .asg    XAR2, FP
       7              
       8              $C$DW$CU        .dwtag  DW_TAG_compile_unit
       9                      .dwattr $C$DW$CU, DW_AT_name("/home/jose/ti/c2000/C2000Ware_MotorControl_SDK_5_04_00_00/libraries/tra
      10                      .dwattr $C$DW$CU, DW_AT_producer("TI TMS320C2000 G3 C/C++ Codegen Unix v25.11.0.LTS Copyright (c) 199
      11                      .dwattr $C$DW$CU, DW_AT_TI_version(0x01)
      12                      .dwattr $C$DW$CU, DW_AT_comp_dir("/home/jose/workspace_ccstheia/foc_f28379d/Debug_BOOSTXL_Teknic_QEP"
      13              ;       /home/jose/ti/ccs2051/ccs/tools/compiler/ti-cgt-c2000_25.11.0.LTS/bin/opt2000 /tmp/TIahLtb74rU /tmp/T
      14              ;       /home/jose/ti/ccs2051/ccs/tools/compiler/ti-cgt-c2000_25.11.0.LTS/bin/acia2000 -@/tmp/TIahLRww4wj 
      15 00000000               .sect   ".text:IPARK_init"
      16                      .clink
      17                      .global ||IPARK_init||
      18              
      19              $C$DW$1 .dwtag  DW_TAG_subprogram
      20                      .dwattr $C$DW$1, DW_AT_name("IPARK_init")
      21                      .dwattr $C$DW$1, DW_AT_low_pc(||IPARK_init||)
      22                      .dwattr $C$DW$1, DW_AT_high_pc(0x00)
      23                      .dwattr $C$DW$1, DW_AT_linkage_name("IPARK_init")
      24                      .dwattr $C$DW$1, DW_AT_external
      25                      .dwattr $C$DW$1, DW_AT_type(*$C$DW$T$22)
      26                      .dwattr $C$DW$1, DW_AT_decl_file("/home/jose/ti/c2000/C2000Ware_MotorControl_SDK_5_04_00_00/libraries
      27                      .dwattr $C$DW$1, DW_AT_decl_line(0x34)
      28                      .dwattr $C$DW$1, DW_AT_decl_column(0x01)
      29                      .dwattr $C$DW$1, DW_AT_TI_max_frame_size(-2)
      30                      .dwpsn  file "/home/jose/ti/c2000/C2000Ware_MotorControl_SDK_5_04_00_00/libraries/transforms/ipark/so
      31              
      32                      .dwfde $C$DW$CIE, ||IPARK_init||
      33              $C$DW$2 .dwtag  DW_TAG_formal_parameter
      34                      .dwattr $C$DW$2, DW_AT_name("pMemory")
      35                      .dwattr $C$DW$2, DW_AT_type(*$C$DW$T$3)
      36                      .dwattr $C$DW$2, DW_AT_location[DW_OP_reg12]
      37              
      38              $C$DW$3 .dwtag  DW_TAG_formal_parameter
      39                      .dwattr $C$DW$3, DW_AT_name("numBytes")
      40                      .dwattr $C$DW$3, DW_AT_type(*$C$DW$T$23)
      41                      .dwattr $C$DW$3, DW_AT_location[DW_OP_reg0]
      42              
      43              
      44              ;***************************************************************
      45              ;* FNAME: IPARK_init                    FR SIZE:   0           *
      46              ;*                                                             *
      47              ;* FUNCTION ENVIRONMENT                                        *
      48              ;*                                                             *
      49              ;* FUNCTION PROPERTIES                                         *
      50              ;*                            0 Parameter,  0 Auto,  0 SOE     *
      51              ;***************************************************************
      52              
      53 00000000       ||IPARK_init||:
      54                      .dwcfi  cfa_offset, -2
      55                      .dwcfi  save_reg_to_mem, 26, 0
TMS320C2000 Assembler Unix v25.11.0 Sun May 31 21:09:06 2026

Copyright (c) 1996-2018 Texas Instruments Incorporated
ipark.asm                                                            PAGE    2

      56                      .dwpsn  file "/home/jose/ti/c2000/C2000Ware_MotorControl_SDK_5_04_00_00/libraries/transforms/ipark/so
      57 00000000 5204          CMPB      AL,#4                 ; [CPU_ALU] |58| 
      58 00000001 6302          B         ||$C$L1||,GEQ         ; [CPU_ALU] |58| 
      59                      ; branchcc occurs ; [] |58| 
      60 00000002 D400          MOVB      XAR4,#0               ; [CPU_ALU] |58| 
      61              ||$C$L1||:    
      62              $C$DW$4 .dwtag  DW_TAG_TI_branch
      63                      .dwattr $C$DW$4, DW_AT_low_pc(0x00)
      64                      .dwattr $C$DW$4, DW_AT_TI_return
      65              
      66 00000003 0006          LRETR     ; [CPU_ALU] 
      67                      ; return occurs ; [] 
      68                      .dwattr $C$DW$1, DW_AT_TI_end_file("/home/jose/ti/c2000/C2000Ware_MotorControl_SDK_5_04_00_00/librari
      69                      .dwattr $C$DW$1, DW_AT_TI_end_line(0x43)
      70                      .dwattr $C$DW$1, DW_AT_TI_end_column(0x01)
      71                      .dwendentry
      72                      .dwendtag $C$DW$1
      73              
      74              
      75              ;***************************************************************
      76              ;* BUILD ATTRIBUTES                                            *
      77              ;***************************************************************
      78                      .battr "c28xabi", Tag_File, 1, Tag_float_args(0)
      79                      .battr "c28xabi", Tag_File, 1, Tag_double_args(0)
      80                      .dwattr $C$DW$CU, DW_AT_language(DW_LANG_C)
      81              
      82              ;***************************************************************
      83              ;* DWARF CIE ENTRIES                                           *
      84              ;***************************************************************
      85              
      86              $C$DW$CIE       .dwcie 26
      87                      .dwcfi  cfa_register, 20
      88                      .dwcfi  cfa_offset, 0
      89                      .dwcfi  same_value, 28
      90                      .dwcfi  same_value, 6
      91                      .dwcfi  same_value, 7
      92                      .dwcfi  same_value, 8
      93                      .dwcfi  same_value, 9
      94                      .dwcfi  same_value, 10
      95                      .dwcfi  same_value, 11
      96                      .dwcfi  same_value, 59
      97                      .dwcfi  same_value, 63
      98                      .dwcfi  same_value, 67
      99                      .dwcfi  same_value, 71
     100                      .dwendentry
     101                      .dwendtag $C$DW$CU
     102              
     103              
     104              ;***************************************************************
     105              ;* TYPE INFORMATION                                            *
     106              ;***************************************************************
     107              
     108              $C$DW$TU$20     .dwtag  DW_TAG_type_unit
     109                      .dwmtype  $C$DW$T$20
     110              
TMS320C2000 Assembler Unix v25.11.0 Sun May 31 21:09:06 2026

Copyright (c) 1996-2018 Texas Instruments Incorporated
ipark.asm                                                            PAGE    3

     111              $C$DW$T$20      .dwtag  DW_TAG_structure_type
     112                      .dwattr $C$DW$T$20, DW_AT_name("_IPARK_Obj_")
     113                      .dwattr $C$DW$T$20, DW_AT_byte_size(0x04)
     114              $C$DW$5 .dwtag  DW_TAG_member
     115                      .dwattr $C$DW$5, DW_AT_type(*$C$DW$T$19)
     116                      .dwattr $C$DW$5, DW_AT_name("sinTh")
     117                      .dwattr $C$DW$5, DW_AT_accessibility(DW_ACCESS_public)
     118                      .dwattr $C$DW$5, DW_AT_decl_file("/home/jose/ti/c2000/C2000Ware_MotorControl_SDK_5_04_00_00/libraries
     119                      .dwattr $C$DW$5, DW_AT_decl_line(0x4b)
     120                      .dwattr $C$DW$5, DW_AT_decl_column(0x0f)
     121              
     122              $C$DW$6 .dwtag  DW_TAG_member
     123                      .dwattr $C$DW$6, DW_AT_type(*$C$DW$T$19)
     124                      .dwattr $C$DW$6, DW_AT_name("cosTh")
     125                      .dwattr $C$DW$6, DW_AT_data_member_location[DW_OP_plus_uconst 0x2]
     126                      .dwattr $C$DW$6, DW_AT_accessibility(DW_ACCESS_public)
     127                      .dwattr $C$DW$6, DW_AT_decl_file("/home/jose/ti/c2000/C2000Ware_MotorControl_SDK_5_04_00_00/libraries
     128                      .dwattr $C$DW$6, DW_AT_decl_line(0x4d)
     129                      .dwattr $C$DW$6, DW_AT_decl_column(0x0f)
     130              
     131                      .dwattr $C$DW$T$20, DW_AT_decl_file("/home/jose/ti/c2000/C2000Ware_MotorControl_SDK_5_04_00_00/librar
     132                      .dwattr $C$DW$T$20, DW_AT_decl_line(0x49)
     133                      .dwattr $C$DW$T$20, DW_AT_decl_column(0x10)
     134                      .dwendtag $C$DW$T$20
     135              
     136                      .dwendtag $C$DW$TU$20
     137              
     138              
     139              $C$DW$TU$21     .dwtag  DW_TAG_type_unit
     140                      .dwmtype  $C$DW$T$21
     141              $C$DW$T$21      .dwtag  DW_TAG_pointer_type
     142                      .dwattr $C$DW$T$21, DW_AT_type(*$C$DW$T$20)
     143                      .dwattr $C$DW$T$21, DW_AT_address_class(0x20)
     144              
     145                      .dwendtag $C$DW$TU$21
     146              
     147              
     148              $C$DW$TU$22     .dwtag  DW_TAG_type_unit
     149                      .dwmtype  $C$DW$T$22
     150              $C$DW$T$22      .dwtag  DW_TAG_typedef
     151                      .dwattr $C$DW$T$22, DW_AT_name("IPARK_Handle")
     152                      .dwattr $C$DW$T$22, DW_AT_type(*$C$DW$T$21)
     153                      .dwattr $C$DW$T$22, DW_AT_decl_file("/home/jose/ti/c2000/C2000Ware_MotorControl_SDK_5_04_00_00/librar
     154                      .dwattr $C$DW$T$22, DW_AT_decl_line(0x56)
     155                      .dwattr $C$DW$T$22, DW_AT_decl_column(0x1e)
     156              
     157                      .dwendtag $C$DW$TU$22
     158              
     159              
     160              $C$DW$TU$2      .dwtag  DW_TAG_type_unit
     161                      .dwmtype  $C$DW$T$2
     162              $C$DW$T$2       .dwtag  DW_TAG_unspecified_type
     163                      .dwattr $C$DW$T$2, DW_AT_name("void")
     164              
     165                      .dwendtag $C$DW$TU$2
TMS320C2000 Assembler Unix v25.11.0 Sun May 31 21:09:06 2026

Copyright (c) 1996-2018 Texas Instruments Incorporated
ipark.asm                                                            PAGE    4

     166              
     167              
     168              $C$DW$TU$3      .dwtag  DW_TAG_type_unit
     169                      .dwmtype  $C$DW$T$3
     170              $C$DW$T$3       .dwtag  DW_TAG_pointer_type
     171                      .dwattr $C$DW$T$3, DW_AT_type(*$C$DW$T$2)
     172                      .dwattr $C$DW$T$3, DW_AT_address_class(0x20)
     173              
     174                      .dwendtag $C$DW$TU$3
     175              
     176              
     177              $C$DW$TU$4      .dwtag  DW_TAG_type_unit
     178                      .dwmtype  $C$DW$T$4
     179              $C$DW$T$4       .dwtag  DW_TAG_base_type
     180                      .dwattr $C$DW$T$4, DW_AT_encoding(DW_ATE_boolean)
     181                      .dwattr $C$DW$T$4, DW_AT_name("bool")
     182                      .dwattr $C$DW$T$4, DW_AT_byte_size(0x01)
     183              
     184                      .dwendtag $C$DW$TU$4
     185              
     186              
     187              $C$DW$TU$5      .dwtag  DW_TAG_type_unit
     188                      .dwmtype  $C$DW$T$5
     189              $C$DW$T$5       .dwtag  DW_TAG_base_type
     190                      .dwattr $C$DW$T$5, DW_AT_encoding(DW_ATE_signed_char)
     191                      .dwattr $C$DW$T$5, DW_AT_name("signed char")
     192                      .dwattr $C$DW$T$5, DW_AT_byte_size(0x01)
     193              
     194                      .dwendtag $C$DW$TU$5
     195              
     196              
     197              $C$DW$TU$6      .dwtag  DW_TAG_type_unit
     198                      .dwmtype  $C$DW$T$6
     199              $C$DW$T$6       .dwtag  DW_TAG_base_type
     200                      .dwattr $C$DW$T$6, DW_AT_encoding(DW_ATE_unsigned_char)
     201                      .dwattr $C$DW$T$6, DW_AT_name("unsigned char")
     202                      .dwattr $C$DW$T$6, DW_AT_byte_size(0x01)
     203              
     204                      .dwendtag $C$DW$TU$6
     205              
     206              
     207              $C$DW$TU$7      .dwtag  DW_TAG_type_unit
     208                      .dwmtype  $C$DW$T$7
     209              $C$DW$T$7       .dwtag  DW_TAG_base_type
     210                      .dwattr $C$DW$T$7, DW_AT_encoding(DW_ATE_signed_char)
     211                      .dwattr $C$DW$T$7, DW_AT_name("wchar_t")
     212                      .dwattr $C$DW$T$7, DW_AT_byte_size(0x02)
     213              
     214                      .dwendtag $C$DW$TU$7
     215              
     216              
     217              $C$DW$TU$8      .dwtag  DW_TAG_type_unit
     218                      .dwmtype  $C$DW$T$8
     219              $C$DW$T$8       .dwtag  DW_TAG_base_type
     220                      .dwattr $C$DW$T$8, DW_AT_encoding(DW_ATE_signed)
TMS320C2000 Assembler Unix v25.11.0 Sun May 31 21:09:06 2026

Copyright (c) 1996-2018 Texas Instruments Incorporated
ipark.asm                                                            PAGE    5

     221                      .dwattr $C$DW$T$8, DW_AT_name("short")
     222                      .dwattr $C$DW$T$8, DW_AT_byte_size(0x01)
     223              
     224                      .dwendtag $C$DW$TU$8
     225              
     226              
     227              $C$DW$TU$28     .dwtag  DW_TAG_type_unit
     228                      .dwmtype  $C$DW$T$28
     229              $C$DW$T$28      .dwtag  DW_TAG_typedef
     230                      .dwattr $C$DW$T$28, DW_AT_name("__int16_t")
     231                      .dwattr $C$DW$T$28, DW_AT_type(*$C$DW$T$8)
     232                      .dwattr $C$DW$T$28, DW_AT_decl_file("/home/jose/ti/ccs2051/ccs/tools/compiler/ti-cgt-c2000_25.11.0.LT
     233                      .dwattr $C$DW$T$28, DW_AT_decl_line(0x40)
     234                      .dwattr $C$DW$T$28, DW_AT_decl_column(0x1d)
     235              
     236                      .dwendtag $C$DW$TU$28
     237              
     238              
     239              $C$DW$TU$29     .dwtag  DW_TAG_type_unit
     240                      .dwmtype  $C$DW$T$29
     241              $C$DW$T$29      .dwtag  DW_TAG_typedef
     242                      .dwattr $C$DW$T$29, DW_AT_name("int16_t")
     243                      .dwattr $C$DW$T$29, DW_AT_type(*$C$DW$T$28)
     244                      .dwattr $C$DW$T$29, DW_AT_decl_file("/home/jose/ti/ccs2051/ccs/tools/compiler/ti-cgt-c2000_25.11.0.LT
     245                      .dwattr $C$DW$T$29, DW_AT_decl_line(0x2b)
     246                      .dwattr $C$DW$T$29, DW_AT_decl_column(0x14)
     247              
     248                      .dwendtag $C$DW$TU$29
     249              
     250              
     251              $C$DW$TU$9      .dwtag  DW_TAG_type_unit
     252                      .dwmtype  $C$DW$T$9
     253              $C$DW$T$9       .dwtag  DW_TAG_base_type
     254                      .dwattr $C$DW$T$9, DW_AT_encoding(DW_ATE_unsigned)
     255                      .dwattr $C$DW$T$9, DW_AT_name("unsigned short")
     256                      .dwattr $C$DW$T$9, DW_AT_byte_size(0x01)
     257              
     258                      .dwendtag $C$DW$TU$9
     259              
     260              
     261              $C$DW$TU$10     .dwtag  DW_TAG_type_unit
     262                      .dwmtype  $C$DW$T$10
     263              $C$DW$T$10      .dwtag  DW_TAG_base_type
     264                      .dwattr $C$DW$T$10, DW_AT_encoding(DW_ATE_signed)
     265                      .dwattr $C$DW$T$10, DW_AT_name("int")
     266                      .dwattr $C$DW$T$10, DW_AT_byte_size(0x01)
     267              
     268                      .dwendtag $C$DW$TU$10
     269              
     270              
     271              $C$DW$TU$11     .dwtag  DW_TAG_type_unit
     272                      .dwmtype  $C$DW$T$11
     273              $C$DW$T$11      .dwtag  DW_TAG_base_type
     274                      .dwattr $C$DW$T$11, DW_AT_encoding(DW_ATE_unsigned)
     275                      .dwattr $C$DW$T$11, DW_AT_name("unsigned int")
TMS320C2000 Assembler Unix v25.11.0 Sun May 31 21:09:06 2026

Copyright (c) 1996-2018 Texas Instruments Incorporated
ipark.asm                                                            PAGE    6

     276                      .dwattr $C$DW$T$11, DW_AT_byte_size(0x01)
     277              
     278                      .dwendtag $C$DW$TU$11
     279              
     280              
     281              $C$DW$TU$12     .dwtag  DW_TAG_type_unit
     282                      .dwmtype  $C$DW$T$12
     283              $C$DW$T$12      .dwtag  DW_TAG_base_type
     284                      .dwattr $C$DW$T$12, DW_AT_encoding(DW_ATE_signed)
     285                      .dwattr $C$DW$T$12, DW_AT_name("long")
     286                      .dwattr $C$DW$T$12, DW_AT_byte_size(0x02)
     287              
     288                      .dwendtag $C$DW$TU$12
     289              
     290              
     291              $C$DW$TU$13     .dwtag  DW_TAG_type_unit
     292                      .dwmtype  $C$DW$T$13
     293              $C$DW$T$13      .dwtag  DW_TAG_base_type
     294                      .dwattr $C$DW$T$13, DW_AT_encoding(DW_ATE_unsigned)
     295                      .dwattr $C$DW$T$13, DW_AT_name("unsigned long")
     296                      .dwattr $C$DW$T$13, DW_AT_byte_size(0x02)
     297              
     298                      .dwendtag $C$DW$TU$13
     299              
     300              
     301              $C$DW$TU$23     .dwtag  DW_TAG_type_unit
     302                      .dwmtype  $C$DW$T$23
     303              $C$DW$T$23      .dwtag  DW_TAG_typedef
     304                      .dwattr $C$DW$T$23, DW_AT_name("size_t")
     305                      .dwattr $C$DW$T$23, DW_AT_type(*$C$DW$T$13)
     306                      .dwattr $C$DW$T$23, DW_AT_decl_file("/home/jose/ti/ccs2051/ccs/tools/compiler/ti-cgt-c2000_25.11.0.LT
     307                      .dwattr $C$DW$T$23, DW_AT_decl_line(0x44)
     308                      .dwattr $C$DW$T$23, DW_AT_decl_column(0x19)
     309              
     310                      .dwendtag $C$DW$TU$23
     311              
     312              
     313              $C$DW$TU$14     .dwtag  DW_TAG_type_unit
     314                      .dwmtype  $C$DW$T$14
     315              $C$DW$T$14      .dwtag  DW_TAG_base_type
     316                      .dwattr $C$DW$T$14, DW_AT_encoding(DW_ATE_signed)
     317                      .dwattr $C$DW$T$14, DW_AT_name("long long")
     318                      .dwattr $C$DW$T$14, DW_AT_byte_size(0x04)
     319              
     320                      .dwendtag $C$DW$TU$14
     321              
     322              
     323              $C$DW$TU$15     .dwtag  DW_TAG_type_unit
     324                      .dwmtype  $C$DW$T$15
     325              $C$DW$T$15      .dwtag  DW_TAG_base_type
     326                      .dwattr $C$DW$T$15, DW_AT_encoding(DW_ATE_unsigned)
     327                      .dwattr $C$DW$T$15, DW_AT_name("unsigned long long")
     328                      .dwattr $C$DW$T$15, DW_AT_byte_size(0x04)
     329              
     330                      .dwendtag $C$DW$TU$15
TMS320C2000 Assembler Unix v25.11.0 Sun May 31 21:09:06 2026

Copyright (c) 1996-2018 Texas Instruments Incorporated
ipark.asm                                                            PAGE    7

     331              
     332              
     333              $C$DW$TU$16     .dwtag  DW_TAG_type_unit
     334                      .dwmtype  $C$DW$T$16
     335              $C$DW$T$16      .dwtag  DW_TAG_base_type
     336                      .dwattr $C$DW$T$16, DW_AT_encoding(DW_ATE_float)
     337                      .dwattr $C$DW$T$16, DW_AT_name("float")
     338                      .dwattr $C$DW$T$16, DW_AT_byte_size(0x02)
     339              
     340                      .dwendtag $C$DW$TU$16
     341              
     342              
     343              $C$DW$TU$19     .dwtag  DW_TAG_type_unit
     344                      .dwmtype  $C$DW$T$19
     345              $C$DW$T$19      .dwtag  DW_TAG_typedef
     346                      .dwattr $C$DW$T$19, DW_AT_name("float32_t")
     347                      .dwattr $C$DW$T$19, DW_AT_type(*$C$DW$T$16)
     348                      .dwattr $C$DW$T$19, DW_AT_decl_file("/home/jose/ti/c2000/C2000Ware_MotorControl_SDK_5_04_00_00/librar
     349                      .dwattr $C$DW$T$19, DW_AT_decl_line(0x4b)
     350                      .dwattr $C$DW$T$19, DW_AT_decl_column(0x1d)
     351              
     352                      .dwendtag $C$DW$TU$19
     353              
     354              
     355              $C$DW$TU$17     .dwtag  DW_TAG_type_unit
     356                      .dwmtype  $C$DW$T$17
     357              $C$DW$T$17      .dwtag  DW_TAG_base_type
     358                      .dwattr $C$DW$T$17, DW_AT_encoding(DW_ATE_float)
     359                      .dwattr $C$DW$T$17, DW_AT_name("double")
     360                      .dwattr $C$DW$T$17, DW_AT_byte_size(0x04)
     361              
     362                      .dwendtag $C$DW$TU$17
     363              
     364              
     365              $C$DW$TU$18     .dwtag  DW_TAG_type_unit
     366                      .dwmtype  $C$DW$T$18
     367              $C$DW$T$18      .dwtag  DW_TAG_base_type
     368                      .dwattr $C$DW$T$18, DW_AT_encoding(DW_ATE_float)
     369                      .dwattr $C$DW$T$18, DW_AT_name("long double")
     370                      .dwattr $C$DW$T$18, DW_AT_byte_size(0x04)
     371              
     372                      .dwendtag $C$DW$TU$18
     373              

No Assembly Errors, No Assembly Warnings
