TMS320C2000 Assembler Unix v25.11.0 Sun May 24 12:41:59 2026

Copyright (c) 1996-2018 Texas Instruments Incorporated
pi.asm                                                               PAGE    1

       1              ;***************************************************************
       2              ;* TMS320C2000 G3 C/C++ Codegen                         Unix v25.11.0.LTS *
       3              ;* Date/Time created: Sun May 24 12:41:59 2026                 *
       4              ;***************************************************************
       5                      .compiler_opts --abi=eabi --cla_support=cla1 --diag_wrap=off --float_support=fpu32 --hll_source=on --
       6                      .asg    XAR2, FP
       7              
       8              $C$DW$CU        .dwtag  DW_TAG_compile_unit
       9                      .dwattr $C$DW$CU, DW_AT_name("/home/jose/ti/c2000/C2000Ware_MotorControl_SDK_5_04_00_00/libraries/con
      10                      .dwattr $C$DW$CU, DW_AT_producer("TI TMS320C2000 G3 C/C++ Codegen Unix v25.11.0.LTS Copyright (c) 199
      11                      .dwattr $C$DW$CU, DW_AT_TI_version(0x01)
      12                      .dwattr $C$DW$CU, DW_AT_comp_dir("/home/jose/workspace_ccstheia/foc_f28379d/Debug_BOOSTXL_Teknic_QEP"
      13              ;       /home/jose/ti/ccs2051/ccs/tools/compiler/ti-cgt-c2000_25.11.0.LTS/bin/opt2000 /tmp/TIbyJz00Aam /tmp/T
      14              ;       /home/jose/ti/ccs2051/ccs/tools/compiler/ti-cgt-c2000_25.11.0.LTS/bin/acia2000 -@/tmp/TIbyJIUr6Se 
      15 00000000               .sect   ".text:PI_init"
      16                      .clink
      17                      .global ||PI_init||
      18              
      19              $C$DW$1 .dwtag  DW_TAG_subprogram
      20                      .dwattr $C$DW$1, DW_AT_name("PI_init")
      21                      .dwattr $C$DW$1, DW_AT_low_pc(||PI_init||)
      22                      .dwattr $C$DW$1, DW_AT_high_pc(0x00)
      23                      .dwattr $C$DW$1, DW_AT_linkage_name("PI_init")
      24                      .dwattr $C$DW$1, DW_AT_external
      25                      .dwattr $C$DW$1, DW_AT_type(*$C$DW$T$22)
      26                      .dwattr $C$DW$1, DW_AT_decl_file("/home/jose/ti/c2000/C2000Ware_MotorControl_SDK_5_04_00_00/libraries
      27                      .dwattr $C$DW$1, DW_AT_decl_line(0x35)
      28                      .dwattr $C$DW$1, DW_AT_decl_column(0x01)
      29                      .dwattr $C$DW$1, DW_AT_TI_max_frame_size(-2)
      30                      .dwpsn  file "/home/jose/ti/c2000/C2000Ware_MotorControl_SDK_5_04_00_00/libraries/control/pi/source/p
      31              
      32                      .dwfde $C$DW$CIE, ||PI_init||
      33              $C$DW$2 .dwtag  DW_TAG_formal_parameter
      34                      .dwattr $C$DW$2, DW_AT_name("pMemory")
      35                      .dwattr $C$DW$2, DW_AT_type(*$C$DW$T$3)
      36                      .dwattr $C$DW$2, DW_AT_location[DW_OP_reg12]
      37              
      38              $C$DW$3 .dwtag  DW_TAG_formal_parameter
      39                      .dwattr $C$DW$3, DW_AT_name("numBytes")
      40                      .dwattr $C$DW$3, DW_AT_type(*$C$DW$T$23)
      41                      .dwattr $C$DW$3, DW_AT_location[DW_OP_reg0]
      42              
      43              
      44              ;***************************************************************
      45              ;* FNAME: PI_init                       FR SIZE:   0           *
      46              ;*                                                             *
      47              ;* FUNCTION ENVIRONMENT                                        *
      48              ;*                                                             *
      49              ;* FUNCTION PROPERTIES                                         *
      50              ;*                            0 Parameter,  0 Auto,  0 SOE     *
      51              ;***************************************************************
      52              
      53 00000000       ||PI_init||:
      54                      .dwcfi  cfa_offset, -2
      55                      .dwcfi  save_reg_to_mem, 26, 0
TMS320C2000 Assembler Unix v25.11.0 Sun May 24 12:41:59 2026

Copyright (c) 1996-2018 Texas Instruments Incorporated
pi.asm                                                               PAGE    2

      56                      .dwpsn  file "/home/jose/ti/c2000/C2000Ware_MotorControl_SDK_5_04_00_00/libraries/control/pi/source/p
      57 00000000 5210          CMPB      AL,#16                ; [CPU_ALU] |59| 
      58 00000001 6302          B         ||$C$L1||,GEQ         ; [CPU_ALU] |59| 
      59                      ; branchcc occurs ; [] |59| 
      60 00000002 D400          MOVB      XAR4,#0               ; [CPU_ALU] |59| 
      61              ||$C$L1||:    
      62              $C$DW$4 .dwtag  DW_TAG_TI_branch
      63                      .dwattr $C$DW$4, DW_AT_low_pc(0x00)
      64                      .dwattr $C$DW$4, DW_AT_TI_return
      65              
      66 00000003 0006          LRETR     ; [CPU_ALU] 
      67                      ; return occurs ; [] 
      68                      .dwattr $C$DW$1, DW_AT_TI_end_file("/home/jose/ti/c2000/C2000Ware_MotorControl_SDK_5_04_00_00/librari
      69                      .dwattr $C$DW$1, DW_AT_TI_end_line(0x44)
      70                      .dwattr $C$DW$1, DW_AT_TI_end_column(0x01)
      71                      .dwendentry
      72                      .dwendtag $C$DW$1
      73              
      74              
      75              ;***************************************************************
      76              ;* BUILD ATTRIBUTES                                            *
      77              ;***************************************************************
      78                      .battr "c28xabi", Tag_File, 1, Tag_float_args(0)
      79                      .battr "c28xabi", Tag_File, 1, Tag_double_args(0)
      80                      .dwattr $C$DW$CU, DW_AT_language(DW_LANG_C)
      81              
      82              ;***************************************************************
      83              ;* DWARF CIE ENTRIES                                           *
      84              ;***************************************************************
      85              
      86              $C$DW$CIE       .dwcie 26
      87                      .dwcfi  cfa_register, 20
      88                      .dwcfi  cfa_offset, 0
      89                      .dwcfi  same_value, 28
      90                      .dwcfi  same_value, 6
      91                      .dwcfi  same_value, 7
      92                      .dwcfi  same_value, 8
      93                      .dwcfi  same_value, 9
      94                      .dwcfi  same_value, 10
      95                      .dwcfi  same_value, 11
      96                      .dwcfi  same_value, 59
      97                      .dwcfi  same_value, 63
      98                      .dwcfi  same_value, 67
      99                      .dwcfi  same_value, 71
     100                      .dwendentry
     101                      .dwendtag $C$DW$CU
     102              
     103              
     104              ;***************************************************************
     105              ;* TYPE INFORMATION                                            *
     106              ;***************************************************************
     107              
     108              $C$DW$TU$20     .dwtag  DW_TAG_type_unit
     109                      .dwmtype  $C$DW$T$20
     110              
TMS320C2000 Assembler Unix v25.11.0 Sun May 24 12:41:59 2026

Copyright (c) 1996-2018 Texas Instruments Incorporated
pi.asm                                                               PAGE    3

     111              $C$DW$T$20      .dwtag  DW_TAG_structure_type
     112                      .dwattr $C$DW$T$20, DW_AT_name("_PI_Obj_")
     113                      .dwattr $C$DW$T$20, DW_AT_byte_size(0x10)
     114              $C$DW$5 .dwtag  DW_TAG_member
     115                      .dwattr $C$DW$5, DW_AT_type(*$C$DW$T$19)
     116                      .dwattr $C$DW$5, DW_AT_name("Kp")
     117                      .dwattr $C$DW$5, DW_AT_accessibility(DW_ACCESS_public)
     118                      .dwattr $C$DW$5, DW_AT_decl_file("/home/jose/ti/c2000/C2000Ware_MotorControl_SDK_5_04_00_00/libraries
     119                      .dwattr $C$DW$5, DW_AT_decl_line(0x48)
     120                      .dwattr $C$DW$5, DW_AT_decl_column(0x0f)
     121              
     122              $C$DW$6 .dwtag  DW_TAG_member
     123                      .dwattr $C$DW$6, DW_AT_type(*$C$DW$T$19)
     124                      .dwattr $C$DW$6, DW_AT_name("Ki")
     125                      .dwattr $C$DW$6, DW_AT_data_member_location[DW_OP_plus_uconst 0x2]
     126                      .dwattr $C$DW$6, DW_AT_accessibility(DW_ACCESS_public)
     127                      .dwattr $C$DW$6, DW_AT_decl_file("/home/jose/ti/c2000/C2000Ware_MotorControl_SDK_5_04_00_00/libraries
     128                      .dwattr $C$DW$6, DW_AT_decl_line(0x49)
     129                      .dwattr $C$DW$6, DW_AT_decl_column(0x0f)
     130              
     131              $C$DW$7 .dwtag  DW_TAG_member
     132                      .dwattr $C$DW$7, DW_AT_type(*$C$DW$T$19)
     133                      .dwattr $C$DW$7, DW_AT_name("Ui")
     134                      .dwattr $C$DW$7, DW_AT_data_member_location[DW_OP_plus_uconst 0x4]
     135                      .dwattr $C$DW$7, DW_AT_accessibility(DW_ACCESS_public)
     136                      .dwattr $C$DW$7, DW_AT_decl_file("/home/jose/ti/c2000/C2000Ware_MotorControl_SDK_5_04_00_00/libraries
     137                      .dwattr $C$DW$7, DW_AT_decl_line(0x4a)
     138                      .dwattr $C$DW$7, DW_AT_decl_column(0x0f)
     139              
     140              $C$DW$8 .dwtag  DW_TAG_member
     141                      .dwattr $C$DW$8, DW_AT_type(*$C$DW$T$19)
     142                      .dwattr $C$DW$8, DW_AT_name("refValue")
     143                      .dwattr $C$DW$8, DW_AT_data_member_location[DW_OP_plus_uconst 0x6]
     144                      .dwattr $C$DW$8, DW_AT_accessibility(DW_ACCESS_public)
     145                      .dwattr $C$DW$8, DW_AT_decl_file("/home/jose/ti/c2000/C2000Ware_MotorControl_SDK_5_04_00_00/libraries
     146                      .dwattr $C$DW$8, DW_AT_decl_line(0x4c)
     147                      .dwattr $C$DW$8, DW_AT_decl_column(0x0f)
     148              
     149              $C$DW$9 .dwtag  DW_TAG_member
     150                      .dwattr $C$DW$9, DW_AT_type(*$C$DW$T$19)
     151                      .dwattr $C$DW$9, DW_AT_name("fbackValue")
     152                      .dwattr $C$DW$9, DW_AT_data_member_location[DW_OP_plus_uconst 0x8]
     153                      .dwattr $C$DW$9, DW_AT_accessibility(DW_ACCESS_public)
     154                      .dwattr $C$DW$9, DW_AT_decl_file("/home/jose/ti/c2000/C2000Ware_MotorControl_SDK_5_04_00_00/libraries
     155                      .dwattr $C$DW$9, DW_AT_decl_line(0x4d)
     156                      .dwattr $C$DW$9, DW_AT_decl_column(0x0f)
     157              
     158              $C$DW$10        .dwtag  DW_TAG_member
     159                      .dwattr $C$DW$10, DW_AT_type(*$C$DW$T$19)
     160                      .dwattr $C$DW$10, DW_AT_name("ffwdValue")
     161                      .dwattr $C$DW$10, DW_AT_data_member_location[DW_OP_plus_uconst 0xa]
     162                      .dwattr $C$DW$10, DW_AT_accessibility(DW_ACCESS_public)
     163                      .dwattr $C$DW$10, DW_AT_decl_file("/home/jose/ti/c2000/C2000Ware_MotorControl_SDK_5_04_00_00/librarie
     164                      .dwattr $C$DW$10, DW_AT_decl_line(0x4e)
     165                      .dwattr $C$DW$10, DW_AT_decl_column(0x0f)
TMS320C2000 Assembler Unix v25.11.0 Sun May 24 12:41:59 2026

Copyright (c) 1996-2018 Texas Instruments Incorporated
pi.asm                                                               PAGE    4

     166              
     167              $C$DW$11        .dwtag  DW_TAG_member
     168                      .dwattr $C$DW$11, DW_AT_type(*$C$DW$T$19)
     169                      .dwattr $C$DW$11, DW_AT_name("outMin")
     170                      .dwattr $C$DW$11, DW_AT_data_member_location[DW_OP_plus_uconst 0xc]
     171                      .dwattr $C$DW$11, DW_AT_accessibility(DW_ACCESS_public)
     172                      .dwattr $C$DW$11, DW_AT_decl_file("/home/jose/ti/c2000/C2000Ware_MotorControl_SDK_5_04_00_00/librarie
     173                      .dwattr $C$DW$11, DW_AT_decl_line(0x4f)
     174                      .dwattr $C$DW$11, DW_AT_decl_column(0x0f)
     175              
     176              $C$DW$12        .dwtag  DW_TAG_member
     177                      .dwattr $C$DW$12, DW_AT_type(*$C$DW$T$19)
     178                      .dwattr $C$DW$12, DW_AT_name("outMax")
     179                      .dwattr $C$DW$12, DW_AT_data_member_location[DW_OP_plus_uconst 0xe]
     180                      .dwattr $C$DW$12, DW_AT_accessibility(DW_ACCESS_public)
     181                      .dwattr $C$DW$12, DW_AT_decl_file("/home/jose/ti/c2000/C2000Ware_MotorControl_SDK_5_04_00_00/librarie
     182                      .dwattr $C$DW$12, DW_AT_decl_line(0x51)
     183                      .dwattr $C$DW$12, DW_AT_decl_column(0x0f)
     184              
     185                      .dwattr $C$DW$T$20, DW_AT_decl_file("/home/jose/ti/c2000/C2000Ware_MotorControl_SDK_5_04_00_00/librar
     186                      .dwattr $C$DW$T$20, DW_AT_decl_line(0x46)
     187                      .dwattr $C$DW$T$20, DW_AT_decl_column(0x10)
     188                      .dwendtag $C$DW$T$20
     189              
     190                      .dwendtag $C$DW$TU$20
     191              
     192              
     193              $C$DW$TU$21     .dwtag  DW_TAG_type_unit
     194                      .dwmtype  $C$DW$T$21
     195              $C$DW$T$21      .dwtag  DW_TAG_pointer_type
     196                      .dwattr $C$DW$T$21, DW_AT_type(*$C$DW$T$20)
     197                      .dwattr $C$DW$T$21, DW_AT_address_class(0x20)
     198              
     199                      .dwendtag $C$DW$TU$21
     200              
     201              
     202              $C$DW$TU$22     .dwtag  DW_TAG_type_unit
     203                      .dwmtype  $C$DW$T$22
     204              $C$DW$T$22      .dwtag  DW_TAG_typedef
     205                      .dwattr $C$DW$T$22, DW_AT_name("PI_Handle")
     206                      .dwattr $C$DW$T$22, DW_AT_type(*$C$DW$T$21)
     207                      .dwattr $C$DW$T$22, DW_AT_decl_file("/home/jose/ti/c2000/C2000Ware_MotorControl_SDK_5_04_00_00/librar
     208                      .dwattr $C$DW$T$22, DW_AT_decl_line(0x5a)
     209                      .dwattr $C$DW$T$22, DW_AT_decl_column(0x1a)
     210              
     211                      .dwendtag $C$DW$TU$22
     212              
     213              
     214              $C$DW$TU$2      .dwtag  DW_TAG_type_unit
     215                      .dwmtype  $C$DW$T$2
     216              $C$DW$T$2       .dwtag  DW_TAG_unspecified_type
     217                      .dwattr $C$DW$T$2, DW_AT_name("void")
     218              
     219                      .dwendtag $C$DW$TU$2
     220              
TMS320C2000 Assembler Unix v25.11.0 Sun May 24 12:41:59 2026

Copyright (c) 1996-2018 Texas Instruments Incorporated
pi.asm                                                               PAGE    5

     221              
     222              $C$DW$TU$3      .dwtag  DW_TAG_type_unit
     223                      .dwmtype  $C$DW$T$3
     224              $C$DW$T$3       .dwtag  DW_TAG_pointer_type
     225                      .dwattr $C$DW$T$3, DW_AT_type(*$C$DW$T$2)
     226                      .dwattr $C$DW$T$3, DW_AT_address_class(0x20)
     227              
     228                      .dwendtag $C$DW$TU$3
     229              
     230              
     231              $C$DW$TU$4      .dwtag  DW_TAG_type_unit
     232                      .dwmtype  $C$DW$T$4
     233              $C$DW$T$4       .dwtag  DW_TAG_base_type
     234                      .dwattr $C$DW$T$4, DW_AT_encoding(DW_ATE_boolean)
     235                      .dwattr $C$DW$T$4, DW_AT_name("bool")
     236                      .dwattr $C$DW$T$4, DW_AT_byte_size(0x01)
     237              
     238                      .dwendtag $C$DW$TU$4
     239              
     240              
     241              $C$DW$TU$5      .dwtag  DW_TAG_type_unit
     242                      .dwmtype  $C$DW$T$5
     243              $C$DW$T$5       .dwtag  DW_TAG_base_type
     244                      .dwattr $C$DW$T$5, DW_AT_encoding(DW_ATE_signed_char)
     245                      .dwattr $C$DW$T$5, DW_AT_name("signed char")
     246                      .dwattr $C$DW$T$5, DW_AT_byte_size(0x01)
     247              
     248                      .dwendtag $C$DW$TU$5
     249              
     250              
     251              $C$DW$TU$6      .dwtag  DW_TAG_type_unit
     252                      .dwmtype  $C$DW$T$6
     253              $C$DW$T$6       .dwtag  DW_TAG_base_type
     254                      .dwattr $C$DW$T$6, DW_AT_encoding(DW_ATE_unsigned_char)
     255                      .dwattr $C$DW$T$6, DW_AT_name("unsigned char")
     256                      .dwattr $C$DW$T$6, DW_AT_byte_size(0x01)
     257              
     258                      .dwendtag $C$DW$TU$6
     259              
     260              
     261              $C$DW$TU$7      .dwtag  DW_TAG_type_unit
     262                      .dwmtype  $C$DW$T$7
     263              $C$DW$T$7       .dwtag  DW_TAG_base_type
     264                      .dwattr $C$DW$T$7, DW_AT_encoding(DW_ATE_signed_char)
     265                      .dwattr $C$DW$T$7, DW_AT_name("wchar_t")
     266                      .dwattr $C$DW$T$7, DW_AT_byte_size(0x02)
     267              
     268                      .dwendtag $C$DW$TU$7
     269              
     270              
     271              $C$DW$TU$8      .dwtag  DW_TAG_type_unit
     272                      .dwmtype  $C$DW$T$8
     273              $C$DW$T$8       .dwtag  DW_TAG_base_type
     274                      .dwattr $C$DW$T$8, DW_AT_encoding(DW_ATE_signed)
     275                      .dwattr $C$DW$T$8, DW_AT_name("short")
TMS320C2000 Assembler Unix v25.11.0 Sun May 24 12:41:59 2026

Copyright (c) 1996-2018 Texas Instruments Incorporated
pi.asm                                                               PAGE    6

     276                      .dwattr $C$DW$T$8, DW_AT_byte_size(0x01)
     277              
     278                      .dwendtag $C$DW$TU$8
     279              
     280              
     281              $C$DW$TU$28     .dwtag  DW_TAG_type_unit
     282                      .dwmtype  $C$DW$T$28
     283              $C$DW$T$28      .dwtag  DW_TAG_typedef
     284                      .dwattr $C$DW$T$28, DW_AT_name("__int16_t")
     285                      .dwattr $C$DW$T$28, DW_AT_type(*$C$DW$T$8)
     286                      .dwattr $C$DW$T$28, DW_AT_decl_file("/home/jose/ti/ccs2051/ccs/tools/compiler/ti-cgt-c2000_25.11.0.LT
     287                      .dwattr $C$DW$T$28, DW_AT_decl_line(0x40)
     288                      .dwattr $C$DW$T$28, DW_AT_decl_column(0x1d)
     289              
     290                      .dwendtag $C$DW$TU$28
     291              
     292              
     293              $C$DW$TU$29     .dwtag  DW_TAG_type_unit
     294                      .dwmtype  $C$DW$T$29
     295              $C$DW$T$29      .dwtag  DW_TAG_typedef
     296                      .dwattr $C$DW$T$29, DW_AT_name("int16_t")
     297                      .dwattr $C$DW$T$29, DW_AT_type(*$C$DW$T$28)
     298                      .dwattr $C$DW$T$29, DW_AT_decl_file("/home/jose/ti/ccs2051/ccs/tools/compiler/ti-cgt-c2000_25.11.0.LT
     299                      .dwattr $C$DW$T$29, DW_AT_decl_line(0x2b)
     300                      .dwattr $C$DW$T$29, DW_AT_decl_column(0x14)
     301              
     302                      .dwendtag $C$DW$TU$29
     303              
     304              
     305              $C$DW$TU$9      .dwtag  DW_TAG_type_unit
     306                      .dwmtype  $C$DW$T$9
     307              $C$DW$T$9       .dwtag  DW_TAG_base_type
     308                      .dwattr $C$DW$T$9, DW_AT_encoding(DW_ATE_unsigned)
     309                      .dwattr $C$DW$T$9, DW_AT_name("unsigned short")
     310                      .dwattr $C$DW$T$9, DW_AT_byte_size(0x01)
     311              
     312                      .dwendtag $C$DW$TU$9
     313              
     314              
     315              $C$DW$TU$10     .dwtag  DW_TAG_type_unit
     316                      .dwmtype  $C$DW$T$10
     317              $C$DW$T$10      .dwtag  DW_TAG_base_type
     318                      .dwattr $C$DW$T$10, DW_AT_encoding(DW_ATE_signed)
     319                      .dwattr $C$DW$T$10, DW_AT_name("int")
     320                      .dwattr $C$DW$T$10, DW_AT_byte_size(0x01)
     321              
     322                      .dwendtag $C$DW$TU$10
     323              
     324              
     325              $C$DW$TU$11     .dwtag  DW_TAG_type_unit
     326                      .dwmtype  $C$DW$T$11
     327              $C$DW$T$11      .dwtag  DW_TAG_base_type
     328                      .dwattr $C$DW$T$11, DW_AT_encoding(DW_ATE_unsigned)
     329                      .dwattr $C$DW$T$11, DW_AT_name("unsigned int")
     330                      .dwattr $C$DW$T$11, DW_AT_byte_size(0x01)
TMS320C2000 Assembler Unix v25.11.0 Sun May 24 12:41:59 2026

Copyright (c) 1996-2018 Texas Instruments Incorporated
pi.asm                                                               PAGE    7

     331              
     332                      .dwendtag $C$DW$TU$11
     333              
     334              
     335              $C$DW$TU$12     .dwtag  DW_TAG_type_unit
     336                      .dwmtype  $C$DW$T$12
     337              $C$DW$T$12      .dwtag  DW_TAG_base_type
     338                      .dwattr $C$DW$T$12, DW_AT_encoding(DW_ATE_signed)
     339                      .dwattr $C$DW$T$12, DW_AT_name("long")
     340                      .dwattr $C$DW$T$12, DW_AT_byte_size(0x02)
     341              
     342                      .dwendtag $C$DW$TU$12
     343              
     344              
     345              $C$DW$TU$13     .dwtag  DW_TAG_type_unit
     346                      .dwmtype  $C$DW$T$13
     347              $C$DW$T$13      .dwtag  DW_TAG_base_type
     348                      .dwattr $C$DW$T$13, DW_AT_encoding(DW_ATE_unsigned)
     349                      .dwattr $C$DW$T$13, DW_AT_name("unsigned long")
     350                      .dwattr $C$DW$T$13, DW_AT_byte_size(0x02)
     351              
     352                      .dwendtag $C$DW$TU$13
     353              
     354              
     355              $C$DW$TU$23     .dwtag  DW_TAG_type_unit
     356                      .dwmtype  $C$DW$T$23
     357              $C$DW$T$23      .dwtag  DW_TAG_typedef
     358                      .dwattr $C$DW$T$23, DW_AT_name("size_t")
     359                      .dwattr $C$DW$T$23, DW_AT_type(*$C$DW$T$13)
     360                      .dwattr $C$DW$T$23, DW_AT_decl_file("/home/jose/ti/ccs2051/ccs/tools/compiler/ti-cgt-c2000_25.11.0.LT
     361                      .dwattr $C$DW$T$23, DW_AT_decl_line(0x44)
     362                      .dwattr $C$DW$T$23, DW_AT_decl_column(0x19)
     363              
     364                      .dwendtag $C$DW$TU$23
     365              
     366              
     367              $C$DW$TU$14     .dwtag  DW_TAG_type_unit
     368                      .dwmtype  $C$DW$T$14
     369              $C$DW$T$14      .dwtag  DW_TAG_base_type
     370                      .dwattr $C$DW$T$14, DW_AT_encoding(DW_ATE_signed)
     371                      .dwattr $C$DW$T$14, DW_AT_name("long long")
     372                      .dwattr $C$DW$T$14, DW_AT_byte_size(0x04)
     373              
     374                      .dwendtag $C$DW$TU$14
     375              
     376              
     377              $C$DW$TU$15     .dwtag  DW_TAG_type_unit
     378                      .dwmtype  $C$DW$T$15
     379              $C$DW$T$15      .dwtag  DW_TAG_base_type
     380                      .dwattr $C$DW$T$15, DW_AT_encoding(DW_ATE_unsigned)
     381                      .dwattr $C$DW$T$15, DW_AT_name("unsigned long long")
     382                      .dwattr $C$DW$T$15, DW_AT_byte_size(0x04)
     383              
     384                      .dwendtag $C$DW$TU$15
     385              
TMS320C2000 Assembler Unix v25.11.0 Sun May 24 12:41:59 2026

Copyright (c) 1996-2018 Texas Instruments Incorporated
pi.asm                                                               PAGE    8

     386              
     387              $C$DW$TU$16     .dwtag  DW_TAG_type_unit
     388                      .dwmtype  $C$DW$T$16
     389              $C$DW$T$16      .dwtag  DW_TAG_base_type
     390                      .dwattr $C$DW$T$16, DW_AT_encoding(DW_ATE_float)
     391                      .dwattr $C$DW$T$16, DW_AT_name("float")
     392                      .dwattr $C$DW$T$16, DW_AT_byte_size(0x02)
     393              
     394                      .dwendtag $C$DW$TU$16
     395              
     396              
     397              $C$DW$TU$19     .dwtag  DW_TAG_type_unit
     398                      .dwmtype  $C$DW$T$19
     399              $C$DW$T$19      .dwtag  DW_TAG_typedef
     400                      .dwattr $C$DW$T$19, DW_AT_name("float32_t")
     401                      .dwattr $C$DW$T$19, DW_AT_type(*$C$DW$T$16)
     402                      .dwattr $C$DW$T$19, DW_AT_decl_file("/home/jose/ti/c2000/C2000Ware_MotorControl_SDK_5_04_00_00/librar
     403                      .dwattr $C$DW$T$19, DW_AT_decl_line(0x4b)
     404                      .dwattr $C$DW$T$19, DW_AT_decl_column(0x1d)
     405              
     406                      .dwendtag $C$DW$TU$19
     407              
     408              
     409              $C$DW$TU$17     .dwtag  DW_TAG_type_unit
     410                      .dwmtype  $C$DW$T$17
     411              $C$DW$T$17      .dwtag  DW_TAG_base_type
     412                      .dwattr $C$DW$T$17, DW_AT_encoding(DW_ATE_float)
     413                      .dwattr $C$DW$T$17, DW_AT_name("double")
     414                      .dwattr $C$DW$T$17, DW_AT_byte_size(0x04)
     415              
     416                      .dwendtag $C$DW$TU$17
     417              
     418              
     419              $C$DW$TU$18     .dwtag  DW_TAG_type_unit
     420                      .dwmtype  $C$DW$T$18
     421              $C$DW$T$18      .dwtag  DW_TAG_base_type
     422                      .dwattr $C$DW$T$18, DW_AT_encoding(DW_ATE_float)
     423                      .dwattr $C$DW$T$18, DW_AT_name("long double")
     424                      .dwattr $C$DW$T$18, DW_AT_byte_size(0x04)
     425              
     426                      .dwendtag $C$DW$TU$18
     427              

No Assembly Errors, No Assembly Warnings
