TMS320C2000 Assembler Unix v25.11.0 Sun May 24 12:41:59 2026

Copyright (c) 1996-2018 Texas Instruments Incorporated
svgen.asm                                                            PAGE    1

       1              ;***************************************************************
       2              ;* TMS320C2000 G3 C/C++ Codegen                         Unix v25.11.0.LTS *
       3              ;* Date/Time created: Sun May 24 12:41:59 2026                 *
       4              ;***************************************************************
       5                      .compiler_opts --abi=eabi --cla_support=cla1 --diag_wrap=off --float_support=fpu32 --hll_source=on --
       6                      .asg    XAR2, FP
       7              
       8              $C$DW$CU        .dwtag  DW_TAG_compile_unit
       9                      .dwattr $C$DW$CU, DW_AT_name("/home/jose/ti/c2000/C2000Ware_MotorControl_SDK_5_04_00_00/libraries/tra
      10                      .dwattr $C$DW$CU, DW_AT_producer("TI TMS320C2000 G3 C/C++ Codegen Unix v25.11.0.LTS Copyright (c) 199
      11                      .dwattr $C$DW$CU, DW_AT_TI_version(0x01)
      12                      .dwattr $C$DW$CU, DW_AT_comp_dir("/home/jose/workspace_ccstheia/foc_f28379d/Debug_BOOSTXL_Teknic_QEP"
      13              ;       /home/jose/ti/ccs2051/ccs/tools/compiler/ti-cgt-c2000_25.11.0.LTS/bin/opt2000 /tmp/TIbySjcU1sx /tmp/T
      14              ;       /home/jose/ti/ccs2051/ccs/tools/compiler/ti-cgt-c2000_25.11.0.LTS/bin/acia2000 -@/tmp/TIbySCEniq1 
      15 00000000               .sect   ".text:SVGEN_init"
      16                      .clink
      17                      .global ||SVGEN_init||
      18              
      19              $C$DW$1 .dwtag  DW_TAG_subprogram
      20                      .dwattr $C$DW$1, DW_AT_name("SVGEN_init")
      21                      .dwattr $C$DW$1, DW_AT_low_pc(||SVGEN_init||)
      22                      .dwattr $C$DW$1, DW_AT_high_pc(0x00)
      23                      .dwattr $C$DW$1, DW_AT_linkage_name("SVGEN_init")
      24                      .dwattr $C$DW$1, DW_AT_external
      25                      .dwattr $C$DW$1, DW_AT_type(*$C$DW$T$26)
      26                      .dwattr $C$DW$1, DW_AT_decl_file("/home/jose/ti/c2000/C2000Ware_MotorControl_SDK_5_04_00_00/libraries
      27                      .dwattr $C$DW$1, DW_AT_decl_line(0x35)
      28                      .dwattr $C$DW$1, DW_AT_decl_column(0x01)
      29                      .dwattr $C$DW$1, DW_AT_TI_max_frame_size(-2)
      30                      .dwpsn  file "/home/jose/ti/c2000/C2000Ware_MotorControl_SDK_5_04_00_00/libraries/transforms/svgen/so
      31              
      32                      .dwfde $C$DW$CIE, ||SVGEN_init||
      33              $C$DW$2 .dwtag  DW_TAG_formal_parameter
      34                      .dwattr $C$DW$2, DW_AT_name("pMemory")
      35                      .dwattr $C$DW$2, DW_AT_type(*$C$DW$T$3)
      36                      .dwattr $C$DW$2, DW_AT_location[DW_OP_reg12]
      37              
      38              $C$DW$3 .dwtag  DW_TAG_formal_parameter
      39                      .dwattr $C$DW$3, DW_AT_name("numBytes")
      40                      .dwattr $C$DW$3, DW_AT_type(*$C$DW$T$27)
      41                      .dwattr $C$DW$3, DW_AT_location[DW_OP_reg0]
      42              
      43              
      44              ;***************************************************************
      45              ;* FNAME: SVGEN_init                    FR SIZE:   0           *
      46              ;*                                                             *
      47              ;* FUNCTION ENVIRONMENT                                        *
      48              ;*                                                             *
      49              ;* FUNCTION PROPERTIES                                         *
      50              ;*                            0 Parameter,  0 Auto,  0 SOE     *
      51              ;***************************************************************
      52              
      53 00000000       ||SVGEN_init||:
      54                      .dwcfi  cfa_offset, -2
      55                      .dwcfi  save_reg_to_mem, 26, 0
TMS320C2000 Assembler Unix v25.11.0 Sun May 24 12:41:59 2026

Copyright (c) 1996-2018 Texas Instruments Incorporated
svgen.asm                                                            PAGE    2

      56                      .dwpsn  file "/home/jose/ti/c2000/C2000Ware_MotorControl_SDK_5_04_00_00/libraries/transforms/svgen/so
      57 00000000 5204          CMPB      AL,#4                 ; [CPU_ALU] |59| 
      58 00000001 6302          B         ||$C$L1||,GEQ         ; [CPU_ALU] |59| 
      59                      ; branchcc occurs ; [] |59| 
      60 00000002 D400          MOVB      XAR4,#0               ; [CPU_ALU] |59| 
      61              ||$C$L1||:    
      62              $C$DW$4 .dwtag  DW_TAG_TI_branch
      63                      .dwattr $C$DW$4, DW_AT_low_pc(0x00)
      64                      .dwattr $C$DW$4, DW_AT_TI_return
      65              
      66 00000003 0006          LRETR     ; [CPU_ALU] 
      67                      ; return occurs ; [] 
      68                      .dwattr $C$DW$1, DW_AT_TI_end_file("/home/jose/ti/c2000/C2000Ware_MotorControl_SDK_5_04_00_00/librari
      69                      .dwattr $C$DW$1, DW_AT_TI_end_line(0x44)
      70                      .dwattr $C$DW$1, DW_AT_TI_end_column(0x01)
      71                      .dwendentry
      72                      .dwendtag $C$DW$1
      73              
      74              
      75              ;***************************************************************
      76              ;* BUILD ATTRIBUTES                                            *
      77              ;***************************************************************
      78                      .battr "c28xabi", Tag_File, 1, Tag_float_args(0)
      79                      .battr "c28xabi", Tag_File, 1, Tag_double_args(0)
      80                      .dwattr $C$DW$CU, DW_AT_language(DW_LANG_C)
      81              
      82              ;***************************************************************
      83              ;* DWARF CIE ENTRIES                                           *
      84              ;***************************************************************
      85              
      86              $C$DW$CIE       .dwcie 26
      87                      .dwcfi  cfa_register, 20
      88                      .dwcfi  cfa_offset, 0
      89                      .dwcfi  same_value, 28
      90                      .dwcfi  same_value, 6
      91                      .dwcfi  same_value, 7
      92                      .dwcfi  same_value, 8
      93                      .dwcfi  same_value, 9
      94                      .dwcfi  same_value, 10
      95                      .dwcfi  same_value, 11
      96                      .dwcfi  same_value, 59
      97                      .dwcfi  same_value, 63
      98                      .dwcfi  same_value, 67
      99                      .dwcfi  same_value, 71
     100                      .dwendentry
     101                      .dwendtag $C$DW$CU
     102              
     103              
     104              ;***************************************************************
     105              ;* TYPE INFORMATION                                            *
     106              ;***************************************************************
     107              
     108              $C$DW$TU$22     .dwtag  DW_TAG_type_unit
     109                      .dwmtype  $C$DW$T$22
     110              
TMS320C2000 Assembler Unix v25.11.0 Sun May 24 12:41:59 2026

Copyright (c) 1996-2018 Texas Instruments Incorporated
svgen.asm                                                            PAGE    3

     111              $C$DW$T$22      .dwtag  DW_TAG_enumeration_type
     112                      .dwattr $C$DW$T$22, DW_AT_byte_size(0x01)
     113              $C$DW$5 .dwtag  DW_TAG_enumerator
     114                      .dwattr $C$DW$5, DW_AT_name("SVM_COM_C")
     115                      .dwattr $C$DW$5, DW_AT_const_value(0x00)
     116                      .dwattr $C$DW$5, DW_AT_decl_file("/home/jose/ti/c2000/C2000Ware_MotorControl_SDK_5_04_00_00/libraries
     117                      .dwattr $C$DW$5, DW_AT_decl_line(0x45)
     118                      .dwattr $C$DW$5, DW_AT_decl_column(0x03)
     119              
     120              $C$DW$6 .dwtag  DW_TAG_enumerator
     121                      .dwattr $C$DW$6, DW_AT_name("SVM_MIN_C")
     122                      .dwattr $C$DW$6, DW_AT_const_value(0x01)
     123                      .dwattr $C$DW$6, DW_AT_decl_file("/home/jose/ti/c2000/C2000Ware_MotorControl_SDK_5_04_00_00/libraries
     124                      .dwattr $C$DW$6, DW_AT_decl_line(0x46)
     125                      .dwattr $C$DW$6, DW_AT_decl_column(0x03)
     126              
     127              $C$DW$7 .dwtag  DW_TAG_enumerator
     128                      .dwattr $C$DW$7, DW_AT_name("SVM_MAX_C")
     129                      .dwattr $C$DW$7, DW_AT_const_value(0x02)
     130                      .dwattr $C$DW$7, DW_AT_decl_file("/home/jose/ti/c2000/C2000Ware_MotorControl_SDK_5_04_00_00/libraries
     131                      .dwattr $C$DW$7, DW_AT_decl_line(0x47)
     132                      .dwattr $C$DW$7, DW_AT_decl_column(0x03)
     133              
     134              $C$DW$8 .dwtag  DW_TAG_enumerator
     135                      .dwattr $C$DW$8, DW_AT_name("SVM_DQ_S")
     136                      .dwattr $C$DW$8, DW_AT_const_value(0x03)
     137                      .dwattr $C$DW$8, DW_AT_decl_file("/home/jose/ti/c2000/C2000Ware_MotorControl_SDK_5_04_00_00/libraries
     138                      .dwattr $C$DW$8, DW_AT_decl_line(0x48)
     139                      .dwattr $C$DW$8, DW_AT_decl_column(0x03)
     140              
     141                      .dwattr $C$DW$T$22, DW_AT_decl_file("/home/jose/ti/c2000/C2000Ware_MotorControl_SDK_5_04_00_00/librar
     142                      .dwattr $C$DW$T$22, DW_AT_decl_line(0x44)
     143                      .dwattr $C$DW$T$22, DW_AT_decl_column(0x01)
     144                      .dwendtag $C$DW$T$22
     145              
     146                      .dwendtag $C$DW$TU$22
     147              
     148              
     149              $C$DW$TU$23     .dwtag  DW_TAG_type_unit
     150                      .dwmtype  $C$DW$T$23
     151              $C$DW$T$23      .dwtag  DW_TAG_typedef
     152                      .dwattr $C$DW$T$23, DW_AT_name("SVM_Mode_e")
     153                      .dwattr $C$DW$T$23, DW_AT_type(*$C$DW$T$22)
     154                      .dwattr $C$DW$T$23, DW_AT_decl_file("/home/jose/ti/c2000/C2000Ware_MotorControl_SDK_5_04_00_00/librar
     155                      .dwattr $C$DW$T$23, DW_AT_decl_line(0x49)
     156                      .dwattr $C$DW$T$23, DW_AT_decl_column(0x03)
     157              
     158                      .dwendtag $C$DW$TU$23
     159              
     160              
     161              $C$DW$TU$24     .dwtag  DW_TAG_type_unit
     162                      .dwmtype  $C$DW$T$24
     163              
     164              $C$DW$T$24      .dwtag  DW_TAG_structure_type
     165                      .dwattr $C$DW$T$24, DW_AT_name("_SVGEN_Obj_")
TMS320C2000 Assembler Unix v25.11.0 Sun May 24 12:41:59 2026

Copyright (c) 1996-2018 Texas Instruments Incorporated
svgen.asm                                                            PAGE    4

     166                      .dwattr $C$DW$T$24, DW_AT_byte_size(0x04)
     167              $C$DW$9 .dwtag  DW_TAG_member
     168                      .dwattr $C$DW$9, DW_AT_type(*$C$DW$T$19)
     169                      .dwattr $C$DW$9, DW_AT_name("oneOverDcBus_invV")
     170                      .dwattr $C$DW$9, DW_AT_accessibility(DW_ACCESS_public)
     171                      .dwattr $C$DW$9, DW_AT_decl_file("/home/jose/ti/c2000/C2000Ware_MotorControl_SDK_5_04_00_00/libraries
     172                      .dwattr $C$DW$9, DW_AT_decl_line(0x52)
     173                      .dwattr $C$DW$9, DW_AT_decl_column(0x0f)
     174              
     175              $C$DW$10        .dwtag  DW_TAG_member
     176                      .dwattr $C$DW$10, DW_AT_type(*$C$DW$T$21)
     177                      .dwattr $C$DW$10, DW_AT_name("sector")
     178                      .dwattr $C$DW$10, DW_AT_data_member_location[DW_OP_plus_uconst 0x2]
     179                      .dwattr $C$DW$10, DW_AT_accessibility(DW_ACCESS_public)
     180                      .dwattr $C$DW$10, DW_AT_decl_file("/home/jose/ti/c2000/C2000Ware_MotorControl_SDK_5_04_00_00/librarie
     181                      .dwattr $C$DW$10, DW_AT_decl_line(0x53)
     182                      .dwattr $C$DW$10, DW_AT_decl_column(0x0e)
     183              
     184              $C$DW$11        .dwtag  DW_TAG_member
     185                      .dwattr $C$DW$11, DW_AT_type(*$C$DW$T$23)
     186                      .dwattr $C$DW$11, DW_AT_name("svmMode")
     187                      .dwattr $C$DW$11, DW_AT_data_member_location[DW_OP_plus_uconst 0x3]
     188                      .dwattr $C$DW$11, DW_AT_accessibility(DW_ACCESS_public)
     189                      .dwattr $C$DW$11, DW_AT_decl_file("/home/jose/ti/c2000/C2000Ware_MotorControl_SDK_5_04_00_00/librarie
     190                      .dwattr $C$DW$11, DW_AT_decl_line(0x54)
     191                      .dwattr $C$DW$11, DW_AT_decl_column(0x10)
     192              
     193                      .dwattr $C$DW$T$24, DW_AT_decl_file("/home/jose/ti/c2000/C2000Ware_MotorControl_SDK_5_04_00_00/librar
     194                      .dwattr $C$DW$T$24, DW_AT_decl_line(0x50)
     195                      .dwattr $C$DW$T$24, DW_AT_decl_column(0x10)
     196                      .dwendtag $C$DW$T$24
     197              
     198                      .dwendtag $C$DW$TU$24
     199              
     200              
     201              $C$DW$TU$25     .dwtag  DW_TAG_type_unit
     202                      .dwmtype  $C$DW$T$25
     203              $C$DW$T$25      .dwtag  DW_TAG_pointer_type
     204                      .dwattr $C$DW$T$25, DW_AT_type(*$C$DW$T$24)
     205                      .dwattr $C$DW$T$25, DW_AT_address_class(0x20)
     206              
     207                      .dwendtag $C$DW$TU$25
     208              
     209              
     210              $C$DW$TU$26     .dwtag  DW_TAG_type_unit
     211                      .dwmtype  $C$DW$T$26
     212              $C$DW$T$26      .dwtag  DW_TAG_typedef
     213                      .dwattr $C$DW$T$26, DW_AT_name("SVGEN_Handle")
     214                      .dwattr $C$DW$T$26, DW_AT_type(*$C$DW$T$25)
     215                      .dwattr $C$DW$T$26, DW_AT_decl_file("/home/jose/ti/c2000/C2000Ware_MotorControl_SDK_5_04_00_00/librar
     216                      .dwattr $C$DW$T$26, DW_AT_decl_line(0x5c)
     217                      .dwattr $C$DW$T$26, DW_AT_decl_column(0x1d)
     218              
     219                      .dwendtag $C$DW$TU$26
     220              
TMS320C2000 Assembler Unix v25.11.0 Sun May 24 12:41:59 2026

Copyright (c) 1996-2018 Texas Instruments Incorporated
svgen.asm                                                            PAGE    5

     221              
     222              $C$DW$TU$2      .dwtag  DW_TAG_type_unit
     223                      .dwmtype  $C$DW$T$2
     224              $C$DW$T$2       .dwtag  DW_TAG_unspecified_type
     225                      .dwattr $C$DW$T$2, DW_AT_name("void")
     226              
     227                      .dwendtag $C$DW$TU$2
     228              
     229              
     230              $C$DW$TU$3      .dwtag  DW_TAG_type_unit
     231                      .dwmtype  $C$DW$T$3
     232              $C$DW$T$3       .dwtag  DW_TAG_pointer_type
     233                      .dwattr $C$DW$T$3, DW_AT_type(*$C$DW$T$2)
     234                      .dwattr $C$DW$T$3, DW_AT_address_class(0x20)
     235              
     236                      .dwendtag $C$DW$TU$3
     237              
     238              
     239              $C$DW$TU$4      .dwtag  DW_TAG_type_unit
     240                      .dwmtype  $C$DW$T$4
     241              $C$DW$T$4       .dwtag  DW_TAG_base_type
     242                      .dwattr $C$DW$T$4, DW_AT_encoding(DW_ATE_boolean)
     243                      .dwattr $C$DW$T$4, DW_AT_name("bool")
     244                      .dwattr $C$DW$T$4, DW_AT_byte_size(0x01)
     245              
     246                      .dwendtag $C$DW$TU$4
     247              
     248              
     249              $C$DW$TU$5      .dwtag  DW_TAG_type_unit
     250                      .dwmtype  $C$DW$T$5
     251              $C$DW$T$5       .dwtag  DW_TAG_base_type
     252                      .dwattr $C$DW$T$5, DW_AT_encoding(DW_ATE_signed_char)
     253                      .dwattr $C$DW$T$5, DW_AT_name("signed char")
     254                      .dwattr $C$DW$T$5, DW_AT_byte_size(0x01)
     255              
     256                      .dwendtag $C$DW$TU$5
     257              
     258              
     259              $C$DW$TU$6      .dwtag  DW_TAG_type_unit
     260                      .dwmtype  $C$DW$T$6
     261              $C$DW$T$6       .dwtag  DW_TAG_base_type
     262                      .dwattr $C$DW$T$6, DW_AT_encoding(DW_ATE_unsigned_char)
     263                      .dwattr $C$DW$T$6, DW_AT_name("unsigned char")
     264                      .dwattr $C$DW$T$6, DW_AT_byte_size(0x01)
     265              
     266                      .dwendtag $C$DW$TU$6
     267              
     268              
     269              $C$DW$TU$7      .dwtag  DW_TAG_type_unit
     270                      .dwmtype  $C$DW$T$7
     271              $C$DW$T$7       .dwtag  DW_TAG_base_type
     272                      .dwattr $C$DW$T$7, DW_AT_encoding(DW_ATE_signed_char)
     273                      .dwattr $C$DW$T$7, DW_AT_name("wchar_t")
     274                      .dwattr $C$DW$T$7, DW_AT_byte_size(0x02)
     275              
TMS320C2000 Assembler Unix v25.11.0 Sun May 24 12:41:59 2026

Copyright (c) 1996-2018 Texas Instruments Incorporated
svgen.asm                                                            PAGE    6

     276                      .dwendtag $C$DW$TU$7
     277              
     278              
     279              $C$DW$TU$8      .dwtag  DW_TAG_type_unit
     280                      .dwmtype  $C$DW$T$8
     281              $C$DW$T$8       .dwtag  DW_TAG_base_type
     282                      .dwattr $C$DW$T$8, DW_AT_encoding(DW_ATE_signed)
     283                      .dwattr $C$DW$T$8, DW_AT_name("short")
     284                      .dwattr $C$DW$T$8, DW_AT_byte_size(0x01)
     285              
     286                      .dwendtag $C$DW$TU$8
     287              
     288              
     289              $C$DW$TU$32     .dwtag  DW_TAG_type_unit
     290                      .dwmtype  $C$DW$T$32
     291              $C$DW$T$32      .dwtag  DW_TAG_typedef
     292                      .dwattr $C$DW$T$32, DW_AT_name("__int16_t")
     293                      .dwattr $C$DW$T$32, DW_AT_type(*$C$DW$T$8)
     294                      .dwattr $C$DW$T$32, DW_AT_decl_file("/home/jose/ti/ccs2051/ccs/tools/compiler/ti-cgt-c2000_25.11.0.LT
     295                      .dwattr $C$DW$T$32, DW_AT_decl_line(0x40)
     296                      .dwattr $C$DW$T$32, DW_AT_decl_column(0x1d)
     297              
     298                      .dwendtag $C$DW$TU$32
     299              
     300              
     301              $C$DW$TU$33     .dwtag  DW_TAG_type_unit
     302                      .dwmtype  $C$DW$T$33
     303              $C$DW$T$33      .dwtag  DW_TAG_typedef
     304                      .dwattr $C$DW$T$33, DW_AT_name("int16_t")
     305                      .dwattr $C$DW$T$33, DW_AT_type(*$C$DW$T$32)
     306                      .dwattr $C$DW$T$33, DW_AT_decl_file("/home/jose/ti/ccs2051/ccs/tools/compiler/ti-cgt-c2000_25.11.0.LT
     307                      .dwattr $C$DW$T$33, DW_AT_decl_line(0x2b)
     308                      .dwattr $C$DW$T$33, DW_AT_decl_column(0x14)
     309              
     310                      .dwendtag $C$DW$TU$33
     311              
     312              
     313              $C$DW$TU$9      .dwtag  DW_TAG_type_unit
     314                      .dwmtype  $C$DW$T$9
     315              $C$DW$T$9       .dwtag  DW_TAG_base_type
     316                      .dwattr $C$DW$T$9, DW_AT_encoding(DW_ATE_unsigned)
     317                      .dwattr $C$DW$T$9, DW_AT_name("unsigned short")
     318                      .dwattr $C$DW$T$9, DW_AT_byte_size(0x01)
     319              
     320                      .dwendtag $C$DW$TU$9
     321              
     322              
     323              $C$DW$TU$20     .dwtag  DW_TAG_type_unit
     324                      .dwmtype  $C$DW$T$20
     325              $C$DW$T$20      .dwtag  DW_TAG_typedef
     326                      .dwattr $C$DW$T$20, DW_AT_name("__uint16_t")
     327                      .dwattr $C$DW$T$20, DW_AT_type(*$C$DW$T$9)
     328                      .dwattr $C$DW$T$20, DW_AT_decl_file("/home/jose/ti/ccs2051/ccs/tools/compiler/ti-cgt-c2000_25.11.0.LT
     329                      .dwattr $C$DW$T$20, DW_AT_decl_line(0x41)
     330                      .dwattr $C$DW$T$20, DW_AT_decl_column(0x1c)
TMS320C2000 Assembler Unix v25.11.0 Sun May 24 12:41:59 2026

Copyright (c) 1996-2018 Texas Instruments Incorporated
svgen.asm                                                            PAGE    7

     331              
     332                      .dwendtag $C$DW$TU$20
     333              
     334              
     335              $C$DW$TU$21     .dwtag  DW_TAG_type_unit
     336                      .dwmtype  $C$DW$T$21
     337              $C$DW$T$21      .dwtag  DW_TAG_typedef
     338                      .dwattr $C$DW$T$21, DW_AT_name("uint16_t")
     339                      .dwattr $C$DW$T$21, DW_AT_type(*$C$DW$T$20)
     340                      .dwattr $C$DW$T$21, DW_AT_decl_file("/home/jose/ti/ccs2051/ccs/tools/compiler/ti-cgt-c2000_25.11.0.LT
     341                      .dwattr $C$DW$T$21, DW_AT_decl_line(0x41)
     342                      .dwattr $C$DW$T$21, DW_AT_decl_column(0x15)
     343              
     344                      .dwendtag $C$DW$TU$21
     345              
     346              
     347              $C$DW$TU$10     .dwtag  DW_TAG_type_unit
     348                      .dwmtype  $C$DW$T$10
     349              $C$DW$T$10      .dwtag  DW_TAG_base_type
     350                      .dwattr $C$DW$T$10, DW_AT_encoding(DW_ATE_signed)
     351                      .dwattr $C$DW$T$10, DW_AT_name("int")
     352                      .dwattr $C$DW$T$10, DW_AT_byte_size(0x01)
     353              
     354                      .dwendtag $C$DW$TU$10
     355              
     356              
     357              $C$DW$TU$11     .dwtag  DW_TAG_type_unit
     358                      .dwmtype  $C$DW$T$11
     359              $C$DW$T$11      .dwtag  DW_TAG_base_type
     360                      .dwattr $C$DW$T$11, DW_AT_encoding(DW_ATE_unsigned)
     361                      .dwattr $C$DW$T$11, DW_AT_name("unsigned int")
     362                      .dwattr $C$DW$T$11, DW_AT_byte_size(0x01)
     363              
     364                      .dwendtag $C$DW$TU$11
     365              
     366              
     367              $C$DW$TU$12     .dwtag  DW_TAG_type_unit
     368                      .dwmtype  $C$DW$T$12
     369              $C$DW$T$12      .dwtag  DW_TAG_base_type
     370                      .dwattr $C$DW$T$12, DW_AT_encoding(DW_ATE_signed)
     371                      .dwattr $C$DW$T$12, DW_AT_name("long")
     372                      .dwattr $C$DW$T$12, DW_AT_byte_size(0x02)
     373              
     374                      .dwendtag $C$DW$TU$12
     375              
     376              
     377              $C$DW$TU$13     .dwtag  DW_TAG_type_unit
     378                      .dwmtype  $C$DW$T$13
     379              $C$DW$T$13      .dwtag  DW_TAG_base_type
     380                      .dwattr $C$DW$T$13, DW_AT_encoding(DW_ATE_unsigned)
     381                      .dwattr $C$DW$T$13, DW_AT_name("unsigned long")
     382                      .dwattr $C$DW$T$13, DW_AT_byte_size(0x02)
     383              
     384                      .dwendtag $C$DW$TU$13
     385              
TMS320C2000 Assembler Unix v25.11.0 Sun May 24 12:41:59 2026

Copyright (c) 1996-2018 Texas Instruments Incorporated
svgen.asm                                                            PAGE    8

     386              
     387              $C$DW$TU$27     .dwtag  DW_TAG_type_unit
     388                      .dwmtype  $C$DW$T$27
     389              $C$DW$T$27      .dwtag  DW_TAG_typedef
     390                      .dwattr $C$DW$T$27, DW_AT_name("size_t")
     391                      .dwattr $C$DW$T$27, DW_AT_type(*$C$DW$T$13)
     392                      .dwattr $C$DW$T$27, DW_AT_decl_file("/home/jose/ti/ccs2051/ccs/tools/compiler/ti-cgt-c2000_25.11.0.LT
     393                      .dwattr $C$DW$T$27, DW_AT_decl_line(0x44)
     394                      .dwattr $C$DW$T$27, DW_AT_decl_column(0x19)
     395              
     396                      .dwendtag $C$DW$TU$27
     397              
     398              
     399              $C$DW$TU$14     .dwtag  DW_TAG_type_unit
     400                      .dwmtype  $C$DW$T$14
     401              $C$DW$T$14      .dwtag  DW_TAG_base_type
     402                      .dwattr $C$DW$T$14, DW_AT_encoding(DW_ATE_signed)
     403                      .dwattr $C$DW$T$14, DW_AT_name("long long")
     404                      .dwattr $C$DW$T$14, DW_AT_byte_size(0x04)
     405              
     406                      .dwendtag $C$DW$TU$14
     407              
     408              
     409              $C$DW$TU$15     .dwtag  DW_TAG_type_unit
     410                      .dwmtype  $C$DW$T$15
     411              $C$DW$T$15      .dwtag  DW_TAG_base_type
     412                      .dwattr $C$DW$T$15, DW_AT_encoding(DW_ATE_unsigned)
     413                      .dwattr $C$DW$T$15, DW_AT_name("unsigned long long")
     414                      .dwattr $C$DW$T$15, DW_AT_byte_size(0x04)
     415              
     416                      .dwendtag $C$DW$TU$15
     417              
     418              
     419              $C$DW$TU$16     .dwtag  DW_TAG_type_unit
     420                      .dwmtype  $C$DW$T$16
     421              $C$DW$T$16      .dwtag  DW_TAG_base_type
     422                      .dwattr $C$DW$T$16, DW_AT_encoding(DW_ATE_float)
     423                      .dwattr $C$DW$T$16, DW_AT_name("float")
     424                      .dwattr $C$DW$T$16, DW_AT_byte_size(0x02)
     425              
     426                      .dwendtag $C$DW$TU$16
     427              
     428              
     429              $C$DW$TU$19     .dwtag  DW_TAG_type_unit
     430                      .dwmtype  $C$DW$T$19
     431              $C$DW$T$19      .dwtag  DW_TAG_typedef
     432                      .dwattr $C$DW$T$19, DW_AT_name("float32_t")
     433                      .dwattr $C$DW$T$19, DW_AT_type(*$C$DW$T$16)
     434                      .dwattr $C$DW$T$19, DW_AT_decl_file("/home/jose/ti/c2000/C2000Ware_MotorControl_SDK_5_04_00_00/librar
     435                      .dwattr $C$DW$T$19, DW_AT_decl_line(0x4b)
     436                      .dwattr $C$DW$T$19, DW_AT_decl_column(0x1d)
     437              
     438                      .dwendtag $C$DW$TU$19
     439              
     440              
TMS320C2000 Assembler Unix v25.11.0 Sun May 24 12:41:59 2026

Copyright (c) 1996-2018 Texas Instruments Incorporated
svgen.asm                                                            PAGE    9

     441              $C$DW$TU$17     .dwtag  DW_TAG_type_unit
     442                      .dwmtype  $C$DW$T$17
     443              $C$DW$T$17      .dwtag  DW_TAG_base_type
     444                      .dwattr $C$DW$T$17, DW_AT_encoding(DW_ATE_float)
     445                      .dwattr $C$DW$T$17, DW_AT_name("double")
     446                      .dwattr $C$DW$T$17, DW_AT_byte_size(0x04)
     447              
     448                      .dwendtag $C$DW$TU$17
     449              
     450              
     451              $C$DW$TU$18     .dwtag  DW_TAG_type_unit
     452                      .dwmtype  $C$DW$T$18
     453              $C$DW$T$18      .dwtag  DW_TAG_base_type
     454                      .dwattr $C$DW$T$18, DW_AT_encoding(DW_ATE_float)
     455                      .dwattr $C$DW$T$18, DW_AT_name("long double")
     456                      .dwattr $C$DW$T$18, DW_AT_byte_size(0x04)
     457              
     458                      .dwendtag $C$DW$TU$18
     459              

No Assembly Errors, No Assembly Warnings
