TMS320C2000 Assembler Unix v25.11.0 Sat May 30 20:15:25 2026

Copyright (c) 1996-2018 Texas Instruments Incorporated
c2000ware_libraries.asm                                              PAGE    1

       1              ;***************************************************************
       2              ;* TMS320C2000 G3 C/C++ Codegen                         Unix v25.11.0.LTS *
       3              ;* Date/Time created: Sat May 30 20:15:25 2026                 *
       4              ;***************************************************************
       5                      .compiler_opts --abi=eabi --cla_support=cla1 --diag_wrap=off --float_support=fpu32 --hll_source=on --
       6                      .asg    XAR2, FP
       7              
       8              $C$DW$CU        .dwtag  DW_TAG_compile_unit
       9                      .dwattr $C$DW$CU, DW_AT_name("syscfg/c2000ware_libraries.c")
      10                      .dwattr $C$DW$CU, DW_AT_producer("TI TMS320C2000 G3 C/C++ Codegen Unix v25.11.0.LTS Copyright (c) 199
      11                      .dwattr $C$DW$CU, DW_AT_TI_version(0x01)
      12                      .dwattr $C$DW$CU, DW_AT_comp_dir("/home/jose/workspace_ccstheia/foc_f28379d/Debug_BOOSTXL_Teknic_QEP"
      13              ;       /home/jose/ti/ccs2051/ccs/tools/compiler/ti-cgt-c2000_25.11.0.LTS/bin/opt2000 /tmp/TI5gebNQEH6 /tmp/T
      14              ;       /home/jose/ti/ccs2051/ccs/tools/compiler/ti-cgt-c2000_25.11.0.LTS/bin/acia2000 -@/tmp/TI5ge82s2Rc 
      15 00000000               .sect   ".text:C2000Ware_libraries_init"
      16                      .clink
      17                      .global ||C2000Ware_libraries_init||
      18              
      19              $C$DW$1 .dwtag  DW_TAG_subprogram
      20                      .dwattr $C$DW$1, DW_AT_name("C2000Ware_libraries_init")
      21                      .dwattr $C$DW$1, DW_AT_low_pc(||C2000Ware_libraries_init||)
      22                      .dwattr $C$DW$1, DW_AT_high_pc(0x00)
      23                      .dwattr $C$DW$1, DW_AT_linkage_name("C2000Ware_libraries_init")
      24                      .dwattr $C$DW$1, DW_AT_external
      25                      .dwattr $C$DW$1, DW_AT_decl_file("syscfg/c2000ware_libraries.c")
      26                      .dwattr $C$DW$1, DW_AT_decl_line(0x25)
      27                      .dwattr $C$DW$1, DW_AT_decl_column(0x06)
      28                      .dwattr $C$DW$1, DW_AT_TI_max_frame_size(-2)
      29                      .dwpsn  file "syscfg/c2000ware_libraries.c",line 38,column 1,is_stmt,address ||C2000Ware_libraries_in
      30              
      31                      .dwfde $C$DW$CIE, ||C2000Ware_libraries_init||
      32              
      33              ;***************************************************************
      34              ;* FNAME: C2000Ware_libraries_init      FR SIZE:   0           *
      35              ;*                                                             *
      36              ;* FUNCTION ENVIRONMENT                                        *
      37              ;*                                                             *
      38              ;* FUNCTION PROPERTIES                                         *
      39              ;*                            0 Parameter,  0 Auto,  0 SOE     *
      40              ;***************************************************************
      41              
      42 00000000       ||C2000Ware_libraries_init||:
      43                      .dwcfi  cfa_offset, -2
      44                      .dwcfi  save_reg_to_mem, 26, 0
      45              $C$DW$2 .dwtag  DW_TAG_TI_branch
      46                      .dwattr $C$DW$2, DW_AT_low_pc(0x00)
      47                      .dwattr $C$DW$2, DW_AT_TI_return
      48              
      49 00000000 0006          LRETR     ; [CPU_ALU] 
      50                      ; return occurs ; [] 
      51                      .dwattr $C$DW$1, DW_AT_TI_end_file("syscfg/c2000ware_libraries.c")
      52                      .dwattr $C$DW$1, DW_AT_TI_end_line(0x27)
      53                      .dwattr $C$DW$1, DW_AT_TI_end_column(0x01)
      54                      .dwendentry
      55                      .dwendtag $C$DW$1
TMS320C2000 Assembler Unix v25.11.0 Sat May 30 20:15:25 2026

Copyright (c) 1996-2018 Texas Instruments Incorporated
c2000ware_libraries.asm                                              PAGE    2

      56              
      57              
      58              ;***************************************************************
      59              ;* BUILD ATTRIBUTES                                            *
      60              ;***************************************************************
      61                      .battr "c28xabi", Tag_File, 1, Tag_float_args(0)
      62                      .battr "c28xabi", Tag_File, 1, Tag_double_args(0)
      63                      .dwattr $C$DW$CU, DW_AT_language(DW_LANG_C)
      64              
      65              ;***************************************************************
      66              ;* DWARF CIE ENTRIES                                           *
      67              ;***************************************************************
      68              
      69              $C$DW$CIE       .dwcie 26
      70                      .dwcfi  cfa_register, 20
      71                      .dwcfi  cfa_offset, 0
      72                      .dwcfi  same_value, 28
      73                      .dwcfi  same_value, 6
      74                      .dwcfi  same_value, 7
      75                      .dwcfi  same_value, 8
      76                      .dwcfi  same_value, 9
      77                      .dwcfi  same_value, 10
      78                      .dwcfi  same_value, 11
      79                      .dwcfi  same_value, 59
      80                      .dwcfi  same_value, 63
      81                      .dwcfi  same_value, 67
      82                      .dwcfi  same_value, 71
      83                      .dwendentry
      84                      .dwendtag $C$DW$CU
      85              
      86              
      87              ;***************************************************************
      88              ;* TYPE INFORMATION                                            *
      89              ;***************************************************************
      90              
      91              $C$DW$TU$2      .dwtag  DW_TAG_type_unit
      92                      .dwmtype  $C$DW$T$2
      93              $C$DW$T$2       .dwtag  DW_TAG_unspecified_type
      94                      .dwattr $C$DW$T$2, DW_AT_name("void")
      95              
      96                      .dwendtag $C$DW$TU$2
      97              
      98              
      99              $C$DW$TU$4      .dwtag  DW_TAG_type_unit
     100                      .dwmtype  $C$DW$T$4
     101              $C$DW$T$4       .dwtag  DW_TAG_base_type
     102                      .dwattr $C$DW$T$4, DW_AT_encoding(DW_ATE_boolean)
     103                      .dwattr $C$DW$T$4, DW_AT_name("bool")
     104                      .dwattr $C$DW$T$4, DW_AT_byte_size(0x01)
     105              
     106                      .dwendtag $C$DW$TU$4
     107              
     108              
     109              $C$DW$TU$5      .dwtag  DW_TAG_type_unit
     110                      .dwmtype  $C$DW$T$5
TMS320C2000 Assembler Unix v25.11.0 Sat May 30 20:15:25 2026

Copyright (c) 1996-2018 Texas Instruments Incorporated
c2000ware_libraries.asm                                              PAGE    3

     111              $C$DW$T$5       .dwtag  DW_TAG_base_type
     112                      .dwattr $C$DW$T$5, DW_AT_encoding(DW_ATE_signed_char)
     113                      .dwattr $C$DW$T$5, DW_AT_name("signed char")
     114                      .dwattr $C$DW$T$5, DW_AT_byte_size(0x01)
     115              
     116                      .dwendtag $C$DW$TU$5
     117              
     118              
     119              $C$DW$TU$6      .dwtag  DW_TAG_type_unit
     120                      .dwmtype  $C$DW$T$6
     121              $C$DW$T$6       .dwtag  DW_TAG_base_type
     122                      .dwattr $C$DW$T$6, DW_AT_encoding(DW_ATE_unsigned_char)
     123                      .dwattr $C$DW$T$6, DW_AT_name("unsigned char")
     124                      .dwattr $C$DW$T$6, DW_AT_byte_size(0x01)
     125              
     126                      .dwendtag $C$DW$TU$6
     127              
     128              
     129              $C$DW$TU$7      .dwtag  DW_TAG_type_unit
     130                      .dwmtype  $C$DW$T$7
     131              $C$DW$T$7       .dwtag  DW_TAG_base_type
     132                      .dwattr $C$DW$T$7, DW_AT_encoding(DW_ATE_signed_char)
     133                      .dwattr $C$DW$T$7, DW_AT_name("wchar_t")
     134                      .dwattr $C$DW$T$7, DW_AT_byte_size(0x02)
     135              
     136                      .dwendtag $C$DW$TU$7
     137              
     138              
     139              $C$DW$TU$8      .dwtag  DW_TAG_type_unit
     140                      .dwmtype  $C$DW$T$8
     141              $C$DW$T$8       .dwtag  DW_TAG_base_type
     142                      .dwattr $C$DW$T$8, DW_AT_encoding(DW_ATE_signed)
     143                      .dwattr $C$DW$T$8, DW_AT_name("short")
     144                      .dwattr $C$DW$T$8, DW_AT_byte_size(0x01)
     145              
     146                      .dwendtag $C$DW$TU$8
     147              
     148              
     149              $C$DW$TU$9      .dwtag  DW_TAG_type_unit
     150                      .dwmtype  $C$DW$T$9
     151              $C$DW$T$9       .dwtag  DW_TAG_base_type
     152                      .dwattr $C$DW$T$9, DW_AT_encoding(DW_ATE_unsigned)
     153                      .dwattr $C$DW$T$9, DW_AT_name("unsigned short")
     154                      .dwattr $C$DW$T$9, DW_AT_byte_size(0x01)
     155              
     156                      .dwendtag $C$DW$TU$9
     157              
     158              
     159              $C$DW$TU$10     .dwtag  DW_TAG_type_unit
     160                      .dwmtype  $C$DW$T$10
     161              $C$DW$T$10      .dwtag  DW_TAG_base_type
     162                      .dwattr $C$DW$T$10, DW_AT_encoding(DW_ATE_signed)
     163                      .dwattr $C$DW$T$10, DW_AT_name("int")
     164                      .dwattr $C$DW$T$10, DW_AT_byte_size(0x01)
     165              
TMS320C2000 Assembler Unix v25.11.0 Sat May 30 20:15:25 2026

Copyright (c) 1996-2018 Texas Instruments Incorporated
c2000ware_libraries.asm                                              PAGE    4

     166                      .dwendtag $C$DW$TU$10
     167              
     168              
     169              $C$DW$TU$11     .dwtag  DW_TAG_type_unit
     170                      .dwmtype  $C$DW$T$11
     171              $C$DW$T$11      .dwtag  DW_TAG_base_type
     172                      .dwattr $C$DW$T$11, DW_AT_encoding(DW_ATE_unsigned)
     173                      .dwattr $C$DW$T$11, DW_AT_name("unsigned int")
     174                      .dwattr $C$DW$T$11, DW_AT_byte_size(0x01)
     175              
     176                      .dwendtag $C$DW$TU$11
     177              
     178              
     179              $C$DW$TU$12     .dwtag  DW_TAG_type_unit
     180                      .dwmtype  $C$DW$T$12
     181              $C$DW$T$12      .dwtag  DW_TAG_base_type
     182                      .dwattr $C$DW$T$12, DW_AT_encoding(DW_ATE_signed)
     183                      .dwattr $C$DW$T$12, DW_AT_name("long")
     184                      .dwattr $C$DW$T$12, DW_AT_byte_size(0x02)
     185              
     186                      .dwendtag $C$DW$TU$12
     187              
     188              
     189              $C$DW$TU$13     .dwtag  DW_TAG_type_unit
     190                      .dwmtype  $C$DW$T$13
     191              $C$DW$T$13      .dwtag  DW_TAG_base_type
     192                      .dwattr $C$DW$T$13, DW_AT_encoding(DW_ATE_unsigned)
     193                      .dwattr $C$DW$T$13, DW_AT_name("unsigned long")
     194                      .dwattr $C$DW$T$13, DW_AT_byte_size(0x02)
     195              
     196                      .dwendtag $C$DW$TU$13
     197              
     198              
     199              $C$DW$TU$14     .dwtag  DW_TAG_type_unit
     200                      .dwmtype  $C$DW$T$14
     201              $C$DW$T$14      .dwtag  DW_TAG_base_type
     202                      .dwattr $C$DW$T$14, DW_AT_encoding(DW_ATE_signed)
     203                      .dwattr $C$DW$T$14, DW_AT_name("long long")
     204                      .dwattr $C$DW$T$14, DW_AT_byte_size(0x04)
     205              
     206                      .dwendtag $C$DW$TU$14
     207              
     208              
     209              $C$DW$TU$15     .dwtag  DW_TAG_type_unit
     210                      .dwmtype  $C$DW$T$15
     211              $C$DW$T$15      .dwtag  DW_TAG_base_type
     212                      .dwattr $C$DW$T$15, DW_AT_encoding(DW_ATE_unsigned)
     213                      .dwattr $C$DW$T$15, DW_AT_name("unsigned long long")
     214                      .dwattr $C$DW$T$15, DW_AT_byte_size(0x04)
     215              
     216                      .dwendtag $C$DW$TU$15
     217              
     218              
     219              $C$DW$TU$16     .dwtag  DW_TAG_type_unit
     220                      .dwmtype  $C$DW$T$16
TMS320C2000 Assembler Unix v25.11.0 Sat May 30 20:15:25 2026

Copyright (c) 1996-2018 Texas Instruments Incorporated
c2000ware_libraries.asm                                              PAGE    5

     221              $C$DW$T$16      .dwtag  DW_TAG_base_type
     222                      .dwattr $C$DW$T$16, DW_AT_encoding(DW_ATE_float)
     223                      .dwattr $C$DW$T$16, DW_AT_name("float")
     224                      .dwattr $C$DW$T$16, DW_AT_byte_size(0x02)
     225              
     226                      .dwendtag $C$DW$TU$16
     227              
     228              
     229              $C$DW$TU$17     .dwtag  DW_TAG_type_unit
     230                      .dwmtype  $C$DW$T$17
     231              $C$DW$T$17      .dwtag  DW_TAG_base_type
     232                      .dwattr $C$DW$T$17, DW_AT_encoding(DW_ATE_float)
     233                      .dwattr $C$DW$T$17, DW_AT_name("double")
     234                      .dwattr $C$DW$T$17, DW_AT_byte_size(0x04)
     235              
     236                      .dwendtag $C$DW$TU$17
     237              
     238              
     239              $C$DW$TU$18     .dwtag  DW_TAG_type_unit
     240                      .dwmtype  $C$DW$T$18
     241              $C$DW$T$18      .dwtag  DW_TAG_base_type
     242                      .dwattr $C$DW$T$18, DW_AT_encoding(DW_ATE_float)
     243                      .dwattr $C$DW$T$18, DW_AT_name("long double")
     244                      .dwattr $C$DW$T$18, DW_AT_byte_size(0x04)
     245              
     246                      .dwendtag $C$DW$TU$18
     247              

No Assembly Errors, No Assembly Warnings
